<!doctype html public "-//w3c//dtd html 4.0 transitional//en">
<html><head>
<title>Static Call Graph - [.\Objects\rf_remote_controller_project.axf]</title></head>
<body><HR>
<H1>Static Call Graph for image .\Objects\rf_remote_controller_project.axf</H1><HR>
<BR><P>#&#060CALLGRAPH&#062# ARM Linker, 6230001: Last Updated: Sun Mar  8 23:34:10 2026
<BR><P>
<H3>Maximum Stack Usage =        164 bytes + Unknown(Functions without stacksize, Cycles, Untraceable Function Pointers)</H3><H3>
Call chain for Maximum Stack Depth:</H3>
__rt_entry_main &rArr; main &rArr; App_Setup &rArr; Debug_Init &rArr; Debug_Reg_Init &rArr; RCC_Get_APB1_Clock &rArr; RCC_Get_HCLK &rArr; RCC_Get_SYS_CLK
<P>
<H3>
Functions with no stack information
</H3><UL>
 <LI><a href="#[55]">__user_initial_stackheap</a>
</UL>
</UL>
<P>
<H3>
Mutually Recursive functions
</H3> <LI><a href="#[1]">NMI_Handler</a>&nbsp;&nbsp;&nbsp;&rArr;&nbsp;&nbsp;&nbsp;<a href="#[1]">NMI_Handler</a><BR>
 <LI><a href="#[2]">HardFault_Handler</a>&nbsp;&nbsp;&nbsp;&rArr;&nbsp;&nbsp;&nbsp;<a href="#[2]">HardFault_Handler</a><BR>
 <LI><a href="#[3]">MemManage_Handler</a>&nbsp;&nbsp;&nbsp;&rArr;&nbsp;&nbsp;&nbsp;<a href="#[3]">MemManage_Handler</a><BR>
 <LI><a href="#[4]">BusFault_Handler</a>&nbsp;&nbsp;&nbsp;&rArr;&nbsp;&nbsp;&nbsp;<a href="#[4]">BusFault_Handler</a><BR>
 <LI><a href="#[5]">UsageFault_Handler</a>&nbsp;&nbsp;&nbsp;&rArr;&nbsp;&nbsp;&nbsp;<a href="#[5]">UsageFault_Handler</a><BR>
 <LI><a href="#[6]">SVC_Handler</a>&nbsp;&nbsp;&nbsp;&rArr;&nbsp;&nbsp;&nbsp;<a href="#[6]">SVC_Handler</a><BR>
 <LI><a href="#[7]">DebugMon_Handler</a>&nbsp;&nbsp;&nbsp;&rArr;&nbsp;&nbsp;&nbsp;<a href="#[7]">DebugMon_Handler</a><BR>
 <LI><a href="#[8]">PendSV_Handler</a>&nbsp;&nbsp;&nbsp;&rArr;&nbsp;&nbsp;&nbsp;<a href="#[8]">PendSV_Handler</a><BR>
 <LI><a href="#[9]">SysTick_Handler</a>&nbsp;&nbsp;&nbsp;&rArr;&nbsp;&nbsp;&nbsp;<a href="#[9]">SysTick_Handler</a><BR>
 <LI><a href="#[1c]">ADC_IRQHandler</a>&nbsp;&nbsp;&nbsp;&rArr;&nbsp;&nbsp;&nbsp;<a href="#[1c]">ADC_IRQHandler</a><BR>
</UL>
<P>
<H3>
Function Pointers
</H3><UL>
 <LI><a href="#[1c]">ADC_IRQHandler</a> from startup_stm32f401xc.o(.text) referenced from startup_stm32f401xc.o(RESET)
 <LI><a href="#[4]">BusFault_Handler</a> from startup_stm32f401xc.o(.text) referenced from startup_stm32f401xc.o(RESET)
 <LI><a href="#[15]">DMA1_Stream0_IRQHandler</a> from startup_stm32f401xc.o(.text) referenced from startup_stm32f401xc.o(RESET)
 <LI><a href="#[16]">DMA1_Stream1_IRQHandler</a> from startup_stm32f401xc.o(.text) referenced from startup_stm32f401xc.o(RESET)
 <LI><a href="#[17]">DMA1_Stream2_IRQHandler</a> from startup_stm32f401xc.o(.text) referenced from startup_stm32f401xc.o(RESET)
 <LI><a href="#[18]">DMA1_Stream3_IRQHandler</a> from startup_stm32f401xc.o(.text) referenced from startup_stm32f401xc.o(RESET)
 <LI><a href="#[19]">DMA1_Stream4_IRQHandler</a> from startup_stm32f401xc.o(.text) referenced from startup_stm32f401xc.o(RESET)
 <LI><a href="#[1a]">DMA1_Stream5_IRQHandler</a> from startup_stm32f401xc.o(.text) referenced from startup_stm32f401xc.o(RESET)
 <LI><a href="#[1b]">DMA1_Stream6_IRQHandler</a> from startup_stm32f401xc.o(.text) referenced from startup_stm32f401xc.o(RESET)
 <LI><a href="#[30]">DMA1_Stream7_IRQHandler</a> from startup_stm32f401xc.o(.text) referenced from startup_stm32f401xc.o(RESET)
 <LI><a href="#[34]">DMA2_Stream0_IRQHandler</a> from startup_stm32f401xc.o(.text) referenced from startup_stm32f401xc.o(RESET)
 <LI><a href="#[35]">DMA2_Stream1_IRQHandler</a> from startup_stm32f401xc.o(.text) referenced from startup_stm32f401xc.o(RESET)
 <LI><a href="#[36]">DMA2_Stream2_IRQHandler</a> from startup_stm32f401xc.o(.text) referenced from startup_stm32f401xc.o(RESET)
 <LI><a href="#[37]">DMA2_Stream3_IRQHandler</a> from startup_stm32f401xc.o(.text) referenced from startup_stm32f401xc.o(RESET)
 <LI><a href="#[38]">DMA2_Stream4_IRQHandler</a> from startup_stm32f401xc.o(.text) referenced from startup_stm32f401xc.o(RESET)
 <LI><a href="#[3a]">DMA2_Stream5_IRQHandler</a> from startup_stm32f401xc.o(.text) referenced from startup_stm32f401xc.o(RESET)
 <LI><a href="#[3b]">DMA2_Stream6_IRQHandler</a> from startup_stm32f401xc.o(.text) referenced from startup_stm32f401xc.o(RESET)
 <LI><a href="#[3c]">DMA2_Stream7_IRQHandler</a> from startup_stm32f401xc.o(.text) referenced from startup_stm32f401xc.o(RESET)
 <LI><a href="#[7]">DebugMon_Handler</a> from startup_stm32f401xc.o(.text) referenced from startup_stm32f401xc.o(RESET)
 <LI><a href="#[10]">EXTI0_IRQHandler</a> from startup_stm32f401xc.o(.text) referenced from startup_stm32f401xc.o(RESET)
 <LI><a href="#[2d]">EXTI15_10_IRQHandler</a> from startup_stm32f401xc.o(.text) referenced from startup_stm32f401xc.o(RESET)
 <LI><a href="#[11]">EXTI1_IRQHandler</a> from startup_stm32f401xc.o(.text) referenced from startup_stm32f401xc.o(RESET)
 <LI><a href="#[12]">EXTI2_IRQHandler</a> from startup_stm32f401xc.o(.text) referenced from startup_stm32f401xc.o(RESET)
 <LI><a href="#[13]">EXTI3_IRQHandler</a> from startup_stm32f401xc.o(.text) referenced from startup_stm32f401xc.o(RESET)
 <LI><a href="#[14]">EXTI4_IRQHandler</a> from startup_stm32f401xc.o(.text) referenced from startup_stm32f401xc.o(RESET)
 <LI><a href="#[1d]">EXTI9_5_IRQHandler</a> from startup_stm32f401xc.o(.text) referenced from startup_stm32f401xc.o(RESET)
 <LI><a href="#[e]">FLASH_IRQHandler</a> from startup_stm32f401xc.o(.text) referenced from startup_stm32f401xc.o(RESET)
 <LI><a href="#[40]">FPU_IRQHandler</a> from startup_stm32f401xc.o(.text) referenced from startup_stm32f401xc.o(RESET)
 <LI><a href="#[2]">HardFault_Handler</a> from startup_stm32f401xc.o(.text) referenced from startup_stm32f401xc.o(RESET)
 <LI><a href="#[26]">I2C1_ER_IRQHandler</a> from startup_stm32f401xc.o(.text) referenced from startup_stm32f401xc.o(RESET)
 <LI><a href="#[25]">I2C1_EV_IRQHandler</a> from startup_stm32f401xc.o(.text) referenced from startup_stm32f401xc.o(RESET)
 <LI><a href="#[28]">I2C2_ER_IRQHandler</a> from startup_stm32f401xc.o(.text) referenced from startup_stm32f401xc.o(RESET)
 <LI><a href="#[27]">I2C2_EV_IRQHandler</a> from startup_stm32f401xc.o(.text) referenced from startup_stm32f401xc.o(RESET)
 <LI><a href="#[3f]">I2C3_ER_IRQHandler</a> from startup_stm32f401xc.o(.text) referenced from startup_stm32f401xc.o(RESET)
 <LI><a href="#[3e]">I2C3_EV_IRQHandler</a> from startup_stm32f401xc.o(.text) referenced from startup_stm32f401xc.o(RESET)
 <LI><a href="#[3]">MemManage_Handler</a> from startup_stm32f401xc.o(.text) referenced from startup_stm32f401xc.o(RESET)
 <LI><a href="#[1]">NMI_Handler</a> from startup_stm32f401xc.o(.text) referenced from startup_stm32f401xc.o(RESET)
 <LI><a href="#[39]">OTG_FS_IRQHandler</a> from startup_stm32f401xc.o(.text) referenced from startup_stm32f401xc.o(RESET)
 <LI><a href="#[2f]">OTG_FS_WKUP_IRQHandler</a> from startup_stm32f401xc.o(.text) referenced from startup_stm32f401xc.o(RESET)
 <LI><a href="#[b]">PVD_IRQHandler</a> from startup_stm32f401xc.o(.text) referenced from startup_stm32f401xc.o(RESET)
 <LI><a href="#[8]">PendSV_Handler</a> from startup_stm32f401xc.o(.text) referenced from startup_stm32f401xc.o(RESET)
 <LI><a href="#[f]">RCC_IRQHandler</a> from startup_stm32f401xc.o(.text) referenced from startup_stm32f401xc.o(RESET)
 <LI><a href="#[2e]">RTC_Alarm_IRQHandler</a> from startup_stm32f401xc.o(.text) referenced from startup_stm32f401xc.o(RESET)
 <LI><a href="#[d]">RTC_WKUP_IRQHandler</a> from startup_stm32f401xc.o(.text) referenced from startup_stm32f401xc.o(RESET)
 <LI><a href="#[0]">Reset_Handler</a> from startup_stm32f401xc.o(.text) referenced from startup_stm32f401xc.o(RESET)
 <LI><a href="#[31]">SDIO_IRQHandler</a> from startup_stm32f401xc.o(.text) referenced from startup_stm32f401xc.o(RESET)
 <LI><a href="#[29]">SPI1_IRQHandler</a> from startup_stm32f401xc.o(.text) referenced from startup_stm32f401xc.o(RESET)
 <LI><a href="#[2a]">SPI2_IRQHandler</a> from startup_stm32f401xc.o(.text) referenced from startup_stm32f401xc.o(RESET)
 <LI><a href="#[33]">SPI3_IRQHandler</a> from startup_stm32f401xc.o(.text) referenced from startup_stm32f401xc.o(RESET)
 <LI><a href="#[41]">SPI4_IRQHandler</a> from startup_stm32f401xc.o(.text) referenced from startup_stm32f401xc.o(RESET)
 <LI><a href="#[6]">SVC_Handler</a> from startup_stm32f401xc.o(.text) referenced from startup_stm32f401xc.o(RESET)
 <LI><a href="#[9]">SysTick_Handler</a> from startup_stm32f401xc.o(.text) referenced from startup_stm32f401xc.o(RESET)
 <LI><a href="#[42]">SystemInit</a> from system_stm32f4xx.o(.text.SystemInit) referenced from startup_stm32f401xc.o(.text)
 <LI><a href="#[c]">TAMP_STAMP_IRQHandler</a> from startup_stm32f401xc.o(.text) referenced from startup_stm32f401xc.o(RESET)
 <LI><a href="#[1e]">TIM1_BRK_TIM9_IRQHandler</a> from startup_stm32f401xc.o(.text) referenced from startup_stm32f401xc.o(RESET)
 <LI><a href="#[21]">TIM1_CC_IRQHandler</a> from startup_stm32f401xc.o(.text) referenced from startup_stm32f401xc.o(RESET)
 <LI><a href="#[20]">TIM1_TRG_COM_TIM11_IRQHandler</a> from timebase.o(.text.TIM1_TRG_COM_TIM11_IRQHandler) referenced from startup_stm32f401xc.o(RESET)
 <LI><a href="#[1f]">TIM1_UP_TIM10_IRQHandler</a> from debug.o(.text.TIM1_UP_TIM10_IRQHandler) referenced from startup_stm32f401xc.o(RESET)
 <LI><a href="#[22]">TIM2_IRQHandler</a> from startup_stm32f401xc.o(.text) referenced from startup_stm32f401xc.o(RESET)
 <LI><a href="#[23]">TIM3_IRQHandler</a> from startup_stm32f401xc.o(.text) referenced from startup_stm32f401xc.o(RESET)
 <LI><a href="#[24]">TIM4_IRQHandler</a> from startup_stm32f401xc.o(.text) referenced from startup_stm32f401xc.o(RESET)
 <LI><a href="#[32]">TIM5_IRQHandler</a> from startup_stm32f401xc.o(.text) referenced from startup_stm32f401xc.o(RESET)
 <LI><a href="#[2b]">USART1_IRQHandler</a> from startup_stm32f401xc.o(.text) referenced from startup_stm32f401xc.o(RESET)
 <LI><a href="#[2c]">USART2_IRQHandler</a> from debug.o(.text.USART2_IRQHandler) referenced from startup_stm32f401xc.o(RESET)
 <LI><a href="#[3d]">USART6_IRQHandler</a> from startup_stm32f401xc.o(.text) referenced from startup_stm32f401xc.o(RESET)
 <LI><a href="#[5]">UsageFault_Handler</a> from startup_stm32f401xc.o(.text) referenced from startup_stm32f401xc.o(RESET)
 <LI><a href="#[a]">WWDG_IRQHandler</a> from startup_stm32f401xc.o(.text) referenced from startup_stm32f401xc.o(RESET)
 <LI><a href="#[43]">__main</a> from __main.o(!!!main) referenced from startup_stm32f401xc.o(.text)
</UL>
<P>
<H3>
Global Symbols
</H3>
<P><STRONG><a name="[43]"></a>__main</STRONG> (Thumb, 8 bytes, Stack size 0 bytes, __main.o(!!!main))
<BR><BR>[Calls]<UL><LI><a href="#[44]">&gt;&gt;</a>&nbsp;&nbsp;&nbsp;__scatterload
<LI><a href="#[45]">&gt;&gt;</a>&nbsp;&nbsp;&nbsp;__rt_entry
</UL>
<BR>[Address Reference Count : 1]<UL><LI> startup_stm32f401xc.o(.text)
</UL>
<P><STRONG><a name="[44]"></a>__scatterload</STRONG> (Thumb, 0 bytes, Stack size unknown bytes, __scatter.o(!!!scatter))
<BR><BR>[Called By]<UL><LI><a href="#[43]">&gt;&gt;</a>&nbsp;&nbsp;&nbsp;__main
</UL>

<P><STRONG><a name="[46]"></a>__scatterload_rt2</STRONG> (Thumb, 84 bytes, Stack size unknown bytes, __scatter.o(!!!scatter), UNUSED)
<BR><BR>[Calls]<UL><LI><a href="#[45]">&gt;&gt;</a>&nbsp;&nbsp;&nbsp;__rt_entry
</UL>

<P><STRONG><a name="[9f]"></a>__scatterload_rt2_thumb_only</STRONG> (Thumb, 0 bytes, Stack size unknown bytes, __scatter.o(!!!scatter), UNUSED)

<P><STRONG><a name="[a0]"></a>__scatterload_loop</STRONG> (Thumb, 0 bytes, Stack size unknown bytes, __scatter.o(!!!scatter), UNUSED)

<P><STRONG><a name="[a1]"></a>__scatterload_null</STRONG> (Thumb, 2 bytes, Stack size unknown bytes, __scatter.o(!!handler_null), UNUSED)

<P><STRONG><a name="[a2]"></a>__scatterload_zeroinit</STRONG> (Thumb, 28 bytes, Stack size unknown bytes, __scatter_zi.o(!!handler_zi), UNUSED)

<P><STRONG><a name="[4c]"></a>__rt_lib_init</STRONG> (Thumb, 0 bytes, Stack size unknown bytes, libinit.o(.ARM.Collect$$libinit$$00000000))
<BR><BR>[Called By]<UL><LI><a href="#[4b]">&gt;&gt;</a>&nbsp;&nbsp;&nbsp;__rt_entry_li
</UL>

<P><STRONG><a name="[47]"></a>__rt_lib_init_fp_1</STRONG> (Thumb, 0 bytes, Stack size unknown bytes, libinit2.o(.ARM.Collect$$libinit$$00000001))
<BR><BR>[Calls]<UL><LI><a href="#[48]">&gt;&gt;</a>&nbsp;&nbsp;&nbsp;_fp_init
</UL>

<P><STRONG><a name="[a3]"></a>__rt_lib_init_alloca_1</STRONG> (Thumb, 0 bytes, Stack size unknown bytes, libinit2.o(.ARM.Collect$$libinit$$00000030))

<P><STRONG><a name="[a4]"></a>__rt_lib_init_argv_1</STRONG> (Thumb, 0 bytes, Stack size unknown bytes, libinit2.o(.ARM.Collect$$libinit$$0000002E))

<P><STRONG><a name="[a5]"></a>__rt_lib_init_atexit_1</STRONG> (Thumb, 0 bytes, Stack size unknown bytes, libinit2.o(.ARM.Collect$$libinit$$0000001D))

<P><STRONG><a name="[a6]"></a>__rt_lib_init_clock_1</STRONG> (Thumb, 0 bytes, Stack size unknown bytes, libinit2.o(.ARM.Collect$$libinit$$00000023))

<P><STRONG><a name="[a7]"></a>__rt_lib_init_cpp_1</STRONG> (Thumb, 0 bytes, Stack size unknown bytes, libinit2.o(.ARM.Collect$$libinit$$00000034))

<P><STRONG><a name="[a8]"></a>__rt_lib_init_exceptions_1</STRONG> (Thumb, 0 bytes, Stack size unknown bytes, libinit2.o(.ARM.Collect$$libinit$$00000032))

<P><STRONG><a name="[a9]"></a>__rt_lib_init_fp_trap_1</STRONG> (Thumb, 0 bytes, Stack size unknown bytes, libinit2.o(.ARM.Collect$$libinit$$00000021))

<P><STRONG><a name="[aa]"></a>__rt_lib_init_getenv_1</STRONG> (Thumb, 0 bytes, Stack size unknown bytes, libinit2.o(.ARM.Collect$$libinit$$00000025))

<P><STRONG><a name="[ab]"></a>__rt_lib_init_heap_1</STRONG> (Thumb, 0 bytes, Stack size unknown bytes, libinit2.o(.ARM.Collect$$libinit$$0000000C))

<P><STRONG><a name="[ac]"></a>__rt_lib_init_lc_collate_1</STRONG> (Thumb, 0 bytes, Stack size unknown bytes, libinit2.o(.ARM.Collect$$libinit$$00000013))

<P><STRONG><a name="[ad]"></a>__rt_lib_init_lc_ctype_1</STRONG> (Thumb, 0 bytes, Stack size unknown bytes, libinit2.o(.ARM.Collect$$libinit$$00000015))

<P><STRONG><a name="[ae]"></a>__rt_lib_init_lc_monetary_1</STRONG> (Thumb, 0 bytes, Stack size unknown bytes, libinit2.o(.ARM.Collect$$libinit$$00000017))

<P><STRONG><a name="[af]"></a>__rt_lib_init_lc_numeric_1</STRONG> (Thumb, 0 bytes, Stack size unknown bytes, libinit2.o(.ARM.Collect$$libinit$$00000019))

<P><STRONG><a name="[b0]"></a>__rt_lib_init_lc_time_1</STRONG> (Thumb, 0 bytes, Stack size unknown bytes, libinit2.o(.ARM.Collect$$libinit$$0000001B))

<P><STRONG><a name="[b1]"></a>__rt_lib_init_preinit_1</STRONG> (Thumb, 0 bytes, Stack size unknown bytes, libinit2.o(.ARM.Collect$$libinit$$00000006))

<P><STRONG><a name="[b2]"></a>__rt_lib_init_rand_1</STRONG> (Thumb, 0 bytes, Stack size unknown bytes, libinit2.o(.ARM.Collect$$libinit$$00000010))

<P><STRONG><a name="[b3]"></a>__rt_lib_init_relocate_pie_1</STRONG> (Thumb, 0 bytes, Stack size unknown bytes, libinit2.o(.ARM.Collect$$libinit$$00000004))

<P><STRONG><a name="[b4]"></a>__rt_lib_init_return</STRONG> (Thumb, 0 bytes, Stack size unknown bytes, libinit2.o(.ARM.Collect$$libinit$$00000035))

<P><STRONG><a name="[b5]"></a>__rt_lib_init_signal_1</STRONG> (Thumb, 0 bytes, Stack size unknown bytes, libinit2.o(.ARM.Collect$$libinit$$0000001F))

<P><STRONG><a name="[b6]"></a>__rt_lib_init_stdio_1</STRONG> (Thumb, 0 bytes, Stack size unknown bytes, libinit2.o(.ARM.Collect$$libinit$$00000027))

<P><STRONG><a name="[b7]"></a>__rt_lib_init_user_alloc_1</STRONG> (Thumb, 0 bytes, Stack size unknown bytes, libinit2.o(.ARM.Collect$$libinit$$0000000E))

<P><STRONG><a name="[51]"></a>__rt_lib_shutdown</STRONG> (Thumb, 0 bytes, Stack size unknown bytes, libshutdown.o(.ARM.Collect$$libshutdown$$00000000))
<BR><BR>[Called By]<UL><LI><a href="#[50]">&gt;&gt;</a>&nbsp;&nbsp;&nbsp;__rt_exit_ls
</UL>

<P><STRONG><a name="[b8]"></a>__rt_lib_shutdown_cpp_1</STRONG> (Thumb, 0 bytes, Stack size unknown bytes, libshutdown2.o(.ARM.Collect$$libshutdown$$00000002))

<P><STRONG><a name="[b9]"></a>__rt_lib_shutdown_fp_trap_1</STRONG> (Thumb, 0 bytes, Stack size unknown bytes, libshutdown2.o(.ARM.Collect$$libshutdown$$00000007))

<P><STRONG><a name="[ba]"></a>__rt_lib_shutdown_heap_1</STRONG> (Thumb, 0 bytes, Stack size unknown bytes, libshutdown2.o(.ARM.Collect$$libshutdown$$0000000F))

<P><STRONG><a name="[bb]"></a>__rt_lib_shutdown_return</STRONG> (Thumb, 0 bytes, Stack size unknown bytes, libshutdown2.o(.ARM.Collect$$libshutdown$$00000010))

<P><STRONG><a name="[bc]"></a>__rt_lib_shutdown_signal_1</STRONG> (Thumb, 0 bytes, Stack size unknown bytes, libshutdown2.o(.ARM.Collect$$libshutdown$$0000000A))

<P><STRONG><a name="[bd]"></a>__rt_lib_shutdown_stdio_1</STRONG> (Thumb, 0 bytes, Stack size unknown bytes, libshutdown2.o(.ARM.Collect$$libshutdown$$00000004))

<P><STRONG><a name="[be]"></a>__rt_lib_shutdown_user_alloc_1</STRONG> (Thumb, 0 bytes, Stack size unknown bytes, libshutdown2.o(.ARM.Collect$$libshutdown$$0000000C))

<P><STRONG><a name="[45]"></a>__rt_entry</STRONG> (Thumb, 0 bytes, Stack size unknown bytes, __rtentry.o(.ARM.Collect$$rtentry$$00000000))
<BR><BR>[Called By]<UL><LI><a href="#[46]">&gt;&gt;</a>&nbsp;&nbsp;&nbsp;__scatterload_rt2
<LI><a href="#[43]">&gt;&gt;</a>&nbsp;&nbsp;&nbsp;__main
</UL>

<P><STRONG><a name="[bf]"></a>__rt_entry_presh_1</STRONG> (Thumb, 0 bytes, Stack size unknown bytes, __rtentry2.o(.ARM.Collect$$rtentry$$00000002))

<P><STRONG><a name="[49]"></a>__rt_entry_sh</STRONG> (Thumb, 0 bytes, Stack size unknown bytes, __rtentry4.o(.ARM.Collect$$rtentry$$00000004))
<BR><BR>[Stack]<UL><LI>Max Depth = 8 + Unknown Stack Size
<LI>Call Chain = __rt_entry_sh &rArr; __user_setup_stackheap
</UL>
<BR>[Calls]<UL><LI><a href="#[4a]">&gt;&gt;</a>&nbsp;&nbsp;&nbsp;__user_setup_stackheap
</UL>

<P><STRONG><a name="[4b]"></a>__rt_entry_li</STRONG> (Thumb, 0 bytes, Stack size unknown bytes, __rtentry2.o(.ARM.Collect$$rtentry$$0000000A))
<BR><BR>[Calls]<UL><LI><a href="#[4c]">&gt;&gt;</a>&nbsp;&nbsp;&nbsp;__rt_lib_init
</UL>

<P><STRONG><a name="[c0]"></a>__rt_entry_postsh_1</STRONG> (Thumb, 0 bytes, Stack size unknown bytes, __rtentry2.o(.ARM.Collect$$rtentry$$00000009))

<P><STRONG><a name="[4d]"></a>__rt_entry_main</STRONG> (Thumb, 0 bytes, Stack size unknown bytes, __rtentry2.o(.ARM.Collect$$rtentry$$0000000D))
<BR><BR>[Stack]<UL><LI>Max Depth = 164 + Unknown Stack Size
<LI>Call Chain = __rt_entry_main &rArr; main &rArr; App_Setup &rArr; Debug_Init &rArr; Debug_Reg_Init &rArr; RCC_Get_APB1_Clock &rArr; RCC_Get_HCLK &rArr; RCC_Get_SYS_CLK
</UL>
<BR>[Calls]<UL><LI><a href="#[4f]">&gt;&gt;</a>&nbsp;&nbsp;&nbsp;exit
<LI><a href="#[4e]">&gt;&gt;</a>&nbsp;&nbsp;&nbsp;main
</UL>

<P><STRONG><a name="[c1]"></a>__rt_entry_postli_1</STRONG> (Thumb, 0 bytes, Stack size unknown bytes, __rtentry2.o(.ARM.Collect$$rtentry$$0000000C))

<P><STRONG><a name="[56]"></a>__rt_exit</STRONG> (Thumb, 0 bytes, Stack size unknown bytes, rtexit.o(.ARM.Collect$$rtexit$$00000000))
<BR><BR>[Called By]<UL><LI><a href="#[4f]">&gt;&gt;</a>&nbsp;&nbsp;&nbsp;exit
</UL>

<P><STRONG><a name="[50]"></a>__rt_exit_ls</STRONG> (Thumb, 0 bytes, Stack size unknown bytes, rtexit2.o(.ARM.Collect$$rtexit$$00000003))
<BR><BR>[Calls]<UL><LI><a href="#[51]">&gt;&gt;</a>&nbsp;&nbsp;&nbsp;__rt_lib_shutdown
</UL>

<P><STRONG><a name="[c2]"></a>__rt_exit_prels_1</STRONG> (Thumb, 0 bytes, Stack size unknown bytes, rtexit2.o(.ARM.Collect$$rtexit$$00000002))

<P><STRONG><a name="[52]"></a>__rt_exit_exit</STRONG> (Thumb, 0 bytes, Stack size unknown bytes, rtexit2.o(.ARM.Collect$$rtexit$$00000004))
<BR><BR>[Calls]<UL><LI><a href="#[53]">&gt;&gt;</a>&nbsp;&nbsp;&nbsp;_sys_exit
</UL>

<P><STRONG><a name="[0]"></a>Reset_Handler</STRONG> (Thumb, 8 bytes, Stack size 0 bytes, startup_stm32f401xc.o(.text))
<BR>[Address Reference Count : 1]<UL><LI> startup_stm32f401xc.o(RESET)
</UL>
<P><STRONG><a name="[1]"></a>NMI_Handler</STRONG> (Thumb, 2 bytes, Stack size 0 bytes, startup_stm32f401xc.o(.text))
<BR><BR>[Calls]<UL><LI><a href="#[1]">&gt;&gt;</a>&nbsp;&nbsp;&nbsp;NMI_Handler
</UL>
<BR>[Called By]<UL><LI><a href="#[1]">&gt;&gt;</a>&nbsp;&nbsp;&nbsp;NMI_Handler
</UL>
<BR>[Address Reference Count : 1]<UL><LI> startup_stm32f401xc.o(RESET)
</UL>
<P><STRONG><a name="[2]"></a>HardFault_Handler</STRONG> (Thumb, 2 bytes, Stack size 0 bytes, startup_stm32f401xc.o(.text))
<BR><BR>[Calls]<UL><LI><a href="#[2]">&gt;&gt;</a>&nbsp;&nbsp;&nbsp;HardFault_Handler
</UL>
<BR>[Called By]<UL><LI><a href="#[2]">&gt;&gt;</a>&nbsp;&nbsp;&nbsp;HardFault_Handler
</UL>
<BR>[Address Reference Count : 1]<UL><LI> startup_stm32f401xc.o(RESET)
</UL>
<P><STRONG><a name="[3]"></a>MemManage_Handler</STRONG> (Thumb, 2 bytes, Stack size 0 bytes, startup_stm32f401xc.o(.text))
<BR><BR>[Calls]<UL><LI><a href="#[3]">&gt;&gt;</a>&nbsp;&nbsp;&nbsp;MemManage_Handler
</UL>
<BR>[Called By]<UL><LI><a href="#[3]">&gt;&gt;</a>&nbsp;&nbsp;&nbsp;MemManage_Handler
</UL>
<BR>[Address Reference Count : 1]<UL><LI> startup_stm32f401xc.o(RESET)
</UL>
<P><STRONG><a name="[4]"></a>BusFault_Handler</STRONG> (Thumb, 2 bytes, Stack size 0 bytes, startup_stm32f401xc.o(.text))
<BR><BR>[Calls]<UL><LI><a href="#[4]">&gt;&gt;</a>&nbsp;&nbsp;&nbsp;BusFault_Handler
</UL>
<BR>[Called By]<UL><LI><a href="#[4]">&gt;&gt;</a>&nbsp;&nbsp;&nbsp;BusFault_Handler
</UL>
<BR>[Address Reference Count : 1]<UL><LI> startup_stm32f401xc.o(RESET)
</UL>
<P><STRONG><a name="[5]"></a>UsageFault_Handler</STRONG> (Thumb, 2 bytes, Stack size 0 bytes, startup_stm32f401xc.o(.text))
<BR><BR>[Calls]<UL><LI><a href="#[5]">&gt;&gt;</a>&nbsp;&nbsp;&nbsp;UsageFault_Handler
</UL>
<BR>[Called By]<UL><LI><a href="#[5]">&gt;&gt;</a>&nbsp;&nbsp;&nbsp;UsageFault_Handler
</UL>
<BR>[Address Reference Count : 1]<UL><LI> startup_stm32f401xc.o(RESET)
</UL>
<P><STRONG><a name="[6]"></a>SVC_Handler</STRONG> (Thumb, 2 bytes, Stack size 0 bytes, startup_stm32f401xc.o(.text))
<BR><BR>[Calls]<UL><LI><a href="#[6]">&gt;&gt;</a>&nbsp;&nbsp;&nbsp;SVC_Handler
</UL>
<BR>[Called By]<UL><LI><a href="#[6]">&gt;&gt;</a>&nbsp;&nbsp;&nbsp;SVC_Handler
</UL>
<BR>[Address Reference Count : 1]<UL><LI> startup_stm32f401xc.o(RESET)
</UL>
<P><STRONG><a name="[7]"></a>DebugMon_Handler</STRONG> (Thumb, 2 bytes, Stack size 0 bytes, startup_stm32f401xc.o(.text))
<BR><BR>[Calls]<UL><LI><a href="#[7]">&gt;&gt;</a>&nbsp;&nbsp;&nbsp;DebugMon_Handler
</UL>
<BR>[Called By]<UL><LI><a href="#[7]">&gt;&gt;</a>&nbsp;&nbsp;&nbsp;DebugMon_Handler
</UL>
<BR>[Address Reference Count : 1]<UL><LI> startup_stm32f401xc.o(RESET)
</UL>
<P><STRONG><a name="[8]"></a>PendSV_Handler</STRONG> (Thumb, 2 bytes, Stack size 0 bytes, startup_stm32f401xc.o(.text))
<BR><BR>[Calls]<UL><LI><a href="#[8]">&gt;&gt;</a>&nbsp;&nbsp;&nbsp;PendSV_Handler
</UL>
<BR>[Called By]<UL><LI><a href="#[8]">&gt;&gt;</a>&nbsp;&nbsp;&nbsp;PendSV_Handler
</UL>
<BR>[Address Reference Count : 1]<UL><LI> startup_stm32f401xc.o(RESET)
</UL>
<P><STRONG><a name="[9]"></a>SysTick_Handler</STRONG> (Thumb, 2 bytes, Stack size 0 bytes, startup_stm32f401xc.o(.text))
<BR><BR>[Calls]<UL><LI><a href="#[9]">&gt;&gt;</a>&nbsp;&nbsp;&nbsp;SysTick_Handler
</UL>
<BR>[Called By]<UL><LI><a href="#[9]">&gt;&gt;</a>&nbsp;&nbsp;&nbsp;SysTick_Handler
</UL>
<BR>[Address Reference Count : 1]<UL><LI> startup_stm32f401xc.o(RESET)
</UL>
<P><STRONG><a name="[1c]"></a>ADC_IRQHandler</STRONG> (Thumb, 0 bytes, Stack size 0 bytes, startup_stm32f401xc.o(.text))
<BR><BR>[Calls]<UL><LI><a href="#[1c]">&gt;&gt;</a>&nbsp;&nbsp;&nbsp;ADC_IRQHandler
</UL>
<BR>[Called By]<UL><LI><a href="#[1c]">&gt;&gt;</a>&nbsp;&nbsp;&nbsp;ADC_IRQHandler
</UL>
<BR>[Address Reference Count : 1]<UL><LI> startup_stm32f401xc.o(RESET)
</UL>
<P><STRONG><a name="[15]"></a>DMA1_Stream0_IRQHandler</STRONG> (Thumb, 0 bytes, Stack size 0 bytes, startup_stm32f401xc.o(.text))
<BR>[Address Reference Count : 1]<UL><LI> startup_stm32f401xc.o(RESET)
</UL>
<P><STRONG><a name="[16]"></a>DMA1_Stream1_IRQHandler</STRONG> (Thumb, 0 bytes, Stack size 0 bytes, startup_stm32f401xc.o(.text))
<BR>[Address Reference Count : 1]<UL><LI> startup_stm32f401xc.o(RESET)
</UL>
<P><STRONG><a name="[17]"></a>DMA1_Stream2_IRQHandler</STRONG> (Thumb, 0 bytes, Stack size 0 bytes, startup_stm32f401xc.o(.text))
<BR>[Address Reference Count : 1]<UL><LI> startup_stm32f401xc.o(RESET)
</UL>
<P><STRONG><a name="[18]"></a>DMA1_Stream3_IRQHandler</STRONG> (Thumb, 0 bytes, Stack size 0 bytes, startup_stm32f401xc.o(.text))
<BR>[Address Reference Count : 1]<UL><LI> startup_stm32f401xc.o(RESET)
</UL>
<P><STRONG><a name="[19]"></a>DMA1_Stream4_IRQHandler</STRONG> (Thumb, 0 bytes, Stack size 0 bytes, startup_stm32f401xc.o(.text))
<BR>[Address Reference Count : 1]<UL><LI> startup_stm32f401xc.o(RESET)
</UL>
<P><STRONG><a name="[1a]"></a>DMA1_Stream5_IRQHandler</STRONG> (Thumb, 0 bytes, Stack size 0 bytes, startup_stm32f401xc.o(.text))
<BR>[Address Reference Count : 1]<UL><LI> startup_stm32f401xc.o(RESET)
</UL>
<P><STRONG><a name="[1b]"></a>DMA1_Stream6_IRQHandler</STRONG> (Thumb, 0 bytes, Stack size 0 bytes, startup_stm32f401xc.o(.text))
<BR>[Address Reference Count : 1]<UL><LI> startup_stm32f401xc.o(RESET)
</UL>
<P><STRONG><a name="[30]"></a>DMA1_Stream7_IRQHandler</STRONG> (Thumb, 0 bytes, Stack size 0 bytes, startup_stm32f401xc.o(.text))
<BR>[Address Reference Count : 1]<UL><LI> startup_stm32f401xc.o(RESET)
</UL>
<P><STRONG><a name="[34]"></a>DMA2_Stream0_IRQHandler</STRONG> (Thumb, 0 bytes, Stack size 0 bytes, startup_stm32f401xc.o(.text))
<BR>[Address Reference Count : 1]<UL><LI> startup_stm32f401xc.o(RESET)
</UL>
<P><STRONG><a name="[35]"></a>DMA2_Stream1_IRQHandler</STRONG> (Thumb, 0 bytes, Stack size 0 bytes, startup_stm32f401xc.o(.text))
<BR>[Address Reference Count : 1]<UL><LI> startup_stm32f401xc.o(RESET)
</UL>
<P><STRONG><a name="[36]"></a>DMA2_Stream2_IRQHandler</STRONG> (Thumb, 0 bytes, Stack size 0 bytes, startup_stm32f401xc.o(.text))
<BR>[Address Reference Count : 1]<UL><LI> startup_stm32f401xc.o(RESET)
</UL>
<P><STRONG><a name="[37]"></a>DMA2_Stream3_IRQHandler</STRONG> (Thumb, 0 bytes, Stack size 0 bytes, startup_stm32f401xc.o(.text))
<BR>[Address Reference Count : 1]<UL><LI> startup_stm32f401xc.o(RESET)
</UL>
<P><STRONG><a name="[38]"></a>DMA2_Stream4_IRQHandler</STRONG> (Thumb, 0 bytes, Stack size 0 bytes, startup_stm32f401xc.o(.text))
<BR>[Address Reference Count : 1]<UL><LI> startup_stm32f401xc.o(RESET)
</UL>
<P><STRONG><a name="[3a]"></a>DMA2_Stream5_IRQHandler</STRONG> (Thumb, 0 bytes, Stack size 0 bytes, startup_stm32f401xc.o(.text))
<BR>[Address Reference Count : 1]<UL><LI> startup_stm32f401xc.o(RESET)
</UL>
<P><STRONG><a name="[3b]"></a>DMA2_Stream6_IRQHandler</STRONG> (Thumb, 0 bytes, Stack size 0 bytes, startup_stm32f401xc.o(.text))
<BR>[Address Reference Count : 1]<UL><LI> startup_stm32f401xc.o(RESET)
</UL>
<P><STRONG><a name="[3c]"></a>DMA2_Stream7_IRQHandler</STRONG> (Thumb, 0 bytes, Stack size 0 bytes, startup_stm32f401xc.o(.text))
<BR>[Address Reference Count : 1]<UL><LI> startup_stm32f401xc.o(RESET)
</UL>
<P><STRONG><a name="[10]"></a>EXTI0_IRQHandler</STRONG> (Thumb, 0 bytes, Stack size 0 bytes, startup_stm32f401xc.o(.text))
<BR>[Address Reference Count : 1]<UL><LI> startup_stm32f401xc.o(RESET)
</UL>
<P><STRONG><a name="[2d]"></a>EXTI15_10_IRQHandler</STRONG> (Thumb, 0 bytes, Stack size 0 bytes, startup_stm32f401xc.o(.text))
<BR>[Address Reference Count : 1]<UL><LI> startup_stm32f401xc.o(RESET)
</UL>
<P><STRONG><a name="[11]"></a>EXTI1_IRQHandler</STRONG> (Thumb, 0 bytes, Stack size 0 bytes, startup_stm32f401xc.o(.text))
<BR>[Address Reference Count : 1]<UL><LI> startup_stm32f401xc.o(RESET)
</UL>
<P><STRONG><a name="[12]"></a>EXTI2_IRQHandler</STRONG> (Thumb, 0 bytes, Stack size 0 bytes, startup_stm32f401xc.o(.text))
<BR>[Address Reference Count : 1]<UL><LI> startup_stm32f401xc.o(RESET)
</UL>
<P><STRONG><a name="[13]"></a>EXTI3_IRQHandler</STRONG> (Thumb, 0 bytes, Stack size 0 bytes, startup_stm32f401xc.o(.text))
<BR>[Address Reference Count : 1]<UL><LI> startup_stm32f401xc.o(RESET)
</UL>
<P><STRONG><a name="[14]"></a>EXTI4_IRQHandler</STRONG> (Thumb, 0 bytes, Stack size 0 bytes, startup_stm32f401xc.o(.text))
<BR>[Address Reference Count : 1]<UL><LI> startup_stm32f401xc.o(RESET)
</UL>
<P><STRONG><a name="[1d]"></a>EXTI9_5_IRQHandler</STRONG> (Thumb, 0 bytes, Stack size 0 bytes, startup_stm32f401xc.o(.text))
<BR>[Address Reference Count : 1]<UL><LI> startup_stm32f401xc.o(RESET)
</UL>
<P><STRONG><a name="[e]"></a>FLASH_IRQHandler</STRONG> (Thumb, 0 bytes, Stack size 0 bytes, startup_stm32f401xc.o(.text))
<BR>[Address Reference Count : 1]<UL><LI> startup_stm32f401xc.o(RESET)
</UL>
<P><STRONG><a name="[40]"></a>FPU_IRQHandler</STRONG> (Thumb, 0 bytes, Stack size 0 bytes, startup_stm32f401xc.o(.text))
<BR>[Address Reference Count : 1]<UL><LI> startup_stm32f401xc.o(RESET)
</UL>
<P><STRONG><a name="[26]"></a>I2C1_ER_IRQHandler</STRONG> (Thumb, 0 bytes, Stack size 0 bytes, startup_stm32f401xc.o(.text))
<BR>[Address Reference Count : 1]<UL><LI> startup_stm32f401xc.o(RESET)
</UL>
<P><STRONG><a name="[25]"></a>I2C1_EV_IRQHandler</STRONG> (Thumb, 0 bytes, Stack size 0 bytes, startup_stm32f401xc.o(.text))
<BR>[Address Reference Count : 1]<UL><LI> startup_stm32f401xc.o(RESET)
</UL>
<P><STRONG><a name="[28]"></a>I2C2_ER_IRQHandler</STRONG> (Thumb, 0 bytes, Stack size 0 bytes, startup_stm32f401xc.o(.text))
<BR>[Address Reference Count : 1]<UL><LI> startup_stm32f401xc.o(RESET)
</UL>
<P><STRONG><a name="[27]"></a>I2C2_EV_IRQHandler</STRONG> (Thumb, 0 bytes, Stack size 0 bytes, startup_stm32f401xc.o(.text))
<BR>[Address Reference Count : 1]<UL><LI> startup_stm32f401xc.o(RESET)
</UL>
<P><STRONG><a name="[3f]"></a>I2C3_ER_IRQHandler</STRONG> (Thumb, 0 bytes, Stack size 0 bytes, startup_stm32f401xc.o(.text))
<BR>[Address Reference Count : 1]<UL><LI> startup_stm32f401xc.o(RESET)
</UL>
<P><STRONG><a name="[3e]"></a>I2C3_EV_IRQHandler</STRONG> (Thumb, 0 bytes, Stack size 0 bytes, startup_stm32f401xc.o(.text))
<BR>[Address Reference Count : 1]<UL><LI> startup_stm32f401xc.o(RESET)
</UL>
<P><STRONG><a name="[39]"></a>OTG_FS_IRQHandler</STRONG> (Thumb, 0 bytes, Stack size 0 bytes, startup_stm32f401xc.o(.text))
<BR>[Address Reference Count : 1]<UL><LI> startup_stm32f401xc.o(RESET)
</UL>
<P><STRONG><a name="[2f]"></a>OTG_FS_WKUP_IRQHandler</STRONG> (Thumb, 0 bytes, Stack size 0 bytes, startup_stm32f401xc.o(.text))
<BR>[Address Reference Count : 1]<UL><LI> startup_stm32f401xc.o(RESET)
</UL>
<P><STRONG><a name="[b]"></a>PVD_IRQHandler</STRONG> (Thumb, 0 bytes, Stack size 0 bytes, startup_stm32f401xc.o(.text))
<BR>[Address Reference Count : 1]<UL><LI> startup_stm32f401xc.o(RESET)
</UL>
<P><STRONG><a name="[f]"></a>RCC_IRQHandler</STRONG> (Thumb, 0 bytes, Stack size 0 bytes, startup_stm32f401xc.o(.text))
<BR>[Address Reference Count : 1]<UL><LI> startup_stm32f401xc.o(RESET)
</UL>
<P><STRONG><a name="[2e]"></a>RTC_Alarm_IRQHandler</STRONG> (Thumb, 0 bytes, Stack size 0 bytes, startup_stm32f401xc.o(.text))
<BR>[Address Reference Count : 1]<UL><LI> startup_stm32f401xc.o(RESET)
</UL>
<P><STRONG><a name="[d]"></a>RTC_WKUP_IRQHandler</STRONG> (Thumb, 0 bytes, Stack size 0 bytes, startup_stm32f401xc.o(.text))
<BR>[Address Reference Count : 1]<UL><LI> startup_stm32f401xc.o(RESET)
</UL>
<P><STRONG><a name="[31]"></a>SDIO_IRQHandler</STRONG> (Thumb, 0 bytes, Stack size 0 bytes, startup_stm32f401xc.o(.text))
<BR>[Address Reference Count : 1]<UL><LI> startup_stm32f401xc.o(RESET)
</UL>
<P><STRONG><a name="[29]"></a>SPI1_IRQHandler</STRONG> (Thumb, 0 bytes, Stack size 0 bytes, startup_stm32f401xc.o(.text))
<BR>[Address Reference Count : 1]<UL><LI> startup_stm32f401xc.o(RESET)
</UL>
<P><STRONG><a name="[2a]"></a>SPI2_IRQHandler</STRONG> (Thumb, 0 bytes, Stack size 0 bytes, startup_stm32f401xc.o(.text))
<BR>[Address Reference Count : 1]<UL><LI> startup_stm32f401xc.o(RESET)
</UL>
<P><STRONG><a name="[33]"></a>SPI3_IRQHandler</STRONG> (Thumb, 0 bytes, Stack size 0 bytes, startup_stm32f401xc.o(.text))
<BR>[Address Reference Count : 1]<UL><LI> startup_stm32f401xc.o(RESET)
</UL>
<P><STRONG><a name="[41]"></a>SPI4_IRQHandler</STRONG> (Thumb, 0 bytes, Stack size 0 bytes, startup_stm32f401xc.o(.text))
<BR>[Address Reference Count : 1]<UL><LI> startup_stm32f401xc.o(RESET)
</UL>
<P><STRONG><a name="[c]"></a>TAMP_STAMP_IRQHandler</STRONG> (Thumb, 0 bytes, Stack size 0 bytes, startup_stm32f401xc.o(.text))
<BR>[Address Reference Count : 1]<UL><LI> startup_stm32f401xc.o(RESET)
</UL>
<P><STRONG><a name="[1e]"></a>TIM1_BRK_TIM9_IRQHandler</STRONG> (Thumb, 0 bytes, Stack size 0 bytes, startup_stm32f401xc.o(.text))
<BR>[Address Reference Count : 1]<UL><LI> startup_stm32f401xc.o(RESET)
</UL>
<P><STRONG><a name="[21]"></a>TIM1_CC_IRQHandler</STRONG> (Thumb, 0 bytes, Stack size 0 bytes, startup_stm32f401xc.o(.text))
<BR>[Address Reference Count : 1]<UL><LI> startup_stm32f401xc.o(RESET)
</UL>
<P><STRONG><a name="[22]"></a>TIM2_IRQHandler</STRONG> (Thumb, 0 bytes, Stack size 0 bytes, startup_stm32f401xc.o(.text))
<BR>[Address Reference Count : 1]<UL><LI> startup_stm32f401xc.o(RESET)
</UL>
<P><STRONG><a name="[23]"></a>TIM3_IRQHandler</STRONG> (Thumb, 0 bytes, Stack size 0 bytes, startup_stm32f401xc.o(.text))
<BR>[Address Reference Count : 1]<UL><LI> startup_stm32f401xc.o(RESET)
</UL>
<P><STRONG><a name="[24]"></a>TIM4_IRQHandler</STRONG> (Thumb, 0 bytes, Stack size 0 bytes, startup_stm32f401xc.o(.text))
<BR>[Address Reference Count : 1]<UL><LI> startup_stm32f401xc.o(RESET)
</UL>
<P><STRONG><a name="[32]"></a>TIM5_IRQHandler</STRONG> (Thumb, 0 bytes, Stack size 0 bytes, startup_stm32f401xc.o(.text))
<BR>[Address Reference Count : 1]<UL><LI> startup_stm32f401xc.o(RESET)
</UL>
<P><STRONG><a name="[2b]"></a>USART1_IRQHandler</STRONG> (Thumb, 0 bytes, Stack size 0 bytes, startup_stm32f401xc.o(.text))
<BR>[Address Reference Count : 1]<UL><LI> startup_stm32f401xc.o(RESET)
</UL>
<P><STRONG><a name="[3d]"></a>USART6_IRQHandler</STRONG> (Thumb, 0 bytes, Stack size 0 bytes, startup_stm32f401xc.o(.text))
<BR>[Address Reference Count : 1]<UL><LI> startup_stm32f401xc.o(RESET)
</UL>
<P><STRONG><a name="[a]"></a>WWDG_IRQHandler</STRONG> (Thumb, 0 bytes, Stack size 0 bytes, startup_stm32f401xc.o(.text))
<BR>[Address Reference Count : 1]<UL><LI> startup_stm32f401xc.o(RESET)
</UL>
<P><STRONG><a name="[55]"></a>__user_initial_stackheap</STRONG> (Thumb, 0 bytes, Stack size unknown bytes, startup_stm32f401xc.o(.text))
<BR><BR>[Called By]<UL><LI><a href="#[4a]">&gt;&gt;</a>&nbsp;&nbsp;&nbsp;__user_setup_stackheap
</UL>

<P><STRONG><a name="[c3]"></a>__use_two_region_memory</STRONG> (Thumb, 2 bytes, Stack size 0 bytes, heapauxi.o(.text), UNUSED)

<P><STRONG><a name="[c4]"></a>__rt_heap_escrow$2region</STRONG> (Thumb, 2 bytes, Stack size 0 bytes, heapauxi.o(.text), UNUSED)

<P><STRONG><a name="[c5]"></a>__rt_heap_expand$2region</STRONG> (Thumb, 2 bytes, Stack size 0 bytes, heapauxi.o(.text), UNUSED)

<P><STRONG><a name="[4a]"></a>__user_setup_stackheap</STRONG> (Thumb, 74 bytes, Stack size 8 bytes, sys_stackheap_outer.o(.text))
<BR><BR>[Stack]<UL><LI>Max Depth = 8 + Unknown Stack Size
<LI>Call Chain = __user_setup_stackheap
</UL>
<BR>[Calls]<UL><LI><a href="#[54]">&gt;&gt;</a>&nbsp;&nbsp;&nbsp;__user_perproc_libspace
<LI><a href="#[55]">&gt;&gt;</a>&nbsp;&nbsp;&nbsp;__user_initial_stackheap
</UL>
<BR>[Called By]<UL><LI><a href="#[49]">&gt;&gt;</a>&nbsp;&nbsp;&nbsp;__rt_entry_sh
</UL>

<P><STRONG><a name="[4f]"></a>exit</STRONG> (Thumb, 18 bytes, Stack size 8 bytes, exit.o(.text))
<BR><BR>[Stack]<UL><LI>Max Depth = 8 + Unknown Stack Size
<LI>Call Chain = exit
</UL>
<BR>[Calls]<UL><LI><a href="#[56]">&gt;&gt;</a>&nbsp;&nbsp;&nbsp;__rt_exit
</UL>
<BR>[Called By]<UL><LI><a href="#[4d]">&gt;&gt;</a>&nbsp;&nbsp;&nbsp;__rt_entry_main
</UL>

<P><STRONG><a name="[c6]"></a>__user_libspace</STRONG> (Thumb, 8 bytes, Stack size 0 bytes, libspace.o(.text), UNUSED)

<P><STRONG><a name="[54]"></a>__user_perproc_libspace</STRONG> (Thumb, 0 bytes, Stack size 0 bytes, libspace.o(.text))
<BR><BR>[Called By]<UL><LI><a href="#[4a]">&gt;&gt;</a>&nbsp;&nbsp;&nbsp;__user_setup_stackheap
</UL>

<P><STRONG><a name="[c7]"></a>__user_perthread_libspace</STRONG> (Thumb, 0 bytes, Stack size 0 bytes, libspace.o(.text), UNUSED)

<P><STRONG><a name="[53]"></a>_sys_exit</STRONG> (Thumb, 8 bytes, Stack size 0 bytes, sys_exit.o(.text))
<BR><BR>[Called By]<UL><LI><a href="#[52]">&gt;&gt;</a>&nbsp;&nbsp;&nbsp;__rt_exit_exit
</UL>

<P><STRONG><a name="[c8]"></a>__I$use$semihosting</STRONG> (Thumb, 0 bytes, Stack size 0 bytes, use_no_semi.o(.text), UNUSED)

<P><STRONG><a name="[c9]"></a>__use_no_semihosting_swi</STRONG> (Thumb, 2 bytes, Stack size 0 bytes, use_no_semi.o(.text), UNUSED)

<P><STRONG><a name="[ca]"></a>__semihosting_library_function</STRONG> (Thumb, 0 bytes, Stack size unknown bytes, indicate_semi.o(.text), UNUSED)

<P><STRONG><a name="[57]"></a>App_Main_Loop</STRONG> (Thumb, 58 bytes, Stack size 8 bytes, app.o(.text.App_Main_Loop))
<BR><BR>[Stack]<UL><LI>Max Depth = 96<LI>Call Chain = App_Main_Loop &rArr; Timebase_Main_Loop_Executables &rArr; Timebase_DownCounter_SS_Update_All &rArr; Timebase_DownCounter_SS_Update &rArr; Timebase_DownCounter_SS_Reset &rArr; Timebase_DownCounter_SS_Set_ReloadValue
</UL>
<BR>[Calls]<UL><LI><a href="#[5b]">&gt;&gt;</a>&nbsp;&nbsp;&nbsp;Timebase_Main_Loop_Executables
<LI><a href="#[58]">&gt;&gt;</a>&nbsp;&nbsp;&nbsp;Timebase_DownCounter_SS_Continuous_Expired_Event
<LI><a href="#[5a]">&gt;&gt;</a>&nbsp;&nbsp;&nbsp;Debug_Tx_Text_NL
<LI><a href="#[59]">&gt;&gt;</a>&nbsp;&nbsp;&nbsp;GPIO_TogglePin
</UL>
<BR>[Called By]<UL><LI><a href="#[4e]">&gt;&gt;</a>&nbsp;&nbsp;&nbsp;main
</UL>

<P><STRONG><a name="[5c]"></a>App_Setup</STRONG> (Thumb, 88 bytes, Stack size 32 bytes, app.o(.text.App_Setup))
<BR><BR>[Stack]<UL><LI>Max Depth = 148<LI>Call Chain = App_Setup &rArr; Debug_Init &rArr; Debug_Reg_Init &rArr; RCC_Get_APB1_Clock &rArr; RCC_Get_HCLK &rArr; RCC_Get_SYS_CLK
</UL>
<BR>[Calls]<UL><LI><a href="#[5f]">&gt;&gt;</a>&nbsp;&nbsp;&nbsp;Timebase_Init
<LI><a href="#[63]">&gt;&gt;</a>&nbsp;&nbsp;&nbsp;Timebase_DownCounter_SS_Set_Securely
<LI><a href="#[60]">&gt;&gt;</a>&nbsp;&nbsp;&nbsp;Debug_Init
<LI><a href="#[5e]">&gt;&gt;</a>&nbsp;&nbsp;&nbsp;RCC_LSE_Clock_Config
<LI><a href="#[5d]">&gt;&gt;</a>&nbsp;&nbsp;&nbsp;RCC_HSE_Clock_Config
<LI><a href="#[62]">&gt;&gt;</a>&nbsp;&nbsp;&nbsp;GPIO_Init
<LI><a href="#[61]">&gt;&gt;</a>&nbsp;&nbsp;&nbsp;GPIO_EnableClock
</UL>
<BR>[Called By]<UL><LI><a href="#[4e]">&gt;&gt;</a>&nbsp;&nbsp;&nbsp;main
</UL>

<P><STRONG><a name="[9d]"></a>Debug_Counter_Reset</STRONG> (Thumb, 14 bytes, Stack size 0 bytes, debug.o(.text.Debug_Counter_Reset))
<BR><BR>[Called By]<UL><LI><a href="#[2c]">&gt;&gt;</a>&nbsp;&nbsp;&nbsp;USART2_IRQHandler
</UL>

<P><STRONG><a name="[65]"></a>Debug_GPIO_Init</STRONG> (Thumb, 172 bytes, Stack size 0 bytes, debug.o(.text.Debug_GPIO_Init))
<BR><BR>[Called By]<UL><LI><a href="#[60]">&gt;&gt;</a>&nbsp;&nbsp;&nbsp;Debug_Init
</UL>

<P><STRONG><a name="[73]"></a>Debug_Get_Buf_Index</STRONG> (Thumb, 14 bytes, Stack size 0 bytes, debug.o(.text.Debug_Get_Buf_Index))
<BR><BR>[Called By]<UL><LI><a href="#[1f]">&gt;&gt;</a>&nbsp;&nbsp;&nbsp;TIM1_UP_TIM10_IRQHandler
</UL>

<P><STRONG><a name="[60]"></a>Debug_Init</STRONG> (Thumb, 28 bytes, Stack size 16 bytes, debug.o(.text.Debug_Init))
<BR><BR>[Stack]<UL><LI>Max Depth = 116<LI>Call Chain = Debug_Init &rArr; Debug_Reg_Init &rArr; RCC_Get_APB1_Clock &rArr; RCC_Get_HCLK &rArr; RCC_Get_SYS_CLK
</UL>
<BR>[Calls]<UL><LI><a href="#[67]">&gt;&gt;</a>&nbsp;&nbsp;&nbsp;Debug_Timer_Init
<LI><a href="#[66]">&gt;&gt;</a>&nbsp;&nbsp;&nbsp;Debug_Reg_Init
<LI><a href="#[65]">&gt;&gt;</a>&nbsp;&nbsp;&nbsp;Debug_GPIO_Init
<LI><a href="#[64]">&gt;&gt;</a>&nbsp;&nbsp;&nbsp;Debug_Struct_Init
</UL>
<BR>[Called By]<UL><LI><a href="#[5c]">&gt;&gt;</a>&nbsp;&nbsp;&nbsp;App_Setup
</UL>

<P><STRONG><a name="[66]"></a>Debug_Reg_Init</STRONG> (Thumb, 216 bytes, Stack size 32 bytes, debug.o(.text.Debug_Reg_Init))
<BR><BR>[Stack]<UL><LI>Max Depth = 100<LI>Call Chain = Debug_Reg_Init &rArr; RCC_Get_APB1_Clock &rArr; RCC_Get_HCLK &rArr; RCC_Get_SYS_CLK
</UL>
<BR>[Calls]<UL><LI><a href="#[6a]">&gt;&gt;</a>&nbsp;&nbsp;&nbsp;__NVIC_SetPriority
<LI><a href="#[69]">&gt;&gt;</a>&nbsp;&nbsp;&nbsp;__NVIC_EnableIRQ
<LI><a href="#[68]">&gt;&gt;</a>&nbsp;&nbsp;&nbsp;RCC_Get_APB1_Clock
</UL>
<BR>[Called By]<UL><LI><a href="#[60]">&gt;&gt;</a>&nbsp;&nbsp;&nbsp;Debug_Init
</UL>

<P><STRONG><a name="[9c]"></a>Debug_Rx_Byte</STRONG> (Thumb, 22 bytes, Stack size 4 bytes, debug.o(.text.Debug_Rx_Byte))
<BR><BR>[Stack]<UL><LI>Max Depth = 4<LI>Call Chain = Debug_Rx_Byte
</UL>
<BR>[Called By]<UL><LI><a href="#[2c]">&gt;&gt;</a>&nbsp;&nbsp;&nbsp;USART2_IRQHandler
</UL>

<P><STRONG><a name="[64]"></a>Debug_Struct_Init</STRONG> (Thumb, 152 bytes, Stack size 4 bytes, debug.o(.text.Debug_Struct_Init))
<BR><BR>[Stack]<UL><LI>Max Depth = 4<LI>Call Chain = Debug_Struct_Init
</UL>
<BR>[Called By]<UL><LI><a href="#[60]">&gt;&gt;</a>&nbsp;&nbsp;&nbsp;Debug_Init
</UL>

<P><STRONG><a name="[72]"></a>Debug_Timer_Disable</STRONG> (Thumb, 32 bytes, Stack size 0 bytes, debug.o(.text.Debug_Timer_Disable))
<BR><BR>[Called By]<UL><LI><a href="#[1f]">&gt;&gt;</a>&nbsp;&nbsp;&nbsp;TIM1_UP_TIM10_IRQHandler
</UL>

<P><STRONG><a name="[9e]"></a>Debug_Timer_Enable</STRONG> (Thumb, 32 bytes, Stack size 0 bytes, debug.o(.text.Debug_Timer_Enable))
<BR><BR>[Called By]<UL><LI><a href="#[2c]">&gt;&gt;</a>&nbsp;&nbsp;&nbsp;USART2_IRQHandler
</UL>

<P><STRONG><a name="[67]"></a>Debug_Timer_Init</STRONG> (Thumb, 136 bytes, Stack size 16 bytes, debug.o(.text.Debug_Timer_Init))
<BR><BR>[Stack]<UL><LI>Max Depth = 84<LI>Call Chain = Debug_Timer_Init &rArr; RCC_Get_APB2_Clock &rArr; RCC_Get_HCLK &rArr; RCC_Get_SYS_CLK
</UL>
<BR>[Calls]<UL><LI><a href="#[6a]">&gt;&gt;</a>&nbsp;&nbsp;&nbsp;__NVIC_SetPriority
<LI><a href="#[69]">&gt;&gt;</a>&nbsp;&nbsp;&nbsp;__NVIC_EnableIRQ
<LI><a href="#[6b]">&gt;&gt;</a>&nbsp;&nbsp;&nbsp;RCC_Get_APB2_Clock
</UL>
<BR>[Called By]<UL><LI><a href="#[60]">&gt;&gt;</a>&nbsp;&nbsp;&nbsp;Debug_Init
</UL>

<P><STRONG><a name="[6d]"></a>Debug_Tx_Byte</STRONG> (Thumb, 48 bytes, Stack size 4 bytes, debug.o(.text.Debug_Tx_Byte))
<BR><BR>[Stack]<UL><LI>Max Depth = 4<LI>Call Chain = Debug_Tx_Byte
</UL>
<BR>[Called By]<UL><LI><a href="#[6e]">&gt;&gt;</a>&nbsp;&nbsp;&nbsp;Debug_Tx_Text
<LI><a href="#[6c]">&gt;&gt;</a>&nbsp;&nbsp;&nbsp;Debug_Tx_NL
</UL>

<P><STRONG><a name="[6c]"></a>Debug_Tx_NL</STRONG> (Thumb, 16 bytes, Stack size 8 bytes, debug.o(.text.Debug_Tx_NL))
<BR><BR>[Stack]<UL><LI>Max Depth = 12<LI>Call Chain = Debug_Tx_NL &rArr; Debug_Tx_Byte
</UL>
<BR>[Calls]<UL><LI><a href="#[6d]">&gt;&gt;</a>&nbsp;&nbsp;&nbsp;Debug_Tx_Byte
</UL>
<BR>[Called By]<UL><LI><a href="#[5a]">&gt;&gt;</a>&nbsp;&nbsp;&nbsp;Debug_Tx_Text_NL
</UL>

<P><STRONG><a name="[6e]"></a>Debug_Tx_Text</STRONG> (Thumb, 54 bytes, Stack size 16 bytes, debug.o(.text.Debug_Tx_Text))
<BR><BR>[Stack]<UL><LI>Max Depth = 20<LI>Call Chain = Debug_Tx_Text &rArr; Debug_Tx_Byte
</UL>
<BR>[Calls]<UL><LI><a href="#[6d]">&gt;&gt;</a>&nbsp;&nbsp;&nbsp;Debug_Tx_Byte
</UL>
<BR>[Called By]<UL><LI><a href="#[5a]">&gt;&gt;</a>&nbsp;&nbsp;&nbsp;Debug_Tx_Text_NL
</UL>

<P><STRONG><a name="[5a]"></a>Debug_Tx_Text_NL</STRONG> (Thumb, 20 bytes, Stack size 16 bytes, debug.o(.text.Debug_Tx_Text_NL))
<BR><BR>[Stack]<UL><LI>Max Depth = 36<LI>Call Chain = Debug_Tx_Text_NL &rArr; Debug_Tx_Text &rArr; Debug_Tx_Byte
</UL>
<BR>[Calls]<UL><LI><a href="#[6e]">&gt;&gt;</a>&nbsp;&nbsp;&nbsp;Debug_Tx_Text
<LI><a href="#[6c]">&gt;&gt;</a>&nbsp;&nbsp;&nbsp;Debug_Tx_NL
</UL>
<BR>[Called By]<UL><LI><a href="#[57]">&gt;&gt;</a>&nbsp;&nbsp;&nbsp;App_Main_Loop
</UL>

<P><STRONG><a name="[61]"></a>GPIO_EnableClock</STRONG> (Thumb, 220 bytes, Stack size 4 bytes, gpio.o(.text.GPIO_EnableClock))
<BR><BR>[Stack]<UL><LI>Max Depth = 4<LI>Call Chain = GPIO_EnableClock
</UL>
<BR>[Called By]<UL><LI><a href="#[5c]">&gt;&gt;</a>&nbsp;&nbsp;&nbsp;App_Setup
</UL>

<P><STRONG><a name="[62]"></a>GPIO_Init</STRONG> (Thumb, 184 bytes, Stack size 24 bytes, gpio.o(.text.GPIO_Init))
<BR><BR>[Stack]<UL><LI>Max Depth = 24<LI>Call Chain = GPIO_Init
</UL>
<BR>[Called By]<UL><LI><a href="#[5c]">&gt;&gt;</a>&nbsp;&nbsp;&nbsp;App_Setup
</UL>

<P><STRONG><a name="[59]"></a>GPIO_TogglePin</STRONG> (Thumb, 30 bytes, Stack size 8 bytes, gpio.o(.text.GPIO_TogglePin))
<BR><BR>[Stack]<UL><LI>Max Depth = 8<LI>Call Chain = GPIO_TogglePin
</UL>
<BR>[Called By]<UL><LI><a href="#[57]">&gt;&gt;</a>&nbsp;&nbsp;&nbsp;App_Main_Loop
</UL>

<P><STRONG><a name="[68]"></a>RCC_Get_APB1_Clock</STRONG> (Thumb, 52 bytes, Stack size 16 bytes, rcc.o(.text.RCC_Get_APB1_Clock))
<BR><BR>[Stack]<UL><LI>Max Depth = 68<LI>Call Chain = RCC_Get_APB1_Clock &rArr; RCC_Get_HCLK &rArr; RCC_Get_SYS_CLK
</UL>
<BR>[Calls]<UL><LI><a href="#[6f]">&gt;&gt;</a>&nbsp;&nbsp;&nbsp;RCC_Get_HCLK
</UL>
<BR>[Called By]<UL><LI><a href="#[66]">&gt;&gt;</a>&nbsp;&nbsp;&nbsp;Debug_Reg_Init
</UL>

<P><STRONG><a name="[6b]"></a>RCC_Get_APB2_Clock</STRONG> (Thumb, 52 bytes, Stack size 16 bytes, rcc.o(.text.RCC_Get_APB2_Clock))
<BR><BR>[Stack]<UL><LI>Max Depth = 68<LI>Call Chain = RCC_Get_APB2_Clock &rArr; RCC_Get_HCLK &rArr; RCC_Get_SYS_CLK
</UL>
<BR>[Calls]<UL><LI><a href="#[6f]">&gt;&gt;</a>&nbsp;&nbsp;&nbsp;RCC_Get_HCLK
</UL>
<BR>[Called By]<UL><LI><a href="#[95]">&gt;&gt;</a>&nbsp;&nbsp;&nbsp;Timebase_Timer_Enable
<LI><a href="#[67]">&gt;&gt;</a>&nbsp;&nbsp;&nbsp;Debug_Timer_Init
</UL>

<P><STRONG><a name="[6f]"></a>RCC_Get_HCLK</STRONG> (Thumb, 52 bytes, Stack size 16 bytes, rcc.o(.text.RCC_Get_HCLK))
<BR><BR>[Stack]<UL><LI>Max Depth = 52<LI>Call Chain = RCC_Get_HCLK &rArr; RCC_Get_SYS_CLK
</UL>
<BR>[Calls]<UL><LI><a href="#[70]">&gt;&gt;</a>&nbsp;&nbsp;&nbsp;RCC_Get_SYS_CLK
</UL>
<BR>[Called By]<UL><LI><a href="#[6b]">&gt;&gt;</a>&nbsp;&nbsp;&nbsp;RCC_Get_APB2_Clock
<LI><a href="#[68]">&gt;&gt;</a>&nbsp;&nbsp;&nbsp;RCC_Get_APB1_Clock
</UL>

<P><STRONG><a name="[70]"></a>RCC_Get_SYS_CLK</STRONG> (Thumb, 212 bytes, Stack size 36 bytes, rcc.o(.text.RCC_Get_SYS_CLK))
<BR><BR>[Stack]<UL><LI>Max Depth = 36<LI>Call Chain = RCC_Get_SYS_CLK
</UL>
<BR>[Called By]<UL><LI><a href="#[6f]">&gt;&gt;</a>&nbsp;&nbsp;&nbsp;RCC_Get_HCLK
</UL>

<P><STRONG><a name="[5d]"></a>RCC_HSE_Clock_Config</STRONG> (Thumb, 178 bytes, Stack size 4 bytes, rcc.o(.text.RCC_HSE_Clock_Config))
<BR><BR>[Stack]<UL><LI>Max Depth = 4<LI>Call Chain = RCC_HSE_Clock_Config
</UL>
<BR>[Called By]<UL><LI><a href="#[5c]">&gt;&gt;</a>&nbsp;&nbsp;&nbsp;App_Setup
</UL>

<P><STRONG><a name="[5e]"></a>RCC_LSE_Clock_Config</STRONG> (Thumb, 104 bytes, Stack size 0 bytes, rcc.o(.text.RCC_LSE_Clock_Config))
<BR><BR>[Called By]<UL><LI><a href="#[5c]">&gt;&gt;</a>&nbsp;&nbsp;&nbsp;App_Setup
</UL>

<P><STRONG><a name="[42]"></a>SystemInit</STRONG> (Thumb, 18 bytes, Stack size 0 bytes, system_stm32f4xx.o(.text.SystemInit))
<BR>[Address Reference Count : 1]<UL><LI> startup_stm32f401xc.o(.text)
</UL>
<P><STRONG><a name="[20]"></a>TIM1_TRG_COM_TIM11_IRQHandler</STRONG> (Thumb, 24 bytes, Stack size 8 bytes, timebase.o(.text.TIM1_TRG_COM_TIM11_IRQHandler))
<BR><BR>[Stack]<UL><LI>Max Depth = 8<LI>Call Chain = TIM1_TRG_COM_TIM11_IRQHandler
</UL>
<BR>[Calls]<UL><LI><a href="#[71]">&gt;&gt;</a>&nbsp;&nbsp;&nbsp;Timebase_ISR_Executables
</UL>
<BR>[Address Reference Count : 1]<UL><LI> startup_stm32f401xc.o(RESET)
</UL>
<P><STRONG><a name="[1f]"></a>TIM1_UP_TIM10_IRQHandler</STRONG> (Thumb, 86 bytes, Stack size 8 bytes, debug.o(.text.TIM1_UP_TIM10_IRQHandler))
<BR><BR>[Stack]<UL><LI>Max Depth = 8<LI>Call Chain = TIM1_UP_TIM10_IRQHandler
</UL>
<BR>[Calls]<UL><LI><a href="#[73]">&gt;&gt;</a>&nbsp;&nbsp;&nbsp;Debug_Get_Buf_Index
<LI><a href="#[72]">&gt;&gt;</a>&nbsp;&nbsp;&nbsp;Debug_Timer_Disable
</UL>
<BR>[Address Reference Count : 1]<UL><LI> startup_stm32f401xc.o(RESET)
</UL>
<P><STRONG><a name="[9b]"></a>Timebase_Atomic_Operation_End</STRONG> (Thumb, 4 bytes, Stack size 0 bytes, timebase.o(.text.Timebase_Atomic_Operation_End))
<BR><BR>[Called By]<UL><LI><a href="#[97]">&gt;&gt;</a>&nbsp;&nbsp;&nbsp;Timebase_Timer_Sync_With_Shadow_Variables
</UL>

<P><STRONG><a name="[9a]"></a>Timebase_Atomic_Operation_Start</STRONG> (Thumb, 4 bytes, Stack size 0 bytes, timebase.o(.text.Timebase_Atomic_Operation_Start))
<BR><BR>[Called By]<UL><LI><a href="#[97]">&gt;&gt;</a>&nbsp;&nbsp;&nbsp;Timebase_Timer_Sync_With_Shadow_Variables
</UL>

<P><STRONG><a name="[78]"></a>Timebase_DownCounter_Clear_Period_Flag</STRONG> (Thumb, 44 bytes, Stack size 4 bytes, timebase.o(.text.Timebase_DownCounter_Clear_Period_Flag))
<BR><BR>[Stack]<UL><LI>Max Depth = 4<LI>Call Chain = Timebase_DownCounter_Clear_Period_Flag
</UL>
<BR>[Called By]<UL><LI><a href="#[74]">&gt;&gt;</a>&nbsp;&nbsp;&nbsp;Timebase_DownCounter_Reset
</UL>

<P><STRONG><a name="[90]"></a>Timebase_DownCounter_Get_EndValue</STRONG> (Thumb, 36 bytes, Stack size 4 bytes, timebase.o(.text.Timebase_DownCounter_Get_EndValue))
<BR><BR>[Stack]<UL><LI>Max Depth = 4<LI>Call Chain = Timebase_DownCounter_Get_EndValue
</UL>
<BR>[Called By]<UL><LI><a href="#[8e]">&gt;&gt;</a>&nbsp;&nbsp;&nbsp;Timebase_DownCounter_Update
</UL>

<P><STRONG><a name="[92]"></a>Timebase_DownCounter_Get_ReloadValue</STRONG> (Thumb, 36 bytes, Stack size 4 bytes, timebase.o(.text.Timebase_DownCounter_Get_ReloadValue))
<BR><BR>[Stack]<UL><LI>Max Depth = 4<LI>Call Chain = Timebase_DownCounter_Get_ReloadValue
</UL>
<BR>[Called By]<UL><LI><a href="#[8e]">&gt;&gt;</a>&nbsp;&nbsp;&nbsp;Timebase_DownCounter_Update
</UL>

<P><STRONG><a name="[8f]"></a>Timebase_DownCounter_Get_Status</STRONG> (Thumb, 40 bytes, Stack size 4 bytes, timebase.o(.text.Timebase_DownCounter_Get_Status))
<BR><BR>[Stack]<UL><LI>Max Depth = 4<LI>Call Chain = Timebase_DownCounter_Get_Status
</UL>
<BR>[Called By]<UL><LI><a href="#[8e]">&gt;&gt;</a>&nbsp;&nbsp;&nbsp;Timebase_DownCounter_Update
</UL>

<P><STRONG><a name="[91]"></a>Timebase_DownCounter_Get_Value</STRONG> (Thumb, 36 bytes, Stack size 4 bytes, timebase.o(.text.Timebase_DownCounter_Get_Value))
<BR><BR>[Stack]<UL><LI>Max Depth = 4<LI>Call Chain = Timebase_DownCounter_Get_Value
</UL>
<BR>[Called By]<UL><LI><a href="#[8e]">&gt;&gt;</a>&nbsp;&nbsp;&nbsp;Timebase_DownCounter_Update
</UL>

<P><STRONG><a name="[74]"></a>Timebase_DownCounter_Reset</STRONG> (Thumb, 62 bytes, Stack size 16 bytes, timebase.o(.text.Timebase_DownCounter_Reset))
<BR><BR>[Stack]<UL><LI>Max Depth = 24<LI>Call Chain = Timebase_DownCounter_Reset &rArr; Timebase_DownCounter_Set_ReloadValue
</UL>
<BR>[Calls]<UL><LI><a href="#[79]">&gt;&gt;</a>&nbsp;&nbsp;&nbsp;Timebase_DownCounter_Set_ReloadValue
<LI><a href="#[78]">&gt;&gt;</a>&nbsp;&nbsp;&nbsp;Timebase_DownCounter_Clear_Period_Flag
<LI><a href="#[75]">&gt;&gt;</a>&nbsp;&nbsp;&nbsp;Timebase_DownCounter_Set_EndValue
<LI><a href="#[76]">&gt;&gt;</a>&nbsp;&nbsp;&nbsp;Timebase_DownCounter_Set_Value
<LI><a href="#[77]">&gt;&gt;</a>&nbsp;&nbsp;&nbsp;Timebase_DownCounter_Set_Status
</UL>
<BR>[Called By]<UL><LI><a href="#[7a]">&gt;&gt;</a>&nbsp;&nbsp;&nbsp;Timebase_DownCounter_Reset_All
<LI><a href="#[8e]">&gt;&gt;</a>&nbsp;&nbsp;&nbsp;Timebase_DownCounter_Update
</UL>

<P><STRONG><a name="[7a]"></a>Timebase_DownCounter_Reset_All</STRONG> (Thumb, 48 bytes, Stack size 16 bytes, timebase.o(.text.Timebase_DownCounter_Reset_All))
<BR><BR>[Stack]<UL><LI>Max Depth = 40<LI>Call Chain = Timebase_DownCounter_Reset_All &rArr; Timebase_DownCounter_Reset &rArr; Timebase_DownCounter_Set_ReloadValue
</UL>
<BR>[Calls]<UL><LI><a href="#[74]">&gt;&gt;</a>&nbsp;&nbsp;&nbsp;Timebase_DownCounter_Reset
</UL>
<BR>[Called By]<UL><LI><a href="#[96]">&gt;&gt;</a>&nbsp;&nbsp;&nbsp;Timebase_Reset
</UL>

<P><STRONG><a name="[7b]"></a>Timebase_DownCounter_SS_Clear_All_Flags</STRONG> (Thumb, 20 bytes, Stack size 16 bytes, timebase.o(.text.Timebase_DownCounter_SS_Clear_All_Flags))
<BR><BR>[Stack]<UL><LI>Max Depth = 40<LI>Call Chain = Timebase_DownCounter_SS_Clear_All_Flags &rArr; Timebase_DownCounter_SS_Reset &rArr; Timebase_DownCounter_SS_Set_ReloadValue
</UL>
<BR>[Calls]<UL><LI><a href="#[7c]">&gt;&gt;</a>&nbsp;&nbsp;&nbsp;Timebase_DownCounter_SS_Reset
</UL>
<BR>[Called By]<UL><LI><a href="#[58]">&gt;&gt;</a>&nbsp;&nbsp;&nbsp;Timebase_DownCounter_SS_Continuous_Expired_Event
</UL>

<P><STRONG><a name="[83]"></a>Timebase_DownCounter_SS_Clear_Period_Flag</STRONG> (Thumb, 44 bytes, Stack size 4 bytes, timebase.o(.text.Timebase_DownCounter_SS_Clear_Period_Flag))
<BR><BR>[Stack]<UL><LI>Max Depth = 4<LI>Call Chain = Timebase_DownCounter_SS_Clear_Period_Flag
</UL>
<BR>[Called By]<UL><LI><a href="#[7c]">&gt;&gt;</a>&nbsp;&nbsp;&nbsp;Timebase_DownCounter_SS_Reset
</UL>

<P><STRONG><a name="[58]"></a>Timebase_DownCounter_SS_Continuous_Expired_Event</STRONG> (Thumb, 74 bytes, Stack size 16 bytes, timebase.o(.text.Timebase_DownCounter_SS_Continuous_Expired_Event))
<BR><BR>[Stack]<UL><LI>Max Depth = 68<LI>Call Chain = Timebase_DownCounter_SS_Continuous_Expired_Event &rArr; Timebase_DownCounter_SS_Set_Securely &rArr; Timebase_DownCounter_SS_Start &rArr; Timebase_DownCounter_SS_Set_Status
</UL>
<BR>[Calls]<UL><LI><a href="#[63]">&gt;&gt;</a>&nbsp;&nbsp;&nbsp;Timebase_DownCounter_SS_Set_Securely
<LI><a href="#[7b]">&gt;&gt;</a>&nbsp;&nbsp;&nbsp;Timebase_DownCounter_SS_Clear_All_Flags
<LI><a href="#[7e]">&gt;&gt;</a>&nbsp;&nbsp;&nbsp;Timebase_DownCounter_SS_Get_ReloadValue
<LI><a href="#[7d]">&gt;&gt;</a>&nbsp;&nbsp;&nbsp;Timebase_DownCounter_SS_Get_Status
</UL>
<BR>[Called By]<UL><LI><a href="#[57]">&gt;&gt;</a>&nbsp;&nbsp;&nbsp;App_Main_Loop
</UL>

<P><STRONG><a name="[8b]"></a>Timebase_DownCounter_SS_Get_EndValueSec</STRONG> (Thumb, 34 bytes, Stack size 4 bytes, timebase.o(.text.Timebase_DownCounter_SS_Get_EndValueSec))
<BR><BR>[Stack]<UL><LI>Max Depth = 4<LI>Call Chain = Timebase_DownCounter_SS_Get_EndValueSec
</UL>
<BR>[Called By]<UL><LI><a href="#[89]">&gt;&gt;</a>&nbsp;&nbsp;&nbsp;Timebase_DownCounter_SS_Update
</UL>

<P><STRONG><a name="[8a]"></a>Timebase_DownCounter_SS_Get_EndValueSubSec</STRONG> (Thumb, 34 bytes, Stack size 4 bytes, timebase.o(.text.Timebase_DownCounter_SS_Get_EndValueSubSec))
<BR><BR>[Stack]<UL><LI>Max Depth = 4<LI>Call Chain = Timebase_DownCounter_SS_Get_EndValueSubSec
</UL>
<BR>[Called By]<UL><LI><a href="#[89]">&gt;&gt;</a>&nbsp;&nbsp;&nbsp;Timebase_DownCounter_SS_Update
</UL>

<P><STRONG><a name="[7e]"></a>Timebase_DownCounter_SS_Get_ReloadValue</STRONG> (Thumb, 34 bytes, Stack size 4 bytes, timebase.o(.text.Timebase_DownCounter_SS_Get_ReloadValue))
<BR><BR>[Stack]<UL><LI>Max Depth = 4<LI>Call Chain = Timebase_DownCounter_SS_Get_ReloadValue
</UL>
<BR>[Called By]<UL><LI><a href="#[58]">&gt;&gt;</a>&nbsp;&nbsp;&nbsp;Timebase_DownCounter_SS_Continuous_Expired_Event
<LI><a href="#[89]">&gt;&gt;</a>&nbsp;&nbsp;&nbsp;Timebase_DownCounter_SS_Update
</UL>

<P><STRONG><a name="[7d]"></a>Timebase_DownCounter_SS_Get_Status</STRONG> (Thumb, 40 bytes, Stack size 4 bytes, timebase.o(.text.Timebase_DownCounter_SS_Get_Status))
<BR><BR>[Stack]<UL><LI>Max Depth = 4<LI>Call Chain = Timebase_DownCounter_SS_Get_Status
</UL>
<BR>[Called By]<UL><LI><a href="#[58]">&gt;&gt;</a>&nbsp;&nbsp;&nbsp;Timebase_DownCounter_SS_Continuous_Expired_Event
<LI><a href="#[89]">&gt;&gt;</a>&nbsp;&nbsp;&nbsp;Timebase_DownCounter_SS_Update
<LI><a href="#[63]">&gt;&gt;</a>&nbsp;&nbsp;&nbsp;Timebase_DownCounter_SS_Set_Securely
<LI><a href="#[88]">&gt;&gt;</a>&nbsp;&nbsp;&nbsp;Timebase_DownCounter_SS_Start
</UL>

<P><STRONG><a name="[8c]"></a>Timebase_DownCounter_SS_Get_Value</STRONG> (Thumb, 34 bytes, Stack size 4 bytes, timebase.o(.text.Timebase_DownCounter_SS_Get_Value))
<BR><BR>[Stack]<UL><LI>Max Depth = 4<LI>Call Chain = Timebase_DownCounter_SS_Get_Value
</UL>
<BR>[Called By]<UL><LI><a href="#[89]">&gt;&gt;</a>&nbsp;&nbsp;&nbsp;Timebase_DownCounter_SS_Update
</UL>

<P><STRONG><a name="[7c]"></a>Timebase_DownCounter_SS_Reset</STRONG> (Thumb, 72 bytes, Stack size 16 bytes, timebase.o(.text.Timebase_DownCounter_SS_Reset))
<BR><BR>[Stack]<UL><LI>Max Depth = 24<LI>Call Chain = Timebase_DownCounter_SS_Reset &rArr; Timebase_DownCounter_SS_Set_ReloadValue
</UL>
<BR>[Calls]<UL><LI><a href="#[84]">&gt;&gt;</a>&nbsp;&nbsp;&nbsp;Timebase_DownCounter_SS_Set_ReloadValue
<LI><a href="#[83]">&gt;&gt;</a>&nbsp;&nbsp;&nbsp;Timebase_DownCounter_SS_Clear_Period_Flag
<LI><a href="#[7f]">&gt;&gt;</a>&nbsp;&nbsp;&nbsp;Timebase_DownCounter_SS_Set_EndValueSubSec
<LI><a href="#[80]">&gt;&gt;</a>&nbsp;&nbsp;&nbsp;Timebase_DownCounter_SS_Set_EndValueSec
<LI><a href="#[81]">&gt;&gt;</a>&nbsp;&nbsp;&nbsp;Timebase_DownCounter_SS_Set_Value
<LI><a href="#[82]">&gt;&gt;</a>&nbsp;&nbsp;&nbsp;Timebase_DownCounter_SS_Set_Status
</UL>
<BR>[Called By]<UL><LI><a href="#[85]">&gt;&gt;</a>&nbsp;&nbsp;&nbsp;Timebase_DownCounter_SS_Reset_All
<LI><a href="#[89]">&gt;&gt;</a>&nbsp;&nbsp;&nbsp;Timebase_DownCounter_SS_Update
<LI><a href="#[7b]">&gt;&gt;</a>&nbsp;&nbsp;&nbsp;Timebase_DownCounter_SS_Clear_All_Flags
</UL>

<P><STRONG><a name="[85]"></a>Timebase_DownCounter_SS_Reset_All</STRONG> (Thumb, 48 bytes, Stack size 16 bytes, timebase.o(.text.Timebase_DownCounter_SS_Reset_All))
<BR><BR>[Stack]<UL><LI>Max Depth = 40<LI>Call Chain = Timebase_DownCounter_SS_Reset_All &rArr; Timebase_DownCounter_SS_Reset &rArr; Timebase_DownCounter_SS_Set_ReloadValue
</UL>
<BR>[Calls]<UL><LI><a href="#[7c]">&gt;&gt;</a>&nbsp;&nbsp;&nbsp;Timebase_DownCounter_SS_Reset
</UL>
<BR>[Called By]<UL><LI><a href="#[96]">&gt;&gt;</a>&nbsp;&nbsp;&nbsp;Timebase_Reset
</UL>

<P><STRONG><a name="[80]"></a>Timebase_DownCounter_SS_Set_EndValueSec</STRONG> (Thumb, 38 bytes, Stack size 8 bytes, timebase.o(.text.Timebase_DownCounter_SS_Set_EndValueSec))
<BR><BR>[Stack]<UL><LI>Max Depth = 8<LI>Call Chain = Timebase_DownCounter_SS_Set_EndValueSec
</UL>
<BR>[Called By]<UL><LI><a href="#[89]">&gt;&gt;</a>&nbsp;&nbsp;&nbsp;Timebase_DownCounter_SS_Update
<LI><a href="#[63]">&gt;&gt;</a>&nbsp;&nbsp;&nbsp;Timebase_DownCounter_SS_Set_Securely
<LI><a href="#[7c]">&gt;&gt;</a>&nbsp;&nbsp;&nbsp;Timebase_DownCounter_SS_Reset
</UL>

<P><STRONG><a name="[7f]"></a>Timebase_DownCounter_SS_Set_EndValueSubSec</STRONG> (Thumb, 38 bytes, Stack size 8 bytes, timebase.o(.text.Timebase_DownCounter_SS_Set_EndValueSubSec))
<BR><BR>[Stack]<UL><LI>Max Depth = 8<LI>Call Chain = Timebase_DownCounter_SS_Set_EndValueSubSec
</UL>
<BR>[Called By]<UL><LI><a href="#[89]">&gt;&gt;</a>&nbsp;&nbsp;&nbsp;Timebase_DownCounter_SS_Update
<LI><a href="#[63]">&gt;&gt;</a>&nbsp;&nbsp;&nbsp;Timebase_DownCounter_SS_Set_Securely
<LI><a href="#[7c]">&gt;&gt;</a>&nbsp;&nbsp;&nbsp;Timebase_DownCounter_SS_Reset
</UL>

<P><STRONG><a name="[84]"></a>Timebase_DownCounter_SS_Set_ReloadValue</STRONG> (Thumb, 38 bytes, Stack size 8 bytes, timebase.o(.text.Timebase_DownCounter_SS_Set_ReloadValue))
<BR><BR>[Stack]<UL><LI>Max Depth = 8<LI>Call Chain = Timebase_DownCounter_SS_Set_ReloadValue
</UL>
<BR>[Called By]<UL><LI><a href="#[89]">&gt;&gt;</a>&nbsp;&nbsp;&nbsp;Timebase_DownCounter_SS_Update
<LI><a href="#[63]">&gt;&gt;</a>&nbsp;&nbsp;&nbsp;Timebase_DownCounter_SS_Set_Securely
<LI><a href="#[7c]">&gt;&gt;</a>&nbsp;&nbsp;&nbsp;Timebase_DownCounter_SS_Reset
</UL>

<P><STRONG><a name="[63]"></a>Timebase_DownCounter_SS_Set_Securely</STRONG> (Thumb, 186 bytes, Stack size 32 bytes, timebase.o(.text.Timebase_DownCounter_SS_Set_Securely))
<BR><BR>[Stack]<UL><LI>Max Depth = 52<LI>Call Chain = Timebase_DownCounter_SS_Set_Securely &rArr; Timebase_DownCounter_SS_Start &rArr; Timebase_DownCounter_SS_Set_Status
</UL>
<BR>[Calls]<UL><LI><a href="#[88]">&gt;&gt;</a>&nbsp;&nbsp;&nbsp;Timebase_DownCounter_SS_Start
<LI><a href="#[84]">&gt;&gt;</a>&nbsp;&nbsp;&nbsp;Timebase_DownCounter_SS_Set_ReloadValue
<LI><a href="#[7f]">&gt;&gt;</a>&nbsp;&nbsp;&nbsp;Timebase_DownCounter_SS_Set_EndValueSubSec
<LI><a href="#[80]">&gt;&gt;</a>&nbsp;&nbsp;&nbsp;Timebase_DownCounter_SS_Set_EndValueSec
<LI><a href="#[81]">&gt;&gt;</a>&nbsp;&nbsp;&nbsp;Timebase_DownCounter_SS_Set_Value
<LI><a href="#[7d]">&gt;&gt;</a>&nbsp;&nbsp;&nbsp;Timebase_DownCounter_SS_Get_Status
<LI><a href="#[87]">&gt;&gt;</a>&nbsp;&nbsp;&nbsp;Timebase_Timer_Get_Seconds
<LI><a href="#[86]">&gt;&gt;</a>&nbsp;&nbsp;&nbsp;Timebase_Timer_Get_SubSeconds
</UL>
<BR>[Called By]<UL><LI><a href="#[58]">&gt;&gt;</a>&nbsp;&nbsp;&nbsp;Timebase_DownCounter_SS_Continuous_Expired_Event
<LI><a href="#[5c]">&gt;&gt;</a>&nbsp;&nbsp;&nbsp;App_Setup
</UL>

<P><STRONG><a name="[82]"></a>Timebase_DownCounter_SS_Set_Status</STRONG> (Thumb, 60 bytes, Stack size 4 bytes, timebase.o(.text.Timebase_DownCounter_SS_Set_Status))
<BR><BR>[Stack]<UL><LI>Max Depth = 4<LI>Call Chain = Timebase_DownCounter_SS_Set_Status
</UL>
<BR>[Called By]<UL><LI><a href="#[89]">&gt;&gt;</a>&nbsp;&nbsp;&nbsp;Timebase_DownCounter_SS_Update
<LI><a href="#[88]">&gt;&gt;</a>&nbsp;&nbsp;&nbsp;Timebase_DownCounter_SS_Start
<LI><a href="#[7c]">&gt;&gt;</a>&nbsp;&nbsp;&nbsp;Timebase_DownCounter_SS_Reset
</UL>

<P><STRONG><a name="[81]"></a>Timebase_DownCounter_SS_Set_Value</STRONG> (Thumb, 38 bytes, Stack size 8 bytes, timebase.o(.text.Timebase_DownCounter_SS_Set_Value))
<BR><BR>[Stack]<UL><LI>Max Depth = 8<LI>Call Chain = Timebase_DownCounter_SS_Set_Value
</UL>
<BR>[Called By]<UL><LI><a href="#[89]">&gt;&gt;</a>&nbsp;&nbsp;&nbsp;Timebase_DownCounter_SS_Update
<LI><a href="#[63]">&gt;&gt;</a>&nbsp;&nbsp;&nbsp;Timebase_DownCounter_SS_Set_Securely
<LI><a href="#[7c]">&gt;&gt;</a>&nbsp;&nbsp;&nbsp;Timebase_DownCounter_SS_Reset
</UL>

<P><STRONG><a name="[88]"></a>Timebase_DownCounter_SS_Start</STRONG> (Thumb, 38 bytes, Stack size 16 bytes, timebase.o(.text.Timebase_DownCounter_SS_Start))
<BR><BR>[Stack]<UL><LI>Max Depth = 20<LI>Call Chain = Timebase_DownCounter_SS_Start &rArr; Timebase_DownCounter_SS_Set_Status
</UL>
<BR>[Calls]<UL><LI><a href="#[82]">&gt;&gt;</a>&nbsp;&nbsp;&nbsp;Timebase_DownCounter_SS_Set_Status
<LI><a href="#[7d]">&gt;&gt;</a>&nbsp;&nbsp;&nbsp;Timebase_DownCounter_SS_Get_Status
</UL>
<BR>[Called By]<UL><LI><a href="#[63]">&gt;&gt;</a>&nbsp;&nbsp;&nbsp;Timebase_DownCounter_SS_Set_Securely
</UL>

<P><STRONG><a name="[89]"></a>Timebase_DownCounter_SS_Update</STRONG> (Thumb, 262 bytes, Stack size 40 bytes, timebase.o(.text.Timebase_DownCounter_SS_Update))
<BR><BR>[Stack]<UL><LI>Max Depth = 64<LI>Call Chain = Timebase_DownCounter_SS_Update &rArr; Timebase_DownCounter_SS_Reset &rArr; Timebase_DownCounter_SS_Set_ReloadValue
</UL>
<BR>[Calls]<UL><LI><a href="#[7c]">&gt;&gt;</a>&nbsp;&nbsp;&nbsp;Timebase_DownCounter_SS_Reset
<LI><a href="#[84]">&gt;&gt;</a>&nbsp;&nbsp;&nbsp;Timebase_DownCounter_SS_Set_ReloadValue
<LI><a href="#[7e]">&gt;&gt;</a>&nbsp;&nbsp;&nbsp;Timebase_DownCounter_SS_Get_ReloadValue
<LI><a href="#[7f]">&gt;&gt;</a>&nbsp;&nbsp;&nbsp;Timebase_DownCounter_SS_Set_EndValueSubSec
<LI><a href="#[80]">&gt;&gt;</a>&nbsp;&nbsp;&nbsp;Timebase_DownCounter_SS_Set_EndValueSec
<LI><a href="#[8a]">&gt;&gt;</a>&nbsp;&nbsp;&nbsp;Timebase_DownCounter_SS_Get_EndValueSubSec
<LI><a href="#[8b]">&gt;&gt;</a>&nbsp;&nbsp;&nbsp;Timebase_DownCounter_SS_Get_EndValueSec
<LI><a href="#[81]">&gt;&gt;</a>&nbsp;&nbsp;&nbsp;Timebase_DownCounter_SS_Set_Value
<LI><a href="#[8c]">&gt;&gt;</a>&nbsp;&nbsp;&nbsp;Timebase_DownCounter_SS_Get_Value
<LI><a href="#[82]">&gt;&gt;</a>&nbsp;&nbsp;&nbsp;Timebase_DownCounter_SS_Set_Status
<LI><a href="#[7d]">&gt;&gt;</a>&nbsp;&nbsp;&nbsp;Timebase_DownCounter_SS_Get_Status
<LI><a href="#[87]">&gt;&gt;</a>&nbsp;&nbsp;&nbsp;Timebase_Timer_Get_Seconds
<LI><a href="#[86]">&gt;&gt;</a>&nbsp;&nbsp;&nbsp;Timebase_Timer_Get_SubSeconds
</UL>
<BR>[Called By]<UL><LI><a href="#[8d]">&gt;&gt;</a>&nbsp;&nbsp;&nbsp;Timebase_DownCounter_SS_Update_All
</UL>

<P><STRONG><a name="[8d]"></a>Timebase_DownCounter_SS_Update_All</STRONG> (Thumb, 48 bytes, Stack size 16 bytes, timebase.o(.text.Timebase_DownCounter_SS_Update_All))
<BR><BR>[Stack]<UL><LI>Max Depth = 80<LI>Call Chain = Timebase_DownCounter_SS_Update_All &rArr; Timebase_DownCounter_SS_Update &rArr; Timebase_DownCounter_SS_Reset &rArr; Timebase_DownCounter_SS_Set_ReloadValue
</UL>
<BR>[Calls]<UL><LI><a href="#[89]">&gt;&gt;</a>&nbsp;&nbsp;&nbsp;Timebase_DownCounter_SS_Update
</UL>
<BR>[Called By]<UL><LI><a href="#[5b]">&gt;&gt;</a>&nbsp;&nbsp;&nbsp;Timebase_Main_Loop_Executables
</UL>

<P><STRONG><a name="[75]"></a>Timebase_DownCounter_Set_EndValue</STRONG> (Thumb, 40 bytes, Stack size 8 bytes, timebase.o(.text.Timebase_DownCounter_Set_EndValue))
<BR><BR>[Stack]<UL><LI>Max Depth = 8<LI>Call Chain = Timebase_DownCounter_Set_EndValue
</UL>
<BR>[Called By]<UL><LI><a href="#[8e]">&gt;&gt;</a>&nbsp;&nbsp;&nbsp;Timebase_DownCounter_Update
<LI><a href="#[74]">&gt;&gt;</a>&nbsp;&nbsp;&nbsp;Timebase_DownCounter_Reset
</UL>

<P><STRONG><a name="[79]"></a>Timebase_DownCounter_Set_ReloadValue</STRONG> (Thumb, 40 bytes, Stack size 8 bytes, timebase.o(.text.Timebase_DownCounter_Set_ReloadValue))
<BR><BR>[Stack]<UL><LI>Max Depth = 8<LI>Call Chain = Timebase_DownCounter_Set_ReloadValue
</UL>
<BR>[Called By]<UL><LI><a href="#[8e]">&gt;&gt;</a>&nbsp;&nbsp;&nbsp;Timebase_DownCounter_Update
<LI><a href="#[74]">&gt;&gt;</a>&nbsp;&nbsp;&nbsp;Timebase_DownCounter_Reset
</UL>

<P><STRONG><a name="[77]"></a>Timebase_DownCounter_Set_Status</STRONG> (Thumb, 60 bytes, Stack size 4 bytes, timebase.o(.text.Timebase_DownCounter_Set_Status))
<BR><BR>[Stack]<UL><LI>Max Depth = 4<LI>Call Chain = Timebase_DownCounter_Set_Status
</UL>
<BR>[Called By]<UL><LI><a href="#[8e]">&gt;&gt;</a>&nbsp;&nbsp;&nbsp;Timebase_DownCounter_Update
<LI><a href="#[74]">&gt;&gt;</a>&nbsp;&nbsp;&nbsp;Timebase_DownCounter_Reset
</UL>

<P><STRONG><a name="[76]"></a>Timebase_DownCounter_Set_Value</STRONG> (Thumb, 40 bytes, Stack size 8 bytes, timebase.o(.text.Timebase_DownCounter_Set_Value))
<BR><BR>[Stack]<UL><LI>Max Depth = 8<LI>Call Chain = Timebase_DownCounter_Set_Value
</UL>
<BR>[Called By]<UL><LI><a href="#[8e]">&gt;&gt;</a>&nbsp;&nbsp;&nbsp;Timebase_DownCounter_Update
<LI><a href="#[74]">&gt;&gt;</a>&nbsp;&nbsp;&nbsp;Timebase_DownCounter_Reset
</UL>

<P><STRONG><a name="[8e]"></a>Timebase_DownCounter_Update</STRONG> (Thumb, 156 bytes, Stack size 32 bytes, timebase.o(.text.Timebase_DownCounter_Update))
<BR><BR>[Stack]<UL><LI>Max Depth = 56<LI>Call Chain = Timebase_DownCounter_Update &rArr; Timebase_DownCounter_Reset &rArr; Timebase_DownCounter_Set_ReloadValue
</UL>
<BR>[Calls]<UL><LI><a href="#[74]">&gt;&gt;</a>&nbsp;&nbsp;&nbsp;Timebase_DownCounter_Reset
<LI><a href="#[79]">&gt;&gt;</a>&nbsp;&nbsp;&nbsp;Timebase_DownCounter_Set_ReloadValue
<LI><a href="#[92]">&gt;&gt;</a>&nbsp;&nbsp;&nbsp;Timebase_DownCounter_Get_ReloadValue
<LI><a href="#[75]">&gt;&gt;</a>&nbsp;&nbsp;&nbsp;Timebase_DownCounter_Set_EndValue
<LI><a href="#[90]">&gt;&gt;</a>&nbsp;&nbsp;&nbsp;Timebase_DownCounter_Get_EndValue
<LI><a href="#[76]">&gt;&gt;</a>&nbsp;&nbsp;&nbsp;Timebase_DownCounter_Set_Value
<LI><a href="#[91]">&gt;&gt;</a>&nbsp;&nbsp;&nbsp;Timebase_DownCounter_Get_Value
<LI><a href="#[77]">&gt;&gt;</a>&nbsp;&nbsp;&nbsp;Timebase_DownCounter_Set_Status
<LI><a href="#[8f]">&gt;&gt;</a>&nbsp;&nbsp;&nbsp;Timebase_DownCounter_Get_Status
<LI><a href="#[87]">&gt;&gt;</a>&nbsp;&nbsp;&nbsp;Timebase_Timer_Get_Seconds
</UL>
<BR>[Called By]<UL><LI><a href="#[93]">&gt;&gt;</a>&nbsp;&nbsp;&nbsp;Timebase_DownCounter_Update_All
</UL>

<P><STRONG><a name="[93]"></a>Timebase_DownCounter_Update_All</STRONG> (Thumb, 48 bytes, Stack size 16 bytes, timebase.o(.text.Timebase_DownCounter_Update_All))
<BR><BR>[Stack]<UL><LI>Max Depth = 72<LI>Call Chain = Timebase_DownCounter_Update_All &rArr; Timebase_DownCounter_Update &rArr; Timebase_DownCounter_Reset &rArr; Timebase_DownCounter_Set_ReloadValue
</UL>
<BR>[Calls]<UL><LI><a href="#[8e]">&gt;&gt;</a>&nbsp;&nbsp;&nbsp;Timebase_DownCounter_Update
</UL>
<BR>[Called By]<UL><LI><a href="#[5b]">&gt;&gt;</a>&nbsp;&nbsp;&nbsp;Timebase_Main_Loop_Executables
</UL>

<P><STRONG><a name="[71]"></a>Timebase_ISR_Executables</STRONG> (Thumb, 92 bytes, Stack size 0 bytes, timebase.o(.text.Timebase_ISR_Executables))
<BR><BR>[Called By]<UL><LI><a href="#[20]">&gt;&gt;</a>&nbsp;&nbsp;&nbsp;TIM1_TRG_COM_TIM11_IRQHandler
</UL>

<P><STRONG><a name="[5f]"></a>Timebase_Init</STRONG> (Thumb, 28 bytes, Stack size 16 bytes, timebase.o(.text.Timebase_Init))
<BR><BR>[Stack]<UL><LI>Max Depth = 108<LI>Call Chain = Timebase_Init &rArr; Timebase_Timer_Enable &rArr; RCC_Get_APB2_Clock &rArr; RCC_Get_HCLK &rArr; RCC_Get_SYS_CLK
</UL>
<BR>[Calls]<UL><LI><a href="#[96]">&gt;&gt;</a>&nbsp;&nbsp;&nbsp;Timebase_Reset
<LI><a href="#[95]">&gt;&gt;</a>&nbsp;&nbsp;&nbsp;Timebase_Timer_Enable
<LI><a href="#[94]">&gt;&gt;</a>&nbsp;&nbsp;&nbsp;Timebase_Struct_Init
</UL>
<BR>[Called By]<UL><LI><a href="#[5c]">&gt;&gt;</a>&nbsp;&nbsp;&nbsp;App_Setup
</UL>

<P><STRONG><a name="[5b]"></a>Timebase_Main_Loop_Executables</STRONG> (Thumb, 128 bytes, Stack size 8 bytes, timebase.o(.text.Timebase_Main_Loop_Executables))
<BR><BR>[Stack]<UL><LI>Max Depth = 88<LI>Call Chain = Timebase_Main_Loop_Executables &rArr; Timebase_DownCounter_SS_Update_All &rArr; Timebase_DownCounter_SS_Update &rArr; Timebase_DownCounter_SS_Reset &rArr; Timebase_DownCounter_SS_Set_ReloadValue
</UL>
<BR>[Calls]<UL><LI><a href="#[93]">&gt;&gt;</a>&nbsp;&nbsp;&nbsp;Timebase_DownCounter_Update_All
<LI><a href="#[8d]">&gt;&gt;</a>&nbsp;&nbsp;&nbsp;Timebase_DownCounter_SS_Update_All
<LI><a href="#[97]">&gt;&gt;</a>&nbsp;&nbsp;&nbsp;Timebase_Timer_Sync_With_Shadow_Variables
</UL>
<BR>[Called By]<UL><LI><a href="#[57]">&gt;&gt;</a>&nbsp;&nbsp;&nbsp;App_Main_Loop
</UL>

<P><STRONG><a name="[96]"></a>Timebase_Reset</STRONG> (Thumb, 12 bytes, Stack size 8 bytes, timebase.o(.text.Timebase_Reset))
<BR><BR>[Stack]<UL><LI>Max Depth = 48<LI>Call Chain = Timebase_Reset &rArr; Timebase_DownCounter_Reset_All &rArr; Timebase_DownCounter_Reset &rArr; Timebase_DownCounter_Set_ReloadValue
</UL>
<BR>[Calls]<UL><LI><a href="#[7a]">&gt;&gt;</a>&nbsp;&nbsp;&nbsp;Timebase_DownCounter_Reset_All
<LI><a href="#[85]">&gt;&gt;</a>&nbsp;&nbsp;&nbsp;Timebase_DownCounter_SS_Reset_All
</UL>
<BR>[Called By]<UL><LI><a href="#[5f]">&gt;&gt;</a>&nbsp;&nbsp;&nbsp;Timebase_Init
</UL>

<P><STRONG><a name="[94]"></a>Timebase_Struct_Init</STRONG> (Thumb, 360 bytes, Stack size 12 bytes, timebase.o(.text.Timebase_Struct_Init))
<BR><BR>[Stack]<UL><LI>Max Depth = 12<LI>Call Chain = Timebase_Struct_Init
</UL>
<BR>[Called By]<UL><LI><a href="#[5f]">&gt;&gt;</a>&nbsp;&nbsp;&nbsp;Timebase_Init
</UL>

<P><STRONG><a name="[95]"></a>Timebase_Timer_Enable</STRONG> (Thumb, 164 bytes, Stack size 24 bytes, timebase.o(.text.Timebase_Timer_Enable))
<BR><BR>[Stack]<UL><LI>Max Depth = 92<LI>Call Chain = Timebase_Timer_Enable &rArr; RCC_Get_APB2_Clock &rArr; RCC_Get_HCLK &rArr; RCC_Get_SYS_CLK
</UL>
<BR>[Calls]<UL><LI><a href="#[99]">&gt;&gt;</a>&nbsp;&nbsp;&nbsp;__NVIC_EnableIRQ
<LI><a href="#[98]">&gt;&gt;</a>&nbsp;&nbsp;&nbsp;__NVIC_SetPriority
<LI><a href="#[6b]">&gt;&gt;</a>&nbsp;&nbsp;&nbsp;RCC_Get_APB2_Clock
</UL>
<BR>[Called By]<UL><LI><a href="#[5f]">&gt;&gt;</a>&nbsp;&nbsp;&nbsp;Timebase_Init
</UL>

<P><STRONG><a name="[87]"></a>Timebase_Timer_Get_Seconds</STRONG> (Thumb, 14 bytes, Stack size 0 bytes, timebase.o(.text.Timebase_Timer_Get_Seconds))
<BR><BR>[Called By]<UL><LI><a href="#[8e]">&gt;&gt;</a>&nbsp;&nbsp;&nbsp;Timebase_DownCounter_Update
<LI><a href="#[89]">&gt;&gt;</a>&nbsp;&nbsp;&nbsp;Timebase_DownCounter_SS_Update
<LI><a href="#[63]">&gt;&gt;</a>&nbsp;&nbsp;&nbsp;Timebase_DownCounter_SS_Set_Securely
</UL>

<P><STRONG><a name="[86]"></a>Timebase_Timer_Get_SubSeconds</STRONG> (Thumb, 14 bytes, Stack size 0 bytes, timebase.o(.text.Timebase_Timer_Get_SubSeconds))
<BR><BR>[Called By]<UL><LI><a href="#[89]">&gt;&gt;</a>&nbsp;&nbsp;&nbsp;Timebase_DownCounter_SS_Update
<LI><a href="#[63]">&gt;&gt;</a>&nbsp;&nbsp;&nbsp;Timebase_DownCounter_SS_Set_Securely
</UL>

<P><STRONG><a name="[97]"></a>Timebase_Timer_Sync_With_Shadow_Variables</STRONG> (Thumb, 72 bytes, Stack size 16 bytes, timebase.o(.text.Timebase_Timer_Sync_With_Shadow_Variables))
<BR><BR>[Stack]<UL><LI>Max Depth = 16<LI>Call Chain = Timebase_Timer_Sync_With_Shadow_Variables
</UL>
<BR>[Calls]<UL><LI><a href="#[9b]">&gt;&gt;</a>&nbsp;&nbsp;&nbsp;Timebase_Atomic_Operation_End
<LI><a href="#[9a]">&gt;&gt;</a>&nbsp;&nbsp;&nbsp;Timebase_Atomic_Operation_Start
</UL>
<BR>[Called By]<UL><LI><a href="#[5b]">&gt;&gt;</a>&nbsp;&nbsp;&nbsp;Timebase_Main_Loop_Executables
</UL>

<P><STRONG><a name="[2c]"></a>USART2_IRQHandler</STRONG> (Thumb, 112 bytes, Stack size 8 bytes, debug.o(.text.USART2_IRQHandler))
<BR><BR>[Stack]<UL><LI>Max Depth = 12<LI>Call Chain = USART2_IRQHandler &rArr; Debug_Rx_Byte
</UL>
<BR>[Calls]<UL><LI><a href="#[9c]">&gt;&gt;</a>&nbsp;&nbsp;&nbsp;Debug_Rx_Byte
<LI><a href="#[9d]">&gt;&gt;</a>&nbsp;&nbsp;&nbsp;Debug_Counter_Reset
<LI><a href="#[9e]">&gt;&gt;</a>&nbsp;&nbsp;&nbsp;Debug_Timer_Enable
</UL>
<BR>[Address Reference Count : 1]<UL><LI> startup_stm32f401xc.o(RESET)
</UL>
<P><STRONG><a name="[4e]"></a>main</STRONG> (Thumb, 20 bytes, Stack size 16 bytes, main.o(.text.main))
<BR><BR>[Stack]<UL><LI>Max Depth = 164<LI>Call Chain = main &rArr; App_Setup &rArr; Debug_Init &rArr; Debug_Reg_Init &rArr; RCC_Get_APB1_Clock &rArr; RCC_Get_HCLK &rArr; RCC_Get_SYS_CLK
</UL>
<BR>[Calls]<UL><LI><a href="#[57]">&gt;&gt;</a>&nbsp;&nbsp;&nbsp;App_Main_Loop
<LI><a href="#[5c]">&gt;&gt;</a>&nbsp;&nbsp;&nbsp;App_Setup
</UL>
<BR>[Called By]<UL><LI><a href="#[4d]">&gt;&gt;</a>&nbsp;&nbsp;&nbsp;__rt_entry_main
</UL>

<P><STRONG><a name="[48]"></a>_fp_init</STRONG> (Thumb, 26 bytes, Stack size 0 bytes, fpinit.o(x$fpl$fpinit))
<BR><BR>[Called By]<UL><LI><a href="#[47]">&gt;&gt;</a>&nbsp;&nbsp;&nbsp;__rt_lib_init_fp_1
</UL>

<P><STRONG><a name="[cb]"></a>__fplib_config_fpu_vfp</STRONG> (Thumb, 0 bytes, Stack size unknown bytes, fpinit.o(x$fpl$fpinit), UNUSED)

<P><STRONG><a name="[cc]"></a>__fplib_config_pureend_doubles</STRONG> (Thumb, 0 bytes, Stack size unknown bytes, fpinit.o(x$fpl$fpinit), UNUSED)
<P>
<H3>
Local Symbols
</H3>
<P><STRONG><a name="[69]"></a>__NVIC_EnableIRQ</STRONG> (Thumb, 48 bytes, Stack size 4 bytes, debug.o(.text.__NVIC_EnableIRQ))
<BR><BR>[Stack]<UL><LI>Max Depth = 4<LI>Call Chain = __NVIC_EnableIRQ
</UL>
<BR>[Called By]<UL><LI><a href="#[67]">&gt;&gt;</a>&nbsp;&nbsp;&nbsp;Debug_Timer_Init
<LI><a href="#[66]">&gt;&gt;</a>&nbsp;&nbsp;&nbsp;Debug_Reg_Init
</UL>

<P><STRONG><a name="[6a]"></a>__NVIC_SetPriority</STRONG> (Thumb, 66 bytes, Stack size 8 bytes, debug.o(.text.__NVIC_SetPriority))
<BR><BR>[Stack]<UL><LI>Max Depth = 8<LI>Call Chain = __NVIC_SetPriority
</UL>
<BR>[Called By]<UL><LI><a href="#[67]">&gt;&gt;</a>&nbsp;&nbsp;&nbsp;Debug_Timer_Init
<LI><a href="#[66]">&gt;&gt;</a>&nbsp;&nbsp;&nbsp;Debug_Reg_Init
</UL>

<P><STRONG><a name="[98]"></a>__NVIC_SetPriority</STRONG> (Thumb, 66 bytes, Stack size 8 bytes, timebase.o(.text.__NVIC_SetPriority))
<BR><BR>[Stack]<UL><LI>Max Depth = 8<LI>Call Chain = __NVIC_SetPriority
</UL>
<BR>[Called By]<UL><LI><a href="#[95]">&gt;&gt;</a>&nbsp;&nbsp;&nbsp;Timebase_Timer_Enable
</UL>

<P><STRONG><a name="[99]"></a>__NVIC_EnableIRQ</STRONG> (Thumb, 48 bytes, Stack size 4 bytes, timebase.o(.text.__NVIC_EnableIRQ))
<BR><BR>[Stack]<UL><LI>Max Depth = 4<LI>Call Chain = __NVIC_EnableIRQ
</UL>
<BR>[Called By]<UL><LI><a href="#[95]">&gt;&gt;</a>&nbsp;&nbsp;&nbsp;Timebase_Timer_Enable
</UL>
<P>
<H3>
Undefined Global Symbols
</H3><HR></body></html>
