Component: Arm Compiler for Embedded 6.23 Tool: armlink [5f102400]

==============================================================================

Section Cross References

    main.o(.text.main) refers to app.o(.text.App_Setup) for App_Setup
    main.o(.text.main) refers to app.o(.text.App_Main_Loop) for App_Main_Loop
    main.o(.ARM.exidx.text.main) refers to main.o(.text.main) for [Anonymous Symbol]
    gpio.o(.ARM.exidx.text.GPIO_EnableClock) refers to gpio.o(.text.GPIO_EnableClock) for [Anonymous Symbol]
    gpio.o(.ARM.exidx.text.GPIO_Init) refers to gpio.o(.text.GPIO_Init) for [Anonymous Symbol]
    gpio.o(.ARM.exidx.text.GPIO_SetPin) refers to gpio.o(.text.GPIO_SetPin) for [Anonymous Symbol]
    gpio.o(.ARM.exidx.text.GPIO_ResetPin) refers to gpio.o(.text.GPIO_ResetPin) for [Anonymous Symbol]
    gpio.o(.ARM.exidx.text.GPIO_TogglePin) refers to gpio.o(.text.GPIO_TogglePin) for [Anonymous Symbol]
    gpio.o(.ARM.exidx.text.GPIO_ReadPin) refers to gpio.o(.text.GPIO_ReadPin) for [Anonymous Symbol]
    rcc.o(.ARM.exidx.text.RCC_HSE_Clock_Config) refers to rcc.o(.text.RCC_HSE_Clock_Config) for [Anonymous Symbol]
    rcc.o(.ARM.exidx.text.RCC_LSE_Clock_Config) refers to rcc.o(.text.RCC_LSE_Clock_Config) for [Anonymous Symbol]
    rcc.o(.ARM.exidx.text.RCC_Get_SYS_CLK) refers to rcc.o(.text.RCC_Get_SYS_CLK) for [Anonymous Symbol]
    rcc.o(.text.RCC_Get_HCLK) refers to rcc.o(.text.RCC_Get_SYS_CLK) for RCC_Get_SYS_CLK
    rcc.o(.text.RCC_Get_HCLK) refers to rcc.o(.rodata.RCC_Get_HCLK.ahb_presc_table) for RCC_Get_HCLK.ahb_presc_table
    rcc.o(.ARM.exidx.text.RCC_Get_HCLK) refers to rcc.o(.text.RCC_Get_HCLK) for [Anonymous Symbol]
    rcc.o(.text.RCC_Get_APB1_Clock) refers to rcc.o(.text.RCC_Get_HCLK) for RCC_Get_HCLK
    rcc.o(.text.RCC_Get_APB1_Clock) refers to rcc.o(.rodata.RCC_Get_APB1_Clock.apb_presc_table) for RCC_Get_APB1_Clock.apb_presc_table
    rcc.o(.ARM.exidx.text.RCC_Get_APB1_Clock) refers to rcc.o(.text.RCC_Get_APB1_Clock) for [Anonymous Symbol]
    rcc.o(.text.RCC_Get_APB2_Clock) refers to rcc.o(.text.RCC_Get_HCLK) for RCC_Get_HCLK
    rcc.o(.text.RCC_Get_APB2_Clock) refers to rcc.o(.rodata.RCC_Get_APB2_Clock.apb_presc_table) for RCC_Get_APB2_Clock.apb_presc_table
    rcc.o(.ARM.exidx.text.RCC_Get_APB2_Clock) refers to rcc.o(.text.RCC_Get_APB2_Clock) for [Anonymous Symbol]
    debug.o(.text.Debug_Struct_Init) refers to debug.o(.bss.Debug) for Debug
    debug.o(.ARM.exidx.text.Debug_Struct_Init) refers to debug.o(.text.Debug_Struct_Init) for [Anonymous Symbol]
    debug.o(.ARM.exidx.text.Debug_GPIO_Init) refers to debug.o(.text.Debug_GPIO_Init) for [Anonymous Symbol]
    debug.o(.text.Debug_Reg_Init) refers to rcc.o(.text.RCC_Get_APB1_Clock) for RCC_Get_APB1_Clock
    debug.o(.text.Debug_Reg_Init) refers to debug.o(.text.__NVIC_EnableIRQ) for __NVIC_EnableIRQ
    debug.o(.text.Debug_Reg_Init) refers to debug.o(.text.__NVIC_SetPriority) for __NVIC_SetPriority
    debug.o(.ARM.exidx.text.Debug_Reg_Init) refers to debug.o(.text.Debug_Reg_Init) for [Anonymous Symbol]
    debug.o(.ARM.exidx.text.__NVIC_EnableIRQ) refers to debug.o(.text.__NVIC_EnableIRQ) for [Anonymous Symbol]
    debug.o(.ARM.exidx.text.__NVIC_SetPriority) refers to debug.o(.text.__NVIC_SetPriority) for [Anonymous Symbol]
    debug.o(.text.Debug_Timer_Init) refers to rcc.o(.text.RCC_Get_APB2_Clock) for RCC_Get_APB2_Clock
    debug.o(.text.Debug_Timer_Init) refers to debug.o(.text.__NVIC_EnableIRQ) for __NVIC_EnableIRQ
    debug.o(.text.Debug_Timer_Init) refers to debug.o(.text.__NVIC_SetPriority) for __NVIC_SetPriority
    debug.o(.ARM.exidx.text.Debug_Timer_Init) refers to debug.o(.text.Debug_Timer_Init) for [Anonymous Symbol]
    debug.o(.text.Debug_Timer_Enable) refers to debug.o(.bss.Debug) for Debug
    debug.o(.ARM.exidx.text.Debug_Timer_Enable) refers to debug.o(.text.Debug_Timer_Enable) for [Anonymous Symbol]
    debug.o(.text.Debug_Timer_Disable) refers to debug.o(.bss.Debug) for Debug
    debug.o(.ARM.exidx.text.Debug_Timer_Disable) refers to debug.o(.text.Debug_Timer_Disable) for [Anonymous Symbol]
    debug.o(.text.Debug_Get_Timer_Status) refers to debug.o(.bss.Debug) for Debug
    debug.o(.ARM.exidx.text.Debug_Get_Timer_Status) refers to debug.o(.text.Debug_Get_Timer_Status) for [Anonymous Symbol]
    debug.o(.ARM.exidx.text.Debug_Get_Counter_Val) refers to debug.o(.text.Debug_Get_Counter_Val) for [Anonymous Symbol]
    debug.o(.ARM.exidx.text.Debug_Counter_Reset) refers to debug.o(.text.Debug_Counter_Reset) for [Anonymous Symbol]
    debug.o(.text.TIM1_UP_TIM10_IRQHandler) refers to debug.o(.bss.Debug) for Debug
    debug.o(.text.TIM1_UP_TIM10_IRQHandler) refers to debug.o(.text.Debug_Timer_Disable) for Debug_Timer_Disable
    debug.o(.text.TIM1_UP_TIM10_IRQHandler) refers to debug.o(.text.Debug_Get_Buf_Index) for Debug_Get_Buf_Index
    debug.o(.ARM.exidx.text.TIM1_UP_TIM10_IRQHandler) refers to debug.o(.text.TIM1_UP_TIM10_IRQHandler) for [Anonymous Symbol]
[...]
    Removing debug.o(.text.Debug_Tx_Number_Hex), (196 bytes).
    Removing debug.o(.ARM.exidx.text.Debug_Tx_Number_Hex), (8 bytes).
    Removing debug.o(.text.Debug_Tx_Number_Bin), (124 bytes).
    Removing debug.o(.ARM.exidx.text.Debug_Tx_Number_Bin), (8 bytes).
    Removing debug.o(.text.Debug_Tx_Number_NL), (20 bytes).
    Removing debug.o(.ARM.exidx.text.Debug_Tx_Number_NL), (8 bytes).
    Removing debug.o(.text.Debug_Tx_Number_SP), (20 bytes).
    Removing debug.o(.ARM.exidx.text.Debug_Tx_Number_SP), (8 bytes).
    Removing debug.o(.text.Debug_Tx_Number_CM), (20 bytes).
    Removing debug.o(.ARM.exidx.text.Debug_Tx_Number_CM), (8 bytes).
    Removing debug.o(.text.Debug_Tx_Number_Hex_NL), (20 bytes).
    Removing debug.o(.ARM.exidx.text.Debug_Tx_Number_Hex_NL), (8 bytes).
    Removing debug.o(.text.Debug_Tx_Number_Hex_SP), (20 bytes).
    Removing debug.o(.ARM.exidx.text.Debug_Tx_Number_Hex_SP), (8 bytes).
    Removing debug.o(.text.Debug_Tx_Number_Hex_CM), (20 bytes).
    Removing debug.o(.ARM.exidx.text.Debug_Tx_Number_Hex_CM), (8 bytes).
    Removing debug.o(.text.Debug_Tx_Number_Bin_NL), (20 bytes).
    Removing debug.o(.ARM.exidx.text.Debug_Tx_Number_Bin_NL), (8 bytes).
    Removing debug.o(.text.Debug_Tx_Number_Bin_SP), (20 bytes).
    Removing debug.o(.ARM.exidx.text.Debug_Tx_Number_Bin_SP), (8 bytes).
    Removing debug.o(.text.Debug_Tx_Number_Bin_CM), (20 bytes).
    Removing debug.o(.ARM.exidx.text.Debug_Tx_Number_Bin_CM), (8 bytes).
    Removing debug.o(.text.Debug_Tx_Parameter_NL), (28 bytes).
    Removing debug.o(.ARM.exidx.text.Debug_Tx_Parameter_NL), (8 bytes).
    Removing debug.o(.text.Debug_Tx_Parameter_SP), (28 bytes).
    Removing debug.o(.ARM.exidx.text.Debug_Tx_Parameter_SP), (8 bytes).
    Removing debug.o(.text.Debug_Tx_Parameter_CM), (28 bytes).
    Removing debug.o(.ARM.exidx.text.Debug_Tx_Parameter_CM), (8 bytes).
    Removing debug.o(.text.Debug_Tx_Parameter_Hex_NL), (28 bytes).
    Removing debug.o(.ARM.exidx.text.Debug_Tx_Parameter_Hex_NL), (8 bytes).
    Removing debug.o(.text.Debug_Tx_Parameter_Hex_SP), (28 bytes).
    Removing debug.o(.ARM.exidx.text.Debug_Tx_Parameter_Hex_SP), (8 bytes).
    Removing debug.o(.text.Debug_Tx_Parameter_Hex_CM), (28 bytes).
    Removing debug.o(.ARM.exidx.text.Debug_Tx_Parameter_Hex_CM), (8 bytes).
    Removing debug.o(.text.Debug_Tx_Parameter_Bin_NL), (28 bytes).
    Removing debug.o(.ARM.exidx.text.Debug_Tx_Parameter_Bin_NL), (8 bytes).
    Removing debug.o(.text.Debug_Tx_Parameter_Bin_SP), (28 bytes).
    Removing debug.o(.ARM.exidx.text.Debug_Tx_Parameter_Bin_SP), (8 bytes).
    Removing debug.o(.text.Debug_Tx_Parameter_Bin_CM), (28 bytes).
    Removing debug.o(.ARM.exidx.text.Debug_Tx_Parameter_Bin_CM), (8 bytes).
    Removing debug.o(.text.Debug_Flush_Buf), (70 bytes).
    Removing debug.o(.ARM.exidx.text.Debug_Flush_Buf), (8 bytes).
    Removing debug.o(.text.Debug_Get_Buf), (26 bytes).
    Removing debug.o(.ARM.exidx.text.Debug_Get_Buf), (8 bytes).
    Removing debug.o(.text.Debug_Get_Data_Available_Flag), (14 bytes).
    Removing debug.o(.ARM.exidx.text.Debug_Get_Data_Available_Flag), (8 bytes).
    Removing debug.o(.text.Debug_Data_Available), (14 bytes).
    Removing debug.o(.ARM.exidx.text.Debug_Data_Available), (8 bytes).
    Removing debug.o(.text.Debug_Clear_Data_Available_Flag), (16 bytes).
    Removing debug.o(.ARM.exidx.text.Debug_Clear_Data_Available_Flag), (8 bytes).
    Removing debug.o(.text.Debug_Get_Data_Len), (8 bytes).
    Removing debug.o(.ARM.exidx.text.Debug_Get_Data_Len), (8 bytes).
    Removing debug.o(.text.Debug_Data_Copy_Buf), (68 bytes).
    Removing debug.o(.ARM.exidx.text.Debug_Data_Copy_Buf), (8 bytes).
    Removing debug.o(.text.Debug_Print_Buf_Data), (76 bytes).
    Removing debug.o(.ARM.exidx.text.Debug_Print_Buf_Data), (8 bytes).
    Removing debug.o(.ARM.exidx.text.Debug_Init), (8 bytes).
    Removing timebase.o(.text), (0 bytes).
    Removing timebase.o(.ARM.exidx.text.Timebase_Struct_Init), (8 bytes).
    Removing timebase.o(.ARM.exidx.text.Timebase_Timer_Enable), (8 bytes).
    Removing timebase.o(.ARM.exidx.text.__NVIC_SetPriority), (8 bytes).
    Removing timebase.o(.ARM.exidx.text.__NVIC_EnableIRQ), (8 bytes).
    Removing timebase.o(.text.Timebase_Timer_Disable), (2 bytes).
    Removing timebase.o(.ARM.exidx.text.Timebase_Timer_Disable), (8 bytes).
    Removing timebase.o(.ARM.exidx.text.Timebase_Atomic_Operation_Start), (8 bytes).
    Removing timebase.o(.ARM.exidx.text.Timebase_Atomic_Operation_End), (8 bytes).
    Removing timebase.o(.ARM.exidx.text.TIM1_TRG_COM_TIM11_IRQHandler), (8 bytes).
    Removing timebase.o(.ARM.exidx.text.Timebase_ISR_Executables), (8 bytes).
    Removing timebase.o(.text.Timebase_Timer_Get_SubSecondsShadow), (14 bytes).
    Removing timebase.o(.ARM.exidx.text.Timebase_Timer_Get_SubSecondsShadow), (8 bytes).
    Removing timebase.o(.text.Timebase_Timer_Get_SecondsUpTime), (14 bytes).
    Removing timebase.o(.ARM.exidx.text.Timebase_Timer_Get_SecondsUpTime), (8 bytes).
    Removing timebase.o(.text.Timebase_Timer_Get_SecondsShadow), (14 bytes).
    Removing timebase.o(.ARM.exidx.text.Timebase_Timer_Get_SecondsShadow), (8 bytes).
    Removing timebase.o(.ARM.exidx.text.Timebase_Timer_Get_SubSeconds), (8 bytes).
    Removing timebase.o(.ARM.exidx.text.Timebase_Timer_Get_Seconds), (8 bytes).
    Removing timebase.o(.text.Timebase_Timer_Set_SubSeconds), (26 bytes).
    Removing timebase.o(.ARM.exidx.text.Timebase_Timer_Set_SubSeconds), (8 bytes).
    Removing timebase.o(.text.Timebase_Timer_Set_SubSecondsShadow), (36 bytes).
    Removing timebase.o(.ARM.exidx.text.Timebase_Timer_Set_SubSecondsShadow), (8 bytes).
    Removing timebase.o(.text.Timebase_Timer_Set_SubSecondsUpTime), (32 bytes).
    Removing timebase.o(.ARM.exidx.text.Timebase_Timer_Set_SubSecondsUpTime), (8 bytes).
    Removing timebase.o(.text.Timebase_Timer_Set_Seconds), (22 bytes).
    Removing timebase.o(.ARM.exidx.text.Timebase_Timer_Set_Seconds), (8 bytes).
    Removing timebase.o(.text.Timebase_Timer_Get_SubSecondsShadow_Securely), (54 bytes).
    Removing timebase.o(.ARM.exidx.text.Timebase_Timer_Get_SubSecondsShadow_Securely), (8 bytes).
    Removing timebase.o(.text.Timebase_Timer_Get_SubSecondsUpTime_Securely), (44 bytes).
    Removing timebase.o(.ARM.exidx.text.Timebase_Timer_Get_SubSecondsUpTime_Securely), (8 bytes).
    Removing timebase.o(.text.Timebase_Timer_Get_SecondsShadow_Securely), (44 bytes).
    Removing timebase.o(.ARM.exidx.text.Timebase_Timer_Get_SecondsShadow_Securely), (8 bytes).
    Removing timebase.o(.ARM.exidx.text.Timebase_Timer_Sync_With_Shadow_Variables), (8 bytes).
    Removing timebase.o(.text.Timebase_Timer_Delay_SubSeconds), (150 bytes).
    Removing timebase.o(.ARM.exidx.text.Timebase_Timer_Delay_SubSeconds), (8 bytes).
    Removing timebase.o(.text.Timebase_Timer_Await_SubSeconds), (156 bytes).
    Removing timebase.o(.ARM.exidx.text.Timebase_Timer_Await_SubSeconds), (8 bytes).
    Removing timebase.o(.text.Timebase_Timer_Delay_Seconds), (70 bytes).
    Removing timebase.o(.ARM.exidx.text.Timebase_Timer_Delay_Seconds), (8 bytes).
    Removing timebase.o(.text.Timebase_Window_Timer_Reset), (26 bytes).
    Removing timebase.o(.ARM.exidx.text.Timebase_Window_Timer_Reset), (8 bytes).
    Removing timebase.o(.text.Timebase_Window_Timer_Start), (74 bytes).
    Removing timebase.o(.ARM.exidx.text.Timebase_Window_Timer_Start), (8 bytes).
    Removing timebase.o(.text.Timebase_Window_Timer_Get_Interval), (114 bytes).
    Removing timebase.o(.ARM.exidx.text.Timebase_Window_Timer_Get_Interval), (8 bytes).
    Removing timebase.o(.text.Timebase_Window_Timer_Get_Interval_Reset), (42 bytes).
    Removing timebase.o(.ARM.exidx.text.Timebase_Window_Timer_Get_Interval_Reset), (8 bytes).
    Removing timebase.o(.ARM.exidx.text.Timebase_DownCounter_SS_Get_Status), (8 bytes).
    Removing timebase.o(.ARM.exidx.text.Timebase_DownCounter_SS_Set_Status), (8 bytes).
    Removing timebase.o(.ARM.exidx.text.Timebase_DownCounter_SS_Get_Value), (8 bytes).
    Removing timebase.o(.ARM.exidx.text.Timebase_DownCounter_SS_Set_Value), (8 bytes).
    Removing timebase.o(.ARM.exidx.text.Timebase_DownCounter_SS_Get_EndValueSec), (8 bytes).
    Removing timebase.o(.ARM.exidx.text.Timebase_DownCounter_SS_Get_EndValueSubSec), (8 bytes).
    Removing timebase.o(.ARM.exidx.text.Timebase_DownCounter_SS_Set_EndValueSec), (8 bytes).
    Removing timebase.o(.ARM.exidx.text.Timebase_DownCounter_SS_Set_EndValueSubSec), (8 bytes).
    Removing timebase.o(.text.Timebase_DownCounter_SS_Get_PeriodValue), (34 bytes).
    Removing timebase.o(.ARM.exidx.text.Timebase_DownCounter_SS_Get_PeriodValue), (8 bytes).
    Removing timebase.o(.text.Timebase_DownCounter_SS_Set_PeriodValue), (78 bytes).
    Removing timebase.o(.ARM.exidx.text.Timebase_DownCounter_SS_Set_PeriodValue), (8 bytes).
    Removing timebase.o(.text.Timebase_DownCounter_SS_Get_Period_Flag), (40 bytes).
    Removing timebase.o(.ARM.exidx.text.Timebase_DownCounter_SS_Get_Period_Flag), (8 bytes).
    Removing timebase.o(.text.Timebase_DownCounter_SS_Set_Period_Flag), (44 bytes).
    Removing timebase.o(.ARM.exidx.text.Timebase_DownCounter_SS_Set_Period_Flag), (8 bytes).
    Removing timebase.o(.ARM.exidx.text.Timebase_DownCounter_SS_Clear_Period_Flag), (8 bytes).
    Removing timebase.o(.ARM.exidx.text.Timebase_DownCounter_SS_Get_ReloadValue), (8 bytes).
    Removing timebase.o(.ARM.exidx.text.Timebase_DownCounter_SS_Set_ReloadValue), (8 bytes).
    Removing timebase.o(.ARM.exidx.text.Timebase_DownCounter_SS_Reset), (8 bytes).
    Removing timebase.o(.ARM.exidx.text.Timebase_DownCounter_SS_Clear_All_Flags), (8 bytes).
    Removing timebase.o(.ARM.exidx.text.Timebase_DownCounter_SS_Start), (8 bytes).
    Removing timebase.o(.text.Timebase_DownCounter_SS_Stop), (38 bytes).
    Removing timebase.o(.ARM.exidx.text.Timebase_DownCounter_SS_Stop), (8 bytes).
    Removing timebase.o(.ARM.exidx.text.Timebase_DownCounter_SS_Set_Securely), (8 bytes).
    Removing timebase.o(.text.Timebase_DownCounter_SS_Set_Forcefully), (42 bytes).
    Removing timebase.o(.ARM.exidx.text.Timebase_DownCounter_SS_Set_Forcefully), (8 bytes).
    Removing timebase.o(.ARM.exidx.text.Timebase_DownCounter_SS_Update), (8 bytes).
    Removing timebase.o(.text.Timebase_DownCounter_SS_Expired), (46 bytes).
    Removing timebase.o(.ARM.exidx.text.Timebase_DownCounter_SS_Expired), (8 bytes).
    Removing timebase.o(.text.Timebase_DownCounter_SS_Expired_Event), (54 bytes).
    Removing timebase.o(.ARM.exidx.text.Timebase_DownCounter_SS_Expired_Event), (8 bytes).
    Removing timebase.o(.text.Timebase_DownCounter_SS_Oneshot_Expired_Event), (20 bytes).
    Removing timebase.o(.ARM.exidx.text.Timebase_DownCounter_SS_Oneshot_Expired_Event), (8 bytes).
    Removing timebase.o(.ARM.exidx.text.Timebase_DownCounter_SS_Continuous_Expired_Event), (8 bytes).
    Removing timebase.o(.text.Timebase_DownCounter_SS_Set_Period_Value_Securely), (58 bytes).
    Removing timebase.o(.ARM.exidx.text.Timebase_DownCounter_SS_Set_Period_Value_Securely), (8 bytes).
    Removing timebase.o(.text.Timebase_DownCounter_SS_Get_Remaining_Period_Value), (56 bytes).
    Removing timebase.o(.ARM.exidx.text.Timebase_DownCounter_SS_Get_Remaining_Period_Value), (8 bytes).
    Removing timebase.o(.text.Timebase_DownCounter_SS_Period_Value_Expired), (58 bytes).
    Removing timebase.o(.ARM.exidx.text.Timebase_DownCounter_SS_Period_Value_Expired), (8 bytes).
    Removing timebase.o(.text.Timebase_DownCounter_SS_Period_Value_Expired_Event), (54 bytes).
    Removing timebase.o(.ARM.exidx.text.Timebase_DownCounter_SS_Period_Value_Expired_Event), (8 bytes).
    Removing timebase.o(.ARM.exidx.text.Timebase_DownCounter_SS_Update_All), (8 bytes).
    Removing timebase.o(.ARM.exidx.text.Timebase_DownCounter_SS_Reset_All), (8 bytes).
    Removing timebase.o(.ARM.exidx.text.Timebase_DownCounter_Get_Status), (8 bytes).
    Removing timebase.o(.ARM.exidx.text.Timebase_DownCounter_Set_Status), (8 bytes).
    Removing timebase.o(.ARM.exidx.text.Timebase_DownCounter_Get_Value), (8 bytes).
    Removing timebase.o(.ARM.exidx.text.Timebase_DownCounter_Set_Value), (8 bytes).
    Removing timebase.o(.ARM.exidx.text.Timebase_DownCounter_Get_EndValue), (8 bytes).
    Removing timebase.o(.ARM.exidx.text.Timebase_DownCounter_Set_EndValue), (8 bytes).
    Removing timebase.o(.text.Timebase_DownCounter_Get_PeriodValue), (36 bytes).
    Removing timebase.o(.ARM.exidx.text.Timebase_DownCounter_Get_PeriodValue), (8 bytes).
    Removing timebase.o(.text.Timebase_DownCounter_Set_PeriodValue), (82 bytes).
    Removing timebase.o(.ARM.exidx.text.Timebase_DownCounter_Set_PeriodValue), (8 bytes).
    Removing timebase.o(.text.Timebase_DownCounter_Get_Period_Flag), (40 bytes).
    Removing timebase.o(.ARM.exidx.text.Timebase_DownCounter_Get_Period_Flag), (8 bytes).
    Removing timebase.o(.text.Timebase_DownCounter_Set_Period_Flag), (44 bytes).
    Removing timebase.o(.ARM.exidx.text.Timebase_DownCounter_Set_Period_Flag), (8 bytes).
    Removing timebase.o(.ARM.exidx.text.Timebase_DownCounter_Clear_Period_Flag), (8 bytes).
    Removing timebase.o(.ARM.exidx.text.Timebase_DownCounter_Get_ReloadValue), (8 bytes).
    Removing timebase.o(.ARM.exidx.text.Timebase_DownCounter_Set_ReloadValue), (8 bytes).
    Removing timebase.o(.ARM.exidx.text.Timebase_DownCounter_Reset), (8 bytes).
    Removing timebase.o(.text.Timebase_DownCounter_Clear_All_Flags), (20 bytes).
    Removing timebase.o(.ARM.exidx.text.Timebase_DownCounter_Clear_All_Flags), (8 bytes).
    Removing timebase.o(.text.Timebase_DownCounter_Start), (38 bytes).
    Removing timebase.o(.ARM.exidx.text.Timebase_DownCounter_Start), (8 bytes).
    Removing timebase.o(.text.Timebase_DownCounter_Stop), (38 bytes).
    Removing timebase.o(.ARM.exidx.text.Timebase_DownCounter_Stop), (8 bytes).
    Removing timebase.o(.text.Timebase_DownCounter_Set_Securely), (78 bytes).
    Removing timebase.o(.ARM.exidx.text.Timebase_DownCounter_Set_Securely), (8 bytes).
    Removing timebase.o(.text.Timebase_DownCounter_Set_Forcefully), (42 bytes).
    Removing timebase.o(.ARM.exidx.text.Timebase_DownCounter_Set_Forcefully), (8 bytes).
    Removing timebase.o(.ARM.exidx.text.Timebase_DownCounter_Update), (8 bytes).
    Removing timebase.o(.text.Timebase_DownCounter_Expired), (46 bytes).
    Removing timebase.o(.ARM.exidx.text.Timebase_DownCounter_Expired), (8 bytes).
    Removing timebase.o(.text.Timebase_DownCounter_Expired_Event), (54 bytes).
    Removing timebase.o(.ARM.exidx.text.Timebase_DownCounter_Expired_Event), (8 bytes).
    Removing timebase.o(.text.Timebase_DownCounter_Set_Period_Value_Securely), (58 bytes).
    Removing timebase.o(.ARM.exidx.text.Timebase_DownCounter_Set_Period_Value_Securely), (8 bytes).
    Removing timebase.o(.text.Timebase_DownCounter_Get_Remaining_Period_Value), (56 bytes).
    Removing timebase.o(.ARM.exidx.text.Timebase_DownCounter_Get_Remaining_Period_Value), (8 bytes).
    Removing timebase.o(.text.Timebase_DownCounter_Period_Value_Expired), (58 bytes).
    Removing timebase.o(.ARM.exidx.text.Timebase_DownCounter_Period_Value_Expired), (8 bytes).
    Removing timebase.o(.text.Timebase_DownCounter_Period_Value_Expired_Event), (54 bytes).
    Removing timebase.o(.ARM.exidx.text.Timebase_DownCounter_Period_Value_Expired_Event), (8 bytes).
    Removing timebase.o(.text.Timebase_DownCounter_Oneshot_Expired_Event), (20 bytes).
    Removing timebase.o(.ARM.exidx.text.Timebase_DownCounter_Oneshot_Expired_Event), (8 bytes).
    Removing timebase.o(.text.Timebase_DownCounter_Continuous_Expired_Event), (74 bytes).
    Removing timebase.o(.ARM.exidx.text.Timebase_DownCounter_Continuous_Expired_Event), (8 bytes).
    Removing timebase.o(.ARM.exidx.text.Timebase_DownCounter_Update_All), (8 bytes).
    Removing timebase.o(.ARM.exidx.text.Timebase_DownCounter_Reset_All), (8 bytes).
    Removing timebase.o(.text.Timebase_Get_Update_Req_Sts), (16 bytes).
    Removing timebase.o(.ARM.exidx.text.Timebase_Get_Update_Req_Sts), (8 bytes).
    Removing timebase.o(.ARM.exidx.text.Timebase_Reset), (8 bytes).
    Removing timebase.o(.text.Timebase_LP_Reset), (2 bytes).
    Removing timebase.o(.ARM.exidx.text.Timebase_LP_Reset), (8 bytes).
    Removing timebase.o(.ARM.exidx.text.Timebase_Init), (8 bytes).
    Removing timebase.o(.ARM.exidx.text.Timebase_Main_Loop_Executables), (8 bytes).
    Removing timebase.o(.text.Timebase_LP_ISR_Executables), (2 bytes).
    Removing timebase.o(.ARM.exidx.text.Timebase_LP_ISR_Executables), (8 bytes).
    Removing app.o(.text), (0 bytes).
    Removing app.o(.ARM.exidx.text.OLED_Send_Command), (8 bytes).
    Removing app.o(.ARM.exidx.text.OLED_Init), (8 bytes).
    Removing app.o(.ARM.exidx.text.App_Setup), (8 bytes).
    Removing app.o(.ARM.exidx.text.App_Main_Loop), (8 bytes).
    Removing i2c1.o(.text), (0 bytes).
    Removing i2c1.o(.ARM.exidx.text.I2C1_GPIO_Init), (8 bytes).
    Removing i2c1.o(.ARM.exidx.text.I2C1_Reg_Init), (8 bytes).
    Removing i2c1.o(.ARM.exidx.text.I2C1_Start), (8 bytes).
    Removing i2c1.o(.ARM.exidx.text.I2C1_Recover_Bus), (8 bytes).
    Removing i2c1.o(.ARM.exidx.text.I2C1_SWRST_Reset), (8 bytes).
    Removing i2c1.o(.ARM.exidx.text.I2C1_Bus_Recovery_GPIO), (8 bytes).
    Removing i2c1.o(.ARM.exidx.text.I2C1_Send_Addr), (8 bytes).
    Removing i2c1.o(.ARM.exidx.text.I2C1_Stop), (8 bytes).
    Removing i2c1.o(.ARM.exidx.text.I2C1_Write_Data), (8 bytes).
    Removing i2c1.o(.text.I2C1_Write_Multi_Data), (172 bytes).
    Removing i2c1.o(.ARM.exidx.text.I2C1_Write_Multi_Data), (8 bytes).
    Removing i2c1.o(.text.I2C1_Read_Byte), (172 bytes).
    Removing i2c1.o(.ARM.exidx.text.I2C1_Read_Byte), (8 bytes).
    Removing i2c1.o(.text.I2C1_Read_Multi_Data), (186 bytes).
    Removing i2c1.o(.ARM.exidx.text.I2C1_Read_Multi_Data), (8 bytes).
    Removing i2c1.o(.text.I2C1_Is_Busy), (16 bytes).
    Removing i2c1.o(.ARM.exidx.text.I2C1_Is_Busy), (8 bytes).
    Removing i2c1.o(.text.I2C1_Repeated_Start), (88 bytes).
    Removing i2c1.o(.ARM.exidx.text.I2C1_Repeated_Start), (8 bytes).
    Removing i2c1.o(.text.I2C1_Write_Read), (228 bytes).
    Removing i2c1.o(.ARM.exidx.text.I2C1_Write_Read), (8 bytes).
    Removing i2c1.o(.text.I2C1_Wait_TXE), (74 bytes).
    Removing i2c1.o(.ARM.exidx.text.I2C1_Wait_TXE), (8 bytes).
    Removing i2c1.o(.text.I2C1_Wait_RXNE), (74 bytes).
    Removing i2c1.o(.ARM.exidx.text.I2C1_Wait_RXNE), (8 bytes).
    Removing i2c1.o(.text.I2C1_Read_Register), (224 bytes).
    Removing i2c1.o(.ARM.exidx.text.I2C1_Read_Register), (8 bytes).
    Removing i2c1.o(.text.I2C1_Write_Register), (208 bytes).
    Removing i2c1.o(.ARM.exidx.text.I2C1_Write_Register), (8 bytes).
    Removing i2c1.o(.text.I2C1_Scan_Bus), (106 bytes).
    Removing i2c1.o(.ARM.exidx.text.I2C1_Scan_Bus), (8 bytes).
    Removing i2c1.o(.ARM.exidx.text.I2C1_Init), (8 bytes).
    Removing i2c1.o(.rodata.str1.1), (55 bytes).
    Removing system_stm32f4xx.o(.text), (0 bytes).
    Removing system_stm32f4xx.o(.ARM.exidx.text.SystemInit), (8 bytes).
    Removing system_stm32f4xx.o(.text.SystemCoreClockUpdate), (302 bytes).
    Removing system_stm32f4xx.o(.ARM.exidx.text.SystemCoreClockUpdate), (8 bytes).
    Removing system_stm32f4xx.o(.data.SystemCoreClock), (4 bytes).
    Removing system_stm32f4xx.o(.rodata.AHBPrescTable), (16 bytes).
    Removing system_stm32f4xx.o(.rodata.APBPrescTable), (8 bytes).

314 unused section(s) (total 7589 bytes) removed from the image.

==============================================================================

Image Symbol Table

    Local Symbols

    Symbol Name                              Value     Ov Type        Size  Object(Section)

    ../clib/angel/boardlib.s                 0x00000000   Number         0  boardinit1.o ABSOLUTE
    ../clib/angel/boardlib.s                 0x00000000   Number         0  boardinit2.o ABSOLUTE
    ../clib/angel/boardlib.s                 0x00000000   Number         0  boardinit3.o ABSOLUTE
    ../clib/angel/boardlib.s                 0x00000000   Number         0  boardshut.o ABSOLUTE
    ../clib/angel/handlers.s                 0x00000000   Number         0  __scatter_zi.o ABSOLUTE
    ../clib/angel/kernel.s                   0x00000000   Number         0  __rtentry.o ABSOLUTE
    ../clib/angel/kernel.s                   0x00000000   Number         0  __rtentry2.o ABSOLUTE
    ../clib/angel/kernel.s                   0x00000000   Number         0  __rtentry4.o ABSOLUTE
    ../clib/angel/kernel.s                   0x00000000   Number         0  rtexit.o ABSOLUTE
    ../clib/angel/kernel.s                   0x00000000   Number         0  rtexit2.o ABSOLUTE
    ../clib/angel/rt.s                       0x00000000   Number         0  rt_raise.o ABSOLUTE
    ../clib/angel/scatter.s                  0x00000000   Number         0  __scatter.o ABSOLUTE
    ../clib/angel/startup.s                  0x00000000   Number         0  __main.o ABSOLUTE
    ../clib/angel/sys.s                      0x00000000   Number         0  sys_stackheap_outer.o ABSOLUTE
    ../clib/angel/sys.s                      0x00000000   Number         0  libspace.o ABSOLUTE
    ../clib/angel/sys.s                      0x00000000   Number         0  use_no_semi.o ABSOLUTE
    ../clib/angel/sys.s                      0x00000000   Number         0  indicate_semi.o ABSOLUTE
    ../clib/angel/sysapp.c                   0x00000000   Number         0  sys_exit.o ABSOLUTE
    ../clib/angel/sysapp.c                   0x00000000   Number         0  sys_exit_hlt.o ABSOLUTE
    ../clib/angel/sysapp.c                   0x00000000   Number         0  sys_command.o ABSOLUTE
    ../clib/angel/sysapp.c                   0x00000000   Number         0  sys_command_hlt.o ABSOLUTE
    ../clib/angel/sysapp.c                   0x00000000   Number         0  sys_wrch.o ABSOLUTE
    ../clib/angel/sysapp.c                   0x00000000   Number         0  sys_wrch_hlt.o ABSOLUTE
    ../clib/armsys.c                         0x00000000   Number         0  argv_veneer.o ABSOLUTE
    ../clib/armsys.c                         0x00000000   Number         0  argv_veneer.o ABSOLUTE
    ../clib/armsys.c                         0x00000000   Number         0  _get_argv_nomalloc.o ABSOLUTE
    ../clib/armsys.c                         0x00000000   Number         0  no_argv.o ABSOLUTE
    ../clib/heapalloc.c                      0x00000000   Number         0  hrguard.o ABSOLUTE
    ../clib/heapaux.c                        0x00000000   Number         0  heapauxi.o ABSOLUTE
    ../clib/libinit.s                        0x00000000   Number         0  libinit.o ABSOLUTE
    ../clib/libinit.s                        0x00000000   Number         0  libinit2.o ABSOLUTE
    ../clib/libinit.s                        0x00000000   Number         0  libshutdown.o ABSOLUTE
    ../clib/libinit.s                        0x00000000   Number         0  libshutdown2.o ABSOLUTE
    ../clib/signal.c                         0x00000000   Number         0  defsig_rtmem_outer.o ABSOLUTE
    ../clib/signal.c                         0x00000000   Number         0  defsig_rtmem_formal.o ABSOLUTE
    ../clib/signal.c                         0x00000000   Number         0  defsig_exit.o ABSOLUTE
    ../clib/signal.c                         0x00000000   Number         0  defsig_rtmem_inner.o ABSOLUTE
    ../clib/signal.c                         0x00000000   Number         0  __raise.o ABSOLUTE
    ../clib/signal.c                         0x00000000   Number         0  defsig_general.o ABSOLUTE
    ../clib/signal.c                         0x00000000   Number         0  defsig_abrt_inner.o ABSOLUTE
    ../clib/signal.c                         0x00000000   Number         0  defsig_fpe_inner.o ABSOLUTE
    ../clib/signal.c                         0x00000000   Number         0  defsig_rtred_inner.o ABSOLUTE
    ../clib/signal.c                         0x00000000   Number         0  defsig_stak_inner.o ABSOLUTE
    ../clib/signal.c                         0x00000000   Number         0  defsig_pvfn_inner.o ABSOLUTE
    ../clib/signal.c                         0x00000000   Number         0  defsig_cppl_inner.o ABSOLUTE
    ../clib/signal.c                         0x00000000   Number         0  defsig_segv_inner.o ABSOLUTE
    ../clib/signal.c                         0x00000000   Number         0  defsig_other.o ABSOLUTE
    ../clib/signal.s                         0x00000000   Number         0  defsig.o ABSOLUTE
    ../clib/stdlib.c                         0x00000000   Number         0  exit.o ABSOLUTE
    ../fplib/fpinit.s                        0x00000000   Number         0  fpinit.o ABSOLUTE
    RTE/Device/STM32F401RCTx/startup_stm32f401xc.s 0x00000000   Number         0  startup_stm32f401xc.o ABSOLUTE
    app.c                                    0x00000000   Number         0  app.o ABSOLUTE
    dc.s                                     0x00000000   Number         0  dc.o ABSOLUTE
    debug.c                                  0x00000000   Number         0  debug.o ABSOLUTE
    gpio.c                                   0x00000000   Number         0  gpio.o ABSOLUTE
    i2c1.c                                   0x00000000   Number         0  i2c1.o ABSOLUTE
    main.c                                   0x00000000   Number         0  main.o ABSOLUTE
    rcc.c                                    0x00000000   Number         0  rcc.o ABSOLUTE
    system_stm32f4xx.c                       0x00000000   Number         0  system_stm32f4xx.o ABSOLUTE
    timebase.c                               0x00000000   Number         0  timebase.o ABSOLUTE
    RESET                                    0x08000000   Section      404  startup_stm32f401xc.o(RESET)
    !!!main                                  0x08000194   Section        8  __main.o(!!!main)
    !!!scatter                               0x0800019c   Section       92  __scatter.o(!!!scatter)
    !!handler_null                           0x080001f8   Section        2  __scatter.o(!!handler_null)
    !!handler_zi                             0x080001fc   Section       28  __scatter_zi.o(!!handler_zi)
    .ARM.Collect$$libinit$$00000000          0x08000218   Section        2  libinit.o(.ARM.Collect$$libinit$$00000000)
    .ARM.Collect$$libinit$$00000001          0x0800021a   Section        4  libinit2.o(.ARM.Collect$$libinit$$00000001)
    .ARM.Collect$$libinit$$00000004          0x0800021e   Section        0  libinit2.o(.ARM.Collect$$libinit$$00000004)
    .ARM.Collect$$libinit$$00000006          0x0800021e   Section        0  libinit2.o(.ARM.Collect$$libinit$$00000006)
    .ARM.Collect$$libinit$$0000000C          0x0800021e   Section        0  libinit2.o(.ARM.Collect$$libinit$$0000000C)
    .ARM.Collect$$libinit$$0000000E          0x0800021e   Section        0  libinit2.o(.ARM.Collect$$libinit$$0000000E)
    .ARM.Collect$$libinit$$00000010          0x0800021e   Section        0  libinit2.o(.ARM.Collect$$libinit$$00000010)
    .ARM.Collect$$libinit$$00000013          0x0800021e   Section        0  libinit2.o(.ARM.Collect$$libinit$$00000013)
    .ARM.Collect$$libinit$$00000015          0x0800021e   Section        0  libinit2.o(.ARM.Collect$$libinit$$00000015)
    .ARM.Collect$$libinit$$00000017          0x0800021e   Section        0  libinit2.o(.ARM.Collect$$libinit$$00000017)
    .ARM.Collect$$libinit$$00000019          0x0800021e   Section        0  libinit2.o(.ARM.Collect$$libinit$$00000019)
    .ARM.Collect$$libinit$$0000001B          0x0800021e   Section        0  libinit2.o(.ARM.Collect$$libinit$$0000001B)
    .ARM.Collect$$libinit$$0000001D          0x0800021e   Section        0  libinit2.o(.ARM.Collect$$libinit$$0000001D)
    .ARM.Collect$$libinit$$0000001F          0x0800021e   Section        0  libinit2.o(.ARM.Collect$$libinit$$0000001F)
    .ARM.Collect$$libinit$$00000021          0x0800021e   Section        0  libinit2.o(.ARM.Collect$$libinit$$00000021)
    .ARM.Collect$$libinit$$00000023          0x0800021e   Section        0  libinit2.o(.ARM.Collect$$libinit$$00000023)
    .ARM.Collect$$libinit$$00000025          0x0800021e   Section        0  libinit2.o(.ARM.Collect$$libinit$$00000025)
    .ARM.Collect$$libinit$$00000027          0x0800021e   Section        0  libinit2.o(.ARM.Collect$$libinit$$00000027)
    .ARM.Collect$$libinit$$0000002E          0x0800021e   Section        0  libinit2.o(.ARM.Collect$$libinit$$0000002E)
    .ARM.Collect$$libinit$$00000030          0x0800021e   Section        0  libinit2.o(.ARM.Collect$$libinit$$00000030)
    .ARM.Collect$$libinit$$00000032          0x0800021e   Section        0  libinit2.o(.ARM.Collect$$libinit$$00000032)
    .ARM.Collect$$libinit$$00000034          0x0800021e   Section        0  libinit2.o(.ARM.Collect$$libinit$$00000034)
    .ARM.Collect$$libinit$$00000035          0x0800021e   Section        2  libinit2.o(.ARM.Collect$$libinit$$00000035)
    .ARM.Collect$$libshutdown$$00000000      0x08000220   Section        2  libshutdown.o(.ARM.Collect$$libshutdown$$00000000)
    .ARM.Collect$$libshutdown$$00000002      0x08000222   Section        0  libshutdown2.o(.ARM.Collect$$libshutdown$$00000002)
    .ARM.Collect$$libshutdown$$00000004      0x08000222   Section        0  libshutdown2.o(.ARM.Collect$$libshutdown$$00000004)
    .ARM.Collect$$libshutdown$$00000007      0x08000222   Section        0  libshutdown2.o(.ARM.Collect$$libshutdown$$00000007)
    .ARM.Collect$$libshutdown$$0000000A      0x08000222   Section        0  libshutdown2.o(.ARM.Collect$$libshutdown$$0000000A)
    .ARM.Collect$$libshutdown$$0000000C      0x08000222   Section        0  libshutdown2.o(.ARM.Collect$$libshutdown$$0000000C)
    .ARM.Collect$$libshutdown$$0000000F      0x08000222   Section        0  libshutdown2.o(.ARM.Collect$$libshutdown$$0000000F)
    .ARM.Collect$$libshutdown$$00000010      0x08000222   Section        2  libshutdown2.o(.ARM.Collect$$libshutdown$$00000010)
    .ARM.Collect$$rtentry$$00000000          0x08000224   Section        0  __rtentry.o(.ARM.Collect$$rtentry$$00000000)
    .ARM.Collect$$rtentry$$00000002          0x08000224   Section        0  __rtentry2.o(.ARM.Collect$$rtentry$$00000002)
    .ARM.Collect$$rtentry$$00000004          0x08000224   Section        6  __rtentry4.o(.ARM.Collect$$rtentry$$00000004)
    .ARM.Collect$$rtentry$$00000009          0x0800022a   Section        0  __rtentry2.o(.ARM.Collect$$rtentry$$00000009)
    .ARM.Collect$$rtentry$$0000000A          0x0800022a   Section        4  __rtentry2.o(.ARM.Collect$$rtentry$$0000000A)
    .ARM.Collect$$rtentry$$0000000C          0x0800022e   Section        0  __rtentry2.o(.ARM.Collect$$rtentry$$0000000C)
    .ARM.Collect$$rtentry$$0000000D          0x0800022e   Section        8  __rtentry2.o(.ARM.Collect$$rtentry$$0000000D)
    .ARM.Collect$$rtexit$$00000000           0x08000236   Section        2  rtexit.o(.ARM.Collect$$rtexit$$00000000)
    .ARM.Collect$$rtexit$$00000002           0x08000238   Section        0  rtexit2.o(.ARM.Collect$$rtexit$$00000002)
    .ARM.Collect$$rtexit$$00000003           0x08000238   Section        4  rtexit2.o(.ARM.Collect$$rtexit$$00000003)
    .ARM.Collect$$rtexit$$00000004           0x0800023c   Section        6  rtexit2.o(.ARM.Collect$$rtexit$$00000004)
    $v0                                      0x08000244   Number         0  startup_stm32f401xc.o(.text)
    .text                                    0x08000244   Section       64  startup_stm32f401xc.o(.text)
    .text                                    0x08000284   Section        0  heapauxi.o(.text)
    .text                                    0x0800028a   Section       74  sys_stackheap_outer.o(.text)
    .text                                    0x080002d4   Section        0  exit.o(.text)
    .text                                    0x080002e8   Section        8  libspace.o(.text)
    .text                                    0x080002f0   Section        0  sys_exit.o(.text)
    .text                                    0x080002fc   Section        2  use_no_semi.o(.text)
    .text                                    0x080002fe   Section        0  indicate_semi.o(.text)
    [Anonymous Symbol]                       0x08000300   Section        0  app.o(.text.App_Main_Loop)
    [Anonymous Symbol]                       0x08000334   Section        0  app.o(.text.App_Setup)
    [Anonymous Symbol]                       0x08000394   Section        0  debug.o(.text.Debug_Counter_Reset)
    [Anonymous Symbol]                       0x080003a4   Section        0  debug.o(.text.Debug_GPIO_Init)
    [Anonymous Symbol]                       0x08000450   Section        0  debug.o(.text.Debug_Get_Buf_Index)
    [Anonymous Symbol]                       0x08000460   Section        0  debug.o(.text.Debug_Init)
    [Anonymous Symbol]                       0x0800047c   Section        0  debug.o(.text.Debug_Reg_Init)
    [Anonymous Symbol]                       0x08000554   Section        0  debug.o(.text.Debug_Rx_Byte)
    [Anonymous Symbol]                       0x0800056c   Section        0  debug.o(.text.Debug_Struct_Init)
    [Anonymous Symbol]                       0x08000604   Section        0  debug.o(.text.Debug_Timer_Disable)
    [Anonymous Symbol]                       0x08000624   Section        0  debug.o(.text.Debug_Timer_Enable)
    [Anonymous Symbol]                       0x08000644   Section        0  debug.o(.text.Debug_Timer_Init)
    [Anonymous Symbol]                       0x080006cc   Section        0  gpio.o(.text.GPIO_EnableClock)
    [Anonymous Symbol]                       0x080007a8   Section        0  gpio.o(.text.GPIO_Init)
    [Anonymous Symbol]                       0x08000860   Section        0  gpio.o(.text.GPIO_TogglePin)
    [Anonymous Symbol]                       0x08000880   Section        0  i2c1.o(.text.I2C1_Bus_Recovery_GPIO)
    [Anonymous Symbol]                       0x08000978   Section        0  i2c1.o(.text.I2C1_GPIO_Init)
    [Anonymous Symbol]                       0x08000a3c   Section        0  i2c1.o(.text.I2C1_Init)
    [Anonymous Symbol]                       0x08000a50   Section        0  i2c1.o(.text.I2C1_Recover_Bus)
    [Anonymous Symbol]                       0x08000a70   Section        0  i2c1.o(.text.I2C1_Reg_Init)
    [Anonymous Symbol]                       0x08000b20   Section        0  i2c1.o(.text.I2C1_SWRST_Reset)
    [Anonymous Symbol]                       0x08000b64   Section        0  i2c1.o(.text.I2C1_Send_Addr)
    [Anonymous Symbol]                       0x08000c10   Section        0  i2c1.o(.text.I2C1_Start)
    [Anonymous Symbol]                       0x08000cc0   Section        0  i2c1.o(.text.I2C1_Stop)
    [Anonymous Symbol]                       0x08000d48   Section        0  i2c1.o(.text.I2C1_Write_Data)
    [Anonymous Symbol]                       0x08000dd4   Section        0  app.o(.text.OLED_Init)
    [Anonymous Symbol]                       0x08000e8c   Section        0  app.o(.text.OLED_Send_Command)
    [Anonymous Symbol]                       0x08000edc   Section        0  rcc.o(.text.RCC_Get_APB1_Clock)
    [Anonymous Symbol]                       0x08000f10   Section        0  rcc.o(.text.RCC_Get_APB2_Clock)
    [Anonymous Symbol]                       0x08000f44   Section        0  rcc.o(.text.RCC_Get_HCLK)
    [Anonymous Symbol]                       0x08000f78   Section        0  rcc.o(.text.RCC_Get_SYS_CLK)
    [Anonymous Symbol]                       0x0800104c   Section        0  rcc.o(.text.RCC_HSE_Clock_Config)
    [Anonymous Symbol]                       0x08001100   Section        0  rcc.o(.text.RCC_LSE_Clock_Config)
    [Anonymous Symbol]                       0x08001168   Section        0  system_stm32f4xx.o(.text.SystemInit)
    [Anonymous Symbol]                       0x0800117c   Section        0  timebase.o(.text.TIM1_TRG_COM_TIM11_IRQHandler)
    [Anonymous Symbol]                       0x08001194   Section        0  debug.o(.text.TIM1_UP_TIM10_IRQHandler)
    [Anonymous Symbol]                       0x080011ec   Section        0  timebase.o(.text.Timebase_Atomic_Operation_End)
    [Anonymous Symbol]                       0x080011f0   Section        0  timebase.o(.text.Timebase_Atomic_Operation_Start)
    [Anonymous Symbol]                       0x080011f4   Section        0  timebase.o(.text.Timebase_DownCounter_Clear_Period_Flag)
    [Anonymous Symbol]                       0x08001220   Section        0  timebase.o(.text.Timebase_DownCounter_Get_EndValue)
    [Anonymous Symbol]                       0x08001244   Section        0  timebase.o(.text.Timebase_DownCounter_Get_ReloadValue)
    [Anonymous Symbol]                       0x08001268   Section        0  timebase.o(.text.Timebase_DownCounter_Get_Status)
    [Anonymous Symbol]                       0x08001290   Section        0  timebase.o(.text.Timebase_DownCounter_Get_Value)
    [Anonymous Symbol]                       0x080012b4   Section        0  timebase.o(.text.Timebase_DownCounter_Reset)
    [Anonymous Symbol]                       0x080012f4   Section        0  timebase.o(.text.Timebase_DownCounter_Reset_All)
    [Anonymous Symbol]                       0x08001324   Section        0  timebase.o(.text.Timebase_DownCounter_SS_Clear_All_Flags)
    [Anonymous Symbol]                       0x08001338   Section        0  timebase.o(.text.Timebase_DownCounter_SS_Clear_Period_Flag)
    [Anonymous Symbol]                       0x08001364   Section        0  timebase.o(.text.Timebase_DownCounter_SS_Continuous_Expired_Event)
    [Anonymous Symbol]                       0x080013b0   Section        0  timebase.o(.text.Timebase_DownCounter_SS_Get_EndValueSec)
    [Anonymous Symbol]                       0x080013d4   Section        0  timebase.o(.text.Timebase_DownCounter_SS_Get_EndValueSubSec)
    [Anonymous Symbol]                       0x080013f8   Section        0  timebase.o(.text.Timebase_DownCounter_SS_Get_ReloadValue)
    [Anonymous Symbol]                       0x0800141c   Section        0  timebase.o(.text.Timebase_DownCounter_SS_Get_Status)
    [Anonymous Symbol]                       0x08001444   Section        0  timebase.o(.text.Timebase_DownCounter_SS_Get_Value)
    [Anonymous Symbol]                       0x08001468   Section        0  timebase.o(.text.Timebase_DownCounter_SS_Reset)
    [Anonymous Symbol]                       0x080014b0   Section        0  timebase.o(.text.Timebase_DownCounter_SS_Reset_All)
    [Anonymous Symbol]                       0x080014e0   Section        0  timebase.o(.text.Timebase_DownCounter_SS_Set_EndValueSec)
    [Anonymous Symbol]                       0x08001508   Section        0  timebase.o(.text.Timebase_DownCounter_SS_Set_EndValueSubSec)
    [Anonymous Symbol]                       0x08001530   Section        0  timebase.o(.text.Timebase_DownCounter_SS_Set_ReloadValue)
    [Anonymous Symbol]                       0x08001558   Section        0  timebase.o(.text.Timebase_DownCounter_SS_Set_Securely)
    [Anonymous Symbol]                       0x08001614   Section        0  timebase.o(.text.Timebase_DownCounter_SS_Set_Status)
    [Anonymous Symbol]                       0x08001650   Section        0  timebase.o(.text.Timebase_DownCounter_SS_Set_Value)
    [Anonymous Symbol]                       0x08001678   Section        0  timebase.o(.text.Timebase_DownCounter_SS_Start)
    [Anonymous Symbol]                       0x080016a0   Section        0  timebase.o(.text.Timebase_DownCounter_SS_Update)
    [Anonymous Symbol]                       0x080017a8   Section        0  timebase.o(.text.Timebase_DownCounter_SS_Update_All)
    [Anonymous Symbol]                       0x080017d8   Section        0  timebase.o(.text.Timebase_DownCounter_Set_EndValue)
    [Anonymous Symbol]                       0x08001800   Section        0  timebase.o(.text.Timebase_DownCounter_Set_ReloadValue)
    [Anonymous Symbol]                       0x08001828   Section        0  timebase.o(.text.Timebase_DownCounter_Set_Status)
    [Anonymous Symbol]                       0x08001864   Section        0  timebase.o(.text.Timebase_DownCounter_Set_Value)
    [Anonymous Symbol]                       0x0800188c   Section        0  timebase.o(.text.Timebase_DownCounter_Update)
    [Anonymous Symbol]                       0x08001928   Section        0  timebase.o(.text.Timebase_DownCounter_Update_All)
    [Anonymous Symbol]                       0x08001958   Section        0  timebase.o(.text.Timebase_ISR_Executables)
    [Anonymous Symbol]                       0x080019b4   Section        0  timebase.o(.text.Timebase_Init)
    [Anonymous Symbol]                       0x080019d0   Section        0  timebase.o(.text.Timebase_Main_Loop_Executables)
    [Anonymous Symbol]                       0x08001a50   Section        0  timebase.o(.text.Timebase_Reset)
    [Anonymous Symbol]                       0x08001a5c   Section        0  timebase.o(.text.Timebase_Struct_Init)
    [Anonymous Symbol]                       0x08001bc4   Section        0  timebase.o(.text.Timebase_Timer_Enable)
    [Anonymous Symbol]                       0x08001c68   Section        0  timebase.o(.text.Timebase_Timer_Get_Seconds)
    [Anonymous Symbol]                       0x08001c78   Section        0  timebase.o(.text.Timebase_Timer_Get_SubSeconds)
    [Anonymous Symbol]                       0x08001c88   Section        0  timebase.o(.text.Timebase_Timer_Sync_With_Shadow_Variables)
    [Anonymous Symbol]                       0x08001cd0   Section        0  debug.o(.text.USART2_IRQHandler)
    __NVIC_EnableIRQ                         0x08001d41   Thumb Code    48  debug.o(.text.__NVIC_EnableIRQ)
    [Anonymous Symbol]                       0x08001d40   Section        0  debug.o(.text.__NVIC_EnableIRQ)
    __NVIC_EnableIRQ                         0x08001d71   Thumb Code    48  timebase.o(.text.__NVIC_EnableIRQ)
    [Anonymous Symbol]                       0x08001d70   Section        0  timebase.o(.text.__NVIC_EnableIRQ)
    __NVIC_SetPriority                       0x08001da1   Thumb Code    66  debug.o(.text.__NVIC_SetPriority)
    [Anonymous Symbol]                       0x08001da0   Section        0  debug.o(.text.__NVIC_SetPriority)
    __NVIC_SetPriority                       0x08001de5   Thumb Code    66  timebase.o(.text.__NVIC_SetPriority)
    [Anonymous Symbol]                       0x08001de4   Section        0  timebase.o(.text.__NVIC_SetPriority)
    [Anonymous Symbol]                       0x08001e28   Section        0  main.o(.text.main)
    $v0                                      0x08001e3c   Number         0  fpinit.o(x$fpl$fpinit)
    x$fpl$fpinit                             0x08001e3c   Section       26  fpinit.o(x$fpl$fpinit)
    RCC_Get_APB1_Clock.apb_presc_table       0x08001e56   Data           8  rcc.o(.rodata.RCC_Get_APB1_Clock.apb_presc_table)
    [Anonymous Symbol]                       0x08001e56   Section        0  rcc.o(.rodata.RCC_Get_APB1_Clock.apb_presc_table)
    RCC_Get_APB2_Clock.apb_presc_table       0x08001e5e   Data           8  rcc.o(.rodata.RCC_Get_APB2_Clock.apb_presc_table)
    [Anonymous Symbol]                       0x08001e5e   Section        0  rcc.o(.rodata.RCC_Get_APB2_Clock.apb_presc_table)
    RCC_Get_HCLK.ahb_presc_table             0x08001e66   Data          16  rcc.o(.rodata.RCC_Get_HCLK.ahb_presc_table)
    [Anonymous Symbol]                       0x08001e66   Section        0  rcc.o(.rodata.RCC_Get_HCLK.ahb_presc_table)
    .bss                                     0x20000000   Section       96  libspace.o(.bss)
    Heap_Mem                                 0x20000410   Data         512  startup_stm32f401xc.o(HEAP)
    HEAP                                     0x20000410   Section      512  startup_stm32f401xc.o(HEAP)
    Stack_Mem                                0x20000610   Data        1024  startup_stm32f401xc.o(STACK)
    STACK                                    0x20000610   Section     1024  startup_stm32f401xc.o(STACK)
    __initial_sp                             0x20000a10   Data           0  startup_stm32f401xc.o(STACK)

    Global Symbols

    Symbol Name                              Value     Ov Type        Size  Object(Section)

    BuildAttributes$$THM_ISAv4$E$P$D$K$B$S$7EM$VFPi3$EXTD16$VFPS$VFMA$PE$A:L22UL41UL21$X:L11$S22US41US21$IEEE1$IW$~IW$USESV6$~STKCKD$USESV7$~SHL$OSPACE$ROPI$EBA8$UX$STANDARDLIB$REQ8$PRES8$EABIv2 0x00000000   Number         0  anon$$obj.o ABSOLUTE
    __ARM_exceptions_init                     - Undefined Weak Reference
    __alloca_initialize                       - Undefined Weak Reference
    __arm_preinit_                            - Undefined Weak Reference
    __arm_relocate_pie_                       - Undefined Weak Reference
    __cpp_initialize__aeabi_                  - Undefined Weak Reference
    __cxa_finalize                            - Undefined Weak Reference
    __rt_locale                               - Undefined Weak Reference
    __sigvec_lookup                           - Undefined Weak Reference
    _atexit_init                              - Undefined Weak Reference
    _call_atexit_fns                          - Undefined Weak Reference
    _clock_init                               - Undefined Weak Reference
    _fp_trap_init                             - Undefined Weak Reference
    _fp_trap_shutdown                         - Undefined Weak Reference
    _get_lc_collate                           - Undefined Weak Reference
    _get_lc_ctype                             - Undefined Weak Reference
    _get_lc_monetary                          - Undefined Weak Reference
    _get_lc_numeric                           - Undefined Weak Reference
    _get_lc_time                              - Undefined Weak Reference
    _getenv_init                              - Undefined Weak Reference
    _handle_redirection                       - Undefined Weak Reference
    _init_alloc                               - Undefined Weak Reference
    _init_user_alloc                          - Undefined Weak Reference
    _initio                                   - Undefined Weak Reference
    _rand_init                                - Undefined Weak Reference
    _signal_finish                            - Undefined Weak Reference
    _signal_init                              - Undefined Weak Reference
    _terminate_alloc                          - Undefined Weak Reference
    _terminate_user_alloc                     - Undefined Weak Reference
    _terminateio                              - Undefined Weak Reference
    __Vectors_Size                           0x00000194   Number         0  startup_stm32f401xc.o ABSOLUTE
    __Vectors                                0x08000000   Data           4  startup_stm32f401xc.o(RESET)
    __Vectors_End                            0x08000194   Data           0  startup_stm32f401xc.o(RESET)
    __main                                   0x08000195   Thumb Code     8  __main.o(!!!main)
    __scatterload                            0x0800019d   Thumb Code     0  __scatter.o(!!!scatter)
    __scatterload_rt2                        0x0800019d   Thumb Code    84  __scatter.o(!!!scatter)
    __scatterload_rt2_thumb_only             0x0800019d   Thumb Code     0  __scatter.o(!!!scatter)
    __scatterload_loop                       0x080001a7   Thumb Code     0  __scatter.o(!!!scatter)
    __scatterload_null                       0x080001f9   Thumb Code     2  __scatter.o(!!handler_null)
    __scatterload_zeroinit                   0x080001fd   Thumb Code    28  __scatter_zi.o(!!handler_zi)
    __rt_lib_init                            0x08000219   Thumb Code     0  libinit.o(.ARM.Collect$$libinit$$00000000)
    __rt_lib_init_fp_1                       0x0800021b   Thumb Code     0  libinit2.o(.ARM.Collect$$libinit$$00000001)
    __rt_lib_init_alloca_1                   0x0800021f   Thumb Code     0  libinit2.o(.ARM.Collect$$libinit$$00000030)
    __rt_lib_init_argv_1                     0x0800021f   Thumb Code     0  libinit2.o(.ARM.Collect$$libinit$$0000002E)
    __rt_lib_init_atexit_1                   0x0800021f   Thumb Code     0  libinit2.o(.ARM.Collect$$libinit$$0000001D)
    __rt_lib_init_clock_1                    0x0800021f   Thumb Code     0  libinit2.o(.ARM.Collect$$libinit$$00000023)
    __rt_lib_init_cpp_1                      0x0800021f   Thumb Code     0  libinit2.o(.ARM.Collect$$libinit$$00000034)
    __rt_lib_init_exceptions_1               0x0800021f   Thumb Code     0  libinit2.o(.ARM.Collect$$libinit$$00000032)
    __rt_lib_init_fp_trap_1                  0x0800021f   Thumb Code     0  libinit2.o(.ARM.Collect$$libinit$$00000021)
    __rt_lib_init_getenv_1                   0x0800021f   Thumb Code     0  libinit2.o(.ARM.Collect$$libinit$$00000025)
    __rt_lib_init_heap_1                     0x0800021f   Thumb Code     0  libinit2.o(.ARM.Collect$$libinit$$0000000C)
    __rt_lib_init_lc_collate_1               0x0800021f   Thumb Code     0  libinit2.o(.ARM.Collect$$libinit$$00000013)
    __rt_lib_init_lc_ctype_1                 0x0800021f   Thumb Code     0  libinit2.o(.ARM.Collect$$libinit$$00000015)
    __rt_lib_init_lc_monetary_1              0x0800021f   Thumb Code     0  libinit2.o(.ARM.Collect$$libinit$$00000017)
    __rt_lib_init_lc_numeric_1               0x0800021f   Thumb Code     0  libinit2.o(.ARM.Collect$$libinit$$00000019)
    __rt_lib_init_lc_time_1                  0x0800021f   Thumb Code     0  libinit2.o(.ARM.Collect$$libinit$$0000001B)
    __rt_lib_init_preinit_1                  0x0800021f   Thumb Code     0  libinit2.o(.ARM.Collect$$libinit$$00000006)
    __rt_lib_init_rand_1                     0x0800021f   Thumb Code     0  libinit2.o(.ARM.Collect$$libinit$$00000010)
    __rt_lib_init_relocate_pie_1             0x0800021f   Thumb Code     0  libinit2.o(.ARM.Collect$$libinit$$00000004)
    __rt_lib_init_return                     0x0800021f   Thumb Code     0  libinit2.o(.ARM.Collect$$libinit$$00000035)
    __rt_lib_init_signal_1                   0x0800021f   Thumb Code     0  libinit2.o(.ARM.Collect$$libinit$$0000001F)
    __rt_lib_init_stdio_1                    0x0800021f   Thumb Code     0  libinit2.o(.ARM.Collect$$libinit$$00000027)
    __rt_lib_init_user_alloc_1               0x0800021f   Thumb Code     0  libinit2.o(.ARM.Collect$$libinit$$0000000E)
    __rt_lib_shutdown                        0x08000221   Thumb Code     0  libshutdown.o(.ARM.Collect$$libshutdown$$00000000)
    __rt_lib_shutdown_cpp_1                  0x08000223   Thumb Code     0  libshutdown2.o(.ARM.Collect$$libshutdown$$00000002)
    __rt_lib_shutdown_fp_trap_1              0x08000223   Thumb Code     0  libshutdown2.o(.ARM.Collect$$libshutdown$$00000007)
    __rt_lib_shutdown_heap_1                 0x08000223   Thumb Code     0  libshutdown2.o(.ARM.Collect$$libshutdown$$0000000F)
    __rt_lib_shutdown_return                 0x08000223   Thumb Code     0  libshutdown2.o(.ARM.Collect$$libshutdown$$00000010)
    __rt_lib_shutdown_signal_1               0x08000223   Thumb Code     0  libshutdown2.o(.ARM.Collect$$libshutdown$$0000000A)
    __rt_lib_shutdown_stdio_1                0x08000223   Thumb Code     0  libshutdown2.o(.ARM.Collect$$libshutdown$$00000004)
    __rt_lib_shutdown_user_alloc_1           0x08000223   Thumb Code     0  libshutdown2.o(.ARM.Collect$$libshutdown$$0000000C)
    __rt_entry                               0x08000225   Thumb Code     0  __rtentry.o(.ARM.Collect$$rtentry$$00000000)
    __rt_entry_presh_1                       0x08000225   Thumb Code     0  __rtentry2.o(.ARM.Collect$$rtentry$$00000002)
    __rt_entry_sh                            0x08000225   Thumb Code     0  __rtentry4.o(.ARM.Collect$$rtentry$$00000004)
    __rt_entry_li                            0x0800022b   Thumb Code     0  __rtentry2.o(.ARM.Collect$$rtentry$$0000000A)
    __rt_entry_postsh_1                      0x0800022b   Thumb Code     0  __rtentry2.o(.ARM.Collect$$rtentry$$00000009)
    __rt_entry_main                          0x0800022f   Thumb Code     0  __rtentry2.o(.ARM.Collect$$rtentry$$0000000D)
    __rt_entry_postli_1                      0x0800022f   Thumb Code     0  __rtentry2.o(.ARM.Collect$$rtentry$$0000000C)
    __rt_exit                                0x08000237   Thumb Code     0  rtexit.o(.ARM.Collect$$rtexit$$00000000)
    __rt_exit_ls                             0x08000239   Thumb Code     0  rtexit2.o(.ARM.Collect$$rtexit$$00000003)
    __rt_exit_prels_1                        0x08000239   Thumb Code     0  rtexit2.o(.ARM.Collect$$rtexit$$00000002)
    __rt_exit_exit                           0x0800023d   Thumb Code     0  rtexit2.o(.ARM.Collect$$rtexit$$00000004)
    Reset_Handler                            0x08000245   Thumb Code     8  startup_stm32f401xc.o(.text)
    NMI_Handler                              0x0800024d   Thumb Code     2  startup_stm32f401xc.o(.text)
    HardFault_Handler                        0x0800024f   Thumb Code     2  startup_stm32f401xc.o(.text)
    MemManage_Handler                        0x08000251   Thumb Code     2  startup_stm32f401xc.o(.text)
    BusFault_Handler                         0x08000253   Thumb Code     2  startup_stm32f401xc.o(.text)
    UsageFault_Handler                       0x08000255   Thumb Code     2  startup_stm32f401xc.o(.text)
    SVC_Handler                              0x08000257   Thumb Code     2  startup_stm32f401xc.o(.text)
    DebugMon_Handler                         0x08000259   Thumb Code     2  startup_stm32f401xc.o(.text)
    PendSV_Handler                           0x0800025b   Thumb Code     2  startup_stm32f401xc.o(.text)
    SysTick_Handler                          0x0800025d   Thumb Code     2  startup_stm32f401xc.o(.text)
    ADC_IRQHandler                           0x0800025f   Thumb Code     0  startup_stm32f401xc.o(.text)
    DMA1_Stream0_IRQHandler                  0x0800025f   Thumb Code     0  startup_stm32f401xc.o(.text)
    DMA1_Stream1_IRQHandler                  0x0800025f   Thumb Code     0  startup_stm32f401xc.o(.text)
    DMA1_Stream2_IRQHandler                  0x0800025f   Thumb Code     0  startup_stm32f401xc.o(.text)
    DMA1_Stream3_IRQHandler                  0x0800025f   Thumb Code     0  startup_stm32f401xc.o(.text)
    DMA1_Stream4_IRQHandler                  0x0800025f   Thumb Code     0  startup_stm32f401xc.o(.text)
    DMA1_Stream5_IRQHandler                  0x0800025f   Thumb Code     0  startup_stm32f401xc.o(.text)
    DMA1_Stream6_IRQHandler                  0x0800025f   Thumb Code     0  startup_stm32f401xc.o(.text)
    DMA1_Stream7_IRQHandler                  0x0800025f   Thumb Code     0  startup_stm32f401xc.o(.text)
    DMA2_Stream0_IRQHandler                  0x0800025f   Thumb Code     0  startup_stm32f401xc.o(.text)
    DMA2_Stream1_IRQHandler                  0x0800025f   Thumb Code     0  startup_stm32f401xc.o(.text)
    DMA2_Stream2_IRQHandler                  0x0800025f   Thumb Code     0  startup_stm32f401xc.o(.text)
    DMA2_Stream3_IRQHandler                  0x0800025f   Thumb Code     0  startup_stm32f401xc.o(.text)
    DMA2_Stream4_IRQHandler                  0x0800025f   Thumb Code     0  startup_stm32f401xc.o(.text)
    DMA2_Stream5_IRQHandler                  0x0800025f   Thumb Code     0  startup_stm32f401xc.o(.text)
    DMA2_Stream6_IRQHandler                  0x0800025f   Thumb Code     0  startup_stm32f401xc.o(.text)
    DMA2_Stream7_IRQHandler                  0x0800025f   Thumb Code     0  startup_stm32f401xc.o(.text)
    EXTI0_IRQHandler                         0x0800025f   Thumb Code     0  startup_stm32f401xc.o(.text)
    EXTI15_10_IRQHandler                     0x0800025f   Thumb Code     0  startup_stm32f401xc.o(.text)
    EXTI1_IRQHandler                         0x0800025f   Thumb Code     0  startup_stm32f401xc.o(.text)
    EXTI2_IRQHandler                         0x0800025f   Thumb Code     0  startup_stm32f401xc.o(.text)
    EXTI3_IRQHandler                         0x0800025f   Thumb Code     0  startup_stm32f401xc.o(.text)
    EXTI4_IRQHandler                         0x0800025f   Thumb Code     0  startup_stm32f401xc.o(.text)
    EXTI9_5_IRQHandler                       0x0800025f   Thumb Code     0  startup_stm32f401xc.o(.text)
    FLASH_IRQHandler                         0x0800025f   Thumb Code     0  startup_stm32f401xc.o(.text)
    FPU_IRQHandler                           0x0800025f   Thumb Code     0  startup_stm32f401xc.o(.text)
    I2C1_ER_IRQHandler                       0x0800025f   Thumb Code     0  startup_stm32f401xc.o(.text)
    I2C1_EV_IRQHandler                       0x0800025f   Thumb Code     0  startup_stm32f401xc.o(.text)
    I2C2_ER_IRQHandler                       0x0800025f   Thumb Code     0  startup_stm32f401xc.o(.text)
    I2C2_EV_IRQHandler                       0x0800025f   Thumb Code     0  startup_stm32f401xc.o(.text)
    I2C3_ER_IRQHandler                       0x0800025f   Thumb Code     0  startup_stm32f401xc.o(.text)
    I2C3_EV_IRQHandler                       0x0800025f   Thumb Code     0  startup_stm32f401xc.o(.text)
    OTG_FS_IRQHandler                        0x0800025f   Thumb Code     0  startup_stm32f401xc.o(.text)
    OTG_FS_WKUP_IRQHandler                   0x0800025f   Thumb Code     0  startup_stm32f401xc.o(.text)
    PVD_IRQHandler                           0x0800025f   Thumb Code     0  startup_stm32f401xc.o(.text)
    RCC_IRQHandler                           0x0800025f   Thumb Code     0  startup_stm32f401xc.o(.text)
    RTC_Alarm_IRQHandler                     0x0800025f   Thumb Code     0  startup_stm32f401xc.o(.text)
    RTC_WKUP_IRQHandler                      0x0800025f   Thumb Code     0  startup_stm32f401xc.o(.text)
    SDIO_IRQHandler                          0x0800025f   Thumb Code     0  startup_stm32f401xc.o(.text)
    SPI1_IRQHandler                          0x0800025f   Thumb Code     0  startup_stm32f401xc.o(.text)
    SPI2_IRQHandler                          0x0800025f   Thumb Code     0  startup_stm32f401xc.o(.text)
    SPI3_IRQHandler                          0x0800025f   Thumb Code     0  startup_stm32f401xc.o(.text)
    SPI4_IRQHandler                          0x0800025f   Thumb Code     0  startup_stm32f401xc.o(.text)
    TAMP_STAMP_IRQHandler                    0x0800025f   Thumb Code     0  startup_stm32f401xc.o(.text)
    TIM1_BRK_TIM9_IRQHandler                 0x0800025f   Thumb Code     0  startup_stm32f401xc.o(.text)
    TIM1_CC_IRQHandler                       0x0800025f   Thumb Code     0  startup_stm32f401xc.o(.text)
    TIM2_IRQHandler                          0x0800025f   Thumb Code     0  startup_stm32f401xc.o(.text)
    TIM3_IRQHandler                          0x0800025f   Thumb Code     0  startup_stm32f401xc.o(.text)
    TIM4_IRQHandler                          0x0800025f   Thumb Code     0  startup_stm32f401xc.o(.text)
    TIM5_IRQHandler                          0x0800025f   Thumb Code     0  startup_stm32f401xc.o(.text)
    USART1_IRQHandler                        0x0800025f   Thumb Code     0  startup_stm32f401xc.o(.text)
    USART6_IRQHandler                        0x0800025f   Thumb Code     0  startup_stm32f401xc.o(.text)
    WWDG_IRQHandler                          0x0800025f   Thumb Code     0  startup_stm32f401xc.o(.text)
    __user_initial_stackheap                 0x08000261   Thumb Code     0  startup_stm32f401xc.o(.text)
    __use_two_region_memory                  0x08000285   Thumb Code     2  heapauxi.o(.text)
    __rt_heap_escrow$2region                 0x08000287   Thumb Code     2  heapauxi.o(.text)
    __rt_heap_expand$2region                 0x08000289   Thumb Code     2  heapauxi.o(.text)
    __user_setup_stackheap                   0x0800028b   Thumb Code    74  sys_stackheap_outer.o(.text)
    exit                                     0x080002d5   Thumb Code    18  exit.o(.text)
    __user_libspace                          0x080002e9   Thumb Code     8  libspace.o(.text)
    __user_perproc_libspace                  0x080002e9   Thumb Code     0  libspace.o(.text)
    __user_perthread_libspace                0x080002e9   Thumb Code     0  libspace.o(.text)
    _sys_exit                                0x080002f1   Thumb Code     8  sys_exit.o(.text)
    __I$use$semihosting                      0x080002fd   Thumb Code     0  use_no_semi.o(.text)
    __use_no_semihosting_swi                 0x080002fd   Thumb Code     2  use_no_semi.o(.text)
    __semihosting_library_function           0x080002ff   Thumb Code     0  indicate_semi.o(.text)
    App_Main_Loop                            0x08000301   Thumb Code    50  app.o(.text.App_Main_Loop)
    App_Setup                                0x08000335   Thumb Code    96  app.o(.text.App_Setup)
    Debug_Counter_Reset                      0x08000395   Thumb Code    14  debug.o(.text.Debug_Counter_Reset)
    Debug_GPIO_Init                          0x080003a5   Thumb Code   172  debug.o(.text.Debug_GPIO_Init)
    Debug_Get_Buf_Index                      0x08000451   Thumb Code    14  debug.o(.text.Debug_Get_Buf_Index)
    Debug_Init                               0x08000461   Thumb Code    28  debug.o(.text.Debug_Init)
    Debug_Reg_Init                           0x0800047d   Thumb Code   216  debug.o(.text.Debug_Reg_Init)
    Debug_Rx_Byte                            0x08000555   Thumb Code    22  debug.o(.text.Debug_Rx_Byte)
    Debug_Struct_Init                        0x0800056d   Thumb Code   152  debug.o(.text.Debug_Struct_Init)
    Debug_Timer_Disable                      0x08000605   Thumb Code    32  debug.o(.text.Debug_Timer_Disable)
    Debug_Timer_Enable                       0x08000625   Thumb Code    32  debug.o(.text.Debug_Timer_Enable)
    Debug_Timer_Init                         0x08000645   Thumb Code   136  debug.o(.text.Debug_Timer_Init)
    GPIO_EnableClock                         0x080006cd   Thumb Code   220  gpio.o(.text.GPIO_EnableClock)
    GPIO_Init                                0x080007a9   Thumb Code   184  gpio.o(.text.GPIO_Init)
    GPIO_TogglePin                           0x08000861   Thumb Code    30  gpio.o(.text.GPIO_TogglePin)
    I2C1_Bus_Recovery_GPIO                   0x08000881   Thumb Code   248  i2c1.o(.text.I2C1_Bus_Recovery_GPIO)
    I2C1_GPIO_Init                           0x08000979   Thumb Code   196  i2c1.o(.text.I2C1_GPIO_Init)
    I2C1_Init                                0x08000a3d   Thumb Code    20  i2c1.o(.text.I2C1_Init)
    I2C1_Recover_Bus                         0x08000a51   Thumb Code    32  i2c1.o(.text.I2C1_Recover_Bus)
    I2C1_Reg_Init                            0x08000a71   Thumb Code   176  i2c1.o(.text.I2C1_Reg_Init)
    I2C1_SWRST_Reset                         0x08000b21   Thumb Code    68  i2c1.o(.text.I2C1_SWRST_Reset)
    I2C1_Send_Addr                           0x08000b65   Thumb Code   172  i2c1.o(.text.I2C1_Send_Addr)
    I2C1_Start                               0x08000c11   Thumb Code   176  i2c1.o(.text.I2C1_Start)
    I2C1_Stop                                0x08000cc1   Thumb Code   134  i2c1.o(.text.I2C1_Stop)
    I2C1_Write_Data                          0x08000d49   Thumb Code   138  i2c1.o(.text.I2C1_Write_Data)
    OLED_Init                                0x08000dd5   Thumb Code   182  app.o(.text.OLED_Init)
    OLED_Send_Command                        0x08000e8d   Thumb Code    80  app.o(.text.OLED_Send_Command)
    RCC_Get_APB1_Clock                       0x08000edd   Thumb Code    52  rcc.o(.text.RCC_Get_APB1_Clock)
    RCC_Get_APB2_Clock                       0x08000f11   Thumb Code    52  rcc.o(.text.RCC_Get_APB2_Clock)
    RCC_Get_HCLK                             0x08000f45   Thumb Code    52  rcc.o(.text.RCC_Get_HCLK)
    RCC_Get_SYS_CLK                          0x08000f79   Thumb Code   212  rcc.o(.text.RCC_Get_SYS_CLK)
    RCC_HSE_Clock_Config                     0x0800104d   Thumb Code   178  rcc.o(.text.RCC_HSE_Clock_Config)
    RCC_LSE_Clock_Config                     0x08001101   Thumb Code   104  rcc.o(.text.RCC_LSE_Clock_Config)
    SystemInit                               0x08001169   Thumb Code    18  system_stm32f4xx.o(.text.SystemInit)
    TIM1_TRG_COM_TIM11_IRQHandler            0x0800117d   Thumb Code    24  timebase.o(.text.TIM1_TRG_COM_TIM11_IRQHandler)
    TIM1_UP_TIM10_IRQHandler                 0x08001195   Thumb Code    86  debug.o(.text.TIM1_UP_TIM10_IRQHandler)
    Timebase_Atomic_Operation_End            0x080011ed   Thumb Code     4  timebase.o(.text.Timebase_Atomic_Operation_End)
    Timebase_Atomic_Operation_Start          0x080011f1   Thumb Code     4  timebase.o(.text.Timebase_Atomic_Operation_Start)
    Timebase_DownCounter_Clear_Period_Flag   0x080011f5   Thumb Code    44  timebase.o(.text.Timebase_DownCounter_Clear_Period_Flag)
    Timebase_DownCounter_Get_EndValue        0x08001221   Thumb Code    36  timebase.o(.text.Timebase_DownCounter_Get_EndValue)
    Timebase_DownCounter_Get_ReloadValue     0x08001245   Thumb Code    36  timebase.o(.text.Timebase_DownCounter_Get_ReloadValue)
    Timebase_DownCounter_Get_Status          0x08001269   Thumb Code    40  timebase.o(.text.Timebase_DownCounter_Get_Status)
    Timebase_DownCounter_Get_Value           0x08001291   Thumb Code    36  timebase.o(.text.Timebase_DownCounter_Get_Value)
    Timebase_DownCounter_Reset               0x080012b5   Thumb Code    62  timebase.o(.text.Timebase_DownCounter_Reset)
    Timebase_DownCounter_Reset_All           0x080012f5   Thumb Code    48  timebase.o(.text.Timebase_DownCounter_Reset_All)
    Timebase_DownCounter_SS_Clear_All_Flags  0x08001325   Thumb Code    20  timebase.o(.text.Timebase_DownCounter_SS_Clear_All_Flags)
    Timebase_DownCounter_SS_Clear_Period_Flag 0x08001339   Thumb Code    44  timebase.o(.text.Timebase_DownCounter_SS_Clear_Period_Flag)
    Timebase_DownCounter_SS_Continuous_Expired_Event 0x08001365   Thumb Code    74  timebase.o(.text.Timebase_DownCounter_SS_Continuous_Expired_Event)
    Timebase_DownCounter_SS_Get_EndValueSec  0x080013b1   Thumb Code    34  timebase.o(.text.Timebase_DownCounter_SS_Get_EndValueSec)
    Timebase_DownCounter_SS_Get_EndValueSubSec 0x080013d5   Thumb Code    34  timebase.o(.text.Timebase_DownCounter_SS_Get_EndValueSubSec)
    Timebase_DownCounter_SS_Get_ReloadValue  0x080013f9   Thumb Code    34  timebase.o(.text.Timebase_DownCounter_SS_Get_ReloadValue)
    Timebase_DownCounter_SS_Get_Status       0x0800141d   Thumb Code    40  timebase.o(.text.Timebase_DownCounter_SS_Get_Status)
    Timebase_DownCounter_SS_Get_Value        0x08001445   Thumb Code    34  timebase.o(.text.Timebase_DownCounter_SS_Get_Value)
    Timebase_DownCounter_SS_Reset            0x08001469   Thumb Code    72  timebase.o(.text.Timebase_DownCounter_SS_Reset)
    Timebase_DownCounter_SS_Reset_All        0x080014b1   Thumb Code    48  timebase.o(.text.Timebase_DownCounter_SS_Reset_All)
    Timebase_DownCounter_SS_Set_EndValueSec  0x080014e1   Thumb Code    38  timebase.o(.text.Timebase_DownCounter_SS_Set_EndValueSec)
    Timebase_DownCounter_SS_Set_EndValueSubSec 0x08001509   Thumb Code    38  timebase.o(.text.Timebase_DownCounter_SS_Set_EndValueSubSec)
    Timebase_DownCounter_SS_Set_ReloadValue  0x08001531   Thumb Code    38  timebase.o(.text.Timebase_DownCounter_SS_Set_ReloadValue)
    Timebase_DownCounter_SS_Set_Securely     0x08001559   Thumb Code   186  timebase.o(.text.Timebase_DownCounter_SS_Set_Securely)
    Timebase_DownCounter_SS_Set_Status       0x08001615   Thumb Code    60  timebase.o(.text.Timebase_DownCounter_SS_Set_Status)
    Timebase_DownCounter_SS_Set_Value        0x08001651   Thumb Code    38  timebase.o(.text.Timebase_DownCounter_SS_Set_Value)
    Timebase_DownCounter_SS_Start            0x08001679   Thumb Code    38  timebase.o(.text.Timebase_DownCounter_SS_Start)
    Timebase_DownCounter_SS_Update           0x080016a1   Thumb Code   262  timebase.o(.text.Timebase_DownCounter_SS_Update)
    Timebase_DownCounter_SS_Update_All       0x080017a9   Thumb Code    48  timebase.o(.text.Timebase_DownCounter_SS_Update_All)
    Timebase_DownCounter_Set_EndValue        0x080017d9   Thumb Code    40  timebase.o(.text.Timebase_DownCounter_Set_EndValue)
    Timebase_DownCounter_Set_ReloadValue     0x08001801   Thumb Code    40  timebase.o(.text.Timebase_DownCounter_Set_ReloadValue)
    Timebase_DownCounter_Set_Status          0x08001829   Thumb Code    60  timebase.o(.text.Timebase_DownCounter_Set_Status)
    Timebase_DownCounter_Set_Value           0x08001865   Thumb Code    40  timebase.o(.text.Timebase_DownCounter_Set_Value)
    Timebase_DownCounter_Update              0x0800188d   Thumb Code   156  timebase.o(.text.Timebase_DownCounter_Update)
    Timebase_DownCounter_Update_All          0x08001929   Thumb Code    48  timebase.o(.text.Timebase_DownCounter_Update_All)
    Timebase_ISR_Executables                 0x08001959   Thumb Code    92  timebase.o(.text.Timebase_ISR_Executables)
    Timebase_Init                            0x080019b5   Thumb Code    28  timebase.o(.text.Timebase_Init)
    Timebase_Main_Loop_Executables           0x080019d1   Thumb Code   128  timebase.o(.text.Timebase_Main_Loop_Executables)
    Timebase_Reset                           0x08001a51   Thumb Code    12  timebase.o(.text.Timebase_Reset)
    Timebase_Struct_Init                     0x08001a5d   Thumb Code   360  timebase.o(.text.Timebase_Struct_Init)
    Timebase_Timer_Enable                    0x08001bc5   Thumb Code   164  timebase.o(.text.Timebase_Timer_Enable)
    Timebase_Timer_Get_Seconds               0x08001c69   Thumb Code    14  timebase.o(.text.Timebase_Timer_Get_Seconds)
    Timebase_Timer_Get_SubSeconds            0x08001c79   Thumb Code    14  timebase.o(.text.Timebase_Timer_Get_SubSeconds)
    Timebase_Timer_Sync_With_Shadow_Variables 0x08001c89   Thumb Code    72  timebase.o(.text.Timebase_Timer_Sync_With_Shadow_Variables)
    USART2_IRQHandler                        0x08001cd1   Thumb Code   112  debug.o(.text.USART2_IRQHandler)
    main                                     0x08001e29   Thumb Code    20  main.o(.text.main)
    _fp_init                                 0x08001e3d   Thumb Code    26  fpinit.o(x$fpl$fpinit)
    __fplib_config_fpu_vfp                   0x08001e55   Thumb Code     0  fpinit.o(x$fpl$fpinit)
    __fplib_config_pureend_doubles           0x08001e55   Thumb Code     0  fpinit.o(x$fpl$fpinit)
    Region$$Table$$Base                      0x08001e78   Number         0  anon$$obj.o(Region$$Table)
    Region$$Table$$Limit                     0x08001e88   Number         0  anon$$obj.o(Region$$Table)
    __libspace_start                         0x20000000   Data          96  libspace.o(.bss)
    Debug                                    0x20000060   Data         141  debug.o(.bss.Debug)
    __temporary_stack_top$libspace           0x20000060   Data           0  libspace.o(.bss)
    Timebase                                 0x200000f0   Data           4  timebase.o(.bss.Timebase)
    Timebase_type                            0x200000f4   Data         792  timebase.o(.bss.Timebase_type)



==============================================================================

Memory Map of the image

  Image Entry point : 0x08000195

  Load Region LR_IROM1 (Base: 0x08000000, Size: 0x00001e88, Max: 0x00040000, ABSOLUTE)

    Execution Region ER_IROM1 (Exec base: 0x08000000, Load base: 0x08000000, Size: 0x00001e88, Max: 0x00040000, ABSOLUTE)

    Exec Addr    Load Addr    Size         Type   Attr      Idx    E Section Name        Object

    0x08000000   0x08000000   0x00000194   Data   RO          441    RESET               startup_stm32f401xc.o
    0x08000194   0x08000194   0x00000008   Code   RO          466  * !!!main             c_w.l(__main.o)
    0x0800019c   0x0800019c   0x0000005c   Code   RO          631    !!!scatter          c_w.l(__scatter.o)
    0x080001f8   0x080001f8   0x00000002   Code   RO          632    !!handler_null      c_w.l(__scatter.o)
    0x080001fa   0x080001fa   0x00000002   PAD
    0x080001fc   0x080001fc   0x0000001c   Code   RO          635    !!handler_zi        c_w.l(__scatter_zi.o)
    0x08000218   0x08000218   0x00000002   Code   RO          493    .ARM.Collect$$libinit$$00000000  c_w.l(libinit.o)
    0x0800021a   0x0800021a   0x00000004   Code   RO          499    .ARM.Collect$$libinit$$00000001  c_w.l(libinit2.o)
    0x0800021e   0x0800021e   0x00000000   Code   RO          502    .ARM.Collect$$libinit$$00000004  c_w.l(libinit2.o)
    0x0800021e   0x0800021e   0x00000000   Code   RO          504    .ARM.Collect$$libinit$$00000006  c_w.l(libinit2.o)
    0x0800021e   0x0800021e   0x00000000   Code   RO          507    .ARM.Collect$$libinit$$0000000C  c_w.l(libinit2.o)
    0x0800021e   0x0800021e   0x00000000   Code   RO          509    .ARM.Collect$$libinit$$0000000E  c_w.l(libinit2.o)
    0x0800021e   0x0800021e   0x00000000   Code   RO          511    .ARM.Collect$$libinit$$00000010  c_w.l(libinit2.o)
    0x0800021e   0x0800021e   0x00000000   Code   RO          514    .ARM.Collect$$libinit$$00000013  c_w.l(libinit2.o)
    0x0800021e   0x0800021e   0x00000000   Code   RO          516    .ARM.Collect$$libinit$$00000015  c_w.l(libinit2.o)
    0x0800021e   0x0800021e   0x00000000   Code   RO          518    .ARM.Collect$$libinit$$00000017  c_w.l(libinit2.o)
    0x0800021e   0x0800021e   0x00000000   Code   RO          520    .ARM.Collect$$libinit$$00000019  c_w.l(libinit2.o)
    0x0800021e   0x0800021e   0x00000000   Code   RO          522    .ARM.Collect$$libinit$$0000001B  c_w.l(libinit2.o)
    0x0800021e   0x0800021e   0x00000000   Code   RO          524    .ARM.Collect$$libinit$$0000001D  c_w.l(libinit2.o)
    0x0800021e   0x0800021e   0x00000000   Code   RO          526    .ARM.Collect$$libinit$$0000001F  c_w.l(libinit2.o)
    0x0800021e   0x0800021e   0x00000000   Code   RO          528    .ARM.Collect$$libinit$$00000021  c_w.l(libinit2.o)
    0x0800021e   0x0800021e   0x00000000   Code   RO          530    .ARM.Collect$$libinit$$00000023  c_w.l(libinit2.o)
    0x0800021e   0x0800021e   0x00000000   Code   RO          532    .ARM.Collect$$libinit$$00000025  c_w.l(libinit2.o)
    0x0800021e   0x0800021e   0x00000000   Code   RO          534    .ARM.Collect$$libinit$$00000027  c_w.l(libinit2.o)
    0x0800021e   0x0800021e   0x00000000   Code   RO          538    .ARM.Collect$$libinit$$0000002E  c_w.l(libinit2.o)
    0x0800021e   0x0800021e   0x00000000   Code   RO          540    .ARM.Collect$$libinit$$00000030  c_w.l(libinit2.o)
    0x0800021e   0x0800021e   0x00000000   Code   RO          542    .ARM.Collect$$libinit$$00000032  c_w.l(libinit2.o)
    0x0800021e   0x0800021e   0x00000000   Code   RO          544    .ARM.Collect$$libinit$$00000034  c_w.l(libinit2.o)
    0x0800021e   0x0800021e   0x00000002   Code   RO          545    .ARM.Collect$$libinit$$00000035  c_w.l(libinit2.o)
    0x08000220   0x08000220   0x00000002   Code   RO          567    .ARM.Collect$$libshutdown$$00000000  c_w.l(libshutdown.o)
    0x08000222   0x08000222   0x00000000   Code   RO          582    .ARM.Collect$$libshutdown$$00000002  c_w.l(libshutdown2.o)
    0x08000222   0x08000222   0x00000000   Code   RO          584    .ARM.Collect$$libshutdown$$00000004  c_w.l(libshutdown2.o)
    0x08000222   0x08000222   0x00000000   Code   RO          587    .ARM.Collect$$libshutdown$$00000007  c_w.l(libshutdown2.o)
    0x08000222   0x08000222   0x00000000   Code   RO          590    .ARM.Collect$$libshutdown$$0000000A  c_w.l(libshutdown2.o)
    0x08000222   0x08000222   0x00000000   Code   RO          592    .ARM.Collect$$libshutdown$$0000000C  c_w.l(libshutdown2.o)
    0x08000222   0x08000222   0x00000000   Code   RO          595    .ARM.Collect$$libshutdown$$0000000F  c_w.l(libshutdown2.o)
    0x08000222   0x08000222   0x00000002   Code   RO          596    .ARM.Collect$$libshutdown$$00000010  c_w.l(libshutdown2.o)
    0x08000224   0x08000224   0x00000000   Code   RO          468    .ARM.Collect$$rtentry$$00000000  c_w.l(__rtentry.o)
    0x08000224   0x08000224   0x00000000   Code   RO          470    .ARM.Collect$$rtentry$$00000002  c_w.l(__rtentry2.o)
    0x08000224   0x08000224   0x00000006   Code   RO          482    .ARM.Collect$$rtentry$$00000004  c_w.l(__rtentry4.o)
    0x0800022a   0x0800022a   0x00000000   Code   RO          472    .ARM.Collect$$rtentry$$00000009  c_w.l(__rtentry2.o)
    0x0800022a   0x0800022a   0x00000004   Code   RO          473    .ARM.Collect$$rtentry$$0000000A  c_w.l(__rtentry2.o)
    0x0800022e   0x0800022e   0x00000000   Code   RO          475    .ARM.Collect$$rtentry$$0000000C  c_w.l(__rtentry2.o)
    0x0800022e   0x0800022e   0x00000008   Code   RO          476    .ARM.Collect$$rtentry$$0000000D  c_w.l(__rtentry2.o)
    0x08000236   0x08000236   0x00000002   Code   RO          497    .ARM.Collect$$rtexit$$00000000  c_w.l(rtexit.o)
    0x08000238   0x08000238   0x00000000   Code   RO          547    .ARM.Collect$$rtexit$$00000002  c_w.l(rtexit2.o)
    0x08000238   0x08000238   0x00000004   Code   RO          548    .ARM.Collect$$rtexit$$00000003  c_w.l(rtexit2.o)
    0x0800023c   0x0800023c   0x00000006   Code   RO          549    .ARM.Collect$$rtexit$$00000004  c_w.l(rtexit2.o)
    0x08000242   0x08000242   0x00000002   PAD
    0x08000244   0x08000244   0x00000040   Code   RO          442    .text               startup_stm32f401xc.o
    0x08000284   0x08000284   0x00000006   Code   RO          464    .text               c_w.l(heapauxi.o)
    0x0800028a   0x0800028a   0x0000004a   Code   RO          484    .text               c_w.l(sys_stackheap_outer.o)
    0x080002d4   0x080002d4   0x00000012   Code   RO          486    .text               c_w.l(exit.o)
    0x080002e6   0x080002e6   0x00000002   PAD
    0x080002e8   0x080002e8   0x00000008   Code   RO          494    .text               c_w.l(libspace.o)
    0x080002f0   0x080002f0   0x0000000c   Code   RO          557    .text               c_w.l(sys_exit.o)
    0x080002fc   0x080002fc   0x00000002   Code   RO          572    .text               c_w.l(use_no_semi.o)
    0x080002fe   0x080002fe   0x00000000   Code   RO          574    .text               c_w.l(indicate_semi.o)
    0x080002fe   0x080002fe   0x00000002   PAD
    0x08000300   0x08000300   0x00000032   Code   RO          381    .text.App_Main_Loop  app.o
    0x08000332   0x08000332   0x00000002   PAD
    0x08000334   0x08000334   0x00000060   Code   RO          379    .text.App_Setup     app.o
    0x08000394   0x08000394   0x0000000e   Code   RO           72    .text.Debug_Counter_Reset  debug.o
    0x080003a2   0x080003a2   0x00000002   PAD
    0x080003a4   0x080003a4   0x000000ac   Code   RO           54    .text.Debug_GPIO_Init  debug.o
    0x08000450   0x08000450   0x0000000e   Code   RO           76    .text.Debug_Get_Buf_Index  debug.o
    0x0800045e   0x0800045e   0x00000002   PAD
    0x08000460   0x08000460   0x0000001c   Code   RO          162    .text.Debug_Init    debug.o
    0x0800047c   0x0800047c   0x000000d8   Code   RO           56    .text.Debug_Reg_Init  debug.o
    0x08000554   0x08000554   0x00000016   Code   RO           80    .text.Debug_Rx_Byte  debug.o
    0x0800056a   0x0800056a   0x00000002   PAD
    0x0800056c   0x0800056c   0x00000098   Code   RO           52    .text.Debug_Struct_Init  debug.o
    0x08000604   0x08000604   0x00000020   Code   RO           66    .text.Debug_Timer_Disable  debug.o
    0x08000624   0x08000624   0x00000020   Code   RO           64    .text.Debug_Timer_Enable  debug.o
    0x08000644   0x08000644   0x00000088   Code   RO           62    .text.Debug_Timer_Init  debug.o
    0x080006cc   0x080006cc   0x000000dc   Code   RO           11    .text.GPIO_EnableClock  gpio.o
    0x080007a8   0x080007a8   0x000000b8   Code   RO           13    .text.GPIO_Init     gpio.o
    0x08000860   0x08000860   0x0000001e   Code   RO           19    .text.GPIO_TogglePin  gpio.o
    0x0800087e   0x0800087e   0x00000002   PAD
    0x08000880   0x08000880   0x000000f8   Code   RO          400    .text.I2C1_Bus_Recovery_GPIO  i2c1.o
    0x08000978   0x08000978   0x000000c4   Code   RO          390    .text.I2C1_GPIO_Init  i2c1.o
    0x08000a3c   0x08000a3c   0x00000014   Code   RO          430    .text.I2C1_Init     i2c1.o
    0x08000a50   0x08000a50   0x00000020   Code   RO          396    .text.I2C1_Recover_Bus  i2c1.o
    0x08000a70   0x08000a70   0x000000b0   Code   RO          392    .text.I2C1_Reg_Init  i2c1.o
    0x08000b20   0x08000b20   0x00000044   Code   RO          398    .text.I2C1_SWRST_Reset  i2c1.o
    0x08000b64   0x08000b64   0x000000ac   Code   RO          402    .text.I2C1_Send_Addr  i2c1.o
    0x08000c10   0x08000c10   0x000000b0   Code   RO          394    .text.I2C1_Start    i2c1.o
    0x08000cc0   0x08000cc0   0x00000086   Code   RO          404    .text.I2C1_Stop     i2c1.o
    0x08000d46   0x08000d46   0x00000002   PAD
    0x08000d48   0x08000d48   0x0000008a   Code   RO          406    .text.I2C1_Write_Data  i2c1.o
    0x08000dd2   0x08000dd2   0x00000002   PAD
    0x08000dd4   0x08000dd4   0x000000b6   Code   RO          377    .text.OLED_Init     app.o
    0x08000e8a   0x08000e8a   0x00000002   PAD
    0x08000e8c   0x08000e8c   0x00000050   Code   RO          375    .text.OLED_Send_Command  app.o
    0x08000edc   0x08000edc   0x00000034   Code   RO           38    .text.RCC_Get_APB1_Clock  rcc.o
    0x08000f10   0x08000f10   0x00000034   Code   RO           40    .text.RCC_Get_APB2_Clock  rcc.o
    0x08000f44   0x08000f44   0x00000034   Code   RO           36    .text.RCC_Get_HCLK  rcc.o
    0x08000f78   0x08000f78   0x000000d4   Code   RO           34    .text.RCC_Get_SYS_CLK  rcc.o
    0x0800104c   0x0800104c   0x000000b2   Code   RO           30    .text.RCC_HSE_Clock_Config  rcc.o
    0x080010fe   0x080010fe   0x00000002   PAD
    0x08001100   0x08001100   0x00000068   Code   RO           32    .text.RCC_LSE_Clock_Config  rcc.o
    0x08001168   0x08001168   0x00000012   Code   RO          449    .text.SystemInit    system_stm32f4xx.o
    0x0800117a   0x0800117a   0x00000002   PAD
    0x0800117c   0x0800117c   0x00000018   Code   RO          186    .text.TIM1_TRG_COM_TIM11_IRQHandler  timebase.o
    0x08001194   0x08001194   0x00000056   Code   RO           74    .text.TIM1_UP_TIM10_IRQHandler  debug.o
    0x080011ea   0x080011ea   0x00000002   PAD
    0x080011ec   0x080011ec   0x00000004   Code   RO          184    .text.Timebase_Atomic_Operation_End  timebase.o
    0x080011f0   0x080011f0   0x00000004   Code   RO          182    .text.Timebase_Atomic_Operation_Start  timebase.o
    0x080011f4   0x080011f4   0x0000002c   Code   RO          314    .text.Timebase_DownCounter_Clear_Period_Flag  timebase.o
    0x08001220   0x08001220   0x00000024   Code   RO          302    .text.Timebase_DownCounter_Get_EndValue  timebase.o
    0x08001244   0x08001244   0x00000024   Code   RO          316    .text.Timebase_DownCounter_Get_ReloadValue  timebase.o
    0x08001268   0x08001268   0x00000028   Code   RO          294    .text.Timebase_DownCounter_Get_Status  timebase.o
    0x08001290   0x08001290   0x00000024   Code   RO          298    .text.Timebase_DownCounter_Get_Value  timebase.o
    0x080012b4   0x080012b4   0x0000003e   Code   RO          320    .text.Timebase_DownCounter_Reset  timebase.o
    0x080012f2   0x080012f2   0x00000002   PAD
    0x080012f4   0x080012f4   0x00000030   Code   RO          352    .text.Timebase_DownCounter_Reset_All  timebase.o
    0x08001324   0x08001324   0x00000014   Code   RO          262    .text.Timebase_DownCounter_SS_Clear_All_Flags  timebase.o
    0x08001338   0x08001338   0x0000002c   Code   RO          254    .text.Timebase_DownCounter_SS_Clear_Period_Flag  timebase.o
    0x08001364   0x08001364   0x0000004a   Code   RO          280    .text.Timebase_DownCounter_SS_Continuous_Expired_Event  timebase.o
    0x080013ae   0x080013ae   0x00000002   PAD
    0x080013b0   0x080013b0   0x00000022   Code   RO          238    .text.Timebase_DownCounter_SS_Get_EndValueSec  timebase.o
    0x080013d2   0x080013d2   0x00000002   PAD
    0x080013d4   0x080013d4   0x00000022   Code   RO          240    .text.Timebase_DownCounter_SS_Get_EndValueSubSec  timebase.o
    0x080013f6   0x080013f6   0x00000002   PAD
    0x080013f8   0x080013f8   0x00000022   Code   RO          256    .text.Timebase_DownCounter_SS_Get_ReloadValue  timebase.o
    0x0800141a   0x0800141a   0x00000002   PAD
    0x0800141c   0x0800141c   0x00000028   Code   RO          230    .text.Timebase_DownCounter_SS_Get_Status  timebase.o
    0x08001444   0x08001444   0x00000022   Code   RO          234    .text.Timebase_DownCounter_SS_Get_Value  timebase.o
    0x08001466   0x08001466   0x00000002   PAD
    0x08001468   0x08001468   0x00000048   Code   RO          260    .text.Timebase_DownCounter_SS_Reset  timebase.o
    0x080014b0   0x080014b0   0x00000030   Code   RO          292    .text.Timebase_DownCounter_SS_Reset_All  timebase.o
    0x080014e0   0x080014e0   0x00000026   Code   RO          242    .text.Timebase_DownCounter_SS_Set_EndValueSec  timebase.o
    0x08001506   0x08001506   0x00000002   PAD
    0x08001508   0x08001508   0x00000026   Code   RO          244    .text.Timebase_DownCounter_SS_Set_EndValueSubSec  timebase.o
    0x0800152e   0x0800152e   0x00000002   PAD
    0x08001530   0x08001530   0x00000026   Code   RO          258    .text.Timebase_DownCounter_SS_Set_ReloadValue  timebase.o
    0x08001556   0x08001556   0x00000002   PAD
    0x08001558   0x08001558   0x000000ba   Code   RO          268    .text.Timebase_DownCounter_SS_Set_Securely  timebase.o
    0x08001612   0x08001612   0x00000002   PAD
    0x08001614   0x08001614   0x0000003c   Code   RO          232    .text.Timebase_DownCounter_SS_Set_Status  timebase.o
    0x08001650   0x08001650   0x00000026   Code   RO          236    .text.Timebase_DownCounter_SS_Set_Value  timebase.o
    0x08001676   0x08001676   0x00000002   PAD
    0x08001678   0x08001678   0x00000026   Code   RO          264    .text.Timebase_DownCounter_SS_Start  timebase.o
    0x0800169e   0x0800169e   0x00000002   PAD
    0x080016a0   0x080016a0   0x00000106   Code   RO          272    .text.Timebase_DownCounter_SS_Update  timebase.o
    0x080017a6   0x080017a6   0x00000002   PAD
    0x080017a8   0x080017a8   0x00000030   Code   RO          290    .text.Timebase_DownCounter_SS_Update_All  timebase.o
    0x080017d8   0x080017d8   0x00000028   Code   RO          304    .text.Timebase_DownCounter_Set_EndValue  timebase.o
    0x08001800   0x08001800   0x00000028   Code   RO          318    .text.Timebase_DownCounter_Set_ReloadValue  timebase.o
    0x08001828   0x08001828   0x0000003c   Code   RO          296    .text.Timebase_DownCounter_Set_Status  timebase.o
    0x08001864   0x08001864   0x00000028   Code   RO          300    .text.Timebase_DownCounter_Set_Value  timebase.o
    0x0800188c   0x0800188c   0x0000009c   Code   RO          332    .text.Timebase_DownCounter_Update  timebase.o
    0x08001928   0x08001928   0x00000030   Code   RO          350    .text.Timebase_DownCounter_Update_All  timebase.o
    0x08001958   0x08001958   0x0000005c   Code   RO          188    .text.Timebase_ISR_Executables  timebase.o
    0x080019b4   0x080019b4   0x0000001c   Code   RO          360    .text.Timebase_Init  timebase.o
    0x080019d0   0x080019d0   0x00000080   Code   RO          362    .text.Timebase_Main_Loop_Executables  timebase.o
    0x08001a50   0x08001a50   0x0000000c   Code   RO          356    .text.Timebase_Reset  timebase.o
    0x08001a5c   0x08001a5c   0x00000168   Code   RO          172    .text.Timebase_Struct_Init  timebase.o
    0x08001bc4   0x08001bc4   0x000000a4   Code   RO          174    .text.Timebase_Timer_Enable  timebase.o
    0x08001c68   0x08001c68   0x0000000e   Code   RO          198    .text.Timebase_Timer_Get_Seconds  timebase.o
    0x08001c76   0x08001c76   0x00000002   PAD
    0x08001c78   0x08001c78   0x0000000e   Code   RO          196    .text.Timebase_Timer_Get_SubSeconds  timebase.o
    0x08001c86   0x08001c86   0x00000002   PAD
    0x08001c88   0x08001c88   0x00000048   Code   RO          214    .text.Timebase_Timer_Sync_With_Shadow_Variables  timebase.o
    0x08001cd0   0x08001cd0   0x00000070   Code   RO           82    .text.USART2_IRQHandler  debug.o
    0x08001d40   0x08001d40   0x00000030   Code   RO           58    .text.__NVIC_EnableIRQ  debug.o
    0x08001d70   0x08001d70   0x00000030   Code   RO          178    .text.__NVIC_EnableIRQ  timebase.o
    0x08001da0   0x08001da0   0x00000042   Code   RO           60    .text.__NVIC_SetPriority  debug.o
    0x08001de2   0x08001de2   0x00000002   PAD
    0x08001de4   0x08001de4   0x00000042   Code   RO          176    .text.__NVIC_SetPriority  timebase.o
    0x08001e26   0x08001e26   0x00000002   PAD
    0x08001e28   0x08001e28   0x00000014   Code   RO            2    .text.main          main.o
    0x08001e3c   0x08001e3c   0x0000001a   Code   RO          555    x$fpl$fpinit        fz_wm.l(fpinit.o)
    0x08001e56   0x08001e56   0x00000008   Data   RO           43    .rodata.RCC_Get_APB1_Clock.apb_presc_table  rcc.o
    0x08001e5e   0x08001e5e   0x00000008   Data   RO           44    .rodata.RCC_Get_APB2_Clock.apb_presc_table  rcc.o
    0x08001e66   0x08001e66   0x00000010   Data   RO           42    .rodata.RCC_Get_HCLK.ahb_presc_table  rcc.o
    0x08001e76   0x08001e76   0x00000002   PAD
    0x08001e78   0x08001e78   0x00000010   Data   RO          630    Region$$Table       anon$$obj.o


    Execution Region RW_IRAM1 (Exec base: 0x20000000, Load base: 0x08001e88, Size: 0x00000a10, Max: 0x00010000, ABSOLUTE)

    Exec Addr    Load Addr    Size         Type   Attr      Idx    E Section Name        Object

    0x20000000        -       0x00000060   Zero   RW          495    .bss                c_w.l(libspace.o)
    0x20000060        -       0x0000008d   Zero   RW          164    .bss.Debug          debug.o
    0x200000ed   0x08001e88   0x00000003   PAD
    0x200000f0        -       0x00000004   Zero   RW          367    .bss.Timebase       timebase.o
    0x200000f4        -       0x00000318   Zero   RW          366    .bss.Timebase_type  timebase.o
    0x2000040c   0x08001e88   0x00000004   PAD
    0x20000410        -       0x00000200   Zero   RW          440    HEAP                startup_stm32f401xc.o
    0x20000610        -       0x00000400   Zero   RW          439    STACK               startup_stm32f401xc.o


==============================================================================

Image component sizes


      Code (inc. data)   RO Data    RW Data    ZI Data      Debug   Object Name

       408          0          0          0          0       1850   app.o
      1130          0          0          0        141      13114   debug.o
       434          0          0          0          0       3306   gpio.o
      1360          0          0          0          0       6959   i2c1.o
        20          0          0          0          0        423   main.o
       650          0         32          0          0       3106   rcc.o
        64         26        404          0       1536        952   startup_stm32f401xc.o
        18          0          0          0          0       2875   system_stm32f4xx.o
      2896          0          0          0        796      22469   timebase.o

    ----------------------------------------------------------------------
      7036         26        454          0       2480      55054   Object Totals
         0          0         16          0          0          0   (incl. Generated)
        56          0          2          0          7          0   (incl. Padding)

    ----------------------------------------------------------------------

      Code (inc. data)   RO Data    RW Data    ZI Data      Debug   Library Member Name

         8          0          0          0          0         68   __main.o
         0          0          0          0          0          0   __rtentry.o
        12          0          0          0          0          0   __rtentry2.o
         6          0          0          0          0          0   __rtentry4.o
        94          8          0          0          0          0   __scatter.o
        28          0          0          0          0          0   __scatter_zi.o
        18          0          0          0          0         80   exit.o
         6          0          0          0          0        152   heapauxi.o
         0          0          0          0          0          0   indicate_semi.o
         2          0          0          0          0          0   libinit.o
         6          0          0          0          0          0   libinit2.o
         2          0          0          0          0          0   libshutdown.o
         2          0          0          0          0          0   libshutdown2.o
         8          4          0          0         96         68   libspace.o
         2          0          0          0          0          0   rtexit.o
        10          0          0          0          0          0   rtexit2.o
        12          4          0          0          0         68   sys_exit.o
        74          0          0          0          0         80   sys_stackheap_outer.o
         2          0          0          0          0         68   use_no_semi.o
        26          0          0          0          0        116   fpinit.o

    ----------------------------------------------------------------------
       326         16          0          0         96        700   Library Totals
         8          0          0          0          0          0   (incl. Padding)

    ----------------------------------------------------------------------

      Code (inc. data)   RO Data    RW Data    ZI Data      Debug   Library Name

       292         16          0          0         96        584   c_w.l
        26          0          0          0          0        116   fz_wm.l

    ----------------------------------------------------------------------
       326         16          0          0         96        700   Library Totals

    ----------------------------------------------------------------------

==============================================================================


      Code (inc. data)   RO Data    RW Data    ZI Data      Debug   

      7362         42        454          0       2576      55458   Grand Totals
      7362         42        454          0       2576      55458   ELF Image Totals
      7362         42        454          0          0          0   ROM Totals

==============================================================================

    Total RO  Size (Code + RO Data)                 7816 (   7.63kB)
    Total RW  Size (RW Data + ZI Data)              2576 (   2.52kB)
    Total ROM Size (Code + RO Data + RW Data)       7816 (   7.63kB)

==============================================================================

