Component: Arm Compiler for Embedded 6.23 Tool: armlink [5f102400]

==============================================================================

Section Cross References

    main.o(.text.main) refers to app.o(.text.App_Setup) for App_Setup
    main.o(.text.main) refers to app.o(.text.App_Main_Loop) for App_Main_Loop
    main.o(.ARM.exidx.text.main) refers to main.o(.text.main) for [Anonymous Symbol]
    gpio.o(.ARM.exidx.text.GPIO_EnableClock) refers to gpio.o(.text.GPIO_EnableClock) for [Anonymous Symbol]
    gpio.o(.ARM.exidx.text.GPIO_Init) refers to gpio.o(.text.GPIO_Init) for [Anonymous Symbol]
    gpio.o(.ARM.exidx.text.GPIO_SetPin) refers to gpio.o(.text.GPIO_SetPin) for [Anonymous Symbol]
    gpio.o(.ARM.exidx.text.GPIO_ResetPin) refers to gpio.o(.text.GPIO_ResetPin) for [Anonymous Symbol]
    gpio.o(.ARM.exidx.text.GPIO_TogglePin) refers to gpio.o(.text.GPIO_TogglePin) for [Anonymous Symbol]
    gpio.o(.ARM.exidx.text.GPIO_ReadPin) refers to gpio.o(.text.GPIO_ReadPin) for [Anonymous Symbol]
    rcc.o(.ARM.exidx.text.RCC_HSE_Clock_Config) refers to rcc.o(.text.RCC_HSE_Clock_Config) for [Anonymous Symbol]
    rcc.o(.ARM.exidx.text.RCC_LSE_Clock_Config) refers to rcc.o(.text.RCC_LSE_Clock_Config) for [Anonymous Symbol]
    rcc.o(.ARM.exidx.text.RCC_Get_SYS_CLK) refers to rcc.o(.text.RCC_Get_SYS_CLK) for [Anonymous Symbol]
    rcc.o(.text.RCC_Get_HCLK) refers to rcc.o(.text.RCC_Get_SYS_CLK) for RCC_Get_SYS_CLK
    rcc.o(.text.RCC_Get_HCLK) refers to rcc.o(.rodata.RCC_Get_HCLK.ahb_presc_table) for RCC_Get_HCLK.ahb_presc_table
    rcc.o(.ARM.exidx.text.RCC_Get_HCLK) refers to rcc.o(.text.RCC_Get_HCLK) for [Anonymous Symbol]
    rcc.o(.text.RCC_Get_APB1_Clock) refers to rcc.o(.text.RCC_Get_HCLK) for RCC_Get_HCLK
    rcc.o(.text.RCC_Get_APB1_Clock) refers to rcc.o(.rodata.RCC_Get_APB1_Clock.apb_presc_table) for RCC_Get_APB1_Clock.apb_presc_table
    rcc.o(.ARM.exidx.text.RCC_Get_APB1_Clock) refers to rcc.o(.text.RCC_Get_APB1_Clock) for [Anonymous Symbol]
    rcc.o(.text.RCC_Get_APB2_Clock) refers to rcc.o(.text.RCC_Get_HCLK) for RCC_Get_HCLK
    rcc.o(.text.RCC_Get_APB2_Clock) refers to rcc.o(.rodata.RCC_Get_APB2_Clock.apb_presc_table) for RCC_Get_APB2_Clock.apb_presc_table
    rcc.o(.ARM.exidx.text.RCC_Get_APB2_Clock) refers to rcc.o(.text.RCC_Get_APB2_Clock) for [Anonymous Symbol]
    debug.o(.text.Debug_Struct_Init) refers to debug.o(.bss.Debug) for Debug
    debug.o(.ARM.exidx.text.Debug_Struct_Init) refers to debug.o(.text.Debug_Struct_Init) for [Anonymous Symbol]
    debug.o(.ARM.exidx.text.Debug_GPIO_Init) refers to debug.o(.text.Debug_GPIO_Init) for [Anonymous Symbol]
    debug.o(.text.Debug_Reg_Init) refers to rcc.o(.text.RCC_Get_APB1_Clock) for RCC_Get_APB1_Clock
    debug.o(.text.Debug_Reg_Init) refers to debug.o(.text.__NVIC_EnableIRQ) for __NVIC_EnableIRQ
    debug.o(.text.Debug_Reg_Init) refers to debug.o(.text.__NVIC_SetPriority) for __NVIC_SetPriority
    debug.o(.ARM.exidx.text.Debug_Reg_Init) refers to debug.o(.text.Debug_Reg_Init) for [Anonymous Symbol]
    debug.o(.ARM.exidx.text.__NVIC_EnableIRQ) refers to debug.o(.text.__NVIC_EnableIRQ) for [Anonymous Symbol]
    debug.o(.ARM.exidx.text.__NVIC_SetPriority) refers to debug.o(.text.__NVIC_SetPriority) for [Anonymous Symbol]
    debug.o(.text.Debug_Timer_Init) refers to rcc.o(.text.RCC_Get_APB2_Clock) for RCC_Get_APB2_Clock
    debug.o(.text.Debug_Timer_Init) refers to debug.o(.text.__NVIC_EnableIRQ) for __NVIC_EnableIRQ
    debug.o(.text.Debug_Timer_Init) refers to debug.o(.text.__NVIC_SetPriority) for __NVIC_SetPriority
    debug.o(.ARM.exidx.text.Debug_Timer_Init) refers to debug.o(.text.Debug_Timer_Init) for [Anonymous Symbol]
    debug.o(.text.Debug_Timer_Enable) refers to debug.o(.bss.Debug) for Debug
    debug.o(.ARM.exidx.text.Debug_Timer_Enable) refers to debug.o(.text.Debug_Timer_Enable) for [Anonymous Symbol]
    debug.o(.text.Debug_Timer_Disable) refers to debug.o(.bss.Debug) for Debug
    debug.o(.ARM.exidx.text.Debug_Timer_Disable) refers to debug.o(.text.Debug_Timer_Disable) for [Anonymous Symbol]
    debug.o(.text.Debug_Get_Timer_Status) refers to debug.o(.bss.Debug) for Debug
    debug.o(.ARM.exidx.text.Debug_Get_Timer_Status) refers to debug.o(.text.Debug_Get_Timer_Status) for [Anonymous Symbol]
    debug.o(.ARM.exidx.text.Debug_Get_Counter_Val) refers to debug.o(.text.Debug_Get_Counter_Val) for [Anonymous Symbol]
    debug.o(.ARM.exidx.text.Debug_Counter_Reset) refers to debug.o(.text.Debug_Counter_Reset) for [Anonymous Symbol]
    debug.o(.text.TIM1_UP_TIM10_IRQHandler) refers to debug.o(.bss.Debug) for Debug
    debug.o(.text.TIM1_UP_TIM10_IRQHandler) refers to debug.o(.text.Debug_Timer_Disable) for Debug_Timer_Disable
    debug.o(.text.TIM1_UP_TIM10_IRQHandler) refers to debug.o(.text.Debug_Get_Buf_Index) for Debug_Get_Buf_Index
    debug.o(.ARM.exidx.text.TIM1_UP_TIM10_IRQHandler) refers to debug.o(.text.TIM1_UP_TIM10_IRQHandler) for [Anonymous Symbol]
[...]
    ../clib/longlong.s                       0x00000000   Number         0  lludiv10.o ABSOLUTE
    ../clib/longlong.s                       0x00000000   Number         0  llushr.o ABSOLUTE
    ../clib/memcpset.s                       0x00000000   Number         0  strcmpv7em.o ABSOLUTE
    ../clib/misc.s                           0x00000000   Number         0  printf_stubs.o ABSOLUTE
    ../clib/printf.c                         0x00000000   Number         0  sprintf.o ABSOLUTE
    ../clib/printf.c                         0x00000000   Number         0  __printf.o ABSOLUTE
    ../clib/printf.c                         0x00000000   Number         0  _printf_pad.o ABSOLUTE
    ../clib/printf.c                         0x00000000   Number         0  _printf_truncate.o ABSOLUTE
    ../clib/printf.c                         0x00000000   Number         0  _printf_str.o ABSOLUTE
    ../clib/printf.c                         0x00000000   Number         0  _printf_dec.o ABSOLUTE
    ../clib/printf.c                         0x00000000   Number         0  _printf_charcount.o ABSOLUTE
    ../clib/printf.c                         0x00000000   Number         0  _printf_char_common.o ABSOLUTE
    ../clib/printf.c                         0x00000000   Number         0  _sputc.o ABSOLUTE
    ../clib/printf.c                         0x00000000   Number         0  _printf_wctomb.o ABSOLUTE
    ../clib/printf.c                         0x00000000   Number         0  _printf_longlong_dec.o ABSOLUTE
    ../clib/printf.c                         0x00000000   Number         0  _printf_oct_ll.o ABSOLUTE
    ../clib/printf.c                         0x00000000   Number         0  _printf_oct_int.o ABSOLUTE
    ../clib/printf.c                         0x00000000   Number         0  _printf_oct_int_ll.o ABSOLUTE
    ../clib/printf.c                         0x00000000   Number         0  _printf_hex_ll.o ABSOLUTE
    ../clib/printf.c                         0x00000000   Number         0  _printf_hex_int.o ABSOLUTE
    ../clib/printf.c                         0x00000000   Number         0  _printf_hex_int_ll.o ABSOLUTE
    ../clib/printf.c                         0x00000000   Number         0  _printf_hex_ptr.o ABSOLUTE
    ../clib/printf.c                         0x00000000   Number         0  _printf_hex_int_ptr.o ABSOLUTE
    ../clib/printf.c                         0x00000000   Number         0  _printf_hex_ll_ptr.o ABSOLUTE
    ../clib/printf.c                         0x00000000   Number         0  _printf_hex_int_ll_ptr.o ABSOLUTE
    ../clib/printf.c                         0x00000000   Number         0  __printf_flags.o ABSOLUTE
    ../clib/printf.c                         0x00000000   Number         0  __printf_ss.o ABSOLUTE
    ../clib/printf.c                         0x00000000   Number         0  __printf_flags_ss.o ABSOLUTE
    ../clib/printf.c                         0x00000000   Number         0  __printf_wp.o ABSOLUTE
    ../clib/printf.c                         0x00000000   Number         0  __printf_flags_wp.o ABSOLUTE
    ../clib/printf.c                         0x00000000   Number         0  __printf_ss_wp.o ABSOLUTE
    ../clib/printf.c                         0x00000000   Number         0  __printf_flags_ss_wp.o ABSOLUTE
    ../clib/printf.c                         0x00000000   Number         0  _printf_intcommon.o ABSOLUTE
    ../clib/printf.c                         0x00000000   Number         0  _printf_fp_dec.o ABSOLUTE
    ../clib/printf.c                         0x00000000   Number         0  _printf_fp_dec_accurate.o ABSOLUTE
    ../clib/printf.c                         0x00000000   Number         0  _printf_fp_hex.o ABSOLUTE
    ../clib/printf.c                         0x00000000   Number         0  __printf_nopercent.o ABSOLUTE
    ../clib/printf.c                         0x00000000   Number         0  _printf_char.o ABSOLUTE
    ../clib/printf.c                         0x00000000   Number         0  _printf_wchar.o ABSOLUTE
    ../clib/printf.c                         0x00000000   Number         0  _printf_fp_infnan.o ABSOLUTE
    ../clib/printf_percent.s                 0x00000000   Number         0  _printf_c.o ABSOLUTE
    ../clib/printf_percent.s                 0x00000000   Number         0  _printf_s.o ABSOLUTE
    ../clib/printf_percent.s                 0x00000000   Number         0  _printf_n.o ABSOLUTE
    ../clib/printf_percent.s                 0x00000000   Number         0  _printf_x.o ABSOLUTE
    ../clib/printf_percent.s                 0x00000000   Number         0  _printf_p.o ABSOLUTE
    ../clib/printf_percent.s                 0x00000000   Number         0  _printf_o.o ABSOLUTE
    ../clib/printf_percent.s                 0x00000000   Number         0  _printf_i.o ABSOLUTE
    ../clib/printf_percent.s                 0x00000000   Number         0  _printf_d.o ABSOLUTE
    ../clib/printf_percent.s                 0x00000000   Number         0  _printf_u.o ABSOLUTE
    ../clib/printf_percent.s                 0x00000000   Number         0  _printf_f.o ABSOLUTE
    ../clib/printf_percent.s                 0x00000000   Number         0  _printf_e.o ABSOLUTE
    ../clib/printf_percent.s                 0x00000000   Number         0  _printf_g.o ABSOLUTE
    ../clib/printf_percent.s                 0x00000000   Number         0  _printf_a.o ABSOLUTE
    ../clib/printf_percent.s                 0x00000000   Number         0  _printf_percent.o ABSOLUTE
    ../clib/printf_percent.s                 0x00000000   Number         0  _printf_lli.o ABSOLUTE
    ../clib/printf_percent.s                 0x00000000   Number         0  _printf_lld.o ABSOLUTE
    ../clib/printf_percent.s                 0x00000000   Number         0  _printf_llu.o ABSOLUTE
    ../clib/printf_percent.s                 0x00000000   Number         0  _printf_ll.o ABSOLUTE
    ../clib/printf_percent.s                 0x00000000   Number         0  _printf_l.o ABSOLUTE
    ../clib/printf_percent.s                 0x00000000   Number         0  _printf_lc.o ABSOLUTE
    ../clib/printf_percent.s                 0x00000000   Number         0  _printf_ls.o ABSOLUTE
    ../clib/printf_percent.s                 0x00000000   Number         0  _printf_llo.o ABSOLUTE
    ../clib/printf_percent.s                 0x00000000   Number         0  _printf_llx.o ABSOLUTE
    ../clib/printf_percent.s                 0x00000000   Number         0  _printf_percent_end.o ABSOLUTE
    ../clib/signal.c                         0x00000000   Number         0  defsig_rtmem_outer.o ABSOLUTE
    ../clib/signal.c                         0x00000000   Number         0  defsig_rtmem_formal.o ABSOLUTE
    ../clib/signal.c                         0x00000000   Number         0  defsig_exit.o ABSOLUTE
    ../clib/signal.c                         0x00000000   Number         0  defsig_rtmem_inner.o ABSOLUTE
    ../clib/signal.c                         0x00000000   Number         0  __raise.o ABSOLUTE
    ../clib/signal.c                         0x00000000   Number         0  defsig_general.o ABSOLUTE
    ../clib/signal.c                         0x00000000   Number         0  defsig_abrt_inner.o ABSOLUTE
    ../clib/signal.c                         0x00000000   Number         0  defsig_fpe_inner.o ABSOLUTE
    ../clib/signal.c                         0x00000000   Number         0  defsig_rtred_inner.o ABSOLUTE
    ../clib/signal.c                         0x00000000   Number         0  defsig_stak_inner.o ABSOLUTE
    ../clib/signal.c                         0x00000000   Number         0  defsig_pvfn_inner.o ABSOLUTE
    ../clib/signal.c                         0x00000000   Number         0  defsig_cppl_inner.o ABSOLUTE
    ../clib/signal.c                         0x00000000   Number         0  defsig_segv_inner.o ABSOLUTE
    ../clib/signal.c                         0x00000000   Number         0  defsig_other.o ABSOLUTE
    ../clib/signal.s                         0x00000000   Number         0  defsig.o ABSOLUTE
    ../clib/stdlib.c                         0x00000000   Number         0  exit.o ABSOLUTE
    ../clib/string.c                         0x00000000   Number         0  strlen.o ABSOLUTE
    ../fplib/fpinit.s                        0x00000000   Number         0  fpinit.o ABSOLUTE
    ../fplib/istatus.s                       0x00000000   Number         0  istatus.o ABSOLUTE
    ../fplib/printf1.s                       0x00000000   Number         0  printf1.o ABSOLUTE
    ../fplib/printf2.s                       0x00000000   Number         0  printf2.o ABSOLUTE
    ../fplib/printf2a.s                      0x00000000   Number         0  printf2a.o ABSOLUTE
    ../fplib/printf2b.s                      0x00000000   Number         0  printf2b.o ABSOLUTE
    ../fplib/usenofp.s                       0x00000000   Number         0  usenofp.o ABSOLUTE
    ../mathlib/cosf.c                        0x00000000   Number         0  cosf.o ABSOLUTE
    ../mathlib/fpclassify.c                  0x00000000   Number         0  fpclassify.o ABSOLUTE
    ../mathlib/fpclassifyf.c                 0x00000000   Number         0  fpclassifyf.o ABSOLUTE
    ../mathlib/funder.c                      0x00000000   Number         0  funder.o ABSOLUTE
    ../mathlib/rredf.c                       0x00000000   Number         0  rredf.o ABSOLUTE
    ../mathlib/sinf.c                        0x00000000   Number         0  sinf.o ABSOLUTE
    RTE/Device/STM32F401RCTx/startup_stm32f401xc.s 0x00000000   Number         0  startup_stm32f401xc.o ABSOLUTE
    animation.c                              0x00000000   Number         0  animation.o ABSOLUTE
    app.c                                    0x00000000   Number         0  app.o ABSOLUTE
    dc.s                                     0x00000000   Number         0  dc.o ABSOLUTE
    debug.c                                  0x00000000   Number         0  debug.o ABSOLUTE
    font5x7_data.c                           0x00000000   Number         0  font5x7_data.o ABSOLUTE
    gpio.c                                   0x00000000   Number         0  gpio.o ABSOLUTE
    i2c1.c                                   0x00000000   Number         0  i2c1.o ABSOLUTE
    main.c                                   0x00000000   Number         0  main.o ABSOLUTE
    microtimer.c                             0x00000000   Number         0  microtimer.o ABSOLUTE
    oled.c                                   0x00000000   Number         0  oled.o ABSOLUTE
    rcc.c                                    0x00000000   Number         0  rcc.o ABSOLUTE
    robot_eye.c                              0x00000000   Number         0  robot_eye.o ABSOLUTE
    system_stm32f4xx.c                       0x00000000   Number         0  system_stm32f4xx.o ABSOLUTE
    timebase.c                               0x00000000   Number         0  timebase.o ABSOLUTE
    RESET                                    0x08000000   Section      404  startup_stm32f401xc.o(RESET)
    !!!main                                  0x08000194   Section        8  __main.o(!!!main)
    !!!scatter                               0x0800019c   Section       92  __scatter.o(!!!scatter)
    !!handler_null                           0x080001f8   Section        2  __scatter.o(!!handler_null)
    !!handler_zi                             0x080001fc   Section       28  __scatter_zi.o(!!handler_zi)
    .ARM.Collect$$libinit$$00000000          0x08000218   Section        2  libinit.o(.ARM.Collect$$libinit$$00000000)
    .ARM.Collect$$libinit$$00000001          0x0800021a   Section        4  libinit2.o(.ARM.Collect$$libinit$$00000001)
    .ARM.Collect$$libinit$$00000004          0x0800021e   Section        0  libinit2.o(.ARM.Collect$$libinit$$00000004)
    .ARM.Collect$$libinit$$00000006          0x0800021e   Section        0  libinit2.o(.ARM.Collect$$libinit$$00000006)
    .ARM.Collect$$libinit$$0000000C          0x0800021e   Section        0  libinit2.o(.ARM.Collect$$libinit$$0000000C)
    .ARM.Collect$$libinit$$0000000E          0x0800021e   Section        0  libinit2.o(.ARM.Collect$$libinit$$0000000E)
    .ARM.Collect$$libinit$$00000010          0x0800021e   Section        0  libinit2.o(.ARM.Collect$$libinit$$00000010)
    .ARM.Collect$$libinit$$00000013          0x0800021e   Section        0  libinit2.o(.ARM.Collect$$libinit$$00000013)
    .ARM.Collect$$libinit$$00000015          0x0800021e   Section        0  libinit2.o(.ARM.Collect$$libinit$$00000015)
    .ARM.Collect$$libinit$$00000017          0x0800021e   Section        0  libinit2.o(.ARM.Collect$$libinit$$00000017)
    .ARM.Collect$$libinit$$00000019          0x0800021e   Section        0  libinit2.o(.ARM.Collect$$libinit$$00000019)
    .ARM.Collect$$libinit$$0000001B          0x0800021e   Section        0  libinit2.o(.ARM.Collect$$libinit$$0000001B)
    .ARM.Collect$$libinit$$0000001D          0x0800021e   Section        0  libinit2.o(.ARM.Collect$$libinit$$0000001D)
    .ARM.Collect$$libinit$$0000001F          0x0800021e   Section        0  libinit2.o(.ARM.Collect$$libinit$$0000001F)
    .ARM.Collect$$libinit$$00000021          0x0800021e   Section        0  libinit2.o(.ARM.Collect$$libinit$$00000021)
    .ARM.Collect$$libinit$$00000023          0x0800021e   Section        0  libinit2.o(.ARM.Collect$$libinit$$00000023)
    .ARM.Collect$$libinit$$00000025          0x0800021e   Section        0  libinit2.o(.ARM.Collect$$libinit$$00000025)
    .ARM.Collect$$libinit$$00000027          0x0800021e   Section        0  libinit2.o(.ARM.Collect$$libinit$$00000027)
    .ARM.Collect$$libinit$$0000002E          0x0800021e   Section        0  libinit2.o(.ARM.Collect$$libinit$$0000002E)
    .ARM.Collect$$libinit$$00000030          0x0800021e   Section        0  libinit2.o(.ARM.Collect$$libinit$$00000030)
    .ARM.Collect$$libinit$$00000032          0x0800021e   Section        0  libinit2.o(.ARM.Collect$$libinit$$00000032)
    .ARM.Collect$$libinit$$00000034          0x0800021e   Section        0  libinit2.o(.ARM.Collect$$libinit$$00000034)
    .ARM.Collect$$libinit$$00000035          0x0800021e   Section        2  libinit2.o(.ARM.Collect$$libinit$$00000035)
    .ARM.Collect$$libshutdown$$00000000      0x08000220   Section        2  libshutdown.o(.ARM.Collect$$libshutdown$$00000000)
    .ARM.Collect$$libshutdown$$00000002      0x08000222   Section        0  libshutdown2.o(.ARM.Collect$$libshutdown$$00000002)
    .ARM.Collect$$libshutdown$$00000004      0x08000222   Section        0  libshutdown2.o(.ARM.Collect$$libshutdown$$00000004)
    .ARM.Collect$$libshutdown$$00000007      0x08000222   Section        0  libshutdown2.o(.ARM.Collect$$libshutdown$$00000007)
    .ARM.Collect$$libshutdown$$0000000A      0x08000222   Section        0  libshutdown2.o(.ARM.Collect$$libshutdown$$0000000A)
    .ARM.Collect$$libshutdown$$0000000C      0x08000222   Section        0  libshutdown2.o(.ARM.Collect$$libshutdown$$0000000C)
    .ARM.Collect$$libshutdown$$0000000F      0x08000222   Section        0  libshutdown2.o(.ARM.Collect$$libshutdown$$0000000F)
    .ARM.Collect$$libshutdown$$00000010      0x08000222   Section        2  libshutdown2.o(.ARM.Collect$$libshutdown$$00000010)
    .ARM.Collect$$rtentry$$00000000          0x08000224   Section        0  __rtentry.o(.ARM.Collect$$rtentry$$00000000)
    .ARM.Collect$$rtentry$$00000002          0x08000224   Section        0  __rtentry2.o(.ARM.Collect$$rtentry$$00000002)
    .ARM.Collect$$rtentry$$00000004          0x08000224   Section        6  __rtentry4.o(.ARM.Collect$$rtentry$$00000004)
    .ARM.Collect$$rtentry$$00000009          0x0800022a   Section        0  __rtentry2.o(.ARM.Collect$$rtentry$$00000009)
    .ARM.Collect$$rtentry$$0000000A          0x0800022a   Section        4  __rtentry2.o(.ARM.Collect$$rtentry$$0000000A)
    .ARM.Collect$$rtentry$$0000000C          0x0800022e   Section        0  __rtentry2.o(.ARM.Collect$$rtentry$$0000000C)
    .ARM.Collect$$rtentry$$0000000D          0x0800022e   Section        8  __rtentry2.o(.ARM.Collect$$rtentry$$0000000D)
    .ARM.Collect$$rtexit$$00000000           0x08000236   Section        2  rtexit.o(.ARM.Collect$$rtexit$$00000000)
    .ARM.Collect$$rtexit$$00000002           0x08000238   Section        0  rtexit2.o(.ARM.Collect$$rtexit$$00000002)
    .ARM.Collect$$rtexit$$00000003           0x08000238   Section        4  rtexit2.o(.ARM.Collect$$rtexit$$00000003)
    .ARM.Collect$$rtexit$$00000004           0x0800023c   Section        6  rtexit2.o(.ARM.Collect$$rtexit$$00000004)
    $v0                                      0x08000244   Number         0  startup_stm32f401xc.o(.text)
    .text                                    0x08000244   Section       64  startup_stm32f401xc.o(.text)
    .text                                    0x08000284   Section        0  heapauxi.o(.text)
    .text                                    0x0800028c   Section        8  libspace.o(.text)
    .text                                    0x08000294   Section       74  sys_stackheap_outer.o(.text)
    .text                                    0x080002de   Section        0  exit.o(.text)
    .text                                    0x080002f0   Section        0  sys_exit.o(.text)
    .text                                    0x080002fc   Section        2  use_no_semi.o(.text)
    .text                                    0x080002fe   Section        0  indicate_semi.o(.text)
    [Anonymous Symbol]                       0x08000300   Section        0  app.o(.text.App_Main_Loop)
    [Anonymous Symbol]                       0x08000348   Section        0  app.o(.text.App_Setup)
    ClearEyes                                0x080003f9   Thumb Code    54  robot_eye.o(.text.ClearEyes)
    [Anonymous Symbol]                       0x080003f8   Section        0  robot_eye.o(.text.ClearEyes)
    [Anonymous Symbol]                       0x08000430   Section        0  i2c1.o(.text.DMA1_Stream6_IRQHandler)
    [Anonymous Symbol]                       0x08000478   Section        0  debug.o(.text.Debug_Counter_Reset)
    [Anonymous Symbol]                       0x08000488   Section        0  debug.o(.text.Debug_Determine_Digit_Numbers)
    [Anonymous Symbol]                       0x0800050c   Section        0  debug.o(.text.Debug_GPIO_Init)
    [Anonymous Symbol]                       0x080005b8   Section        0  debug.o(.text.Debug_Get_Buf_Index)
    [Anonymous Symbol]                       0x080005c8   Section        0  debug.o(.text.Debug_Init)
    [Anonymous Symbol]                       0x080005e4   Section        0  debug.o(.text.Debug_Reg_Init)
    [Anonymous Symbol]                       0x080006bc   Section        0  debug.o(.text.Debug_Rx_Byte)
    [Anonymous Symbol]                       0x080006d4   Section        0  debug.o(.text.Debug_Struct_Init)
    [Anonymous Symbol]                       0x0800076c   Section        0  debug.o(.text.Debug_Timer_Disable)
    [Anonymous Symbol]                       0x0800078c   Section        0  debug.o(.text.Debug_Timer_Enable)
    [Anonymous Symbol]                       0x080007ac   Section        0  debug.o(.text.Debug_Timer_Init)
    [Anonymous Symbol]                       0x08000834   Section        0  debug.o(.text.Debug_Tx_Byte)
    [Anonymous Symbol]                       0x08000864   Section        0  debug.o(.text.Debug_Tx_NL)
    [Anonymous Symbol]                       0x08000874   Section        0  debug.o(.text.Debug_Tx_Number)
    [Anonymous Symbol]                       0x080008a0   Section        0  debug.o(.text.Debug_Tx_Number_Digits)
    [Anonymous Symbol]                       0x0800090c   Section        0  debug.o(.text.Debug_Tx_Number_NL)
    [Anonymous Symbol]                       0x08000920   Section        0  debug.o(.text.Debug_Tx_Parameter_NL)
    [Anonymous Symbol]                       0x0800093c   Section        0  debug.o(.text.Debug_Tx_SP)
    [Anonymous Symbol]                       0x08000948   Section        0  debug.o(.text.Debug_Tx_Text)
    DrawEyes                                 0x08000981   Thumb Code   122  robot_eye.o(.text.DrawEyes)
    [Anonymous Symbol]                       0x08000980   Section        0  robot_eye.o(.text.DrawEyes)
    [Anonymous Symbol]                       0x080009fc   Section        0  gpio.o(.text.GPIO_EnableClock)
    [Anonymous Symbol]                       0x08000ad8   Section        0  gpio.o(.text.GPIO_Init)
    [Anonymous Symbol]                       0x08000b90   Section        0  gpio.o(.text.GPIO_TogglePin)
    [Anonymous Symbol]                       0x08000bb0   Section        0  i2c1.o(.text.I2C1_Bus_Recovery_GPIO)
    [Anonymous Symbol]                       0x08000ca8   Section        0  i2c1.o(.text.I2C1_DMA_Busy_Clear)
    [Anonymous Symbol]                       0x08000cb8   Section        0  i2c1.o(.text.I2C1_DMA_Busy_Read)
    [Anonymous Symbol]                       0x08000cc4   Section        0  i2c1.o(.text.I2C1_DMA_Busy_Set)
    [Anonymous Symbol]                       0x08000cd4   Section        0  i2c1.o(.text.I2C1_DMA_Init)
    [Anonymous Symbol]                       0x08000d88   Section        0  i2c1.o(.text.I2C1_GPIO_Init)
    [Anonymous Symbol]                       0x08000e4c   Section        0  i2c1.o(.text.I2C1_Init)
    [Anonymous Symbol]                       0x08000e64   Section        0  i2c1.o(.text.I2C1_Recover_Bus)
    [Anonymous Symbol]                       0x08000e84   Section        0  i2c1.o(.text.I2C1_Reg_Init)
    [Anonymous Symbol]                       0x08000f5c   Section        0  i2c1.o(.text.I2C1_SWRST_Reset)
    [Anonymous Symbol]                       0x08000fa0   Section        0  i2c1.o(.text.I2C1_Send_Addr)
    [Anonymous Symbol]                       0x0800104c   Section        0  i2c1.o(.text.I2C1_Start)
    [Anonymous Symbol]                       0x080010fc   Section        0  i2c1.o(.text.I2C1_Stop)
    [Anonymous Symbol]                       0x08001184   Section        0  i2c1.o(.text.I2C1_Write_Data)
    [Anonymous Symbol]                       0x08001210   Section        0  microtimer.o(.text.MicroTimer_GetCount)
    [Anonymous Symbol]                       0x0800121c   Section        0  microtimer.o(.text.MicroTimer_Init)
    [Anonymous Symbol]                       0x080012b8   Section        0  microtimer.o(.text.MicroTimer_Measure)
    [Anonymous Symbol]                       0x080012f4   Section        0  oled.o(.text.OLED_Clear)
    [Anonymous Symbol]                       0x08001324   Section        0  oled.o(.text.OLED_Draw_Pixel)
    OLED_Draw_RoundedRect                    0x080013ad   Thumb Code   432  robot_eye.o(.text.OLED_Draw_RoundedRect)
    [Anonymous Symbol]                       0x080013ac   Section        0  robot_eye.o(.text.OLED_Draw_RoundedRect)
    [Anonymous Symbol]                       0x0800155c   Section        0  oled.o(.text.OLED_Fill_Rect)
    [Anonymous Symbol]                       0x080015e4   Section        0  oled.o(.text.OLED_Init)
    [Anonymous Symbol]                       0x0800169c   Section        0  oled.o(.text.OLED_Send_Command)
    [Anonymous Symbol]                       0x080016d4   Section        0  oled.o(.text.OLED_Send_Data_DMA)
    [Anonymous Symbol]                       0x08001794   Section        0  oled.o(.text.OLED_Update)
    [Anonymous Symbol]                       0x080017ec   Section        0  oled.o(.text.Oled_Timer_Init)
    [Anonymous Symbol]                       0x080018c8   Section        0  oled.o(.text.Oled_Update_Flag_Read)
    [Anonymous Symbol]                       0x080018d4   Section        0  oled.o(.text.Oled_Update_Flag_Set)
    [Anonymous Symbol]                       0x080018e4   Section        0  rcc.o(.text.RCC_Get_APB1_Clock)
    [Anonymous Symbol]                       0x08001918   Section        0  rcc.o(.text.RCC_Get_APB2_Clock)
    [Anonymous Symbol]                       0x0800194c   Section        0  rcc.o(.text.RCC_Get_HCLK)
    [Anonymous Symbol]                       0x08001980   Section        0  rcc.o(.text.RCC_Get_SYS_CLK)
    [Anonymous Symbol]                       0x08001a54   Section        0  rcc.o(.text.RCC_HSE_Clock_Config)
    [Anonymous Symbol]                       0x08001b08   Section        0  rcc.o(.text.RCC_LSE_Clock_Config)
    [Anonymous Symbol]                       0x08001b70   Section        0  robot_eye.o(.text.RobotEye_Init)
    [Anonymous Symbol]                       0x08001b94   Section        0  robot_eye.o(.text.RobotEye_Task)
    [Anonymous Symbol]                       0x08001c0c   Section        0  system_stm32f4xx.o(.text.SystemInit)
    [Anonymous Symbol]                       0x08001c20   Section        0  oled.o(.text.TIM1_BRK_TIM9_IRQHandler)
    [Anonymous Symbol]                       0x08001c4c   Section        0  timebase.o(.text.TIM1_TRG_COM_TIM11_IRQHandler)
    [Anonymous Symbol]                       0x08001c64   Section        0  debug.o(.text.TIM1_UP_TIM10_IRQHandler)
    [Anonymous Symbol]                       0x08001cbc   Section        0  timebase.o(.text.Timebase_Atomic_Operation_End)
    [Anonymous Symbol]                       0x08001cc0   Section        0  timebase.o(.text.Timebase_Atomic_Operation_Start)
    [Anonymous Symbol]                       0x08001cc4   Section        0  timebase.o(.text.Timebase_DownCounter_Clear_Period_Flag)
    [Anonymous Symbol]                       0x08001cf0   Section        0  timebase.o(.text.Timebase_DownCounter_Get_EndValue)
    [Anonymous Symbol]                       0x08001d14   Section        0  timebase.o(.text.Timebase_DownCounter_Get_ReloadValue)
    [Anonymous Symbol]                       0x08001d38   Section        0  timebase.o(.text.Timebase_DownCounter_Get_Status)
    [Anonymous Symbol]                       0x08001d60   Section        0  timebase.o(.text.Timebase_DownCounter_Get_Value)
    [Anonymous Symbol]                       0x08001d84   Section        0  timebase.o(.text.Timebase_DownCounter_Reset)
    [Anonymous Symbol]                       0x08001dc4   Section        0  timebase.o(.text.Timebase_DownCounter_Reset_All)
    [Anonymous Symbol]                       0x08001df4   Section        0  timebase.o(.text.Timebase_DownCounter_SS_Clear_All_Flags)
    [Anonymous Symbol]                       0x08001e08   Section        0  timebase.o(.text.Timebase_DownCounter_SS_Clear_Period_Flag)
    [Anonymous Symbol]                       0x08001e34   Section        0  timebase.o(.text.Timebase_DownCounter_SS_Continuous_Expired_Event)
    [Anonymous Symbol]                       0x08001e80   Section        0  timebase.o(.text.Timebase_DownCounter_SS_Get_EndValueSec)
    [Anonymous Symbol]                       0x08001ea4   Section        0  timebase.o(.text.Timebase_DownCounter_SS_Get_EndValueSubSec)
    [Anonymous Symbol]                       0x08001ec8   Section        0  timebase.o(.text.Timebase_DownCounter_SS_Get_ReloadValue)
    [Anonymous Symbol]                       0x08001eec   Section        0  timebase.o(.text.Timebase_DownCounter_SS_Get_Status)
    [Anonymous Symbol]                       0x08001f14   Section        0  timebase.o(.text.Timebase_DownCounter_SS_Get_Value)
    [Anonymous Symbol]                       0x08001f38   Section        0  timebase.o(.text.Timebase_DownCounter_SS_Reset)
    [Anonymous Symbol]                       0x08001f80   Section        0  timebase.o(.text.Timebase_DownCounter_SS_Reset_All)
    [Anonymous Symbol]                       0x08001fb0   Section        0  timebase.o(.text.Timebase_DownCounter_SS_Set_EndValueSec)
    [Anonymous Symbol]                       0x08001fd8   Section        0  timebase.o(.text.Timebase_DownCounter_SS_Set_EndValueSubSec)
    [Anonymous Symbol]                       0x08002000   Section        0  timebase.o(.text.Timebase_DownCounter_SS_Set_ReloadValue)
    [Anonymous Symbol]                       0x08002028   Section        0  timebase.o(.text.Timebase_DownCounter_SS_Set_Securely)
    [Anonymous Symbol]                       0x080020e4   Section        0  timebase.o(.text.Timebase_DownCounter_SS_Set_Status)
    [Anonymous Symbol]                       0x08002120   Section        0  timebase.o(.text.Timebase_DownCounter_SS_Set_Value)
    [Anonymous Symbol]                       0x08002148   Section        0  timebase.o(.text.Timebase_DownCounter_SS_Start)
    [Anonymous Symbol]                       0x08002170   Section        0  timebase.o(.text.Timebase_DownCounter_SS_Update)
    [Anonymous Symbol]                       0x08002278   Section        0  timebase.o(.text.Timebase_DownCounter_SS_Update_All)
    [Anonymous Symbol]                       0x080022a8   Section        0  timebase.o(.text.Timebase_DownCounter_Set_EndValue)
    [Anonymous Symbol]                       0x080022d0   Section        0  timebase.o(.text.Timebase_DownCounter_Set_ReloadValue)
    [Anonymous Symbol]                       0x080022f8   Section        0  timebase.o(.text.Timebase_DownCounter_Set_Status)
    [Anonymous Symbol]                       0x08002334   Section        0  timebase.o(.text.Timebase_DownCounter_Set_Value)
    [Anonymous Symbol]                       0x0800235c   Section        0  timebase.o(.text.Timebase_DownCounter_Update)
    [Anonymous Symbol]                       0x080023f8   Section        0  timebase.o(.text.Timebase_DownCounter_Update_All)
    [Anonymous Symbol]                       0x08002428   Section        0  timebase.o(.text.Timebase_ISR_Executables)
    [Anonymous Symbol]                       0x08002484   Section        0  timebase.o(.text.Timebase_Init)
    [Anonymous Symbol]                       0x080024a0   Section        0  timebase.o(.text.Timebase_Main_Loop_Executables)
    [Anonymous Symbol]                       0x08002520   Section        0  timebase.o(.text.Timebase_Reset)
    [Anonymous Symbol]                       0x0800252c   Section        0  timebase.o(.text.Timebase_Struct_Init)
    [Anonymous Symbol]                       0x08002694   Section        0  timebase.o(.text.Timebase_Timer_Enable)
    [Anonymous Symbol]                       0x08002738   Section        0  timebase.o(.text.Timebase_Timer_Get_Seconds)
    [Anonymous Symbol]                       0x08002748   Section        0  timebase.o(.text.Timebase_Timer_Get_SubSeconds)
    [Anonymous Symbol]                       0x08002758   Section        0  timebase.o(.text.Timebase_Timer_Sync_With_Shadow_Variables)
    [Anonymous Symbol]                       0x080027a0   Section        0  debug.o(.text.USART2_IRQHandler)
    __NVIC_EnableIRQ                         0x08002811   Thumb Code    48  debug.o(.text.__NVIC_EnableIRQ)
    [Anonymous Symbol]                       0x08002810   Section        0  debug.o(.text.__NVIC_EnableIRQ)
    __NVIC_EnableIRQ                         0x08002841   Thumb Code    48  timebase.o(.text.__NVIC_EnableIRQ)
    [Anonymous Symbol]                       0x08002840   Section        0  timebase.o(.text.__NVIC_EnableIRQ)
    __NVIC_EnableIRQ                         0x08002871   Thumb Code    48  i2c1.o(.text.__NVIC_EnableIRQ)
    [Anonymous Symbol]                       0x08002870   Section        0  i2c1.o(.text.__NVIC_EnableIRQ)
    __NVIC_EnableIRQ                         0x080028a1   Thumb Code    48  oled.o(.text.__NVIC_EnableIRQ)
    [Anonymous Symbol]                       0x080028a0   Section        0  oled.o(.text.__NVIC_EnableIRQ)
    __NVIC_SetPriority                       0x080028d1   Thumb Code    66  debug.o(.text.__NVIC_SetPriority)
    [Anonymous Symbol]                       0x080028d0   Section        0  debug.o(.text.__NVIC_SetPriority)
    __NVIC_SetPriority                       0x08002915   Thumb Code    66  timebase.o(.text.__NVIC_SetPriority)
    [Anonymous Symbol]                       0x08002914   Section        0  timebase.o(.text.__NVIC_SetPriority)
    __NVIC_SetPriority                       0x08002959   Thumb Code    66  i2c1.o(.text.__NVIC_SetPriority)
    [Anonymous Symbol]                       0x08002958   Section        0  i2c1.o(.text.__NVIC_SetPriority)
    [Anonymous Symbol]                       0x0800299c   Section        0  app.o(.text.gfx_update)
    [Anonymous Symbol]                       0x080029b4   Section        0  main.o(.text.main)
    $v0                                      0x080029c8   Number         0  fpinit.o(x$fpl$fpinit)
    x$fpl$fpinit                             0x080029c8   Section       26  fpinit.o(x$fpl$fpinit)
    RCC_Get_APB1_Clock.apb_presc_table       0x080029e2   Data           8  rcc.o(.rodata.RCC_Get_APB1_Clock.apb_presc_table)
    [Anonymous Symbol]                       0x080029e2   Section        0  rcc.o(.rodata.RCC_Get_APB1_Clock.apb_presc_table)
    RCC_Get_APB2_Clock.apb_presc_table       0x080029ea   Data           8  rcc.o(.rodata.RCC_Get_APB2_Clock.apb_presc_table)
    [Anonymous Symbol]                       0x080029ea   Section        0  rcc.o(.rodata.RCC_Get_APB2_Clock.apb_presc_table)
    RCC_Get_HCLK.ahb_presc_table             0x080029f2   Data          16  rcc.o(.rodata.RCC_Get_HCLK.ahb_presc_table)
    [Anonymous Symbol]                       0x080029f2   Section        0  rcc.o(.rodata.RCC_Get_HCLK.ahb_presc_table)
    .L.str.3                                 0x08002a02   Data          10  app.o(.rodata.str1.1)
    [Anonymous Symbol]                       0x08002a02   Section        0  app.o(.rodata.str1.1)
    .L.str.1                                 0x08002a0c   Data          10  app.o(.rodata.str1.1)
    .L.str                                   0x08002a16   Data           9  app.o(.rodata.str1.1)
    .L.str.2                                 0x08002a1f   Data           9  app.o(.rodata.str1.1)
    .bss                                     0x20000000   Section       96  libspace.o(.bss)
    App_Main_Loop.execution_time             0x20000060   Data           4  app.o(.bss.App_Main_Loop.execution_time)
    [Anonymous Symbol]                       0x20000060   Section        0  app.o(.bss.App_Main_Loop.execution_time)
    blink_dir                                0x20000810   Data           1  robot_eye.o(.bss.blink_dir)
    [Anonymous Symbol]                       0x20000810   Section        0  robot_eye.o(.bss.blink_dir)
    blink_step                               0x20000811   Data           1  robot_eye.o(.bss.blink_step)
    [Anonymous Symbol]                       0x20000811   Section        0  robot_eye.o(.bss.blink_step)
    eye_offset                               0x20000813   Data           1  robot_eye.o(.bss.eye_offset)
    [Anonymous Symbol]                       0x20000813   Section        0  robot_eye.o(.bss.eye_offset)
    Heap_Mem                                 0x20000818   Data         512  startup_stm32f401xc.o(HEAP)
    HEAP                                     0x20000818   Section      512  startup_stm32f401xc.o(HEAP)
    Stack_Mem                                0x20000a18   Data        1024  startup_stm32f401xc.o(STACK)
    STACK                                    0x20000a18   Section     1024  startup_stm32f401xc.o(STACK)
    __initial_sp                             0x20000e18   Data           0  startup_stm32f401xc.o(STACK)

    Global Symbols

    Symbol Name                              Value     Ov Type        Size  Object(Section)

    BuildAttributes$$THM_ISAv4$E$P$D$K$B$S$7EM$VFPi3$EXTD16$VFPS$VFMA$PE$A:L22UL41UL21$X:L11$S22US41US21$IEEE1$IW$~IW$USESV6$~STKCKD$USESV7$~SHL$OTIME$ROPI$IEEEX$EBA8$UX$STANDARDLIB$REQ8$PRES8$EABIv2 0x00000000   Number         0  anon$$obj.o ABSOLUTE
    _printf_flags                            0x00000000   Number         0  printf_stubs.o ABSOLUTE
    _printf_return_value                     0x00000000   Number         0  printf_stubs.o ABSOLUTE
    _printf_sizespec                         0x00000000   Number         0  printf_stubs.o ABSOLUTE
    _printf_widthprec                        0x00000000   Number         0  printf_stubs.o ABSOLUTE
    __ARM_exceptions_init                     - Undefined Weak Reference
    __alloca_initialize                       - Undefined Weak Reference
    __arm_preinit_                            - Undefined Weak Reference
    __arm_relocate_pie_                       - Undefined Weak Reference
    __cpp_initialize__aeabi_                  - Undefined Weak Reference
    __cxa_finalize                            - Undefined Weak Reference
    __sigvec_lookup                           - Undefined Weak Reference
    _atexit_init                              - Undefined Weak Reference
    _call_atexit_fns                          - Undefined Weak Reference
    _clock_init                               - Undefined Weak Reference
    _fp_trap_init                             - Undefined Weak Reference
    _fp_trap_shutdown                         - Undefined Weak Reference
    _get_lc_collate                           - Undefined Weak Reference
    _get_lc_monetary                          - Undefined Weak Reference
    _get_lc_time                              - Undefined Weak Reference
    _getenv_init                              - Undefined Weak Reference
    _handle_redirection                       - Undefined Weak Reference
    _init_alloc                               - Undefined Weak Reference
    _init_user_alloc                          - Undefined Weak Reference
    _initio                                   - Undefined Weak Reference
    _printf_mbtowc                            - Undefined Weak Reference
    _printf_wc                                - Undefined Weak Reference
    _rand_init                                - Undefined Weak Reference
    _signal_finish                            - Undefined Weak Reference
    _signal_init                              - Undefined Weak Reference
    _terminate_alloc                          - Undefined Weak Reference
    _terminate_user_alloc                     - Undefined Weak Reference
    _terminateio                              - Undefined Weak Reference
    __Vectors_Size                           0x00000194   Number         0  startup_stm32f401xc.o ABSOLUTE
    __Vectors                                0x08000000   Data           4  startup_stm32f401xc.o(RESET)
    __Vectors_End                            0x08000194   Data           0  startup_stm32f401xc.o(RESET)
    __main                                   0x08000195   Thumb Code     8  __main.o(!!!main)
    __scatterload                            0x0800019d   Thumb Code     0  __scatter.o(!!!scatter)
    __scatterload_rt2                        0x0800019d   Thumb Code    84  __scatter.o(!!!scatter)
    __scatterload_rt2_thumb_only             0x0800019d   Thumb Code     0  __scatter.o(!!!scatter)
    __scatterload_loop                       0x080001a7   Thumb Code     0  __scatter.o(!!!scatter)
    __scatterload_null                       0x080001f9   Thumb Code     2  __scatter.o(!!handler_null)
    __scatterload_zeroinit                   0x080001fd   Thumb Code    28  __scatter_zi.o(!!handler_zi)
    __rt_lib_init                            0x08000219   Thumb Code     0  libinit.o(.ARM.Collect$$libinit$$00000000)
    __rt_lib_init_fp_1                       0x0800021b   Thumb Code     0  libinit2.o(.ARM.Collect$$libinit$$00000001)
    __rt_lib_init_alloca_1                   0x0800021f   Thumb Code     0  libinit2.o(.ARM.Collect$$libinit$$00000030)
    __rt_lib_init_argv_1                     0x0800021f   Thumb Code     0  libinit2.o(.ARM.Collect$$libinit$$0000002E)
    __rt_lib_init_atexit_1                   0x0800021f   Thumb Code     0  libinit2.o(.ARM.Collect$$libinit$$0000001D)
    __rt_lib_init_clock_1                    0x0800021f   Thumb Code     0  libinit2.o(.ARM.Collect$$libinit$$00000023)
    __rt_lib_init_cpp_1                      0x0800021f   Thumb Code     0  libinit2.o(.ARM.Collect$$libinit$$00000034)
    __rt_lib_init_exceptions_1               0x0800021f   Thumb Code     0  libinit2.o(.ARM.Collect$$libinit$$00000032)
    __rt_lib_init_fp_trap_1                  0x0800021f   Thumb Code     0  libinit2.o(.ARM.Collect$$libinit$$00000021)
    __rt_lib_init_getenv_1                   0x0800021f   Thumb Code     0  libinit2.o(.ARM.Collect$$libinit$$00000025)
    __rt_lib_init_heap_1                     0x0800021f   Thumb Code     0  libinit2.o(.ARM.Collect$$libinit$$0000000C)
    __rt_lib_init_lc_collate_1               0x0800021f   Thumb Code     0  libinit2.o(.ARM.Collect$$libinit$$00000013)
    __rt_lib_init_lc_ctype_1                 0x0800021f   Thumb Code     0  libinit2.o(.ARM.Collect$$libinit$$00000015)
    __rt_lib_init_lc_monetary_1              0x0800021f   Thumb Code     0  libinit2.o(.ARM.Collect$$libinit$$00000017)
    __rt_lib_init_lc_numeric_1               0x0800021f   Thumb Code     0  libinit2.o(.ARM.Collect$$libinit$$00000019)
    __rt_lib_init_lc_time_1                  0x0800021f   Thumb Code     0  libinit2.o(.ARM.Collect$$libinit$$0000001B)
    __rt_lib_init_preinit_1                  0x0800021f   Thumb Code     0  libinit2.o(.ARM.Collect$$libinit$$00000006)
    __rt_lib_init_rand_1                     0x0800021f   Thumb Code     0  libinit2.o(.ARM.Collect$$libinit$$00000010)
    __rt_lib_init_relocate_pie_1             0x0800021f   Thumb Code     0  libinit2.o(.ARM.Collect$$libinit$$00000004)
    __rt_lib_init_return                     0x0800021f   Thumb Code     0  libinit2.o(.ARM.Collect$$libinit$$00000035)
    __rt_lib_init_signal_1                   0x0800021f   Thumb Code     0  libinit2.o(.ARM.Collect$$libinit$$0000001F)
    __rt_lib_init_stdio_1                    0x0800021f   Thumb Code     0  libinit2.o(.ARM.Collect$$libinit$$00000027)
    __rt_lib_init_user_alloc_1               0x0800021f   Thumb Code     0  libinit2.o(.ARM.Collect$$libinit$$0000000E)
    __rt_lib_shutdown                        0x08000221   Thumb Code     0  libshutdown.o(.ARM.Collect$$libshutdown$$00000000)
    __rt_lib_shutdown_cpp_1                  0x08000223   Thumb Code     0  libshutdown2.o(.ARM.Collect$$libshutdown$$00000002)
    __rt_lib_shutdown_fp_trap_1              0x08000223   Thumb Code     0  libshutdown2.o(.ARM.Collect$$libshutdown$$00000007)
    __rt_lib_shutdown_heap_1                 0x08000223   Thumb Code     0  libshutdown2.o(.ARM.Collect$$libshutdown$$0000000F)
    __rt_lib_shutdown_return                 0x08000223   Thumb Code     0  libshutdown2.o(.ARM.Collect$$libshutdown$$00000010)
    __rt_lib_shutdown_signal_1               0x08000223   Thumb Code     0  libshutdown2.o(.ARM.Collect$$libshutdown$$0000000A)
    __rt_lib_shutdown_stdio_1                0x08000223   Thumb Code     0  libshutdown2.o(.ARM.Collect$$libshutdown$$00000004)
    __rt_lib_shutdown_user_alloc_1           0x08000223   Thumb Code     0  libshutdown2.o(.ARM.Collect$$libshutdown$$0000000C)
    __rt_entry                               0x08000225   Thumb Code     0  __rtentry.o(.ARM.Collect$$rtentry$$00000000)
    __rt_entry_presh_1                       0x08000225   Thumb Code     0  __rtentry2.o(.ARM.Collect$$rtentry$$00000002)
    __rt_entry_sh                            0x08000225   Thumb Code     0  __rtentry4.o(.ARM.Collect$$rtentry$$00000004)
    __rt_entry_li                            0x0800022b   Thumb Code     0  __rtentry2.o(.ARM.Collect$$rtentry$$0000000A)
    __rt_entry_postsh_1                      0x0800022b   Thumb Code     0  __rtentry2.o(.ARM.Collect$$rtentry$$00000009)
    __rt_entry_main                          0x0800022f   Thumb Code     0  __rtentry2.o(.ARM.Collect$$rtentry$$0000000D)
    __rt_entry_postli_1                      0x0800022f   Thumb Code     0  __rtentry2.o(.ARM.Collect$$rtentry$$0000000C)
    __rt_exit                                0x08000237   Thumb Code     0  rtexit.o(.ARM.Collect$$rtexit$$00000000)
    __rt_exit_ls                             0x08000239   Thumb Code     0  rtexit2.o(.ARM.Collect$$rtexit$$00000003)
    __rt_exit_prels_1                        0x08000239   Thumb Code     0  rtexit2.o(.ARM.Collect$$rtexit$$00000002)
    __rt_exit_exit                           0x0800023d   Thumb Code     0  rtexit2.o(.ARM.Collect$$rtexit$$00000004)
    Reset_Handler                            0x08000245   Thumb Code     8  startup_stm32f401xc.o(.text)
    NMI_Handler                              0x0800024d   Thumb Code     2  startup_stm32f401xc.o(.text)
    HardFault_Handler                        0x0800024f   Thumb Code     2  startup_stm32f401xc.o(.text)
    MemManage_Handler                        0x08000251   Thumb Code     2  startup_stm32f401xc.o(.text)
    BusFault_Handler                         0x08000253   Thumb Code     2  startup_stm32f401xc.o(.text)
    UsageFault_Handler                       0x08000255   Thumb Code     2  startup_stm32f401xc.o(.text)
    SVC_Handler                              0x08000257   Thumb Code     2  startup_stm32f401xc.o(.text)
    DebugMon_Handler                         0x08000259   Thumb Code     2  startup_stm32f401xc.o(.text)
    PendSV_Handler                           0x0800025b   Thumb Code     2  startup_stm32f401xc.o(.text)
    SysTick_Handler                          0x0800025d   Thumb Code     2  startup_stm32f401xc.o(.text)
    ADC_IRQHandler                           0x0800025f   Thumb Code     0  startup_stm32f401xc.o(.text)
    DMA1_Stream0_IRQHandler                  0x0800025f   Thumb Code     0  startup_stm32f401xc.o(.text)
    DMA1_Stream1_IRQHandler                  0x0800025f   Thumb Code     0  startup_stm32f401xc.o(.text)
    DMA1_Stream2_IRQHandler                  0x0800025f   Thumb Code     0  startup_stm32f401xc.o(.text)
    DMA1_Stream3_IRQHandler                  0x0800025f   Thumb Code     0  startup_stm32f401xc.o(.text)
    DMA1_Stream4_IRQHandler                  0x0800025f   Thumb Code     0  startup_stm32f401xc.o(.text)
    DMA1_Stream5_IRQHandler                  0x0800025f   Thumb Code     0  startup_stm32f401xc.o(.text)
    DMA1_Stream7_IRQHandler                  0x0800025f   Thumb Code     0  startup_stm32f401xc.o(.text)
    DMA2_Stream0_IRQHandler                  0x0800025f   Thumb Code     0  startup_stm32f401xc.o(.text)
    DMA2_Stream1_IRQHandler                  0x0800025f   Thumb Code     0  startup_stm32f401xc.o(.text)
    DMA2_Stream2_IRQHandler                  0x0800025f   Thumb Code     0  startup_stm32f401xc.o(.text)
    DMA2_Stream3_IRQHandler                  0x0800025f   Thumb Code     0  startup_stm32f401xc.o(.text)
    DMA2_Stream4_IRQHandler                  0x0800025f   Thumb Code     0  startup_stm32f401xc.o(.text)
    DMA2_Stream5_IRQHandler                  0x0800025f   Thumb Code     0  startup_stm32f401xc.o(.text)
    DMA2_Stream6_IRQHandler                  0x0800025f   Thumb Code     0  startup_stm32f401xc.o(.text)
    DMA2_Stream7_IRQHandler                  0x0800025f   Thumb Code     0  startup_stm32f401xc.o(.text)
    EXTI0_IRQHandler                         0x0800025f   Thumb Code     0  startup_stm32f401xc.o(.text)
    EXTI15_10_IRQHandler                     0x0800025f   Thumb Code     0  startup_stm32f401xc.o(.text)
    EXTI1_IRQHandler                         0x0800025f   Thumb Code     0  startup_stm32f401xc.o(.text)
    EXTI2_IRQHandler                         0x0800025f   Thumb Code     0  startup_stm32f401xc.o(.text)
    EXTI3_IRQHandler                         0x0800025f   Thumb Code     0  startup_stm32f401xc.o(.text)
    EXTI4_IRQHandler                         0x0800025f   Thumb Code     0  startup_stm32f401xc.o(.text)
    EXTI9_5_IRQHandler                       0x0800025f   Thumb Code     0  startup_stm32f401xc.o(.text)
    FLASH_IRQHandler                         0x0800025f   Thumb Code     0  startup_stm32f401xc.o(.text)
    FPU_IRQHandler                           0x0800025f   Thumb Code     0  startup_stm32f401xc.o(.text)
    I2C1_ER_IRQHandler                       0x0800025f   Thumb Code     0  startup_stm32f401xc.o(.text)
    I2C1_EV_IRQHandler                       0x0800025f   Thumb Code     0  startup_stm32f401xc.o(.text)
    I2C2_ER_IRQHandler                       0x0800025f   Thumb Code     0  startup_stm32f401xc.o(.text)
    I2C2_EV_IRQHandler                       0x0800025f   Thumb Code     0  startup_stm32f401xc.o(.text)
    I2C3_ER_IRQHandler                       0x0800025f   Thumb Code     0  startup_stm32f401xc.o(.text)
    I2C3_EV_IRQHandler                       0x0800025f   Thumb Code     0  startup_stm32f401xc.o(.text)
    OTG_FS_IRQHandler                        0x0800025f   Thumb Code     0  startup_stm32f401xc.o(.text)
    OTG_FS_WKUP_IRQHandler                   0x0800025f   Thumb Code     0  startup_stm32f401xc.o(.text)
    PVD_IRQHandler                           0x0800025f   Thumb Code     0  startup_stm32f401xc.o(.text)
    RCC_IRQHandler                           0x0800025f   Thumb Code     0  startup_stm32f401xc.o(.text)
    RTC_Alarm_IRQHandler                     0x0800025f   Thumb Code     0  startup_stm32f401xc.o(.text)
    RTC_WKUP_IRQHandler                      0x0800025f   Thumb Code     0  startup_stm32f401xc.o(.text)
    SDIO_IRQHandler                          0x0800025f   Thumb Code     0  startup_stm32f401xc.o(.text)
    SPI1_IRQHandler                          0x0800025f   Thumb Code     0  startup_stm32f401xc.o(.text)
    SPI2_IRQHandler                          0x0800025f   Thumb Code     0  startup_stm32f401xc.o(.text)
    SPI3_IRQHandler                          0x0800025f   Thumb Code     0  startup_stm32f401xc.o(.text)
    SPI4_IRQHandler                          0x0800025f   Thumb Code     0  startup_stm32f401xc.o(.text)
    TAMP_STAMP_IRQHandler                    0x0800025f   Thumb Code     0  startup_stm32f401xc.o(.text)
    TIM1_CC_IRQHandler                       0x0800025f   Thumb Code     0  startup_stm32f401xc.o(.text)
    TIM2_IRQHandler                          0x0800025f   Thumb Code     0  startup_stm32f401xc.o(.text)
    TIM3_IRQHandler                          0x0800025f   Thumb Code     0  startup_stm32f401xc.o(.text)
    TIM4_IRQHandler                          0x0800025f   Thumb Code     0  startup_stm32f401xc.o(.text)
    TIM5_IRQHandler                          0x0800025f   Thumb Code     0  startup_stm32f401xc.o(.text)
    USART1_IRQHandler                        0x0800025f   Thumb Code     0  startup_stm32f401xc.o(.text)
    USART6_IRQHandler                        0x0800025f   Thumb Code     0  startup_stm32f401xc.o(.text)
    WWDG_IRQHandler                          0x0800025f   Thumb Code     0  startup_stm32f401xc.o(.text)
    __user_initial_stackheap                 0x08000261   Thumb Code     0  startup_stm32f401xc.o(.text)
    __use_two_region_memory                  0x08000285   Thumb Code     2  heapauxi.o(.text)
    __rt_heap_escrow$2region                 0x08000287   Thumb Code     2  heapauxi.o(.text)
    __rt_heap_expand$2region                 0x08000289   Thumb Code     2  heapauxi.o(.text)
    __user_libspace                          0x0800028d   Thumb Code     8  libspace.o(.text)
    __user_perproc_libspace                  0x0800028d   Thumb Code     0  libspace.o(.text)
    __user_perthread_libspace                0x0800028d   Thumb Code     0  libspace.o(.text)
    __user_setup_stackheap                   0x08000295   Thumb Code    74  sys_stackheap_outer.o(.text)
    exit                                     0x080002df   Thumb Code    18  exit.o(.text)
    _sys_exit                                0x080002f1   Thumb Code     8  sys_exit.o(.text)
    __I$use$semihosting                      0x080002fd   Thumb Code     0  use_no_semi.o(.text)
    __use_no_semihosting_swi                 0x080002fd   Thumb Code     2  use_no_semi.o(.text)
    __semihosting_library_function           0x080002ff   Thumb Code     0  indicate_semi.o(.text)
    App_Main_Loop                            0x08000301   Thumb Code    72  app.o(.text.App_Main_Loop)
    App_Setup                                0x08000349   Thumb Code   176  app.o(.text.App_Setup)
    DMA1_Stream6_IRQHandler                  0x08000431   Thumb Code    70  i2c1.o(.text.DMA1_Stream6_IRQHandler)
    Debug_Counter_Reset                      0x08000479   Thumb Code    14  debug.o(.text.Debug_Counter_Reset)
    Debug_Determine_Digit_Numbers            0x08000489   Thumb Code   132  debug.o(.text.Debug_Determine_Digit_Numbers)
    Debug_GPIO_Init                          0x0800050d   Thumb Code   172  debug.o(.text.Debug_GPIO_Init)
    Debug_Get_Buf_Index                      0x080005b9   Thumb Code    14  debug.o(.text.Debug_Get_Buf_Index)
    Debug_Init                               0x080005c9   Thumb Code    28  debug.o(.text.Debug_Init)
    Debug_Reg_Init                           0x080005e5   Thumb Code   216  debug.o(.text.Debug_Reg_Init)
    Debug_Rx_Byte                            0x080006bd   Thumb Code    22  debug.o(.text.Debug_Rx_Byte)
    Debug_Struct_Init                        0x080006d5   Thumb Code   152  debug.o(.text.Debug_Struct_Init)
    Debug_Timer_Disable                      0x0800076d   Thumb Code    32  debug.o(.text.Debug_Timer_Disable)
    Debug_Timer_Enable                       0x0800078d   Thumb Code    32  debug.o(.text.Debug_Timer_Enable)
    Debug_Timer_Init                         0x080007ad   Thumb Code   136  debug.o(.text.Debug_Timer_Init)
    Debug_Tx_Byte                            0x08000835   Thumb Code    48  debug.o(.text.Debug_Tx_Byte)
    Debug_Tx_NL                              0x08000865   Thumb Code    16  debug.o(.text.Debug_Tx_NL)
    Debug_Tx_Number                          0x08000875   Thumb Code    44  debug.o(.text.Debug_Tx_Number)
    Debug_Tx_Number_Digits                   0x080008a1   Thumb Code   108  debug.o(.text.Debug_Tx_Number_Digits)
    Debug_Tx_Number_NL                       0x0800090d   Thumb Code    20  debug.o(.text.Debug_Tx_Number_NL)
    Debug_Tx_Parameter_NL                    0x08000921   Thumb Code    28  debug.o(.text.Debug_Tx_Parameter_NL)
    Debug_Tx_SP                              0x0800093d   Thumb Code    10  debug.o(.text.Debug_Tx_SP)
    Debug_Tx_Text                            0x08000949   Thumb Code    54  debug.o(.text.Debug_Tx_Text)
    GPIO_EnableClock                         0x080009fd   Thumb Code   220  gpio.o(.text.GPIO_EnableClock)
    GPIO_Init                                0x08000ad9   Thumb Code   184  gpio.o(.text.GPIO_Init)
    GPIO_TogglePin                           0x08000b91   Thumb Code    30  gpio.o(.text.GPIO_TogglePin)
    I2C1_Bus_Recovery_GPIO                   0x08000bb1   Thumb Code   248  i2c1.o(.text.I2C1_Bus_Recovery_GPIO)
    I2C1_DMA_Busy_Clear                      0x08000ca9   Thumb Code    14  i2c1.o(.text.I2C1_DMA_Busy_Clear)
    I2C1_DMA_Busy_Read                       0x08000cb9   Thumb Code    12  i2c1.o(.text.I2C1_DMA_Busy_Read)
    I2C1_DMA_Busy_Set                        0x08000cc5   Thumb Code    14  i2c1.o(.text.I2C1_DMA_Busy_Set)
    I2C1_DMA_Init                            0x08000cd5   Thumb Code   178  i2c1.o(.text.I2C1_DMA_Init)
    I2C1_GPIO_Init                           0x08000d89   Thumb Code   196  i2c1.o(.text.I2C1_GPIO_Init)
    I2C1_Init                                0x08000e4d   Thumb Code    24  i2c1.o(.text.I2C1_Init)
    I2C1_Recover_Bus                         0x08000e65   Thumb Code    32  i2c1.o(.text.I2C1_Recover_Bus)
    I2C1_Reg_Init                            0x08000e85   Thumb Code   216  i2c1.o(.text.I2C1_Reg_Init)
    I2C1_SWRST_Reset                         0x08000f5d   Thumb Code    68  i2c1.o(.text.I2C1_SWRST_Reset)
    I2C1_Send_Addr                           0x08000fa1   Thumb Code   172  i2c1.o(.text.I2C1_Send_Addr)
    I2C1_Start                               0x0800104d   Thumb Code   176  i2c1.o(.text.I2C1_Start)
    I2C1_Stop                                0x080010fd   Thumb Code   134  i2c1.o(.text.I2C1_Stop)
    I2C1_Write_Data                          0x08001185   Thumb Code   138  i2c1.o(.text.I2C1_Write_Data)
    MicroTimer_GetCount                      0x08001211   Thumb Code    10  microtimer.o(.text.MicroTimer_GetCount)
    MicroTimer_Init                          0x0800121d   Thumb Code   156  microtimer.o(.text.MicroTimer_Init)
    MicroTimer_Measure                       0x080012b9   Thumb Code    58  microtimer.o(.text.MicroTimer_Measure)
    OLED_Clear                               0x080012f5   Thumb Code    46  oled.o(.text.OLED_Clear)
    OLED_Draw_Pixel                          0x08001325   Thumb Code   136  oled.o(.text.OLED_Draw_Pixel)
    OLED_Fill_Rect                           0x0800155d   Thumb Code   136  oled.o(.text.OLED_Fill_Rect)
    OLED_Init                                0x080015e5   Thumb Code   182  oled.o(.text.OLED_Init)
    OLED_Send_Command                        0x0800169d   Thumb Code    56  oled.o(.text.OLED_Send_Command)
    OLED_Send_Data_DMA                       0x080016d5   Thumb Code   192  oled.o(.text.OLED_Send_Data_DMA)
    OLED_Update                              0x08001795   Thumb Code    86  oled.o(.text.OLED_Update)
    Oled_Timer_Init                          0x080017ed   Thumb Code   220  oled.o(.text.Oled_Timer_Init)
    Oled_Update_Flag_Read                    0x080018c9   Thumb Code    12  oled.o(.text.Oled_Update_Flag_Read)
    Oled_Update_Flag_Set                     0x080018d5   Thumb Code    14  oled.o(.text.Oled_Update_Flag_Set)
    RCC_Get_APB1_Clock                       0x080018e5   Thumb Code    52  rcc.o(.text.RCC_Get_APB1_Clock)
    RCC_Get_APB2_Clock                       0x08001919   Thumb Code    52  rcc.o(.text.RCC_Get_APB2_Clock)
    RCC_Get_HCLK                             0x0800194d   Thumb Code    52  rcc.o(.text.RCC_Get_HCLK)
    RCC_Get_SYS_CLK                          0x08001981   Thumb Code   212  rcc.o(.text.RCC_Get_SYS_CLK)
    RCC_HSE_Clock_Config                     0x08001a55   Thumb Code   178  rcc.o(.text.RCC_HSE_Clock_Config)
    RCC_LSE_Clock_Config                     0x08001b09   Thumb Code   104  rcc.o(.text.RCC_LSE_Clock_Config)
    RobotEye_Init                            0x08001b71   Thumb Code    36  robot_eye.o(.text.RobotEye_Init)
    RobotEye_Task                            0x08001b95   Thumb Code   120  robot_eye.o(.text.RobotEye_Task)
    SystemInit                               0x08001c0d   Thumb Code    18  system_stm32f4xx.o(.text.SystemInit)
    TIM1_BRK_TIM9_IRQHandler                 0x08001c21   Thumb Code    42  oled.o(.text.TIM1_BRK_TIM9_IRQHandler)
    TIM1_TRG_COM_TIM11_IRQHandler            0x08001c4d   Thumb Code    24  timebase.o(.text.TIM1_TRG_COM_TIM11_IRQHandler)
    TIM1_UP_TIM10_IRQHandler                 0x08001c65   Thumb Code    86  debug.o(.text.TIM1_UP_TIM10_IRQHandler)
    Timebase_Atomic_Operation_End            0x08001cbd   Thumb Code     4  timebase.o(.text.Timebase_Atomic_Operation_End)
    Timebase_Atomic_Operation_Start          0x08001cc1   Thumb Code     4  timebase.o(.text.Timebase_Atomic_Operation_Start)
    Timebase_DownCounter_Clear_Period_Flag   0x08001cc5   Thumb Code    44  timebase.o(.text.Timebase_DownCounter_Clear_Period_Flag)
    Timebase_DownCounter_Get_EndValue        0x08001cf1   Thumb Code    36  timebase.o(.text.Timebase_DownCounter_Get_EndValue)
    Timebase_DownCounter_Get_ReloadValue     0x08001d15   Thumb Code    36  timebase.o(.text.Timebase_DownCounter_Get_ReloadValue)
    Timebase_DownCounter_Get_Status          0x08001d39   Thumb Code    40  timebase.o(.text.Timebase_DownCounter_Get_Status)
    Timebase_DownCounter_Get_Value           0x08001d61   Thumb Code    36  timebase.o(.text.Timebase_DownCounter_Get_Value)
    Timebase_DownCounter_Reset               0x08001d85   Thumb Code    62  timebase.o(.text.Timebase_DownCounter_Reset)
    Timebase_DownCounter_Reset_All           0x08001dc5   Thumb Code    48  timebase.o(.text.Timebase_DownCounter_Reset_All)
    Timebase_DownCounter_SS_Clear_All_Flags  0x08001df5   Thumb Code    20  timebase.o(.text.Timebase_DownCounter_SS_Clear_All_Flags)
    Timebase_DownCounter_SS_Clear_Period_Flag 0x08001e09   Thumb Code    44  timebase.o(.text.Timebase_DownCounter_SS_Clear_Period_Flag)
    Timebase_DownCounter_SS_Continuous_Expired_Event 0x08001e35   Thumb Code    74  timebase.o(.text.Timebase_DownCounter_SS_Continuous_Expired_Event)
    Timebase_DownCounter_SS_Get_EndValueSec  0x08001e81   Thumb Code    34  timebase.o(.text.Timebase_DownCounter_SS_Get_EndValueSec)
    Timebase_DownCounter_SS_Get_EndValueSubSec 0x08001ea5   Thumb Code    34  timebase.o(.text.Timebase_DownCounter_SS_Get_EndValueSubSec)
    Timebase_DownCounter_SS_Get_ReloadValue  0x08001ec9   Thumb Code    34  timebase.o(.text.Timebase_DownCounter_SS_Get_ReloadValue)
    Timebase_DownCounter_SS_Get_Status       0x08001eed   Thumb Code    40  timebase.o(.text.Timebase_DownCounter_SS_Get_Status)
    Timebase_DownCounter_SS_Get_Value        0x08001f15   Thumb Code    34  timebase.o(.text.Timebase_DownCounter_SS_Get_Value)
    Timebase_DownCounter_SS_Reset            0x08001f39   Thumb Code    72  timebase.o(.text.Timebase_DownCounter_SS_Reset)
    Timebase_DownCounter_SS_Reset_All        0x08001f81   Thumb Code    48  timebase.o(.text.Timebase_DownCounter_SS_Reset_All)
    Timebase_DownCounter_SS_Set_EndValueSec  0x08001fb1   Thumb Code    38  timebase.o(.text.Timebase_DownCounter_SS_Set_EndValueSec)
    Timebase_DownCounter_SS_Set_EndValueSubSec 0x08001fd9   Thumb Code    38  timebase.o(.text.Timebase_DownCounter_SS_Set_EndValueSubSec)
    Timebase_DownCounter_SS_Set_ReloadValue  0x08002001   Thumb Code    38  timebase.o(.text.Timebase_DownCounter_SS_Set_ReloadValue)
    Timebase_DownCounter_SS_Set_Securely     0x08002029   Thumb Code   186  timebase.o(.text.Timebase_DownCounter_SS_Set_Securely)
    Timebase_DownCounter_SS_Set_Status       0x080020e5   Thumb Code    60  timebase.o(.text.Timebase_DownCounter_SS_Set_Status)
    Timebase_DownCounter_SS_Set_Value        0x08002121   Thumb Code    38  timebase.o(.text.Timebase_DownCounter_SS_Set_Value)
    Timebase_DownCounter_SS_Start            0x08002149   Thumb Code    38  timebase.o(.text.Timebase_DownCounter_SS_Start)
    Timebase_DownCounter_SS_Update           0x08002171   Thumb Code   262  timebase.o(.text.Timebase_DownCounter_SS_Update)
    Timebase_DownCounter_SS_Update_All       0x08002279   Thumb Code    48  timebase.o(.text.Timebase_DownCounter_SS_Update_All)
    Timebase_DownCounter_Set_EndValue        0x080022a9   Thumb Code    40  timebase.o(.text.Timebase_DownCounter_Set_EndValue)
    Timebase_DownCounter_Set_ReloadValue     0x080022d1   Thumb Code    40  timebase.o(.text.Timebase_DownCounter_Set_ReloadValue)
    Timebase_DownCounter_Set_Status          0x080022f9   Thumb Code    60  timebase.o(.text.Timebase_DownCounter_Set_Status)
    Timebase_DownCounter_Set_Value           0x08002335   Thumb Code    40  timebase.o(.text.Timebase_DownCounter_Set_Value)
    Timebase_DownCounter_Update              0x0800235d   Thumb Code   156  timebase.o(.text.Timebase_DownCounter_Update)
    Timebase_DownCounter_Update_All          0x080023f9   Thumb Code    48  timebase.o(.text.Timebase_DownCounter_Update_All)
    Timebase_ISR_Executables                 0x08002429   Thumb Code    92  timebase.o(.text.Timebase_ISR_Executables)
    Timebase_Init                            0x08002485   Thumb Code    28  timebase.o(.text.Timebase_Init)
    Timebase_Main_Loop_Executables           0x080024a1   Thumb Code   128  timebase.o(.text.Timebase_Main_Loop_Executables)
    Timebase_Reset                           0x08002521   Thumb Code    12  timebase.o(.text.Timebase_Reset)
    Timebase_Struct_Init                     0x0800252d   Thumb Code   360  timebase.o(.text.Timebase_Struct_Init)
    Timebase_Timer_Enable                    0x08002695   Thumb Code   164  timebase.o(.text.Timebase_Timer_Enable)
    Timebase_Timer_Get_Seconds               0x08002739   Thumb Code    14  timebase.o(.text.Timebase_Timer_Get_Seconds)
    Timebase_Timer_Get_SubSeconds            0x08002749   Thumb Code    14  timebase.o(.text.Timebase_Timer_Get_SubSeconds)
    Timebase_Timer_Sync_With_Shadow_Variables 0x08002759   Thumb Code    72  timebase.o(.text.Timebase_Timer_Sync_With_Shadow_Variables)
    USART2_IRQHandler                        0x080027a1   Thumb Code   112  debug.o(.text.USART2_IRQHandler)
    gfx_update                               0x0800299d   Thumb Code    22  app.o(.text.gfx_update)
    main                                     0x080029b5   Thumb Code    20  main.o(.text.main)
    _fp_init                                 0x080029c9   Thumb Code    26  fpinit.o(x$fpl$fpinit)
    __fplib_config_fpu_vfp                   0x080029e1   Thumb Code     0  fpinit.o(x$fpl$fpinit)
    __fplib_config_pureend_doubles           0x080029e1   Thumb Code     0  fpinit.o(x$fpl$fpinit)
    Region$$Table$$Base                      0x08002a28   Number         0  anon$$obj.o(Region$$Table)
    Region$$Table$$Limit                     0x08002a38   Number         0  anon$$obj.o(Region$$Table)
    __libspace_start                         0x20000000   Data          96  libspace.o(.bss)
    __temporary_stack_top$libspace           0x20000060   Data           0  libspace.o(.bss)
    Debug                                    0x20000064   Data         141  debug.o(.bss.Debug)
    OLED_Buffer                              0x200000f1   Data        1024  oled.o(.bss.OLED_Buffer)
    Timebase                                 0x200004f4   Data           4  timebase.o(.bss.Timebase)
    Timebase_type                            0x200004f8   Data         792  timebase.o(.bss.Timebase_type)
    dma_busy                                 0x20000812   Data           1  i2c1.o(.bss.dma_busy)
    oled_update_flag                         0x20000814   Data           1  oled.o(.bss.oled_update_flag)



==============================================================================

Memory Map of the image

  Image Entry point : 0x08000195

  Load Region LR_IROM1 (Base: 0x08000000, Size: 0x00002a38, Max: 0x00040000, ABSOLUTE)

    Execution Region ER_IROM1 (Exec base: 0x08000000, Load base: 0x08000000, Size: 0x00002a38, Max: 0x00040000, ABSOLUTE)

    Exec Addr    Load Addr    Size         Type   Attr      Idx    E Section Name        Object

    0x08000000   0x08000000   0x00000194   Data   RO          619    RESET               startup_stm32f401xc.o
    0x08000194   0x08000194   0x00000008   Code   RO          648  * !!!main             c_w.l(__main.o)
    0x0800019c   0x0800019c   0x0000005c   Code   RO         1023    !!!scatter          c_w.l(__scatter.o)
    0x080001f8   0x080001f8   0x00000002   Code   RO         1024    !!handler_null      c_w.l(__scatter.o)
    0x080001fa   0x080001fa   0x00000002   PAD
    0x080001fc   0x080001fc   0x0000001c   Code   RO         1027    !!handler_zi        c_w.l(__scatter_zi.o)
    0x08000218   0x08000218   0x00000002   Code   RO          875    .ARM.Collect$$libinit$$00000000  c_w.l(libinit.o)
    0x0800021a   0x0800021a   0x00000004   Code   RO          889    .ARM.Collect$$libinit$$00000001  c_w.l(libinit2.o)
    0x0800021e   0x0800021e   0x00000000   Code   RO          892    .ARM.Collect$$libinit$$00000004  c_w.l(libinit2.o)
    0x0800021e   0x0800021e   0x00000000   Code   RO          894    .ARM.Collect$$libinit$$00000006  c_w.l(libinit2.o)
    0x0800021e   0x0800021e   0x00000000   Code   RO          897    .ARM.Collect$$libinit$$0000000C  c_w.l(libinit2.o)
    0x0800021e   0x0800021e   0x00000000   Code   RO          899    .ARM.Collect$$libinit$$0000000E  c_w.l(libinit2.o)
    0x0800021e   0x0800021e   0x00000000   Code   RO          901    .ARM.Collect$$libinit$$00000010  c_w.l(libinit2.o)
    0x0800021e   0x0800021e   0x00000000   Code   RO          904    .ARM.Collect$$libinit$$00000013  c_w.l(libinit2.o)
    0x0800021e   0x0800021e   0x00000000   Code   RO          906    .ARM.Collect$$libinit$$00000015  c_w.l(libinit2.o)
    0x0800021e   0x0800021e   0x00000000   Code   RO          908    .ARM.Collect$$libinit$$00000017  c_w.l(libinit2.o)
    0x0800021e   0x0800021e   0x00000000   Code   RO          910    .ARM.Collect$$libinit$$00000019  c_w.l(libinit2.o)
    0x0800021e   0x0800021e   0x00000000   Code   RO          912    .ARM.Collect$$libinit$$0000001B  c_w.l(libinit2.o)
    0x0800021e   0x0800021e   0x00000000   Code   RO          914    .ARM.Collect$$libinit$$0000001D  c_w.l(libinit2.o)
    0x0800021e   0x0800021e   0x00000000   Code   RO          916    .ARM.Collect$$libinit$$0000001F  c_w.l(libinit2.o)
    0x0800021e   0x0800021e   0x00000000   Code   RO          918    .ARM.Collect$$libinit$$00000021  c_w.l(libinit2.o)
    0x0800021e   0x0800021e   0x00000000   Code   RO          920    .ARM.Collect$$libinit$$00000023  c_w.l(libinit2.o)
    0x0800021e   0x0800021e   0x00000000   Code   RO          922    .ARM.Collect$$libinit$$00000025  c_w.l(libinit2.o)
    0x0800021e   0x0800021e   0x00000000   Code   RO          924    .ARM.Collect$$libinit$$00000027  c_w.l(libinit2.o)
    0x0800021e   0x0800021e   0x00000000   Code   RO          928    .ARM.Collect$$libinit$$0000002E  c_w.l(libinit2.o)
    0x0800021e   0x0800021e   0x00000000   Code   RO          930    .ARM.Collect$$libinit$$00000030  c_w.l(libinit2.o)
    0x0800021e   0x0800021e   0x00000000   Code   RO          932    .ARM.Collect$$libinit$$00000032  c_w.l(libinit2.o)
    0x0800021e   0x0800021e   0x00000000   Code   RO          934    .ARM.Collect$$libinit$$00000034  c_w.l(libinit2.o)
    0x0800021e   0x0800021e   0x00000002   Code   RO          935    .ARM.Collect$$libinit$$00000035  c_w.l(libinit2.o)
    0x08000220   0x08000220   0x00000002   Code   RO          959    .ARM.Collect$$libshutdown$$00000000  c_w.l(libshutdown.o)
    0x08000222   0x08000222   0x00000000   Code   RO          974    .ARM.Collect$$libshutdown$$00000002  c_w.l(libshutdown2.o)
    0x08000222   0x08000222   0x00000000   Code   RO          976    .ARM.Collect$$libshutdown$$00000004  c_w.l(libshutdown2.o)
    0x08000222   0x08000222   0x00000000   Code   RO          979    .ARM.Collect$$libshutdown$$00000007  c_w.l(libshutdown2.o)
    0x08000222   0x08000222   0x00000000   Code   RO          982    .ARM.Collect$$libshutdown$$0000000A  c_w.l(libshutdown2.o)
    0x08000222   0x08000222   0x00000000   Code   RO          984    .ARM.Collect$$libshutdown$$0000000C  c_w.l(libshutdown2.o)
    0x08000222   0x08000222   0x00000000   Code   RO          987    .ARM.Collect$$libshutdown$$0000000F  c_w.l(libshutdown2.o)
    0x08000222   0x08000222   0x00000002   Code   RO          988    .ARM.Collect$$libshutdown$$00000010  c_w.l(libshutdown2.o)
    0x08000224   0x08000224   0x00000000   Code   RO          662    .ARM.Collect$$rtentry$$00000000  c_w.l(__rtentry.o)
    0x08000224   0x08000224   0x00000000   Code   RO          785    .ARM.Collect$$rtentry$$00000002  c_w.l(__rtentry2.o)
    0x08000224   0x08000224   0x00000006   Code   RO          797    .ARM.Collect$$rtentry$$00000004  c_w.l(__rtentry4.o)
    0x0800022a   0x0800022a   0x00000000   Code   RO          787    .ARM.Collect$$rtentry$$00000009  c_w.l(__rtentry2.o)
    0x0800022a   0x0800022a   0x00000004   Code   RO          788    .ARM.Collect$$rtentry$$0000000A  c_w.l(__rtentry2.o)
    0x0800022e   0x0800022e   0x00000000   Code   RO          790    .ARM.Collect$$rtentry$$0000000C  c_w.l(__rtentry2.o)
    0x0800022e   0x0800022e   0x00000008   Code   RO          791    .ARM.Collect$$rtentry$$0000000D  c_w.l(__rtentry2.o)
    0x08000236   0x08000236   0x00000002   Code   RO          880    .ARM.Collect$$rtexit$$00000000  c_w.l(rtexit.o)
    0x08000238   0x08000238   0x00000000   Code   RO          937    .ARM.Collect$$rtexit$$00000002  c_w.l(rtexit2.o)
    0x08000238   0x08000238   0x00000004   Code   RO          938    .ARM.Collect$$rtexit$$00000003  c_w.l(rtexit2.o)
    0x0800023c   0x0800023c   0x00000006   Code   RO          939    .ARM.Collect$$rtexit$$00000004  c_w.l(rtexit2.o)
    0x08000242   0x08000242   0x00000002   PAD
    0x08000244   0x08000244   0x00000040   Code   RO          620    .text               startup_stm32f401xc.o
    0x08000284   0x08000284   0x00000006   Code   RO          646    .text               c_w.l(heapauxi.o)
    0x0800028a   0x0800028a   0x00000002   PAD
    0x0800028c   0x0800028c   0x00000008   Code   RO          824    .text               c_w.l(libspace.o)
    0x08000294   0x08000294   0x0000004a   Code   RO          827    .text               c_w.l(sys_stackheap_outer.o)
    0x080002de   0x080002de   0x00000012   Code   RO          868    .text               c_w.l(exit.o)
    0x080002f0   0x080002f0   0x0000000c   Code   RO          949    .text               c_w.l(sys_exit.o)
    0x080002fc   0x080002fc   0x00000002   Code   RO          964    .text               c_w.l(use_no_semi.o)
    0x080002fe   0x080002fe   0x00000000   Code   RO          966    .text               c_w.l(indicate_semi.o)
    0x080002fe   0x080002fe   0x00000002   PAD
    0x08000300   0x08000300   0x00000048   Code   RO          379    .text.App_Main_Loop  app.o
    0x08000348   0x08000348   0x000000b0   Code   RO          377    .text.App_Setup     app.o
    0x080003f8   0x080003f8   0x00000036   Code   RO          586    .text.ClearEyes     robot_eye.o
    0x0800042e   0x0800042e   0x00000002   PAD
    0x08000430   0x08000430   0x00000046   Code   RO          402    .text.DMA1_Stream6_IRQHandler  i2c1.o
    0x08000476   0x08000476   0x00000002   PAD
    0x08000478   0x08000478   0x0000000e   Code   RO           72    .text.Debug_Counter_Reset  debug.o
    0x08000486   0x08000486   0x00000002   PAD
    0x08000488   0x08000488   0x00000084   Code   RO          100    .text.Debug_Determine_Digit_Numbers  debug.o
    0x0800050c   0x0800050c   0x000000ac   Code   RO           54    .text.Debug_GPIO_Init  debug.o
    0x080005b8   0x080005b8   0x0000000e   Code   RO           76    .text.Debug_Get_Buf_Index  debug.o
    0x080005c6   0x080005c6   0x00000002   PAD
    0x080005c8   0x080005c8   0x0000001c   Code   RO          162    .text.Debug_Init    debug.o
    0x080005e4   0x080005e4   0x000000d8   Code   RO           56    .text.Debug_Reg_Init  debug.o
    0x080006bc   0x080006bc   0x00000016   Code   RO           80    .text.Debug_Rx_Byte  debug.o
    0x080006d2   0x080006d2   0x00000002   PAD
    0x080006d4   0x080006d4   0x00000098   Code   RO           52    .text.Debug_Struct_Init  debug.o
    0x0800076c   0x0800076c   0x00000020   Code   RO           66    .text.Debug_Timer_Disable  debug.o
    0x0800078c   0x0800078c   0x00000020   Code   RO           64    .text.Debug_Timer_Enable  debug.o
    0x080007ac   0x080007ac   0x00000088   Code   RO           62    .text.Debug_Timer_Init  debug.o
    0x08000834   0x08000834   0x00000030   Code   RO           78    .text.Debug_Tx_Byte  debug.o
    0x08000864   0x08000864   0x00000010   Code   RO           86    .text.Debug_Tx_NL   debug.o
    0x08000874   0x08000874   0x0000002c   Code   RO          104    .text.Debug_Tx_Number  debug.o
    0x080008a0   0x080008a0   0x0000006c   Code   RO          102    .text.Debug_Tx_Number_Digits  debug.o
    0x0800090c   0x0800090c   0x00000014   Code   RO          110    .text.Debug_Tx_Number_NL  debug.o
    0x08000920   0x08000920   0x0000001c   Code   RO          128    .text.Debug_Tx_Parameter_NL  debug.o
    0x0800093c   0x0800093c   0x0000000a   Code   RO           88    .text.Debug_Tx_SP   debug.o
    0x08000946   0x08000946   0x00000002   PAD
    0x08000948   0x08000948   0x00000036   Code   RO           92    .text.Debug_Tx_Text  debug.o
    0x0800097e   0x0800097e   0x00000002   PAD
    0x08000980   0x08000980   0x0000007a   Code   RO          588    .text.DrawEyes      robot_eye.o
    0x080009fa   0x080009fa   0x00000002   PAD
    0x080009fc   0x080009fc   0x000000dc   Code   RO           11    .text.GPIO_EnableClock  gpio.o
    0x08000ad8   0x08000ad8   0x000000b8   Code   RO           13    .text.GPIO_Init     gpio.o
    0x08000b90   0x08000b90   0x0000001e   Code   RO           19    .text.GPIO_TogglePin  gpio.o
    0x08000bae   0x08000bae   0x00000002   PAD
    0x08000bb0   0x08000bb0   0x000000f8   Code   RO          418    .text.I2C1_Bus_Recovery_GPIO  i2c1.o
    0x08000ca8   0x08000ca8   0x0000000e   Code   RO          406    .text.I2C1_DMA_Busy_Clear  i2c1.o
    0x08000cb6   0x08000cb6   0x00000002   PAD
    0x08000cb8   0x08000cb8   0x0000000c   Code   RO          408    .text.I2C1_DMA_Busy_Read  i2c1.o
    0x08000cc4   0x08000cc4   0x0000000e   Code   RO          410    .text.I2C1_DMA_Busy_Set  i2c1.o
    0x08000cd2   0x08000cd2   0x00000002   PAD
    0x08000cd4   0x08000cd4   0x000000b2   Code   RO          396    .text.I2C1_DMA_Init  i2c1.o
    0x08000d86   0x08000d86   0x00000002   PAD
    0x08000d88   0x08000d88   0x000000c4   Code   RO          392    .text.I2C1_GPIO_Init  i2c1.o
    0x08000e4c   0x08000e4c   0x00000018   Code   RO          446    .text.I2C1_Init     i2c1.o
    0x08000e64   0x08000e64   0x00000020   Code   RO          414    .text.I2C1_Recover_Bus  i2c1.o
    0x08000e84   0x08000e84   0x000000d8   Code   RO          394    .text.I2C1_Reg_Init  i2c1.o
    0x08000f5c   0x08000f5c   0x00000044   Code   RO          416    .text.I2C1_SWRST_Reset  i2c1.o
    0x08000fa0   0x08000fa0   0x000000ac   Code   RO          420    .text.I2C1_Send_Addr  i2c1.o
    0x0800104c   0x0800104c   0x000000b0   Code   RO          412    .text.I2C1_Start    i2c1.o
    0x080010fc   0x080010fc   0x00000086   Code   RO          404    .text.I2C1_Stop     i2c1.o
    0x08001182   0x08001182   0x00000002   PAD
    0x08001184   0x08001184   0x0000008a   Code   RO          422    .text.I2C1_Write_Data  i2c1.o
    0x0800120e   0x0800120e   0x00000002   PAD
    0x08001210   0x08001210   0x0000000a   Code   RO          569    .text.MicroTimer_GetCount  microtimer.o
    0x0800121a   0x0800121a   0x00000002   PAD
    0x0800121c   0x0800121c   0x0000009c   Code   RO          567    .text.MicroTimer_Init  microtimer.o
    0x080012b8   0x080012b8   0x0000003a   Code   RO          571    .text.MicroTimer_Measure  microtimer.o
    0x080012f2   0x080012f2   0x00000002   PAD
    0x080012f4   0x080012f4   0x0000002e   Code   RO          467    .text.OLED_Clear    oled.o
    0x08001322   0x08001322   0x00000002   PAD
    0x08001324   0x08001324   0x00000088   Code   RO          473    .text.OLED_Draw_Pixel  oled.o
    0x080013ac   0x080013ac   0x000001b0   Code   RO          606    .text.OLED_Draw_RoundedRect  robot_eye.o
    0x0800155c   0x0800155c   0x00000088   Code   RO          489    .text.OLED_Fill_Rect  oled.o
    0x080015e4   0x080015e4   0x000000b6   Code   RO          463    .text.OLED_Init     oled.o
    0x0800169a   0x0800169a   0x00000002   PAD
    0x0800169c   0x0800169c   0x00000038   Code   RO          457    .text.OLED_Send_Command  oled.o
    0x080016d4   0x080016d4   0x000000c0   Code   RO          461    .text.OLED_Send_Data_DMA  oled.o
    0x08001794   0x08001794   0x00000056   Code   RO          469    .text.OLED_Update   oled.o
    0x080017ea   0x080017ea   0x00000002   PAD
    0x080017ec   0x080017ec   0x000000dc   Code   RO          465    .text.Oled_Timer_Init  oled.o
    0x080018c8   0x080018c8   0x0000000c   Code   RO          507    .text.Oled_Update_Flag_Read  oled.o
    0x080018d4   0x080018d4   0x0000000e   Code   RO          505    .text.Oled_Update_Flag_Set  oled.o
    0x080018e2   0x080018e2   0x00000002   PAD
    0x080018e4   0x080018e4   0x00000034   Code   RO           38    .text.RCC_Get_APB1_Clock  rcc.o
    0x08001918   0x08001918   0x00000034   Code   RO           40    .text.RCC_Get_APB2_Clock  rcc.o
    0x0800194c   0x0800194c   0x00000034   Code   RO           36    .text.RCC_Get_HCLK  rcc.o
    0x08001980   0x08001980   0x000000d4   Code   RO           34    .text.RCC_Get_SYS_CLK  rcc.o
    0x08001a54   0x08001a54   0x000000b2   Code   RO           30    .text.RCC_HSE_Clock_Config  rcc.o
    0x08001b06   0x08001b06   0x00000002   PAD
    0x08001b08   0x08001b08   0x00000068   Code   RO           32    .text.RCC_LSE_Clock_Config  rcc.o
    0x08001b70   0x08001b70   0x00000024   Code   RO          584    .text.RobotEye_Init  robot_eye.o
    0x08001b94   0x08001b94   0x00000078   Code   RO          604    .text.RobotEye_Task  robot_eye.o
    0x08001c0c   0x08001c0c   0x00000012   Code   RO          627    .text.SystemInit    system_stm32f4xx.o
    0x08001c1e   0x08001c1e   0x00000002   PAD
    0x08001c20   0x08001c20   0x0000002a   Code   RO          503    .text.TIM1_BRK_TIM9_IRQHandler  oled.o
    0x08001c4a   0x08001c4a   0x00000002   PAD
    0x08001c4c   0x08001c4c   0x00000018   Code   RO          186    .text.TIM1_TRG_COM_TIM11_IRQHandler  timebase.o
    0x08001c64   0x08001c64   0x00000056   Code   RO           74    .text.TIM1_UP_TIM10_IRQHandler  debug.o
    0x08001cba   0x08001cba   0x00000002   PAD
    0x08001cbc   0x08001cbc   0x00000004   Code   RO          184    .text.Timebase_Atomic_Operation_End  timebase.o
    0x08001cc0   0x08001cc0   0x00000004   Code   RO          182    .text.Timebase_Atomic_Operation_Start  timebase.o
    0x08001cc4   0x08001cc4   0x0000002c   Code   RO          314    .text.Timebase_DownCounter_Clear_Period_Flag  timebase.o
    0x08001cf0   0x08001cf0   0x00000024   Code   RO          302    .text.Timebase_DownCounter_Get_EndValue  timebase.o
    0x08001d14   0x08001d14   0x00000024   Code   RO          316    .text.Timebase_DownCounter_Get_ReloadValue  timebase.o
    0x08001d38   0x08001d38   0x00000028   Code   RO          294    .text.Timebase_DownCounter_Get_Status  timebase.o
    0x08001d60   0x08001d60   0x00000024   Code   RO          298    .text.Timebase_DownCounter_Get_Value  timebase.o
    0x08001d84   0x08001d84   0x0000003e   Code   RO          320    .text.Timebase_DownCounter_Reset  timebase.o
    0x08001dc2   0x08001dc2   0x00000002   PAD
    0x08001dc4   0x08001dc4   0x00000030   Code   RO          352    .text.Timebase_DownCounter_Reset_All  timebase.o
    0x08001df4   0x08001df4   0x00000014   Code   RO          262    .text.Timebase_DownCounter_SS_Clear_All_Flags  timebase.o
    0x08001e08   0x08001e08   0x0000002c   Code   RO          254    .text.Timebase_DownCounter_SS_Clear_Period_Flag  timebase.o
    0x08001e34   0x08001e34   0x0000004a   Code   RO          280    .text.Timebase_DownCounter_SS_Continuous_Expired_Event  timebase.o
    0x08001e7e   0x08001e7e   0x00000002   PAD
    0x08001e80   0x08001e80   0x00000022   Code   RO          238    .text.Timebase_DownCounter_SS_Get_EndValueSec  timebase.o
    0x08001ea2   0x08001ea2   0x00000002   PAD
    0x08001ea4   0x08001ea4   0x00000022   Code   RO          240    .text.Timebase_DownCounter_SS_Get_EndValueSubSec  timebase.o
    0x08001ec6   0x08001ec6   0x00000002   PAD
    0x08001ec8   0x08001ec8   0x00000022   Code   RO          256    .text.Timebase_DownCounter_SS_Get_ReloadValue  timebase.o
    0x08001eea   0x08001eea   0x00000002   PAD
    0x08001eec   0x08001eec   0x00000028   Code   RO          230    .text.Timebase_DownCounter_SS_Get_Status  timebase.o
    0x08001f14   0x08001f14   0x00000022   Code   RO          234    .text.Timebase_DownCounter_SS_Get_Value  timebase.o
    0x08001f36   0x08001f36   0x00000002   PAD
    0x08001f38   0x08001f38   0x00000048   Code   RO          260    .text.Timebase_DownCounter_SS_Reset  timebase.o
    0x08001f80   0x08001f80   0x00000030   Code   RO          292    .text.Timebase_DownCounter_SS_Reset_All  timebase.o
    0x08001fb0   0x08001fb0   0x00000026   Code   RO          242    .text.Timebase_DownCounter_SS_Set_EndValueSec  timebase.o
    0x08001fd6   0x08001fd6   0x00000002   PAD
    0x08001fd8   0x08001fd8   0x00000026   Code   RO          244    .text.Timebase_DownCounter_SS_Set_EndValueSubSec  timebase.o
    0x08001ffe   0x08001ffe   0x00000002   PAD
    0x08002000   0x08002000   0x00000026   Code   RO          258    .text.Timebase_DownCounter_SS_Set_ReloadValue  timebase.o
    0x08002026   0x08002026   0x00000002   PAD
    0x08002028   0x08002028   0x000000ba   Code   RO          268    .text.Timebase_DownCounter_SS_Set_Securely  timebase.o
    0x080020e2   0x080020e2   0x00000002   PAD
    0x080020e4   0x080020e4   0x0000003c   Code   RO          232    .text.Timebase_DownCounter_SS_Set_Status  timebase.o
    0x08002120   0x08002120   0x00000026   Code   RO          236    .text.Timebase_DownCounter_SS_Set_Value  timebase.o
    0x08002146   0x08002146   0x00000002   PAD
    0x08002148   0x08002148   0x00000026   Code   RO          264    .text.Timebase_DownCounter_SS_Start  timebase.o
    0x0800216e   0x0800216e   0x00000002   PAD
    0x08002170   0x08002170   0x00000106   Code   RO          272    .text.Timebase_DownCounter_SS_Update  timebase.o
    0x08002276   0x08002276   0x00000002   PAD
    0x08002278   0x08002278   0x00000030   Code   RO          290    .text.Timebase_DownCounter_SS_Update_All  timebase.o
    0x080022a8   0x080022a8   0x00000028   Code   RO          304    .text.Timebase_DownCounter_Set_EndValue  timebase.o
    0x080022d0   0x080022d0   0x00000028   Code   RO          318    .text.Timebase_DownCounter_Set_ReloadValue  timebase.o
    0x080022f8   0x080022f8   0x0000003c   Code   RO          296    .text.Timebase_DownCounter_Set_Status  timebase.o
    0x08002334   0x08002334   0x00000028   Code   RO          300    .text.Timebase_DownCounter_Set_Value  timebase.o
    0x0800235c   0x0800235c   0x0000009c   Code   RO          332    .text.Timebase_DownCounter_Update  timebase.o
    0x080023f8   0x080023f8   0x00000030   Code   RO          350    .text.Timebase_DownCounter_Update_All  timebase.o
    0x08002428   0x08002428   0x0000005c   Code   RO          188    .text.Timebase_ISR_Executables  timebase.o
    0x08002484   0x08002484   0x0000001c   Code   RO          360    .text.Timebase_Init  timebase.o
    0x080024a0   0x080024a0   0x00000080   Code   RO          362    .text.Timebase_Main_Loop_Executables  timebase.o
    0x08002520   0x08002520   0x0000000c   Code   RO          356    .text.Timebase_Reset  timebase.o
    0x0800252c   0x0800252c   0x00000168   Code   RO          172    .text.Timebase_Struct_Init  timebase.o
    0x08002694   0x08002694   0x000000a4   Code   RO          174    .text.Timebase_Timer_Enable  timebase.o
    0x08002738   0x08002738   0x0000000e   Code   RO          198    .text.Timebase_Timer_Get_Seconds  timebase.o
    0x08002746   0x08002746   0x00000002   PAD
    0x08002748   0x08002748   0x0000000e   Code   RO          196    .text.Timebase_Timer_Get_SubSeconds  timebase.o
    0x08002756   0x08002756   0x00000002   PAD
    0x08002758   0x08002758   0x00000048   Code   RO          214    .text.Timebase_Timer_Sync_With_Shadow_Variables  timebase.o
    0x080027a0   0x080027a0   0x00000070   Code   RO           82    .text.USART2_IRQHandler  debug.o
    0x08002810   0x08002810   0x00000030   Code   RO           58    .text.__NVIC_EnableIRQ  debug.o
    0x08002840   0x08002840   0x00000030   Code   RO          178    .text.__NVIC_EnableIRQ  timebase.o
    0x08002870   0x08002870   0x00000030   Code   RO          400    .text.__NVIC_EnableIRQ  i2c1.o
    0x080028a0   0x080028a0   0x00000030   Code   RO          501    .text.__NVIC_EnableIRQ  oled.o
    0x080028d0   0x080028d0   0x00000042   Code   RO           60    .text.__NVIC_SetPriority  debug.o
    0x08002912   0x08002912   0x00000002   PAD
    0x08002914   0x08002914   0x00000042   Code   RO          176    .text.__NVIC_SetPriority  timebase.o
    0x08002956   0x08002956   0x00000002   PAD
    0x08002958   0x08002958   0x00000042   Code   RO          398    .text.__NVIC_SetPriority  i2c1.o
    0x0800299a   0x0800299a   0x00000002   PAD
    0x0800299c   0x0800299c   0x00000016   Code   RO          375    .text.gfx_update    app.o
    0x080029b2   0x080029b2   0x00000002   PAD
    0x080029b4   0x080029b4   0x00000014   Code   RO            2    .text.main          main.o
    0x080029c8   0x080029c8   0x0000001a   Code   RO          947    x$fpl$fpinit        fz_wm.l(fpinit.o)
    0x080029e2   0x080029e2   0x00000008   Data   RO           43    .rodata.RCC_Get_APB1_Clock.apb_presc_table  rcc.o
    0x080029ea   0x080029ea   0x00000008   Data   RO           44    .rodata.RCC_Get_APB2_Clock.apb_presc_table  rcc.o
    0x080029f2   0x080029f2   0x00000010   Data   RO           42    .rodata.RCC_Get_HCLK.ahb_presc_table  rcc.o
    0x08002a02   0x08002a02   0x00000026   Data   RO          383    .rodata.str1.1      app.o
    0x08002a28   0x08002a28   0x00000010   Data   RO         1022    Region$$Table       anon$$obj.o


    Execution Region RW_IRAM1 (Exec base: 0x20000000, Load base: 0x08002a38, Size: 0x00000e18, Max: 0x00010000, ABSOLUTE)

    Exec Addr    Load Addr    Size         Type   Attr      Idx    E Section Name        Object

    0x20000000        -       0x00000060   Zero   RW          825    .bss                c_w.l(libspace.o)
    0x20000060        -       0x00000004   Zero   RW          384    .bss.App_Main_Loop.execution_time  app.o
    0x20000064        -       0x0000008d   Zero   RW          164    .bss.Debug          debug.o
    0x200000f1        -       0x00000400   Zero   RW          512    .bss.OLED_Buffer    oled.o
    0x200004f1   0x08002a38   0x00000003   PAD
    0x200004f4        -       0x00000004   Zero   RW          367    .bss.Timebase       timebase.o
    0x200004f8        -       0x00000318   Zero   RW          366    .bss.Timebase_type  timebase.o
    0x20000810        -       0x00000001   Zero   RW          608    .bss.blink_dir      robot_eye.o
    0x20000811        -       0x00000001   Zero   RW          610    .bss.blink_step     robot_eye.o
    0x20000812        -       0x00000001   Zero   RW          448    .bss.dma_busy       i2c1.o
    0x20000813        -       0x00000001   Zero   RW          609    .bss.eye_offset     robot_eye.o
    0x20000814        -       0x00000001   Zero   RW          511    .bss.oled_update_flag  oled.o
    0x20000815   0x08002a38   0x00000003   PAD
    0x20000818        -       0x00000200   Zero   RW          618    HEAP                startup_stm32f401xc.o
    0x20000a18        -       0x00000400   Zero   RW          617    STACK               startup_stm32f401xc.o


==============================================================================

Image component sizes


      Code (inc. data)   RO Data    RW Data    ZI Data      Debug   Object Name

       270          0         38          0          4       1812   app.o
      1590          0          0          0        141      13071   debug.o
       434          0          0          0          0       3263   gpio.o
      1806          0          0          0          1      10707   i2c1.o
        20          0          0          0          0        380   main.o
       224          0          0          0          0       2743   microtimer.o
      1170          0          0          0       1025      11276   oled.o
       650          0         32          0          0       3063   rcc.o
       764          0          0          0          3       2497   robot_eye.o
        64         26        404          0       1536        908   startup_stm32f401xc.o
        18          0          0          0          0       2832   system_stm32f4xx.o
      2896          0          0          0        796      22426   timebase.o

    ----------------------------------------------------------------------
      9992         26        490          0       3512      74978   Object Totals
         0          0         16          0          0          0   (incl. Generated)
        86          0          0          0          6          0   (incl. Padding)

    ----------------------------------------------------------------------

      Code (inc. data)   RO Data    RW Data    ZI Data      Debug   Library Member Name

         8          0          0          0          0         68   __main.o
         0          0          0          0          0          0   __rtentry.o
        12          0          0          0          0          0   __rtentry2.o
         6          0          0          0          0          0   __rtentry4.o
        94          8          0          0          0          0   __scatter.o
        28          0          0          0          0          0   __scatter_zi.o
        18          0          0          0          0         80   exit.o
         6          0          0          0          0        152   heapauxi.o
         0          0          0          0          0          0   indicate_semi.o
         2          0          0          0          0          0   libinit.o
         6          0          0          0          0          0   libinit2.o
         2          0          0          0          0          0   libshutdown.o
         2          0          0          0          0          0   libshutdown2.o
         8          4          0          0         96         68   libspace.o
         2          0          0          0          0          0   rtexit.o
        10          0          0          0          0          0   rtexit2.o
        12          4          0          0          0         68   sys_exit.o
        74          0          0          0          0         80   sys_stackheap_outer.o
         2          0          0          0          0         68   use_no_semi.o
        26          0          0          0          0        116   fpinit.o

    ----------------------------------------------------------------------
       326         16          0          0         96        700   Library Totals
         8          0          0          0          0          0   (incl. Padding)

    ----------------------------------------------------------------------

      Code (inc. data)   RO Data    RW Data    ZI Data      Debug   Library Name

       292         16          0          0         96        584   c_w.l
        26          0          0          0          0        116   fz_wm.l

    ----------------------------------------------------------------------
       326         16          0          0         96        700   Library Totals

    ----------------------------------------------------------------------

==============================================================================


      Code (inc. data)   RO Data    RW Data    ZI Data      Debug   

     10318         42        490          0       3608      75322   Grand Totals
     10318         42        490          0       3608      75322   ELF Image Totals
     10318         42        490          0          0          0   ROM Totals

==============================================================================

    Total RO  Size (Code + RO Data)                10808 (  10.55kB)
    Total RW  Size (RW Data + ZI Data)              3608 (   3.52kB)
    Total ROM Size (Code + RO Data + RW Data)      10808 (  10.55kB)

==============================================================================

