Component: Arm Compiler for Embedded 6.24 Tool: armlink [5f371500]

==============================================================================

Section Cross References

    main.o(.text.main) refers to app.o(.text.App_Setup) for App_Setup
    main.o(.text.main) refers to app.o(.text.App_Main_Loop) for App_Main_Loop
    main.o(.ARM.exidx.text.main) refers to main.o(.text.main) for [Anonymous Symbol]
    gpio.o(.ARM.exidx.text.GPIO_EnableClock) refers to gpio.o(.text.GPIO_EnableClock) for [Anonymous Symbol]
    gpio.o(.ARM.exidx.text.GPIO_Init) refers to gpio.o(.text.GPIO_Init) for [Anonymous Symbol]
    gpio.o(.ARM.exidx.text.GPIO_SetPin) refers to gpio.o(.text.GPIO_SetPin) for [Anonymous Symbol]
    gpio.o(.ARM.exidx.text.GPIO_ResetPin) refers to gpio.o(.text.GPIO_ResetPin) for [Anonymous Symbol]
    gpio.o(.ARM.exidx.text.GPIO_TogglePin) refers to gpio.o(.text.GPIO_TogglePin) for [Anonymous Symbol]
    gpio.o(.ARM.exidx.text.GPIO_ReadPin) refers to gpio.o(.text.GPIO_ReadPin) for [Anonymous Symbol]
    rcc.o(.ARM.exidx.text.RCC_HSE_Clock_Config) refers to rcc.o(.text.RCC_HSE_Clock_Config) for [Anonymous Symbol]
    rcc.o(.ARM.exidx.text.RCC_LSE_Clock_Config) refers to rcc.o(.text.RCC_LSE_Clock_Config) for [Anonymous Symbol]
    rcc.o(.ARM.exidx.text.RCC_Get_SYS_CLK) refers to rcc.o(.text.RCC_Get_SYS_CLK) for [Anonymous Symbol]
    rcc.o(.text.RCC_Get_HCLK) refers to rcc.o(.text.RCC_Get_SYS_CLK) for RCC_Get_SYS_CLK
    rcc.o(.text.RCC_Get_HCLK) refers to rcc.o(.rodata.RCC_Get_HCLK.ahb_presc_table) for RCC_Get_HCLK.ahb_presc_table
    rcc.o(.ARM.exidx.text.RCC_Get_HCLK) refers to rcc.o(.text.RCC_Get_HCLK) for [Anonymous Symbol]
    rcc.o(.text.RCC_Get_APB1_Clock) refers to rcc.o(.text.RCC_Get_HCLK) for RCC_Get_HCLK
    rcc.o(.text.RCC_Get_APB1_Clock) refers to rcc.o(.rodata.RCC_Get_APB1_Clock.apb_presc_table) for RCC_Get_APB1_Clock.apb_presc_table
    rcc.o(.ARM.exidx.text.RCC_Get_APB1_Clock) refers to rcc.o(.text.RCC_Get_APB1_Clock) for [Anonymous Symbol]
    rcc.o(.text.RCC_Get_APB2_Clock) refers to rcc.o(.text.RCC_Get_HCLK) for RCC_Get_HCLK
    rcc.o(.text.RCC_Get_APB2_Clock) refers to rcc.o(.rodata.RCC_Get_APB2_Clock.apb_presc_table) for RCC_Get_APB2_Clock.apb_presc_table
    rcc.o(.ARM.exidx.text.RCC_Get_APB2_Clock) refers to rcc.o(.text.RCC_Get_APB2_Clock) for [Anonymous Symbol]
    debug.o(.text.Debug_Struct_Init) refers to debug.o(.bss.Debug) for Debug
    debug.o(.ARM.exidx.text.Debug_Struct_Init) refers to debug.o(.text.Debug_Struct_Init) for [Anonymous Symbol]
    debug.o(.ARM.exidx.text.Debug_GPIO_Init) refers to debug.o(.text.Debug_GPIO_Init) for [Anonymous Symbol]
    debug.o(.text.Debug_Reg_Init) refers to rcc.o(.text.RCC_Get_APB1_Clock) for RCC_Get_APB1_Clock
    debug.o(.text.Debug_Reg_Init) refers to debug.o(.text.__NVIC_EnableIRQ) for __NVIC_EnableIRQ
    debug.o(.text.Debug_Reg_Init) refers to debug.o(.text.__NVIC_SetPriority) for __NVIC_SetPriority
    debug.o(.ARM.exidx.text.Debug_Reg_Init) refers to debug.o(.text.Debug_Reg_Init) for [Anonymous Symbol]
    debug.o(.ARM.exidx.text.__NVIC_EnableIRQ) refers to debug.o(.text.__NVIC_EnableIRQ) for [Anonymous Symbol]
    debug.o(.ARM.exidx.text.__NVIC_SetPriority) refers to debug.o(.text.__NVIC_SetPriority) for [Anonymous Symbol]
    debug.o(.text.Debug_Timer_Init) refers to rcc.o(.text.RCC_Get_APB2_Clock) for RCC_Get_APB2_Clock
    debug.o(.text.Debug_Timer_Init) refers to debug.o(.text.__NVIC_EnableIRQ) for __NVIC_EnableIRQ
    debug.o(.text.Debug_Timer_Init) refers to debug.o(.text.__NVIC_SetPriority) for __NVIC_SetPriority
    debug.o(.ARM.exidx.text.Debug_Timer_Init) refers to debug.o(.text.Debug_Timer_Init) for [Anonymous Symbol]
    debug.o(.text.Debug_Timer_Enable) refers to debug.o(.bss.Debug) for Debug
    debug.o(.ARM.exidx.text.Debug_Timer_Enable) refers to debug.o(.text.Debug_Timer_Enable) for [Anonymous Symbol]
    debug.o(.text.Debug_Timer_Disable) refers to debug.o(.bss.Debug) for Debug
    debug.o(.ARM.exidx.text.Debug_Timer_Disable) refers to debug.o(.text.Debug_Timer_Disable) for [Anonymous Symbol]
    debug.o(.text.Debug_Get_Timer_Status) refers to debug.o(.bss.Debug) for Debug
    debug.o(.ARM.exidx.text.Debug_Get_Timer_Status) refers to debug.o(.text.Debug_Get_Timer_Status) for [Anonymous Symbol]
    debug.o(.ARM.exidx.text.Debug_Get_Counter_Val) refers to debug.o(.text.Debug_Get_Counter_Val) for [Anonymous Symbol]
    debug.o(.ARM.exidx.text.Debug_Counter_Reset) refers to debug.o(.text.Debug_Counter_Reset) for [Anonymous Symbol]
    debug.o(.text.TIM1_UP_TIM10_IRQHandler) refers to debug.o(.bss.Debug) for Debug
    debug.o(.text.TIM1_UP_TIM10_IRQHandler) refers to debug.o(.text.Debug_Timer_Disable) for Debug_Timer_Disable
    debug.o(.text.TIM1_UP_TIM10_IRQHandler) refers to debug.o(.text.Debug_Get_Buf_Index) for Debug_Get_Buf_Index
    debug.o(.ARM.exidx.text.TIM1_UP_TIM10_IRQHandler) refers to debug.o(.text.TIM1_UP_TIM10_IRQHandler) for [Anonymous Symbol]
[...]
    [Anonymous Symbol]                       0x08002e80   Section        0  timebase.o(.text.Timebase_DownCounter_Get_Status)
    [Anonymous Symbol]                       0x08002ea8   Section        0  timebase.o(.text.Timebase_DownCounter_Get_Value)
    [Anonymous Symbol]                       0x08002ecc   Section        0  timebase.o(.text.Timebase_DownCounter_Reset)
    [Anonymous Symbol]                       0x08002f0c   Section        0  timebase.o(.text.Timebase_DownCounter_Reset_All)
    [Anonymous Symbol]                       0x08002f3c   Section        0  timebase.o(.text.Timebase_DownCounter_SS_Clear_All_Flags)
    [Anonymous Symbol]                       0x08002f50   Section        0  timebase.o(.text.Timebase_DownCounter_SS_Clear_Period_Flag)
    [Anonymous Symbol]                       0x08002f7c   Section        0  timebase.o(.text.Timebase_DownCounter_SS_Continuous_Expired_Event)
    [Anonymous Symbol]                       0x08002fc8   Section        0  timebase.o(.text.Timebase_DownCounter_SS_Get_EndValueSec)
    [Anonymous Symbol]                       0x08002fec   Section        0  timebase.o(.text.Timebase_DownCounter_SS_Get_EndValueSubSec)
    [Anonymous Symbol]                       0x08003010   Section        0  timebase.o(.text.Timebase_DownCounter_SS_Get_ReloadValue)
    [Anonymous Symbol]                       0x08003034   Section        0  timebase.o(.text.Timebase_DownCounter_SS_Get_Status)
    [Anonymous Symbol]                       0x0800305c   Section        0  timebase.o(.text.Timebase_DownCounter_SS_Get_Value)
    [Anonymous Symbol]                       0x08003080   Section        0  timebase.o(.text.Timebase_DownCounter_SS_Reset)
    [Anonymous Symbol]                       0x080030c8   Section        0  timebase.o(.text.Timebase_DownCounter_SS_Reset_All)
    [Anonymous Symbol]                       0x080030f8   Section        0  timebase.o(.text.Timebase_DownCounter_SS_Set_EndValueSec)
    [Anonymous Symbol]                       0x08003120   Section        0  timebase.o(.text.Timebase_DownCounter_SS_Set_EndValueSubSec)
    [Anonymous Symbol]                       0x08003148   Section        0  timebase.o(.text.Timebase_DownCounter_SS_Set_ReloadValue)
    [Anonymous Symbol]                       0x08003170   Section        0  timebase.o(.text.Timebase_DownCounter_SS_Set_Securely)
    [Anonymous Symbol]                       0x0800322c   Section        0  timebase.o(.text.Timebase_DownCounter_SS_Set_Status)
    [Anonymous Symbol]                       0x08003268   Section        0  timebase.o(.text.Timebase_DownCounter_SS_Set_Value)
    [Anonymous Symbol]                       0x08003290   Section        0  timebase.o(.text.Timebase_DownCounter_SS_Start)
    [Anonymous Symbol]                       0x080032b8   Section        0  timebase.o(.text.Timebase_DownCounter_SS_Update)
    [Anonymous Symbol]                       0x080033c0   Section        0  timebase.o(.text.Timebase_DownCounter_SS_Update_All)
    [Anonymous Symbol]                       0x080033f0   Section        0  timebase.o(.text.Timebase_DownCounter_Set_EndValue)
    [Anonymous Symbol]                       0x08003418   Section        0  timebase.o(.text.Timebase_DownCounter_Set_ReloadValue)
    [Anonymous Symbol]                       0x08003440   Section        0  timebase.o(.text.Timebase_DownCounter_Set_Status)
    [Anonymous Symbol]                       0x0800347c   Section        0  timebase.o(.text.Timebase_DownCounter_Set_Value)
    [Anonymous Symbol]                       0x080034a4   Section        0  timebase.o(.text.Timebase_DownCounter_Update)
    [Anonymous Symbol]                       0x08003540   Section        0  timebase.o(.text.Timebase_DownCounter_Update_All)
    [Anonymous Symbol]                       0x08003570   Section        0  timebase.o(.text.Timebase_ISR_Executables)
    [Anonymous Symbol]                       0x080035cc   Section        0  timebase.o(.text.Timebase_Init)
    [Anonymous Symbol]                       0x080035e8   Section        0  timebase.o(.text.Timebase_Main_Loop_Executables)
    [Anonymous Symbol]                       0x08003668   Section        0  timebase.o(.text.Timebase_Reset)
    [Anonymous Symbol]                       0x08003674   Section        0  timebase.o(.text.Timebase_Struct_Init)
    [Anonymous Symbol]                       0x080037dc   Section        0  timebase.o(.text.Timebase_Timer_Enable)
    [Anonymous Symbol]                       0x08003880   Section        0  timebase.o(.text.Timebase_Timer_Get_Seconds)
    [Anonymous Symbol]                       0x08003890   Section        0  timebase.o(.text.Timebase_Timer_Get_SubSeconds)
    [Anonymous Symbol]                       0x080038a0   Section        0  timebase.o(.text.Timebase_Timer_Sync_With_Shadow_Variables)
    [Anonymous Symbol]                       0x080038e8   Section        0  debug.o(.text.USART2_IRQHandler)
    __NVIC_EnableIRQ                         0x08003959   Thumb Code    48  debug.o(.text.__NVIC_EnableIRQ)
    [Anonymous Symbol]                       0x08003958   Section        0  debug.o(.text.__NVIC_EnableIRQ)
    __NVIC_EnableIRQ                         0x08003989   Thumb Code    48  timebase.o(.text.__NVIC_EnableIRQ)
    [Anonymous Symbol]                       0x08003988   Section        0  timebase.o(.text.__NVIC_EnableIRQ)
    __NVIC_EnableIRQ                         0x080039b9   Thumb Code    48  oled.o(.text.__NVIC_EnableIRQ)
    [Anonymous Symbol]                       0x080039b8   Section        0  oled.o(.text.__NVIC_EnableIRQ)
    __NVIC_SetPriority                       0x080039e9   Thumb Code    66  debug.o(.text.__NVIC_SetPriority)
    [Anonymous Symbol]                       0x080039e8   Section        0  debug.o(.text.__NVIC_SetPriority)
    __NVIC_SetPriority                       0x08003a2d   Thumb Code    66  timebase.o(.text.__NVIC_SetPriority)
    [Anonymous Symbol]                       0x08003a2c   Section        0  timebase.o(.text.__NVIC_SetPriority)
    [Anonymous Symbol]                       0x08003a70   Section        0  main.o(.text.main)
    [Anonymous Symbol]                       0x08003a84   Section        0  app.o(.text.my_function)
    CL$$btod_d2e                             0x08003ad6   Section       62  btod.o(CL$$btod_d2e)
    CL$$btod_d2e_denorm_low                  0x08003b14   Section       70  btod.o(CL$$btod_d2e_denorm_low)
    CL$$btod_d2e_norm_op1                    0x08003b5a   Section       96  btod.o(CL$$btod_d2e_norm_op1)
    CL$$btod_div_common                      0x08003bbc   Section      824  btod.o(CL$$btod_div_common)
    CL$$btod_e2e                             0x08003ef4   Section      220  btod.o(CL$$btod_e2e)
    CL$$btod_ediv                            0x08003fd0   Section       42  btod.o(CL$$btod_ediv)
    CL$$btod_emul                            0x08003ffa   Section       42  btod.o(CL$$btod_emul)
    CL$$btod_mult_common                     0x08004024   Section      580  btod.o(CL$$btod_mult_common)
    i.__ARM_fpclassify                       0x08004268   Section        0  fpclassify.o(i.__ARM_fpclassify)
    i._is_digit                              0x08004298   Section        0  __printf_wp.o(i._is_digit)
    locale$$code                             0x080042a8   Section       44  lc_numeric_c.o(locale$$code)
    locale$$code                             0x080042d4   Section       44  lc_ctype_c.o(locale$$code)
    $v0                                      0x08004300   Number         0  fpinit.o(x$fpl$fpinit)
    x$fpl$fpinit                             0x08004300   Section       26  fpinit.o(x$fpl$fpinit)
    $v0                                      0x0800431a   Number         0  printf1.o(x$fpl$printf1)
    x$fpl$printf1                            0x0800431a   Section        4  printf1.o(x$fpl$printf1)
    $v0                                      0x0800431e   Number         0  printf2.o(x$fpl$printf2)
    x$fpl$printf2                            0x0800431e   Section        4  printf2.o(x$fpl$printf2)
    x$fpl$usenofp                            0x08004322   Section        0  usenofp.o(x$fpl$usenofp)
    initial_mbstate                          0x08004324   Data           8  _printf_wctomb.o(.constdata)
    .constdata                               0x08004324   Section        8  _printf_wctomb.o(.constdata)
    uc_hextab                                0x0800432c   Data          20  _printf_hex_int_ll_ptr.o(.constdata)
    .constdata                               0x0800432c   Section       40  _printf_hex_int_ll_ptr.o(.constdata)
    lc_hextab                                0x08004340   Data          20  _printf_hex_int_ll_ptr.o(.constdata)
    maptable                                 0x08004354   Data          17  __printf_flags_ss_wp.o(.constdata)
    .constdata                               0x08004354   Section       17  __printf_flags_ss_wp.o(.constdata)
    lc_hextab                                0x08004365   Data          19  _printf_fp_hex.o(.constdata)
    .constdata                               0x08004365   Section       38  _printf_fp_hex.o(.constdata)
    uc_hextab                                0x08004378   Data          19  _printf_fp_hex.o(.constdata)
    tenpwrs_x                                0x0800438c   Data          60  bigflt0.o(.constdata)
    .constdata                               0x0800438c   Section      148  bigflt0.o(.constdata)
    tenpwrs_i                                0x080043c8   Data          64  bigflt0.o(.constdata)
    RCC_Get_APB1_Clock.apb_presc_table       0x08004600   Data           8  rcc.o(.rodata.RCC_Get_APB1_Clock.apb_presc_table)
    [Anonymous Symbol]                       0x08004600   Section        0  rcc.o(.rodata.RCC_Get_APB1_Clock.apb_presc_table)
    RCC_Get_APB2_Clock.apb_presc_table       0x08004608   Data           8  rcc.o(.rodata.RCC_Get_APB2_Clock.apb_presc_table)
    [Anonymous Symbol]                       0x08004608   Section        0  rcc.o(.rodata.RCC_Get_APB2_Clock.apb_presc_table)
    RCC_Get_HCLK.ahb_presc_table             0x08004610   Data          16  rcc.o(.rodata.RCC_Get_HCLK.ahb_presc_table)
    [Anonymous Symbol]                       0x08004610   Section        0  rcc.o(.rodata.RCC_Get_HCLK.ahb_presc_table)
    .L.str                                   0x08004620   Data           7  app.o(.rodata.str1.1)
    [Anonymous Symbol]                       0x08004620   Section        0  app.o(.rodata.str1.1)
    .L.str.1                                 0x08004627   Data          10  app.o(.rodata.str1.1)
    .L.str                                   0x08004631   Data           4  oled.o(.rodata.str1.1)
    [Anonymous Symbol]                       0x08004631   Section        0  oled.o(.rodata.str1.1)
    .L.str                                   0x08004635   Data           5  animation.o(.rodata.str1.1)
    [Anonymous Symbol]                       0x08004635   Section        0  animation.o(.rodata.str1.1)
    locale$$data                             0x0800464c   Section       28  lc_numeric_c.o(locale$$data)
    __lcnum_c_name                           0x08004650   Data           2  lc_numeric_c.o(locale$$data)
    __lcnum_c_start                          0x08004658   Data           0  lc_numeric_c.o(locale$$data)
    __lcnum_c_point                          0x08004664   Data           0  lc_numeric_c.o(locale$$data)
    __lcnum_c_thousands                      0x08004666   Data           0  lc_numeric_c.o(locale$$data)
    __lcnum_c_grouping                       0x08004667   Data           0  lc_numeric_c.o(locale$$data)
    __lcnum_c_end                            0x08004668   Data           0  lc_numeric_c.o(locale$$data)
    locale$$data                             0x08004668   Section      272  lc_ctype_c.o(locale$$data)
    __lcctype_c_name                         0x0800466c   Data           2  lc_ctype_c.o(locale$$data)
    __lcctype_c_start                        0x08004674   Data           0  lc_ctype_c.o(locale$$data)
    __lcctype_c_end                          0x08004778   Data           0  lc_ctype_c.o(locale$$data)
    .bss                                     0x20000000   Section       96  libspace.o(.bss)
    App_Main_Loop.execution_time             0x20000060   Data           4  app.o(.bss.App_Main_Loop.execution_time)
    [Anonymous Symbol]                       0x20000060   Section        0  app.o(.bss.App_Main_Loop.execution_time)
    Heap_Mem                                 0x20000818   Data         512  startup_stm32f401xc.o(HEAP)
    HEAP                                     0x20000818   Section      512  startup_stm32f401xc.o(HEAP)
    Stack_Mem                                0x20000a18   Data        1024  startup_stm32f401xc.o(STACK)
    STACK                                    0x20000a18   Section     1024  startup_stm32f401xc.o(STACK)
    __initial_sp                             0x20000e18   Data           0  startup_stm32f401xc.o(STACK)

    Global Symbols

    Symbol Name                              Value     Ov Type        Size  Object(Section)

    BuildAttributes$$THM_ISAv4$E$P$D$K$B$S$7EM$VFPi3$EXTD16$VFPS$VFMA$PE$A:L22UL41UL21$X:L11$S22US41US21$IEEE1$IW$~IW$USESV6$~STKCKD$USESV7$~SHL$OTIME$ROPI$IEEEX$EBA8$UX$STANDARDLIB$REQ8$PRES8$EABIv2 0x00000000   Number         0  anon$$obj.o ABSOLUTE
    _printf_flags                            0x00000000   Number         0  printf_stubs.o ABSOLUTE
    _printf_return_value                     0x00000000   Number         0  printf_stubs.o ABSOLUTE
    _printf_sizespec                         0x00000000   Number         0  printf_stubs.o ABSOLUTE
    _printf_widthprec                        0x00000000   Number         0  printf_stubs.o ABSOLUTE
    __ARM_exceptions_init                     - Undefined Weak Reference
    __alloca_initialize                       - Undefined Weak Reference
    __arm_preinit_                            - Undefined Weak Reference
    __arm_relocate_pie_                       - Undefined Weak Reference
    __cpp_initialize__aeabi_                  - Undefined Weak Reference
    __cxa_finalize                            - Undefined Weak Reference
    __sigvec_lookup                           - Undefined Weak Reference
    _atexit_init                              - Undefined Weak Reference
    _call_atexit_fns                          - Undefined Weak Reference
    _clock_init                               - Undefined Weak Reference
    _fp_trap_init                             - Undefined Weak Reference
    _fp_trap_shutdown                         - Undefined Weak Reference
    _get_lc_collate                           - Undefined Weak Reference
    _get_lc_monetary                          - Undefined Weak Reference
    _get_lc_time                              - Undefined Weak Reference
    _getenv_init                              - Undefined Weak Reference
    _handle_redirection                       - Undefined Weak Reference
    _init_alloc                               - Undefined Weak Reference
    _init_user_alloc                          - Undefined Weak Reference
    _initio                                   - Undefined Weak Reference
    _printf_mbtowc                            - Undefined Weak Reference
    _printf_wc                                - Undefined Weak Reference
    _rand_init                                - Undefined Weak Reference
    _signal_finish                            - Undefined Weak Reference
    _signal_init                              - Undefined Weak Reference
    _terminate_alloc                          - Undefined Weak Reference
    _terminate_user_alloc                     - Undefined Weak Reference
    _terminateio                              - Undefined Weak Reference
    __Vectors_Size                           0x00000194   Number         0  startup_stm32f401xc.o ABSOLUTE
    __Vectors                                0x08000000   Data           4  startup_stm32f401xc.o(RESET)
    __Vectors_End                            0x08000194   Data           0  startup_stm32f401xc.o(RESET)
    __main                                   0x08000195   Thumb Code     8  __main.o(!!!main)
    __scatterload                            0x0800019d   Thumb Code     0  __scatter.o(!!!scatter)
    __scatterload_rt2                        0x0800019d   Thumb Code    84  __scatter.o(!!!scatter)
    __scatterload_rt2_thumb_only             0x0800019d   Thumb Code     0  __scatter.o(!!!scatter)
    __scatterload_loop                       0x080001a7   Thumb Code     0  __scatter.o(!!!scatter)
    __scatterload_null                       0x080001f9   Thumb Code     2  __scatter.o(!!handler_null)
    __scatterload_zeroinit                   0x080001fd   Thumb Code    28  __scatter_zi.o(!!handler_zi)
    _printf_n                                0x08000219   Thumb Code     0  _printf_n.o(.ARM.Collect$$_printf_percent$$00000001)
    _printf_percent                          0x08000219   Thumb Code     0  _printf_percent.o(.ARM.Collect$$_printf_percent$$00000000)
    _printf_p                                0x0800021f   Thumb Code     0  _printf_p.o(.ARM.Collect$$_printf_percent$$00000002)
    _printf_f                                0x08000225   Thumb Code     0  _printf_f.o(.ARM.Collect$$_printf_percent$$00000003)
    _printf_e                                0x0800022b   Thumb Code     0  _printf_e.o(.ARM.Collect$$_printf_percent$$00000004)
    _printf_g                                0x08000231   Thumb Code     0  _printf_g.o(.ARM.Collect$$_printf_percent$$00000005)
    _printf_a                                0x08000237   Thumb Code     0  _printf_a.o(.ARM.Collect$$_printf_percent$$00000006)
    _printf_ll                               0x0800023d   Thumb Code     0  _printf_ll.o(.ARM.Collect$$_printf_percent$$00000007)
    _printf_i                                0x08000247   Thumb Code     0  _printf_i.o(.ARM.Collect$$_printf_percent$$00000008)
    _printf_d                                0x0800024d   Thumb Code     0  _printf_d.o(.ARM.Collect$$_printf_percent$$00000009)
    _printf_u                                0x08000253   Thumb Code     0  _printf_u.o(.ARM.Collect$$_printf_percent$$0000000A)
    _printf_o                                0x08000259   Thumb Code     0  _printf_o.o(.ARM.Collect$$_printf_percent$$0000000B)
    _printf_x                                0x0800025f   Thumb Code     0  _printf_x.o(.ARM.Collect$$_printf_percent$$0000000C)
    _printf_lli                              0x08000265   Thumb Code     0  _printf_lli.o(.ARM.Collect$$_printf_percent$$0000000D)
    _printf_lld                              0x0800026b   Thumb Code     0  _printf_lld.o(.ARM.Collect$$_printf_percent$$0000000E)
    _printf_llu                              0x08000271   Thumb Code     0  _printf_llu.o(.ARM.Collect$$_printf_percent$$0000000F)
    _printf_llo                              0x08000277   Thumb Code     0  _printf_llo.o(.ARM.Collect$$_printf_percent$$00000010)
    _printf_llx                              0x0800027d   Thumb Code     0  _printf_llx.o(.ARM.Collect$$_printf_percent$$00000011)
    _printf_l                                0x08000283   Thumb Code     0  _printf_l.o(.ARM.Collect$$_printf_percent$$00000012)
    _printf_c                                0x0800028d   Thumb Code     0  _printf_c.o(.ARM.Collect$$_printf_percent$$00000013)
    _printf_s                                0x08000293   Thumb Code     0  _printf_s.o(.ARM.Collect$$_printf_percent$$00000014)
    _printf_lc                               0x08000299   Thumb Code     0  _printf_lc.o(.ARM.Collect$$_printf_percent$$00000015)
    _printf_ls                               0x0800029f   Thumb Code     0  _printf_ls.o(.ARM.Collect$$_printf_percent$$00000016)
    _printf_percent_end                      0x080002a5   Thumb Code     0  _printf_percent_end.o(.ARM.Collect$$_printf_percent$$00000017)
    __rt_lib_init                            0x080002a9   Thumb Code     0  libinit.o(.ARM.Collect$$libinit$$00000000)
    __rt_lib_init_fp_1                       0x080002ab   Thumb Code     0  libinit2.o(.ARM.Collect$$libinit$$00000001)
    __rt_lib_init_heap_1                     0x080002af   Thumb Code     0  libinit2.o(.ARM.Collect$$libinit$$0000000C)
    __rt_lib_init_lc_common                  0x080002af   Thumb Code     0  libinit2.o(.ARM.Collect$$libinit$$00000011)
    __rt_lib_init_preinit_1                  0x080002af   Thumb Code     0  libinit2.o(.ARM.Collect$$libinit$$00000006)
    __rt_lib_init_rand_1                     0x080002af   Thumb Code     0  libinit2.o(.ARM.Collect$$libinit$$00000010)
    __rt_lib_init_relocate_pie_1             0x080002af   Thumb Code     0  libinit2.o(.ARM.Collect$$libinit$$00000004)
    __rt_lib_init_user_alloc_1               0x080002af   Thumb Code     0  libinit2.o(.ARM.Collect$$libinit$$0000000E)
    __rt_lib_init_lc_collate_1               0x080002b5   Thumb Code     0  libinit2.o(.ARM.Collect$$libinit$$00000013)
    __rt_lib_init_lc_ctype_2                 0x080002b5   Thumb Code     0  libinit2.o(.ARM.Collect$$libinit$$00000014)
    __rt_lib_init_lc_ctype_1                 0x080002c1   Thumb Code     0  libinit2.o(.ARM.Collect$$libinit$$00000015)
    __rt_lib_init_lc_monetary_1              0x080002c1   Thumb Code     0  libinit2.o(.ARM.Collect$$libinit$$00000017)
    __rt_lib_init_lc_numeric_2               0x080002c1   Thumb Code     0  libinit2.o(.ARM.Collect$$libinit$$00000018)
    __rt_lib_init_alloca_1                   0x080002cb   Thumb Code     0  libinit2.o(.ARM.Collect$$libinit$$00000030)
    __rt_lib_init_argv_1                     0x080002cb   Thumb Code     0  libinit2.o(.ARM.Collect$$libinit$$0000002E)
    __rt_lib_init_atexit_1                   0x080002cb   Thumb Code     0  libinit2.o(.ARM.Collect$$libinit$$0000001D)
    __rt_lib_init_clock_1                    0x080002cb   Thumb Code     0  libinit2.o(.ARM.Collect$$libinit$$00000023)
    __rt_lib_init_cpp_1                      0x080002cb   Thumb Code     0  libinit2.o(.ARM.Collect$$libinit$$00000034)
    __rt_lib_init_exceptions_1               0x080002cb   Thumb Code     0  libinit2.o(.ARM.Collect$$libinit$$00000032)
    __rt_lib_init_fp_trap_1                  0x080002cb   Thumb Code     0  libinit2.o(.ARM.Collect$$libinit$$00000021)
    __rt_lib_init_getenv_1                   0x080002cb   Thumb Code     0  libinit2.o(.ARM.Collect$$libinit$$00000025)
    __rt_lib_init_lc_numeric_1               0x080002cb   Thumb Code     0  libinit2.o(.ARM.Collect$$libinit$$00000019)
    __rt_lib_init_lc_time_1                  0x080002cb   Thumb Code     0  libinit2.o(.ARM.Collect$$libinit$$0000001B)
    __rt_lib_init_return                     0x080002cb   Thumb Code     0  libinit2.o(.ARM.Collect$$libinit$$00000035)
    __rt_lib_init_signal_1                   0x080002cb   Thumb Code     0  libinit2.o(.ARM.Collect$$libinit$$0000001F)
    __rt_lib_init_stdio_1                    0x080002cb   Thumb Code     0  libinit2.o(.ARM.Collect$$libinit$$00000027)
    __rt_lib_shutdown                        0x080002cd   Thumb Code     0  libshutdown.o(.ARM.Collect$$libshutdown$$00000000)
    __rt_lib_shutdown_cpp_1                  0x080002cf   Thumb Code     0  libshutdown2.o(.ARM.Collect$$libshutdown$$00000002)
    __rt_lib_shutdown_fp_trap_1              0x080002cf   Thumb Code     0  libshutdown2.o(.ARM.Collect$$libshutdown$$00000007)
    __rt_lib_shutdown_heap_1                 0x080002cf   Thumb Code     0  libshutdown2.o(.ARM.Collect$$libshutdown$$0000000F)
    __rt_lib_shutdown_return                 0x080002cf   Thumb Code     0  libshutdown2.o(.ARM.Collect$$libshutdown$$00000010)
    __rt_lib_shutdown_signal_1               0x080002cf   Thumb Code     0  libshutdown2.o(.ARM.Collect$$libshutdown$$0000000A)
    __rt_lib_shutdown_stdio_1                0x080002cf   Thumb Code     0  libshutdown2.o(.ARM.Collect$$libshutdown$$00000004)
    __rt_lib_shutdown_user_alloc_1           0x080002cf   Thumb Code     0  libshutdown2.o(.ARM.Collect$$libshutdown$$0000000C)
    __rt_entry                               0x080002d1   Thumb Code     0  __rtentry.o(.ARM.Collect$$rtentry$$00000000)
    __rt_entry_presh_1                       0x080002d1   Thumb Code     0  __rtentry2.o(.ARM.Collect$$rtentry$$00000002)
    __rt_entry_sh                            0x080002d1   Thumb Code     0  __rtentry4.o(.ARM.Collect$$rtentry$$00000004)
    __rt_entry_li                            0x080002d7   Thumb Code     0  __rtentry2.o(.ARM.Collect$$rtentry$$0000000A)
    __rt_entry_postsh_1                      0x080002d7   Thumb Code     0  __rtentry2.o(.ARM.Collect$$rtentry$$00000009)
    __rt_entry_main                          0x080002db   Thumb Code     0  __rtentry2.o(.ARM.Collect$$rtentry$$0000000D)
    __rt_entry_postli_1                      0x080002db   Thumb Code     0  __rtentry2.o(.ARM.Collect$$rtentry$$0000000C)
    __rt_exit                                0x080002e3   Thumb Code     0  rtexit.o(.ARM.Collect$$rtexit$$00000000)
    __rt_exit_ls                             0x080002e5   Thumb Code     0  rtexit2.o(.ARM.Collect$$rtexit$$00000003)
    __rt_exit_prels_1                        0x080002e5   Thumb Code     0  rtexit2.o(.ARM.Collect$$rtexit$$00000002)
    __rt_exit_exit                           0x080002e9   Thumb Code     0  rtexit2.o(.ARM.Collect$$rtexit$$00000004)
    Reset_Handler                            0x080002f1   Thumb Code     8  startup_stm32f401xc.o(.text)
    NMI_Handler                              0x080002f9   Thumb Code     2  startup_stm32f401xc.o(.text)
    HardFault_Handler                        0x080002fb   Thumb Code     2  startup_stm32f401xc.o(.text)
    MemManage_Handler                        0x080002fd   Thumb Code     2  startup_stm32f401xc.o(.text)
    BusFault_Handler                         0x080002ff   Thumb Code     2  startup_stm32f401xc.o(.text)
    UsageFault_Handler                       0x08000301   Thumb Code     2  startup_stm32f401xc.o(.text)
    SVC_Handler                              0x08000303   Thumb Code     2  startup_stm32f401xc.o(.text)
    DebugMon_Handler                         0x08000305   Thumb Code     2  startup_stm32f401xc.o(.text)
    PendSV_Handler                           0x08000307   Thumb Code     2  startup_stm32f401xc.o(.text)
    SysTick_Handler                          0x08000309   Thumb Code     2  startup_stm32f401xc.o(.text)
    ADC_IRQHandler                           0x0800030b   Thumb Code     0  startup_stm32f401xc.o(.text)
    DMA1_Stream0_IRQHandler                  0x0800030b   Thumb Code     0  startup_stm32f401xc.o(.text)
    DMA1_Stream1_IRQHandler                  0x0800030b   Thumb Code     0  startup_stm32f401xc.o(.text)
    DMA1_Stream2_IRQHandler                  0x0800030b   Thumb Code     0  startup_stm32f401xc.o(.text)
    DMA1_Stream3_IRQHandler                  0x0800030b   Thumb Code     0  startup_stm32f401xc.o(.text)
    DMA1_Stream4_IRQHandler                  0x0800030b   Thumb Code     0  startup_stm32f401xc.o(.text)
    DMA1_Stream5_IRQHandler                  0x0800030b   Thumb Code     0  startup_stm32f401xc.o(.text)
    DMA1_Stream6_IRQHandler                  0x0800030b   Thumb Code     0  startup_stm32f401xc.o(.text)
    DMA1_Stream7_IRQHandler                  0x0800030b   Thumb Code     0  startup_stm32f401xc.o(.text)
    DMA2_Stream0_IRQHandler                  0x0800030b   Thumb Code     0  startup_stm32f401xc.o(.text)
    DMA2_Stream1_IRQHandler                  0x0800030b   Thumb Code     0  startup_stm32f401xc.o(.text)
    DMA2_Stream2_IRQHandler                  0x0800030b   Thumb Code     0  startup_stm32f401xc.o(.text)
    DMA2_Stream3_IRQHandler                  0x0800030b   Thumb Code     0  startup_stm32f401xc.o(.text)
    DMA2_Stream4_IRQHandler                  0x0800030b   Thumb Code     0  startup_stm32f401xc.o(.text)
    DMA2_Stream5_IRQHandler                  0x0800030b   Thumb Code     0  startup_stm32f401xc.o(.text)
    DMA2_Stream6_IRQHandler                  0x0800030b   Thumb Code     0  startup_stm32f401xc.o(.text)
    DMA2_Stream7_IRQHandler                  0x0800030b   Thumb Code     0  startup_stm32f401xc.o(.text)
    EXTI0_IRQHandler                         0x0800030b   Thumb Code     0  startup_stm32f401xc.o(.text)
    EXTI15_10_IRQHandler                     0x0800030b   Thumb Code     0  startup_stm32f401xc.o(.text)
    EXTI1_IRQHandler                         0x0800030b   Thumb Code     0  startup_stm32f401xc.o(.text)
    EXTI2_IRQHandler                         0x0800030b   Thumb Code     0  startup_stm32f401xc.o(.text)
    EXTI3_IRQHandler                         0x0800030b   Thumb Code     0  startup_stm32f401xc.o(.text)
    EXTI4_IRQHandler                         0x0800030b   Thumb Code     0  startup_stm32f401xc.o(.text)
    EXTI9_5_IRQHandler                       0x0800030b   Thumb Code     0  startup_stm32f401xc.o(.text)
    FLASH_IRQHandler                         0x0800030b   Thumb Code     0  startup_stm32f401xc.o(.text)
    FPU_IRQHandler                           0x0800030b   Thumb Code     0  startup_stm32f401xc.o(.text)
    I2C1_ER_IRQHandler                       0x0800030b   Thumb Code     0  startup_stm32f401xc.o(.text)
    I2C1_EV_IRQHandler                       0x0800030b   Thumb Code     0  startup_stm32f401xc.o(.text)
    I2C2_ER_IRQHandler                       0x0800030b   Thumb Code     0  startup_stm32f401xc.o(.text)
    I2C2_EV_IRQHandler                       0x0800030b   Thumb Code     0  startup_stm32f401xc.o(.text)
    I2C3_ER_IRQHandler                       0x0800030b   Thumb Code     0  startup_stm32f401xc.o(.text)
    I2C3_EV_IRQHandler                       0x0800030b   Thumb Code     0  startup_stm32f401xc.o(.text)
    OTG_FS_IRQHandler                        0x0800030b   Thumb Code     0  startup_stm32f401xc.o(.text)
    OTG_FS_WKUP_IRQHandler                   0x0800030b   Thumb Code     0  startup_stm32f401xc.o(.text)
    PVD_IRQHandler                           0x0800030b   Thumb Code     0  startup_stm32f401xc.o(.text)
    RCC_IRQHandler                           0x0800030b   Thumb Code     0  startup_stm32f401xc.o(.text)
    RTC_Alarm_IRQHandler                     0x0800030b   Thumb Code     0  startup_stm32f401xc.o(.text)
    RTC_WKUP_IRQHandler                      0x0800030b   Thumb Code     0  startup_stm32f401xc.o(.text)
    SDIO_IRQHandler                          0x0800030b   Thumb Code     0  startup_stm32f401xc.o(.text)
    SPI1_IRQHandler                          0x0800030b   Thumb Code     0  startup_stm32f401xc.o(.text)
    SPI2_IRQHandler                          0x0800030b   Thumb Code     0  startup_stm32f401xc.o(.text)
    SPI3_IRQHandler                          0x0800030b   Thumb Code     0  startup_stm32f401xc.o(.text)
    SPI4_IRQHandler                          0x0800030b   Thumb Code     0  startup_stm32f401xc.o(.text)
    TAMP_STAMP_IRQHandler                    0x0800030b   Thumb Code     0  startup_stm32f401xc.o(.text)
    TIM1_CC_IRQHandler                       0x0800030b   Thumb Code     0  startup_stm32f401xc.o(.text)
    TIM2_IRQHandler                          0x0800030b   Thumb Code     0  startup_stm32f401xc.o(.text)
    TIM3_IRQHandler                          0x0800030b   Thumb Code     0  startup_stm32f401xc.o(.text)
    TIM4_IRQHandler                          0x0800030b   Thumb Code     0  startup_stm32f401xc.o(.text)
    TIM5_IRQHandler                          0x0800030b   Thumb Code     0  startup_stm32f401xc.o(.text)
    USART1_IRQHandler                        0x0800030b   Thumb Code     0  startup_stm32f401xc.o(.text)
    USART6_IRQHandler                        0x0800030b   Thumb Code     0  startup_stm32f401xc.o(.text)
    WWDG_IRQHandler                          0x0800030b   Thumb Code     0  startup_stm32f401xc.o(.text)
    __user_initial_stackheap                 0x0800030d   Thumb Code     0  startup_stm32f401xc.o(.text)
    sprintf                                  0x08000331   Thumb Code    38  sprintf.o(.text)
    strlen                                   0x0800035d   Thumb Code    62  strlen.o(.text)
    __use_two_region_memory                  0x0800039b   Thumb Code     2  heapauxi.o(.text)
    __rt_heap_escrow$2region                 0x0800039d   Thumb Code     2  heapauxi.o(.text)
    __rt_heap_expand$2region                 0x0800039f   Thumb Code     2  heapauxi.o(.text)
    _printf_pre_padding                      0x080003a1   Thumb Code    44  _printf_pad.o(.text)
    _printf_post_padding                     0x080003cd   Thumb Code    34  _printf_pad.o(.text)
    _printf_truncate_signed                  0x080003ef   Thumb Code    18  _printf_truncate.o(.text)
    _printf_truncate_unsigned                0x08000401   Thumb Code    18  _printf_truncate.o(.text)
    _printf_str                              0x08000413   Thumb Code    82  _printf_str.o(.text)
    _printf_int_dec                          0x08000465   Thumb Code   104  _printf_dec.o(.text)
    _printf_charcount                        0x080004dd   Thumb Code    40  _printf_charcount.o(.text)
    _printf_char_common                      0x0800050f   Thumb Code    32  _printf_char_common.o(.text)
    _sputc                                   0x08000535   Thumb Code    10  _sputc.o(.text)
    _printf_wctomb                           0x08000541   Thumb Code   182  _printf_wctomb.o(.text)
    _printf_longlong_dec                     0x080005fd   Thumb Code   108  _printf_longlong_dec.o(.text)
    _printf_longlong_oct                     0x08000679   Thumb Code    68  _printf_oct_int_ll.o(.text)
    _printf_int_oct                          0x080006bd   Thumb Code    24  _printf_oct_int_ll.o(.text)
    _printf_ll_oct                           0x080006d5   Thumb Code    12  _printf_oct_int_ll.o(.text)
    _printf_longlong_hex                     0x080006e9   Thumb Code    86  _printf_hex_int_ll_ptr.o(.text)
    _printf_int_hex                          0x0800073f   Thumb Code    28  _printf_hex_int_ll_ptr.o(.text)
    _printf_ll_hex                           0x0800075b   Thumb Code    12  _printf_hex_int_ll_ptr.o(.text)
    _printf_hex_ptr                          0x08000767   Thumb Code    18  _printf_hex_int_ll_ptr.o(.text)
    __printf                                 0x0800077d   Thumb Code   388  __printf_flags_ss_wp.o(.text)
    _ll_udiv10                               0x08000905   Thumb Code   138  lludiv10.o(.text)
    _printf_int_common                       0x0800098f   Thumb Code   178  _printf_intcommon.o(.text)
    _printf_fp_dec_real                      0x08000bf1   Thumb Code   620  _printf_fp_dec.o(.text)
    _printf_fp_hex_real                      0x08000e5d   Thumb Code   756  _printf_fp_hex.o(.text)
    _printf_cs_common                        0x08001159   Thumb Code    20  _printf_char.o(.text)
    _printf_char                             0x0800116d   Thumb Code    16  _printf_char.o(.text)
    _printf_string                           0x0800117d   Thumb Code     8  _printf_char.o(.text)
    _printf_lcs_common                       0x08001185   Thumb Code    20  _printf_wchar.o(.text)
    _printf_wchar                            0x08001199   Thumb Code    16  _printf_wchar.o(.text)
    _printf_wstring                          0x080011a9   Thumb Code     8  _printf_wchar.o(.text)
    _c16rtomb                                0x080011b1   Thumb Code    72  _c16rtomb.o(.text)
    _wcrtomb                                 0x080011b1   Thumb Code     0  _c16rtomb.o(.text)
    __user_libspace                          0x080011f9   Thumb Code     8  libspace.o(.text)
    __user_perproc_libspace                  0x080011f9   Thumb Code     0  libspace.o(.text)
    __user_perthread_libspace                0x080011f9   Thumb Code     0  libspace.o(.text)
    __user_setup_stackheap                   0x08001201   Thumb Code    74  sys_stackheap_outer.o(.text)
    __rt_ctype_table                         0x0800124d   Thumb Code    16  rt_ctype_table.o(.text)
    __rt_locale                              0x0800125d   Thumb Code     8  rt_locale_intlibspace.o(.text)
    _printf_fp_infnan                        0x08001265   Thumb Code   112  _printf_fp_infnan.o(.text)
    _btod_etento                             0x080012e5   Thumb Code   224  bigflt0.o(.text)
    exit                                     0x080013c9   Thumb Code    18  exit.o(.text)
    strcmp                                   0x080013e1   Thumb Code   124  strcmpv7em.o(.text)
    _sys_exit                                0x0800145d   Thumb Code     8  sys_exit.o(.text)
    __I$use$semihosting                      0x08001469   Thumb Code     0  use_no_semi.o(.text)
    __use_no_semihosting_swi                 0x08001469   Thumb Code     2  use_no_semi.o(.text)
    __semihosting_library_function           0x0800146b   Thumb Code     0  indicate_semi.o(.text)
    ANIM_Booting                             0x0800146d   Thumb Code   222  animation.o(.text.ANIM_Booting)
    ANIM_ProgressBar_Pro                     0x0800154d   Thumb Code   634  animation.o(.text.ANIM_ProgressBar_Pro)
    App_Main_Loop                            0x080017c9   Thumb Code    72  app.o(.text.App_Main_Loop)
    App_Setup                                0x08001811   Thumb Code   116  app.o(.text.App_Setup)
    Debug_Counter_Reset                      0x08001885   Thumb Code    14  debug.o(.text.Debug_Counter_Reset)
    Debug_Determine_Digit_Numbers            0x08001895   Thumb Code   132  debug.o(.text.Debug_Determine_Digit_Numbers)
    Debug_GPIO_Init                          0x08001919   Thumb Code   172  debug.o(.text.Debug_GPIO_Init)
    Debug_Get_Buf_Index                      0x080019c5   Thumb Code    14  debug.o(.text.Debug_Get_Buf_Index)
    Debug_Init                               0x080019d5   Thumb Code    28  debug.o(.text.Debug_Init)
    Debug_Reg_Init                           0x080019f1   Thumb Code   216  debug.o(.text.Debug_Reg_Init)
    Debug_Rx_Byte                            0x08001ac9   Thumb Code    22  debug.o(.text.Debug_Rx_Byte)
    Debug_Struct_Init                        0x08001ae1   Thumb Code   152  debug.o(.text.Debug_Struct_Init)
    Debug_Timer_Disable                      0x08001b79   Thumb Code    32  debug.o(.text.Debug_Timer_Disable)
    Debug_Timer_Enable                       0x08001b99   Thumb Code    32  debug.o(.text.Debug_Timer_Enable)
    Debug_Timer_Init                         0x08001bb9   Thumb Code   136  debug.o(.text.Debug_Timer_Init)
    Debug_Tx_Byte                            0x08001c41   Thumb Code    48  debug.o(.text.Debug_Tx_Byte)
    Debug_Tx_NL                              0x08001c71   Thumb Code    16  debug.o(.text.Debug_Tx_NL)
    Debug_Tx_Number                          0x08001c81   Thumb Code    44  debug.o(.text.Debug_Tx_Number)
    Debug_Tx_Number_Digits                   0x08001cad   Thumb Code   108  debug.o(.text.Debug_Tx_Number_Digits)
    Debug_Tx_Number_NL                       0x08001d19   Thumb Code    20  debug.o(.text.Debug_Tx_Number_NL)
    Debug_Tx_Parameter_NL                    0x08001d2d   Thumb Code    28  debug.o(.text.Debug_Tx_Parameter_NL)
    Debug_Tx_SP                              0x08001d49   Thumb Code    10  debug.o(.text.Debug_Tx_SP)
    Debug_Tx_Text                            0x08001d55   Thumb Code    54  debug.o(.text.Debug_Tx_Text)
    GPIO_EnableClock                         0x08001d8d   Thumb Code   220  gpio.o(.text.GPIO_EnableClock)
    GPIO_Init                                0x08001e69   Thumb Code   184  gpio.o(.text.GPIO_Init)
    GPIO_TogglePin                           0x08001f21   Thumb Code    30  gpio.o(.text.GPIO_TogglePin)
    I2C1_Bus_Recovery_GPIO                   0x08001f41   Thumb Code   248  i2c1.o(.text.I2C1_Bus_Recovery_GPIO)
    I2C1_GPIO_Init                           0x08002039   Thumb Code   196  i2c1.o(.text.I2C1_GPIO_Init)
    I2C1_Init                                0x080020fd   Thumb Code    20  i2c1.o(.text.I2C1_Init)
    I2C1_Recover_Bus                         0x08002111   Thumb Code    32  i2c1.o(.text.I2C1_Recover_Bus)
    I2C1_Reg_Init                            0x08002131   Thumb Code   216  i2c1.o(.text.I2C1_Reg_Init)
    I2C1_SWRST_Reset                         0x08002209   Thumb Code    68  i2c1.o(.text.I2C1_SWRST_Reset)
    I2C1_Send_Addr                           0x0800224d   Thumb Code   172  i2c1.o(.text.I2C1_Send_Addr)
    I2C1_Start                               0x080022f9   Thumb Code   176  i2c1.o(.text.I2C1_Start)
    I2C1_Stop                                0x080023a9   Thumb Code   134  i2c1.o(.text.I2C1_Stop)
    I2C1_Write_Data                          0x08002431   Thumb Code   138  i2c1.o(.text.I2C1_Write_Data)
    MicroTimer_GetCount                      0x080024bd   Thumb Code    10  microtimer.o(.text.MicroTimer_GetCount)
    MicroTimer_Init                          0x080024c9   Thumb Code   156  microtimer.o(.text.MicroTimer_Init)
    MicroTimer_Measure                       0x08002565   Thumb Code    58  microtimer.o(.text.MicroTimer_Measure)
    OLED_Clear                               0x080025a1   Thumb Code    46  oled.o(.text.OLED_Clear)
    OLED_Draw_Char                           0x080025d1   Thumb Code   272  oled.o(.text.OLED_Draw_Char)
    OLED_Draw_Number                         0x080026e1   Thumb Code    60  oled.o(.text.OLED_Draw_Number)
    OLED_Draw_Pixel                          0x0800271d   Thumb Code   136  oled.o(.text.OLED_Draw_Pixel)
    OLED_Draw_String                         0x080027a5   Thumb Code   110  oled.o(.text.OLED_Draw_String)
    OLED_Init                                0x08002815   Thumb Code   182  oled.o(.text.OLED_Init)
    OLED_Send_Command                        0x080028cd   Thumb Code    56  oled.o(.text.OLED_Send_Command)
    OLED_Send_Data                           0x08002905   Thumb Code    98  oled.o(.text.OLED_Send_Data)
    OLED_Update                              0x08002969   Thumb Code    86  oled.o(.text.OLED_Update)
    Oled_Timer_Init                          0x080029c1   Thumb Code   220  oled.o(.text.Oled_Timer_Init)
    Oled_Update_Flag_Clear                   0x08002a9d   Thumb Code    14  oled.o(.text.Oled_Update_Flag_Clear)
    Oled_Update_Flag_Read                    0x08002aad   Thumb Code    12  oled.o(.text.Oled_Update_Flag_Read)
    Oled_Update_Flag_Set                     0x08002ab9   Thumb Code    14  oled.o(.text.Oled_Update_Flag_Set)
    RCC_Get_APB1_Clock                       0x08002ac9   Thumb Code    52  rcc.o(.text.RCC_Get_APB1_Clock)
    RCC_Get_APB2_Clock                       0x08002afd   Thumb Code    52  rcc.o(.text.RCC_Get_APB2_Clock)
    RCC_Get_HCLK                             0x08002b31   Thumb Code    52  rcc.o(.text.RCC_Get_HCLK)
    RCC_Get_SYS_CLK                          0x08002b65   Thumb Code   212  rcc.o(.text.RCC_Get_SYS_CLK)
    RCC_HSE_Clock_Config                     0x08002c39   Thumb Code   178  rcc.o(.text.RCC_HSE_Clock_Config)
    RCC_LSE_Clock_Config                     0x08002ced   Thumb Code   104  rcc.o(.text.RCC_LSE_Clock_Config)
    SystemInit                               0x08002d55   Thumb Code    18  system_stm32f4xx.o(.text.SystemInit)
    TIM1_BRK_TIM9_IRQHandler                 0x08002d69   Thumb Code    42  oled.o(.text.TIM1_BRK_TIM9_IRQHandler)
    TIM1_TRG_COM_TIM11_IRQHandler            0x08002d95   Thumb Code    24  timebase.o(.text.TIM1_TRG_COM_TIM11_IRQHandler)
    TIM1_UP_TIM10_IRQHandler                 0x08002dad   Thumb Code    86  debug.o(.text.TIM1_UP_TIM10_IRQHandler)
    Timebase_Atomic_Operation_End            0x08002e05   Thumb Code     4  timebase.o(.text.Timebase_Atomic_Operation_End)
    Timebase_Atomic_Operation_Start          0x08002e09   Thumb Code     4  timebase.o(.text.Timebase_Atomic_Operation_Start)
    Timebase_DownCounter_Clear_Period_Flag   0x08002e0d   Thumb Code    44  timebase.o(.text.Timebase_DownCounter_Clear_Period_Flag)
    Timebase_DownCounter_Get_EndValue        0x08002e39   Thumb Code    36  timebase.o(.text.Timebase_DownCounter_Get_EndValue)
    Timebase_DownCounter_Get_ReloadValue     0x08002e5d   Thumb Code    36  timebase.o(.text.Timebase_DownCounter_Get_ReloadValue)
    Timebase_DownCounter_Get_Status          0x08002e81   Thumb Code    40  timebase.o(.text.Timebase_DownCounter_Get_Status)
    Timebase_DownCounter_Get_Value           0x08002ea9   Thumb Code    36  timebase.o(.text.Timebase_DownCounter_Get_Value)
    Timebase_DownCounter_Reset               0x08002ecd   Thumb Code    62  timebase.o(.text.Timebase_DownCounter_Reset)
    Timebase_DownCounter_Reset_All           0x08002f0d   Thumb Code    48  timebase.o(.text.Timebase_DownCounter_Reset_All)
    Timebase_DownCounter_SS_Clear_All_Flags  0x08002f3d   Thumb Code    20  timebase.o(.text.Timebase_DownCounter_SS_Clear_All_Flags)
    Timebase_DownCounter_SS_Clear_Period_Flag 0x08002f51   Thumb Code    44  timebase.o(.text.Timebase_DownCounter_SS_Clear_Period_Flag)
    Timebase_DownCounter_SS_Continuous_Expired_Event 0x08002f7d   Thumb Code    74  timebase.o(.text.Timebase_DownCounter_SS_Continuous_Expired_Event)
    Timebase_DownCounter_SS_Get_EndValueSec  0x08002fc9   Thumb Code    34  timebase.o(.text.Timebase_DownCounter_SS_Get_EndValueSec)
    Timebase_DownCounter_SS_Get_EndValueSubSec 0x08002fed   Thumb Code    34  timebase.o(.text.Timebase_DownCounter_SS_Get_EndValueSubSec)
    Timebase_DownCounter_SS_Get_ReloadValue  0x08003011   Thumb Code    34  timebase.o(.text.Timebase_DownCounter_SS_Get_ReloadValue)
    Timebase_DownCounter_SS_Get_Status       0x08003035   Thumb Code    40  timebase.o(.text.Timebase_DownCounter_SS_Get_Status)
    Timebase_DownCounter_SS_Get_Value        0x0800305d   Thumb Code    34  timebase.o(.text.Timebase_DownCounter_SS_Get_Value)
    Timebase_DownCounter_SS_Reset            0x08003081   Thumb Code    72  timebase.o(.text.Timebase_DownCounter_SS_Reset)
    Timebase_DownCounter_SS_Reset_All        0x080030c9   Thumb Code    48  timebase.o(.text.Timebase_DownCounter_SS_Reset_All)
    Timebase_DownCounter_SS_Set_EndValueSec  0x080030f9   Thumb Code    38  timebase.o(.text.Timebase_DownCounter_SS_Set_EndValueSec)
    Timebase_DownCounter_SS_Set_EndValueSubSec 0x08003121   Thumb Code    38  timebase.o(.text.Timebase_DownCounter_SS_Set_EndValueSubSec)
    Timebase_DownCounter_SS_Set_ReloadValue  0x08003149   Thumb Code    38  timebase.o(.text.Timebase_DownCounter_SS_Set_ReloadValue)
    Timebase_DownCounter_SS_Set_Securely     0x08003171   Thumb Code   186  timebase.o(.text.Timebase_DownCounter_SS_Set_Securely)
    Timebase_DownCounter_SS_Set_Status       0x0800322d   Thumb Code    60  timebase.o(.text.Timebase_DownCounter_SS_Set_Status)
    Timebase_DownCounter_SS_Set_Value        0x08003269   Thumb Code    38  timebase.o(.text.Timebase_DownCounter_SS_Set_Value)
    Timebase_DownCounter_SS_Start            0x08003291   Thumb Code    38  timebase.o(.text.Timebase_DownCounter_SS_Start)
    Timebase_DownCounter_SS_Update           0x080032b9   Thumb Code   262  timebase.o(.text.Timebase_DownCounter_SS_Update)
    Timebase_DownCounter_SS_Update_All       0x080033c1   Thumb Code    48  timebase.o(.text.Timebase_DownCounter_SS_Update_All)
    Timebase_DownCounter_Set_EndValue        0x080033f1   Thumb Code    40  timebase.o(.text.Timebase_DownCounter_Set_EndValue)
    Timebase_DownCounter_Set_ReloadValue     0x08003419   Thumb Code    40  timebase.o(.text.Timebase_DownCounter_Set_ReloadValue)
    Timebase_DownCounter_Set_Status          0x08003441   Thumb Code    60  timebase.o(.text.Timebase_DownCounter_Set_Status)
    Timebase_DownCounter_Set_Value           0x0800347d   Thumb Code    40  timebase.o(.text.Timebase_DownCounter_Set_Value)
    Timebase_DownCounter_Update              0x080034a5   Thumb Code   156  timebase.o(.text.Timebase_DownCounter_Update)
    Timebase_DownCounter_Update_All          0x08003541   Thumb Code    48  timebase.o(.text.Timebase_DownCounter_Update_All)
    Timebase_ISR_Executables                 0x08003571   Thumb Code    92  timebase.o(.text.Timebase_ISR_Executables)
    Timebase_Init                            0x080035cd   Thumb Code    28  timebase.o(.text.Timebase_Init)
    Timebase_Main_Loop_Executables           0x080035e9   Thumb Code   128  timebase.o(.text.Timebase_Main_Loop_Executables)
    Timebase_Reset                           0x08003669   Thumb Code    12  timebase.o(.text.Timebase_Reset)
    Timebase_Struct_Init                     0x08003675   Thumb Code   360  timebase.o(.text.Timebase_Struct_Init)
    Timebase_Timer_Enable                    0x080037dd   Thumb Code   164  timebase.o(.text.Timebase_Timer_Enable)
    Timebase_Timer_Get_Seconds               0x08003881   Thumb Code    14  timebase.o(.text.Timebase_Timer_Get_Seconds)
    Timebase_Timer_Get_SubSeconds            0x08003891   Thumb Code    14  timebase.o(.text.Timebase_Timer_Get_SubSeconds)
    Timebase_Timer_Sync_With_Shadow_Variables 0x080038a1   Thumb Code    72  timebase.o(.text.Timebase_Timer_Sync_With_Shadow_Variables)
    USART2_IRQHandler                        0x080038e9   Thumb Code   112  debug.o(.text.USART2_IRQHandler)
    main                                     0x08003a71   Thumb Code    20  main.o(.text.main)
    my_function                              0x08003a85   Thumb Code    82  app.o(.text.my_function)
    _btod_d2e                                0x08003ad7   Thumb Code    62  btod.o(CL$$btod_d2e)
    _d2e_denorm_low                          0x08003b15   Thumb Code    70  btod.o(CL$$btod_d2e_denorm_low)
    _d2e_norm_op1                            0x08003b5b   Thumb Code    96  btod.o(CL$$btod_d2e_norm_op1)
    __btod_div_common                        0x08003bbd   Thumb Code   696  btod.o(CL$$btod_div_common)
    _e2e                                     0x08003ef5   Thumb Code   220  btod.o(CL$$btod_e2e)
    _btod_ediv                               0x08003fd1   Thumb Code    42  btod.o(CL$$btod_ediv)
    _btod_emul                               0x08003ffb   Thumb Code    42  btod.o(CL$$btod_emul)
    __btod_mult_common                       0x08004025   Thumb Code   580  btod.o(CL$$btod_mult_common)
    __ARM_fpclassify                         0x08004269   Thumb Code    48  fpclassify.o(i.__ARM_fpclassify)
    _is_digit                                0x08004299   Thumb Code    14  __printf_wp.o(i._is_digit)
    _get_lc_numeric                          0x080042a9   Thumb Code    44  lc_numeric_c.o(locale$$code)
    _get_lc_ctype                            0x080042d5   Thumb Code    44  lc_ctype_c.o(locale$$code)
    _fp_init                                 0x08004301   Thumb Code    26  fpinit.o(x$fpl$fpinit)
    __fplib_config_fpu_vfp                   0x08004319   Thumb Code     0  fpinit.o(x$fpl$fpinit)
    __fplib_config_pureend_doubles           0x08004319   Thumb Code     0  fpinit.o(x$fpl$fpinit)
    _printf_fp_dec                           0x0800431b   Thumb Code     4  printf1.o(x$fpl$printf1)
    _printf_fp_hex                           0x0800431f   Thumb Code     4  printf2.o(x$fpl$printf2)
    __I$use$fp                               0x08004322   Number         0  usenofp.o(x$fpl$usenofp)
    Font5x7_data                             0x08004420   Data         480  font5x7_data.o(.rodata.Font5x7_data)
    Region$$Table$$Base                      0x0800463c   Number         0  anon$$obj.o(Region$$Table)
    Region$$Table$$Limit                     0x0800464c   Number         0  anon$$obj.o(Region$$Table)
    __ctype                                  0x08004675   Data           0  lc_ctype_c.o(locale$$data)
    __libspace_start                         0x20000000   Data          96  libspace.o(.bss)
    __temporary_stack_top$libspace           0x20000060   Data           0  libspace.o(.bss)
    Debug                                    0x20000064   Data         141  debug.o(.bss.Debug)
    OLED_Buffer                              0x200000f1   Data        1024  oled.o(.bss.OLED_Buffer)
    Timebase                                 0x200004f4   Data           4  timebase.o(.bss.Timebase)
    Timebase_type                            0x200004f8   Data         792  timebase.o(.bss.Timebase_type)
    number                                   0x20000810   Data           4  app.o(.bss.number)
    oled_update_flag                         0x20000814   Data           1  oled.o(.bss.oled_update_flag)



==============================================================================

Memory Map of the image

  Image Entry point : 0x08000195

  Load Region LR_IROM1 (Base: 0x08000000, Size: 0x00004778, Max: 0x00040000, ABSOLUTE)

    Execution Region ER_IROM1 (Exec base: 0x08000000, Load base: 0x08000000, Size: 0x00004778, Max: 0x00040000, ABSOLUTE)

    Exec Addr    Load Addr    Size         Type   Attr      Idx    E Section Name        Object

    0x08000000   0x08000000   0x00000194   Data   RO          568    RESET               startup_stm32f401xc.o
    0x08000194   0x08000194   0x00000008   Code   RO          597  * !!!main             c_w.l(__main.o)
    0x0800019c   0x0800019c   0x0000005c   Code   RO          972    !!!scatter          c_w.l(__scatter.o)
    0x080001f8   0x080001f8   0x00000002   Code   RO          973    !!handler_null      c_w.l(__scatter.o)
    0x080001fa   0x080001fa   0x00000002   PAD
    0x080001fc   0x080001fc   0x0000001c   Code   RO          976    !!handler_zi        c_w.l(__scatter_zi.o)
    0x08000218   0x08000218   0x00000000   Code   RO          695    .ARM.Collect$$_printf_percent$$00000000  c_w.l(_printf_percent.o)
    0x08000218   0x08000218   0x00000006   Code   RO          684    .ARM.Collect$$_printf_percent$$00000001  c_w.l(_printf_n.o)
    0x0800021e   0x0800021e   0x00000006   Code   RO          686    .ARM.Collect$$_printf_percent$$00000002  c_w.l(_printf_p.o)
    0x08000224   0x08000224   0x00000006   Code   RO          691    .ARM.Collect$$_printf_percent$$00000003  c_w.l(_printf_f.o)
    0x0800022a   0x0800022a   0x00000006   Code   RO          692    .ARM.Collect$$_printf_percent$$00000004  c_w.l(_printf_e.o)
    0x08000230   0x08000230   0x00000006   Code   RO          693    .ARM.Collect$$_printf_percent$$00000005  c_w.l(_printf_g.o)
    0x08000236   0x08000236   0x00000006   Code   RO          694    .ARM.Collect$$_printf_percent$$00000006  c_w.l(_printf_a.o)
    0x0800023c   0x0800023c   0x0000000a   Code   RO          699    .ARM.Collect$$_printf_percent$$00000007  c_w.l(_printf_ll.o)
    0x08000246   0x08000246   0x00000006   Code   RO          688    .ARM.Collect$$_printf_percent$$00000008  c_w.l(_printf_i.o)
    0x0800024c   0x0800024c   0x00000006   Code   RO          689    .ARM.Collect$$_printf_percent$$00000009  c_w.l(_printf_d.o)
    0x08000252   0x08000252   0x00000006   Code   RO          690    .ARM.Collect$$_printf_percent$$0000000A  c_w.l(_printf_u.o)
    0x08000258   0x08000258   0x00000006   Code   RO          687    .ARM.Collect$$_printf_percent$$0000000B  c_w.l(_printf_o.o)
    0x0800025e   0x0800025e   0x00000006   Code   RO          685    .ARM.Collect$$_printf_percent$$0000000C  c_w.l(_printf_x.o)
    0x08000264   0x08000264   0x00000006   Code   RO          696    .ARM.Collect$$_printf_percent$$0000000D  c_w.l(_printf_lli.o)
    0x0800026a   0x0800026a   0x00000006   Code   RO          697    .ARM.Collect$$_printf_percent$$0000000E  c_w.l(_printf_lld.o)
    0x08000270   0x08000270   0x00000006   Code   RO          698    .ARM.Collect$$_printf_percent$$0000000F  c_w.l(_printf_llu.o)
    0x08000276   0x08000276   0x00000006   Code   RO          703    .ARM.Collect$$_printf_percent$$00000010  c_w.l(_printf_llo.o)
    0x0800027c   0x0800027c   0x00000006   Code   RO          704    .ARM.Collect$$_printf_percent$$00000011  c_w.l(_printf_llx.o)
    0x08000282   0x08000282   0x0000000a   Code   RO          700    .ARM.Collect$$_printf_percent$$00000012  c_w.l(_printf_l.o)
    0x0800028c   0x0800028c   0x00000006   Code   RO          682    .ARM.Collect$$_printf_percent$$00000013  c_w.l(_printf_c.o)
    0x08000292   0x08000292   0x00000006   Code   RO          683    .ARM.Collect$$_printf_percent$$00000014  c_w.l(_printf_s.o)
    0x08000298   0x08000298   0x00000006   Code   RO          701    .ARM.Collect$$_printf_percent$$00000015  c_w.l(_printf_lc.o)
    0x0800029e   0x0800029e   0x00000006   Code   RO          702    .ARM.Collect$$_printf_percent$$00000016  c_w.l(_printf_ls.o)
    0x080002a4   0x080002a4   0x00000004   Code   RO          770    .ARM.Collect$$_printf_percent$$00000017  c_w.l(_printf_percent_end.o)
    0x080002a8   0x080002a8   0x00000002   Code   RO          824    .ARM.Collect$$libinit$$00000000  c_w.l(libinit.o)
    0x080002aa   0x080002aa   0x00000004   Code   RO          838    .ARM.Collect$$libinit$$00000001  c_w.l(libinit2.o)
    0x080002ae   0x080002ae   0x00000000   Code   RO          841    .ARM.Collect$$libinit$$00000004  c_w.l(libinit2.o)
    0x080002ae   0x080002ae   0x00000000   Code   RO          843    .ARM.Collect$$libinit$$00000006  c_w.l(libinit2.o)
    0x080002ae   0x080002ae   0x00000000   Code   RO          846    .ARM.Collect$$libinit$$0000000C  c_w.l(libinit2.o)
    0x080002ae   0x080002ae   0x00000000   Code   RO          848    .ARM.Collect$$libinit$$0000000E  c_w.l(libinit2.o)
    0x080002ae   0x080002ae   0x00000000   Code   RO          850    .ARM.Collect$$libinit$$00000010  c_w.l(libinit2.o)
    0x080002ae   0x080002ae   0x00000006   Code   RO          851    .ARM.Collect$$libinit$$00000011  c_w.l(libinit2.o)
    0x080002b4   0x080002b4   0x00000000   Code   RO          853    .ARM.Collect$$libinit$$00000013  c_w.l(libinit2.o)
    0x080002b4   0x080002b4   0x0000000c   Code   RO          854    .ARM.Collect$$libinit$$00000014  c_w.l(libinit2.o)
    0x080002c0   0x080002c0   0x00000000   Code   RO          855    .ARM.Collect$$libinit$$00000015  c_w.l(libinit2.o)
    0x080002c0   0x080002c0   0x00000000   Code   RO          857    .ARM.Collect$$libinit$$00000017  c_w.l(libinit2.o)
    0x080002c0   0x080002c0   0x0000000a   Code   RO          858    .ARM.Collect$$libinit$$00000018  c_w.l(libinit2.o)
    0x080002ca   0x080002ca   0x00000000   Code   RO          859    .ARM.Collect$$libinit$$00000019  c_w.l(libinit2.o)
    0x080002ca   0x080002ca   0x00000000   Code   RO          861    .ARM.Collect$$libinit$$0000001B  c_w.l(libinit2.o)
    0x080002ca   0x080002ca   0x00000000   Code   RO          863    .ARM.Collect$$libinit$$0000001D  c_w.l(libinit2.o)
    0x080002ca   0x080002ca   0x00000000   Code   RO          865    .ARM.Collect$$libinit$$0000001F  c_w.l(libinit2.o)
    0x080002ca   0x080002ca   0x00000000   Code   RO          867    .ARM.Collect$$libinit$$00000021  c_w.l(libinit2.o)
    0x080002ca   0x080002ca   0x00000000   Code   RO          869    .ARM.Collect$$libinit$$00000023  c_w.l(libinit2.o)
    0x080002ca   0x080002ca   0x00000000   Code   RO          871    .ARM.Collect$$libinit$$00000025  c_w.l(libinit2.o)
    0x080002ca   0x080002ca   0x00000000   Code   RO          873    .ARM.Collect$$libinit$$00000027  c_w.l(libinit2.o)
    0x080002ca   0x080002ca   0x00000000   Code   RO          877    .ARM.Collect$$libinit$$0000002E  c_w.l(libinit2.o)
    0x080002ca   0x080002ca   0x00000000   Code   RO          879    .ARM.Collect$$libinit$$00000030  c_w.l(libinit2.o)
    0x080002ca   0x080002ca   0x00000000   Code   RO          881    .ARM.Collect$$libinit$$00000032  c_w.l(libinit2.o)
    0x080002ca   0x080002ca   0x00000000   Code   RO          883    .ARM.Collect$$libinit$$00000034  c_w.l(libinit2.o)
    0x080002ca   0x080002ca   0x00000002   Code   RO          884    .ARM.Collect$$libinit$$00000035  c_w.l(libinit2.o)
    0x080002cc   0x080002cc   0x00000002   Code   RO          908    .ARM.Collect$$libshutdown$$00000000  c_w.l(libshutdown.o)
    0x080002ce   0x080002ce   0x00000000   Code   RO          923    .ARM.Collect$$libshutdown$$00000002  c_w.l(libshutdown2.o)
    0x080002ce   0x080002ce   0x00000000   Code   RO          925    .ARM.Collect$$libshutdown$$00000004  c_w.l(libshutdown2.o)
    0x080002ce   0x080002ce   0x00000000   Code   RO          928    .ARM.Collect$$libshutdown$$00000007  c_w.l(libshutdown2.o)
    0x080002ce   0x080002ce   0x00000000   Code   RO          931    .ARM.Collect$$libshutdown$$0000000A  c_w.l(libshutdown2.o)
    0x080002ce   0x080002ce   0x00000000   Code   RO          933    .ARM.Collect$$libshutdown$$0000000C  c_w.l(libshutdown2.o)
    0x080002ce   0x080002ce   0x00000000   Code   RO          936    .ARM.Collect$$libshutdown$$0000000F  c_w.l(libshutdown2.o)
    0x080002ce   0x080002ce   0x00000002   Code   RO          937    .ARM.Collect$$libshutdown$$00000010  c_w.l(libshutdown2.o)
    0x080002d0   0x080002d0   0x00000000   Code   RO          611    .ARM.Collect$$rtentry$$00000000  c_w.l(__rtentry.o)
    0x080002d0   0x080002d0   0x00000000   Code   RO          734    .ARM.Collect$$rtentry$$00000002  c_w.l(__rtentry2.o)
    0x080002d0   0x080002d0   0x00000006   Code   RO          746    .ARM.Collect$$rtentry$$00000004  c_w.l(__rtentry4.o)
    0x080002d6   0x080002d6   0x00000000   Code   RO          736    .ARM.Collect$$rtentry$$00000009  c_w.l(__rtentry2.o)
    0x080002d6   0x080002d6   0x00000004   Code   RO          737    .ARM.Collect$$rtentry$$0000000A  c_w.l(__rtentry2.o)
    0x080002da   0x080002da   0x00000000   Code   RO          739    .ARM.Collect$$rtentry$$0000000C  c_w.l(__rtentry2.o)
    0x080002da   0x080002da   0x00000008   Code   RO          740    .ARM.Collect$$rtentry$$0000000D  c_w.l(__rtentry2.o)
    0x080002e2   0x080002e2   0x00000002   Code   RO          829    .ARM.Collect$$rtexit$$00000000  c_w.l(rtexit.o)
    0x080002e4   0x080002e4   0x00000000   Code   RO          886    .ARM.Collect$$rtexit$$00000002  c_w.l(rtexit2.o)
    0x080002e4   0x080002e4   0x00000004   Code   RO          887    .ARM.Collect$$rtexit$$00000003  c_w.l(rtexit2.o)
    0x080002e8   0x080002e8   0x00000006   Code   RO          888    .ARM.Collect$$rtexit$$00000004  c_w.l(rtexit2.o)
    0x080002ee   0x080002ee   0x00000002   PAD
    0x080002f0   0x080002f0   0x00000040   Code   RO          569    .text               startup_stm32f401xc.o
    0x08000330   0x08000330   0x0000002c   Code   RO          591    .text               c_w.l(sprintf.o)
    0x0800035c   0x0800035c   0x0000003e   Code   RO          593    .text               c_w.l(strlen.o)
    0x0800039a   0x0800039a   0x00000006   Code   RO          595    .text               c_w.l(heapauxi.o)
    0x080003a0   0x080003a0   0x0000004e   Code   RO          616    .text               c_w.l(_printf_pad.o)
    0x080003ee   0x080003ee   0x00000024   Code   RO          618    .text               c_w.l(_printf_truncate.o)
    0x08000412   0x08000412   0x00000052   Code   RO          620    .text               c_w.l(_printf_str.o)
    0x08000464   0x08000464   0x00000078   Code   RO          622    .text               c_w.l(_printf_dec.o)
    0x080004dc   0x080004dc   0x00000028   Code   RO          624    .text               c_w.l(_printf_charcount.o)
    0x08000504   0x08000504   0x00000030   Code   RO          626    .text               c_w.l(_printf_char_common.o)
    0x08000534   0x08000534   0x0000000a   Code   RO          628    .text               c_w.l(_sputc.o)
    0x0800053e   0x0800053e   0x00000002   PAD
    0x08000540   0x08000540   0x000000bc   Code   RO          630    .text               c_w.l(_printf_wctomb.o)
    0x080005fc   0x080005fc   0x0000007c   Code   RO          633    .text               c_w.l(_printf_longlong_dec.o)
    0x08000678   0x08000678   0x00000070   Code   RO          639    .text               c_w.l(_printf_oct_int_ll.o)
    0x080006e8   0x080006e8   0x00000094   Code   RO          659    .text               c_w.l(_printf_hex_int_ll_ptr.o)
    0x0800077c   0x0800077c   0x00000188   Code   RO          679    .text               c_w.l(__printf_flags_ss_wp.o)
    0x08000904   0x08000904   0x0000008a   Code   RO          753    .text               c_w.l(lludiv10.o)
    0x0800098e   0x0800098e   0x000000b2   Code   RO          755    .text               c_w.l(_printf_intcommon.o)
    0x08000a40   0x08000a40   0x0000041c   Code   RO          757    .text               c_w.l(_printf_fp_dec.o)
    0x08000e5c   0x08000e5c   0x000002fc   Code   RO          761    .text               c_w.l(_printf_fp_hex.o)
    0x08001158   0x08001158   0x0000002c   Code   RO          766    .text               c_w.l(_printf_char.o)
    0x08001184   0x08001184   0x0000002c   Code   RO          768    .text               c_w.l(_printf_wchar.o)
    0x080011b0   0x080011b0   0x00000048   Code   RO          771    .text               c_w.l(_c16rtomb.o)
    0x080011f8   0x080011f8   0x00000008   Code   RO          773    .text               c_w.l(libspace.o)
    0x08001200   0x08001200   0x0000004a   Code   RO          776    .text               c_w.l(sys_stackheap_outer.o)
    0x0800124a   0x0800124a   0x00000002   PAD
    0x0800124c   0x0800124c   0x00000010   Code   RO          778    .text               c_w.l(rt_ctype_table.o)
    0x0800125c   0x0800125c   0x00000008   Code   RO          783    .text               c_w.l(rt_locale_intlibspace.o)
    0x08001264   0x08001264   0x00000080   Code   RO          785    .text               c_w.l(_printf_fp_infnan.o)
    0x080012e4   0x080012e4   0x000000e4   Code   RO          787    .text               c_w.l(bigflt0.o)
    0x080013c8   0x080013c8   0x00000012   Code   RO          817    .text               c_w.l(exit.o)
    0x080013da   0x080013da   0x00000006   PAD
    0x080013e0   0x080013e0   0x0000007c   Code   RO          836    .text               c_w.l(strcmpv7em.o)
    0x0800145c   0x0800145c   0x0000000c   Code   RO          898    .text               c_w.l(sys_exit.o)
    0x08001468   0x08001468   0x00000002   Code   RO          913    .text               c_w.l(use_no_semi.o)
    0x0800146a   0x0800146a   0x00000000   Code   RO          915    .text               c_w.l(indicate_semi.o)
    0x0800146a   0x0800146a   0x00000002   PAD
    0x0800146c   0x0800146c   0x000000de   Code   RO          510    .text.ANIM_Booting  animation.o
    0x0800154a   0x0800154a   0x00000002   PAD
    0x0800154c   0x0800154c   0x0000027a   Code   RO          512    .text.ANIM_ProgressBar_Pro  animation.o
    0x080017c6   0x080017c6   0x00000002   PAD
    0x080017c8   0x080017c8   0x00000048   Code   RO          379    .text.App_Main_Loop  app.o
    0x08001810   0x08001810   0x00000074   Code   RO          377    .text.App_Setup     app.o
    0x08001884   0x08001884   0x0000000e   Code   RO           72    .text.Debug_Counter_Reset  debug.o
    0x08001892   0x08001892   0x00000002   PAD
    0x08001894   0x08001894   0x00000084   Code   RO          100    .text.Debug_Determine_Digit_Numbers  debug.o
    0x08001918   0x08001918   0x000000ac   Code   RO           54    .text.Debug_GPIO_Init  debug.o
    0x080019c4   0x080019c4   0x0000000e   Code   RO           76    .text.Debug_Get_Buf_Index  debug.o
    0x080019d2   0x080019d2   0x00000002   PAD
    0x080019d4   0x080019d4   0x0000001c   Code   RO          162    .text.Debug_Init    debug.o
    0x080019f0   0x080019f0   0x000000d8   Code   RO           56    .text.Debug_Reg_Init  debug.o
    0x08001ac8   0x08001ac8   0x00000016   Code   RO           80    .text.Debug_Rx_Byte  debug.o
    0x08001ade   0x08001ade   0x00000002   PAD
    0x08001ae0   0x08001ae0   0x00000098   Code   RO           52    .text.Debug_Struct_Init  debug.o
    0x08001b78   0x08001b78   0x00000020   Code   RO           66    .text.Debug_Timer_Disable  debug.o
    0x08001b98   0x08001b98   0x00000020   Code   RO           64    .text.Debug_Timer_Enable  debug.o
    0x08001bb8   0x08001bb8   0x00000088   Code   RO           62    .text.Debug_Timer_Init  debug.o
    0x08001c40   0x08001c40   0x00000030   Code   RO           78    .text.Debug_Tx_Byte  debug.o
    0x08001c70   0x08001c70   0x00000010   Code   RO           86    .text.Debug_Tx_NL   debug.o
    0x08001c80   0x08001c80   0x0000002c   Code   RO          104    .text.Debug_Tx_Number  debug.o
    0x08001cac   0x08001cac   0x0000006c   Code   RO          102    .text.Debug_Tx_Number_Digits  debug.o
    0x08001d18   0x08001d18   0x00000014   Code   RO          110    .text.Debug_Tx_Number_NL  debug.o
    0x08001d2c   0x08001d2c   0x0000001c   Code   RO          128    .text.Debug_Tx_Parameter_NL  debug.o
    0x08001d48   0x08001d48   0x0000000a   Code   RO           88    .text.Debug_Tx_SP   debug.o
    0x08001d52   0x08001d52   0x00000002   PAD
    0x08001d54   0x08001d54   0x00000036   Code   RO           92    .text.Debug_Tx_Text  debug.o
    0x08001d8a   0x08001d8a   0x00000002   PAD
    0x08001d8c   0x08001d8c   0x000000dc   Code   RO           11    .text.GPIO_EnableClock  gpio.o
    0x08001e68   0x08001e68   0x000000b8   Code   RO           13    .text.GPIO_Init     gpio.o
    0x08001f20   0x08001f20   0x0000001e   Code   RO           19    .text.GPIO_TogglePin  gpio.o
    0x08001f3e   0x08001f3e   0x00000002   PAD
    0x08001f40   0x08001f40   0x000000f8   Code   RO          402    .text.I2C1_Bus_Recovery_GPIO  i2c1.o
    0x08002038   0x08002038   0x000000c4   Code   RO          392    .text.I2C1_GPIO_Init  i2c1.o
    0x080020fc   0x080020fc   0x00000014   Code   RO          432    .text.I2C1_Init     i2c1.o
    0x08002110   0x08002110   0x00000020   Code   RO          398    .text.I2C1_Recover_Bus  i2c1.o
    0x08002130   0x08002130   0x000000d8   Code   RO          394    .text.I2C1_Reg_Init  i2c1.o
    0x08002208   0x08002208   0x00000044   Code   RO          400    .text.I2C1_SWRST_Reset  i2c1.o
    0x0800224c   0x0800224c   0x000000ac   Code   RO          404    .text.I2C1_Send_Addr  i2c1.o
    0x080022f8   0x080022f8   0x000000b0   Code   RO          396    .text.I2C1_Start    i2c1.o
    0x080023a8   0x080023a8   0x00000086   Code   RO          406    .text.I2C1_Stop     i2c1.o
    0x0800242e   0x0800242e   0x00000002   PAD
    0x08002430   0x08002430   0x0000008a   Code   RO          408    .text.I2C1_Write_Data  i2c1.o
    0x080024ba   0x080024ba   0x00000002   PAD
    0x080024bc   0x080024bc   0x0000000a   Code   RO          552    .text.MicroTimer_GetCount  microtimer.o
    0x080024c6   0x080024c6   0x00000002   PAD
    0x080024c8   0x080024c8   0x0000009c   Code   RO          550    .text.MicroTimer_Init  microtimer.o
    0x08002564   0x08002564   0x0000003a   Code   RO          554    .text.MicroTimer_Measure  microtimer.o
    0x0800259e   0x0800259e   0x00000002   PAD
    0x080025a0   0x080025a0   0x0000002e   Code   RO          450    .text.OLED_Clear    oled.o
    0x080025ce   0x080025ce   0x00000002   PAD
    0x080025d0   0x080025d0   0x00000110   Code   RO          458    .text.OLED_Draw_Char  oled.o
    0x080026e0   0x080026e0   0x0000003c   Code   RO          478    .text.OLED_Draw_Number  oled.o
    0x0800271c   0x0800271c   0x00000088   Code   RO          456    .text.OLED_Draw_Pixel  oled.o
    0x080027a4   0x080027a4   0x0000006e   Code   RO          460    .text.OLED_Draw_String  oled.o
    0x08002812   0x08002812   0x00000002   PAD
    0x08002814   0x08002814   0x000000b6   Code   RO          446    .text.OLED_Init     oled.o
    0x080028ca   0x080028ca   0x00000002   PAD
    0x080028cc   0x080028cc   0x00000038   Code   RO          442    .text.OLED_Send_Command  oled.o
    0x08002904   0x08002904   0x00000062   Code   RO          444    .text.OLED_Send_Data  oled.o
    0x08002966   0x08002966   0x00000002   PAD
    0x08002968   0x08002968   0x00000056   Code   RO          452    .text.OLED_Update   oled.o
    0x080029be   0x080029be   0x00000002   PAD
    0x080029c0   0x080029c0   0x000000dc   Code   RO          448    .text.Oled_Timer_Init  oled.o
    0x08002a9c   0x08002a9c   0x0000000e   Code   RO          492    .text.Oled_Update_Flag_Clear  oled.o
    0x08002aaa   0x08002aaa   0x00000002   PAD
    0x08002aac   0x08002aac   0x0000000c   Code   RO          490    .text.Oled_Update_Flag_Read  oled.o
    0x08002ab8   0x08002ab8   0x0000000e   Code   RO          488    .text.Oled_Update_Flag_Set  oled.o
    0x08002ac6   0x08002ac6   0x00000002   PAD
    0x08002ac8   0x08002ac8   0x00000034   Code   RO           38    .text.RCC_Get_APB1_Clock  rcc.o
    0x08002afc   0x08002afc   0x00000034   Code   RO           40    .text.RCC_Get_APB2_Clock  rcc.o
    0x08002b30   0x08002b30   0x00000034   Code   RO           36    .text.RCC_Get_HCLK  rcc.o
    0x08002b64   0x08002b64   0x000000d4   Code   RO           34    .text.RCC_Get_SYS_CLK  rcc.o
    0x08002c38   0x08002c38   0x000000b2   Code   RO           30    .text.RCC_HSE_Clock_Config  rcc.o
    0x08002cea   0x08002cea   0x00000002   PAD
    0x08002cec   0x08002cec   0x00000068   Code   RO           32    .text.RCC_LSE_Clock_Config  rcc.o
    0x08002d54   0x08002d54   0x00000012   Code   RO          576    .text.SystemInit    system_stm32f4xx.o
    0x08002d66   0x08002d66   0x00000002   PAD
    0x08002d68   0x08002d68   0x0000002a   Code   RO          486    .text.TIM1_BRK_TIM9_IRQHandler  oled.o
    0x08002d92   0x08002d92   0x00000002   PAD
    0x08002d94   0x08002d94   0x00000018   Code   RO          186    .text.TIM1_TRG_COM_TIM11_IRQHandler  timebase.o
    0x08002dac   0x08002dac   0x00000056   Code   RO           74    .text.TIM1_UP_TIM10_IRQHandler  debug.o
    0x08002e02   0x08002e02   0x00000002   PAD
    0x08002e04   0x08002e04   0x00000004   Code   RO          184    .text.Timebase_Atomic_Operation_End  timebase.o
    0x08002e08   0x08002e08   0x00000004   Code   RO          182    .text.Timebase_Atomic_Operation_Start  timebase.o
    0x08002e0c   0x08002e0c   0x0000002c   Code   RO          314    .text.Timebase_DownCounter_Clear_Period_Flag  timebase.o
    0x08002e38   0x08002e38   0x00000024   Code   RO          302    .text.Timebase_DownCounter_Get_EndValue  timebase.o
    0x08002e5c   0x08002e5c   0x00000024   Code   RO          316    .text.Timebase_DownCounter_Get_ReloadValue  timebase.o
    0x08002e80   0x08002e80   0x00000028   Code   RO          294    .text.Timebase_DownCounter_Get_Status  timebase.o
    0x08002ea8   0x08002ea8   0x00000024   Code   RO          298    .text.Timebase_DownCounter_Get_Value  timebase.o
    0x08002ecc   0x08002ecc   0x0000003e   Code   RO          320    .text.Timebase_DownCounter_Reset  timebase.o
    0x08002f0a   0x08002f0a   0x00000002   PAD
    0x08002f0c   0x08002f0c   0x00000030   Code   RO          352    .text.Timebase_DownCounter_Reset_All  timebase.o
    0x08002f3c   0x08002f3c   0x00000014   Code   RO          262    .text.Timebase_DownCounter_SS_Clear_All_Flags  timebase.o
    0x08002f50   0x08002f50   0x0000002c   Code   RO          254    .text.Timebase_DownCounter_SS_Clear_Period_Flag  timebase.o
    0x08002f7c   0x08002f7c   0x0000004a   Code   RO          280    .text.Timebase_DownCounter_SS_Continuous_Expired_Event  timebase.o
    0x08002fc6   0x08002fc6   0x00000002   PAD
    0x08002fc8   0x08002fc8   0x00000022   Code   RO          238    .text.Timebase_DownCounter_SS_Get_EndValueSec  timebase.o
    0x08002fea   0x08002fea   0x00000002   PAD
    0x08002fec   0x08002fec   0x00000022   Code   RO          240    .text.Timebase_DownCounter_SS_Get_EndValueSubSec  timebase.o
    0x0800300e   0x0800300e   0x00000002   PAD
    0x08003010   0x08003010   0x00000022   Code   RO          256    .text.Timebase_DownCounter_SS_Get_ReloadValue  timebase.o
    0x08003032   0x08003032   0x00000002   PAD
    0x08003034   0x08003034   0x00000028   Code   RO          230    .text.Timebase_DownCounter_SS_Get_Status  timebase.o
    0x0800305c   0x0800305c   0x00000022   Code   RO          234    .text.Timebase_DownCounter_SS_Get_Value  timebase.o
    0x0800307e   0x0800307e   0x00000002   PAD
    0x08003080   0x08003080   0x00000048   Code   RO          260    .text.Timebase_DownCounter_SS_Reset  timebase.o
    0x080030c8   0x080030c8   0x00000030   Code   RO          292    .text.Timebase_DownCounter_SS_Reset_All  timebase.o
    0x080030f8   0x080030f8   0x00000026   Code   RO          242    .text.Timebase_DownCounter_SS_Set_EndValueSec  timebase.o
    0x0800311e   0x0800311e   0x00000002   PAD
    0x08003120   0x08003120   0x00000026   Code   RO          244    .text.Timebase_DownCounter_SS_Set_EndValueSubSec  timebase.o
    0x08003146   0x08003146   0x00000002   PAD
    0x08003148   0x08003148   0x00000026   Code   RO          258    .text.Timebase_DownCounter_SS_Set_ReloadValue  timebase.o
    0x0800316e   0x0800316e   0x00000002   PAD
    0x08003170   0x08003170   0x000000ba   Code   RO          268    .text.Timebase_DownCounter_SS_Set_Securely  timebase.o
    0x0800322a   0x0800322a   0x00000002   PAD
    0x0800322c   0x0800322c   0x0000003c   Code   RO          232    .text.Timebase_DownCounter_SS_Set_Status  timebase.o
    0x08003268   0x08003268   0x00000026   Code   RO          236    .text.Timebase_DownCounter_SS_Set_Value  timebase.o
    0x0800328e   0x0800328e   0x00000002   PAD
    0x08003290   0x08003290   0x00000026   Code   RO          264    .text.Timebase_DownCounter_SS_Start  timebase.o
    0x080032b6   0x080032b6   0x00000002   PAD
    0x080032b8   0x080032b8   0x00000106   Code   RO          272    .text.Timebase_DownCounter_SS_Update  timebase.o
    0x080033be   0x080033be   0x00000002   PAD
    0x080033c0   0x080033c0   0x00000030   Code   RO          290    .text.Timebase_DownCounter_SS_Update_All  timebase.o
    0x080033f0   0x080033f0   0x00000028   Code   RO          304    .text.Timebase_DownCounter_Set_EndValue  timebase.o
    0x08003418   0x08003418   0x00000028   Code   RO          318    .text.Timebase_DownCounter_Set_ReloadValue  timebase.o
    0x08003440   0x08003440   0x0000003c   Code   RO          296    .text.Timebase_DownCounter_Set_Status  timebase.o
    0x0800347c   0x0800347c   0x00000028   Code   RO          300    .text.Timebase_DownCounter_Set_Value  timebase.o
    0x080034a4   0x080034a4   0x0000009c   Code   RO          332    .text.Timebase_DownCounter_Update  timebase.o
    0x08003540   0x08003540   0x00000030   Code   RO          350    .text.Timebase_DownCounter_Update_All  timebase.o
    0x08003570   0x08003570   0x0000005c   Code   RO          188    .text.Timebase_ISR_Executables  timebase.o
    0x080035cc   0x080035cc   0x0000001c   Code   RO          360    .text.Timebase_Init  timebase.o
    0x080035e8   0x080035e8   0x00000080   Code   RO          362    .text.Timebase_Main_Loop_Executables  timebase.o
    0x08003668   0x08003668   0x0000000c   Code   RO          356    .text.Timebase_Reset  timebase.o
    0x08003674   0x08003674   0x00000168   Code   RO          172    .text.Timebase_Struct_Init  timebase.o
    0x080037dc   0x080037dc   0x000000a4   Code   RO          174    .text.Timebase_Timer_Enable  timebase.o
    0x08003880   0x08003880   0x0000000e   Code   RO          198    .text.Timebase_Timer_Get_Seconds  timebase.o
    0x0800388e   0x0800388e   0x00000002   PAD
    0x08003890   0x08003890   0x0000000e   Code   RO          196    .text.Timebase_Timer_Get_SubSeconds  timebase.o
    0x0800389e   0x0800389e   0x00000002   PAD
    0x080038a0   0x080038a0   0x00000048   Code   RO          214    .text.Timebase_Timer_Sync_With_Shadow_Variables  timebase.o
    0x080038e8   0x080038e8   0x00000070   Code   RO           82    .text.USART2_IRQHandler  debug.o
    0x08003958   0x08003958   0x00000030   Code   RO           58    .text.__NVIC_EnableIRQ  debug.o
    0x08003988   0x08003988   0x00000030   Code   RO          178    .text.__NVIC_EnableIRQ  timebase.o
    0x080039b8   0x080039b8   0x00000030   Code   RO          484    .text.__NVIC_EnableIRQ  oled.o
    0x080039e8   0x080039e8   0x00000042   Code   RO           60    .text.__NVIC_SetPriority  debug.o
    0x08003a2a   0x08003a2a   0x00000002   PAD
    0x08003a2c   0x08003a2c   0x00000042   Code   RO          176    .text.__NVIC_SetPriority  timebase.o
    0x08003a6e   0x08003a6e   0x00000002   PAD
    0x08003a70   0x08003a70   0x00000014   Code   RO            2    .text.main          main.o
    0x08003a84   0x08003a84   0x00000052   Code   RO          375    .text.my_function   app.o
    0x08003ad6   0x08003ad6   0x0000003e   Code   RO          790    CL$$btod_d2e        c_w.l(btod.o)
    0x08003b14   0x08003b14   0x00000046   Code   RO          792    CL$$btod_d2e_denorm_low  c_w.l(btod.o)
    0x08003b5a   0x08003b5a   0x00000060   Code   RO          791    CL$$btod_d2e_norm_op1  c_w.l(btod.o)
    0x08003bba   0x08003bba   0x00000002   PAD
    0x08003bbc   0x08003bbc   0x00000338   Code   RO          800    CL$$btod_div_common  c_w.l(btod.o)
    0x08003ef4   0x08003ef4   0x000000dc   Code   RO          797    CL$$btod_e2e        c_w.l(btod.o)
    0x08003fd0   0x08003fd0   0x0000002a   Code   RO          794    CL$$btod_ediv       c_w.l(btod.o)
    0x08003ffa   0x08003ffa   0x0000002a   Code   RO          793    CL$$btod_emul       c_w.l(btod.o)
    0x08004024   0x08004024   0x00000244   Code   RO          799    CL$$btod_mult_common  c_w.l(btod.o)
    0x08004268   0x08004268   0x00000030   Code   RO          827    i.__ARM_fpclassify  m_wm.l(fpclassify.o)
    0x08004298   0x08004298   0x0000000e   Code   RO          672    i._is_digit         c_w.l(__printf_wp.o)
    0x080042a6   0x080042a6   0x00000002   PAD
    0x080042a8   0x080042a8   0x0000002c   Code   RO          815    locale$$code        c_w.l(lc_numeric_c.o)
    0x080042d4   0x080042d4   0x0000002c   Code   RO          834    locale$$code        c_w.l(lc_ctype_c.o)
    0x08004300   0x08004300   0x0000001a   Code   RO          896    x$fpl$fpinit        fz_wm.l(fpinit.o)
    0x0800431a   0x0800431a   0x00000004   Code   RO          705    x$fpl$printf1       fz_wm.l(printf1.o)
    0x0800431e   0x0800431e   0x00000004   Code   RO          707    x$fpl$printf2       fz_wm.l(printf2.o)
    0x08004322   0x08004322   0x00000000   Code   RO          713    x$fpl$usenofp       fz_wm.l(usenofp.o)
    0x08004322   0x08004322   0x00000002   PAD
    0x08004324   0x08004324   0x00000008   Data   RO          631    .constdata          c_w.l(_printf_wctomb.o)
    0x0800432c   0x0800432c   0x00000028   Data   RO          660    .constdata          c_w.l(_printf_hex_int_ll_ptr.o)
    0x08004354   0x08004354   0x00000011   Data   RO          680    .constdata          c_w.l(__printf_flags_ss_wp.o)
    0x08004365   0x08004365   0x00000026   Data   RO          762    .constdata          c_w.l(_printf_fp_hex.o)
    0x0800438b   0x0800438b   0x00000001   PAD
    0x0800438c   0x0800438c   0x00000094   Data   RO          788    .constdata          c_w.l(bigflt0.o)
    0x08004420   0x08004420   0x000001e0   Data   RO          504    .rodata.Font5x7_data  font5x7_data.o
    0x08004600   0x08004600   0x00000008   Data   RO           43    .rodata.RCC_Get_APB1_Clock.apb_presc_table  rcc.o
    0x08004608   0x08004608   0x00000008   Data   RO           44    .rodata.RCC_Get_APB2_Clock.apb_presc_table  rcc.o
    0x08004610   0x08004610   0x00000010   Data   RO           42    .rodata.RCC_Get_HCLK.ahb_presc_table  rcc.o
    0x08004620   0x08004620   0x00000011   Data   RO          383    .rodata.str1.1      app.o
    0x08004631   0x08004631   0x00000004   Data   RO          496    .rodata.str1.1      oled.o
    0x08004635   0x08004635   0x00000005   Data   RO          534    .rodata.str1.1      animation.o
    0x0800463a   0x0800463a   0x00000002   PAD
    0x0800463c   0x0800463c   0x00000010   Data   RO          971    Region$$Table       anon$$obj.o
    0x0800464c   0x0800464c   0x0000001c   Data   RO          814    locale$$data        c_w.l(lc_numeric_c.o)
    0x08004668   0x08004668   0x00000110   Data   RO          833    locale$$data        c_w.l(lc_ctype_c.o)


    Execution Region RW_IRAM1 (Exec base: 0x20000000, Load base: 0x08004778, Size: 0x00000e18, Max: 0x00010000, ABSOLUTE)

    Exec Addr    Load Addr    Size         Type   Attr      Idx    E Section Name        Object

    0x20000000        -       0x00000060   Zero   RW          774    .bss                c_w.l(libspace.o)
    0x20000060        -       0x00000004   Zero   RW          384    .bss.App_Main_Loop.execution_time  app.o
    0x20000064        -       0x0000008d   Zero   RW          164    .bss.Debug          debug.o
    0x200000f1        -       0x00000400   Zero   RW          495    .bss.OLED_Buffer    oled.o
    0x200004f1   0x08004778   0x00000003   PAD
    0x200004f4        -       0x00000004   Zero   RW          367    .bss.Timebase       timebase.o
    0x200004f8        -       0x00000318   Zero   RW          366    .bss.Timebase_type  timebase.o
    0x20000810        -       0x00000004   Zero   RW          381    .bss.number         app.o
    0x20000814        -       0x00000001   Zero   RW          494    .bss.oled_update_flag  oled.o
    0x20000815   0x08004778   0x00000003   PAD
    0x20000818        -       0x00000200   Zero   RW          567    HEAP                startup_stm32f401xc.o
    0x20000a18        -       0x00000400   Zero   RW          566    STACK               startup_stm32f401xc.o


==============================================================================

Image component sizes


      Code (inc. data)   RO Data    RW Data    ZI Data      Debug   Object Name

       856          0          5          0          0       5817   animation.o
       270          0         17          0          8       1806   app.o
      1590          0          0          0        141      13080   debug.o
         0          0        480          0          0        517   font5x7_data.o
       434          0          0          0          0       3270   gpio.o
      1400          0          0          0          0       7008   i2c1.o
        20          0          0          0          0        383   main.o
       224          0          0          0          0       2750   microtimer.o
      1396          0          4          0       1025      10588   oled.o
       650          0         32          0          0       3070   rcc.o
        64         26        404          0       1536        912   startup_stm32f401xc.o
        18          0          0          0          0       2841   system_stm32f4xx.o
      2896          0          0          0        796      22435   timebase.o

    ----------------------------------------------------------------------
      9898         26        960          0       3512      74477   Object Totals
         0          0         16          0          0          0   (incl. Generated)
        80          0          2          0          6          0   (incl. Padding)

    ----------------------------------------------------------------------

      Code (inc. data)   RO Data    RW Data    ZI Data      Debug   Library Member Name

         8          0          0          0          0         68   __main.o
       392          4         17          0          0         92   __printf_flags_ss_wp.o
        14          0          0          0          0         68   __printf_wp.o
         0          0          0          0          0          0   __rtentry.o
        12          0          0          0          0          0   __rtentry2.o
         6          0          0          0          0          0   __rtentry4.o
        94          8          0          0          0          0   __scatter.o
        28          0          0          0          0          0   __scatter_zi.o
        72          0          0          0          0         96   _c16rtomb.o
         6          0          0          0          0          0   _printf_a.o
         6          0          0          0          0          0   _printf_c.o
        44          0          0          0          0        108   _printf_char.o
        48          6          0          0          0         96   _printf_char_common.o
        40          0          0          0          0         68   _printf_charcount.o
         6          0          0          0          0          0   _printf_d.o
       120         16          0          0          0         92   _printf_dec.o
         6          0          0          0          0          0   _printf_e.o
         6          0          0          0          0          0   _printf_f.o
      1052          0          0          0          0        148   _printf_fp_dec.o
       764          8         38          0          0        100   _printf_fp_hex.o
       128         16          0          0          0         84   _printf_fp_infnan.o
         6          0          0          0          0          0   _printf_g.o
       148          4         40          0          0        160   _printf_hex_int_ll_ptr.o
         6          0          0          0          0          0   _printf_i.o
       178          0          0          0          0         88   _printf_intcommon.o
        10          0          0          0          0          0   _printf_l.o
         6          0          0          0          0          0   _printf_lc.o
        10          0          0          0          0          0   _printf_ll.o
         6          0          0          0          0          0   _printf_lld.o
         6          0          0          0          0          0   _printf_lli.o
         6          0          0          0          0          0   _printf_llo.o
         6          0          0          0          0          0   _printf_llu.o
         6          0          0          0          0          0   _printf_llx.o
       124         16          0          0          0         92   _printf_longlong_dec.o
         6          0          0          0          0          0   _printf_ls.o
         6          0          0          0          0          0   _printf_n.o
         6          0          0          0          0          0   _printf_o.o
       112          8          0          0          0        124   _printf_oct_int_ll.o
         6          0          0          0          0          0   _printf_p.o
        78          0          0          0          0        108   _printf_pad.o
         0          0          0          0          0          0   _printf_percent.o
         4          0          0          0          0          0   _printf_percent_end.o
         6          0          0          0          0          0   _printf_s.o
        82          0          0          0          0         80   _printf_str.o
        36          0          0          0          0         84   _printf_truncate.o
         6          0          0          0          0          0   _printf_u.o
        44          0          0          0          0        108   _printf_wchar.o
       188          6          8          0          0         92   _printf_wctomb.o
         6          0          0          0          0          0   _printf_x.o
        10          0          0          0          0         68   _sputc.o
       228          4        148          0          0         96   bigflt0.o
      1936        128          0          0          0        668   btod.o
        18          0          0          0          0         80   exit.o
         6          0          0          0          0        152   heapauxi.o
         0          0          0          0          0          0   indicate_semi.o
        44         10        272          0          0         76   lc_ctype_c.o
        44         10         28          0          0         76   lc_numeric_c.o
         2          0          0          0          0          0   libinit.o
        34          0          0          0          0          0   libinit2.o
         2          0          0          0          0          0   libshutdown.o
         2          0          0          0          0          0   libshutdown2.o
         8          4          0          0         96         68   libspace.o
       138          0          0          0          0         80   lludiv10.o
        16          4          0          0          0         76   rt_ctype_table.o
         8          4          0          0          0         68   rt_locale_intlibspace.o
         2          0          0          0          0          0   rtexit.o
        10          0          0          0          0          0   rtexit2.o
        44          6          0          0          0         84   sprintf.o
       124          0          0          0          0         88   strcmpv7em.o
        62          0          0          0          0         76   strlen.o
        12          4          0          0          0         68   sys_exit.o
        74          0          0          0          0         80   sys_stackheap_outer.o
         2          0          0          0          0         68   use_no_semi.o
        26          0          0          0          0        116   fpinit.o
         4          0          0          0          0        116   printf1.o
         4          0          0          0          0        116   printf2.o
         0          0          0          0          0          0   usenofp.o
        48          0          0          0          0        124   fpclassify.o

    ----------------------------------------------------------------------
      6886        266        552          0         96       4400   Library Totals
        22          0          1          0          0          0   (incl. Padding)

    ----------------------------------------------------------------------

      Code (inc. data)   RO Data    RW Data    ZI Data      Debug   Library Name

      6782        266        551          0         96       3928   c_w.l
        34          0          0          0          0        348   fz_wm.l
        48          0          0          0          0        124   m_wm.l

    ----------------------------------------------------------------------
      6886        266        552          0         96       4400   Library Totals

    ----------------------------------------------------------------------

==============================================================================


      Code (inc. data)   RO Data    RW Data    ZI Data      Debug   

     16784        292       1512          0       3608      76397   Grand Totals
     16784        292       1512          0       3608      76397   ELF Image Totals
     16784        292       1512          0          0          0   ROM Totals

==============================================================================

    Total RO  Size (Code + RO Data)                18296 (  17.87kB)
    Total RW  Size (RW Data + ZI Data)              3608 (   3.52kB)
    Total ROM Size (Code + RO Data + RW Data)      18296 (  17.87kB)

==============================================================================

