Component: Arm Compiler for Embedded 6.23 Tool: armlink [5f102400]

==============================================================================

Section Cross References

    main.o(.text.main) refers to app.o(.text.App_Setup) for App_Setup
    main.o(.text.main) refers to app.o(.text.App_Main_Loop) for App_Main_Loop
    main.o(.ARM.exidx.text.main) refers to main.o(.text.main) for [Anonymous Symbol]
    gpio.o(.ARM.exidx.text.GPIO_EnableClock) refers to gpio.o(.text.GPIO_EnableClock) for [Anonymous Symbol]
    gpio.o(.ARM.exidx.text.GPIO_Init) refers to gpio.o(.text.GPIO_Init) for [Anonymous Symbol]
    gpio.o(.ARM.exidx.text.GPIO_SetPin) refers to gpio.o(.text.GPIO_SetPin) for [Anonymous Symbol]
    gpio.o(.ARM.exidx.text.GPIO_ResetPin) refers to gpio.o(.text.GPIO_ResetPin) for [Anonymous Symbol]
    gpio.o(.ARM.exidx.text.GPIO_TogglePin) refers to gpio.o(.text.GPIO_TogglePin) for [Anonymous Symbol]
    gpio.o(.ARM.exidx.text.GPIO_ReadPin) refers to gpio.o(.text.GPIO_ReadPin) for [Anonymous Symbol]
    rcc.o(.ARM.exidx.text.RCC_HSE_Clock_Config) refers to rcc.o(.text.RCC_HSE_Clock_Config) for [Anonymous Symbol]
    rcc.o(.ARM.exidx.text.RCC_LSE_Clock_Config) refers to rcc.o(.text.RCC_LSE_Clock_Config) for [Anonymous Symbol]
    rcc.o(.ARM.exidx.text.RCC_Get_SYS_CLK) refers to rcc.o(.text.RCC_Get_SYS_CLK) for [Anonymous Symbol]
    rcc.o(.text.RCC_Get_HCLK) refers to rcc.o(.text.RCC_Get_SYS_CLK) for RCC_Get_SYS_CLK
    rcc.o(.text.RCC_Get_HCLK) refers to rcc.o(.rodata.RCC_Get_HCLK.ahb_presc_table) for RCC_Get_HCLK.ahb_presc_table
    rcc.o(.ARM.exidx.text.RCC_Get_HCLK) refers to rcc.o(.text.RCC_Get_HCLK) for [Anonymous Symbol]
    rcc.o(.text.RCC_Get_APB1_Clock) refers to rcc.o(.text.RCC_Get_HCLK) for RCC_Get_HCLK
    rcc.o(.text.RCC_Get_APB1_Clock) refers to rcc.o(.rodata.RCC_Get_APB1_Clock.apb_presc_table) for RCC_Get_APB1_Clock.apb_presc_table
    rcc.o(.ARM.exidx.text.RCC_Get_APB1_Clock) refers to rcc.o(.text.RCC_Get_APB1_Clock) for [Anonymous Symbol]
    rcc.o(.text.RCC_Get_APB2_Clock) refers to rcc.o(.text.RCC_Get_HCLK) for RCC_Get_HCLK
    rcc.o(.text.RCC_Get_APB2_Clock) refers to rcc.o(.rodata.RCC_Get_APB2_Clock.apb_presc_table) for RCC_Get_APB2_Clock.apb_presc_table
    rcc.o(.ARM.exidx.text.RCC_Get_APB2_Clock) refers to rcc.o(.text.RCC_Get_APB2_Clock) for [Anonymous Symbol]
    debug.o(.text.Debug_Struct_Init) refers to debug.o(.bss.Debug) for Debug
    debug.o(.ARM.exidx.text.Debug_Struct_Init) refers to debug.o(.text.Debug_Struct_Init) for [Anonymous Symbol]
    debug.o(.ARM.exidx.text.Debug_GPIO_Init) refers to debug.o(.text.Debug_GPIO_Init) for [Anonymous Symbol]
    debug.o(.text.Debug_Reg_Init) refers to rcc.o(.text.RCC_Get_APB1_Clock) for RCC_Get_APB1_Clock
    debug.o(.text.Debug_Reg_Init) refers to debug.o(.text.__NVIC_EnableIRQ) for __NVIC_EnableIRQ
    debug.o(.text.Debug_Reg_Init) refers to debug.o(.text.__NVIC_SetPriority) for __NVIC_SetPriority
    debug.o(.ARM.exidx.text.Debug_Reg_Init) refers to debug.o(.text.Debug_Reg_Init) for [Anonymous Symbol]
    debug.o(.ARM.exidx.text.__NVIC_EnableIRQ) refers to debug.o(.text.__NVIC_EnableIRQ) for [Anonymous Symbol]
    debug.o(.ARM.exidx.text.__NVIC_SetPriority) refers to debug.o(.text.__NVIC_SetPriority) for [Anonymous Symbol]
    debug.o(.text.Debug_Timer_Init) refers to rcc.o(.text.RCC_Get_APB2_Clock) for RCC_Get_APB2_Clock
    debug.o(.text.Debug_Timer_Init) refers to debug.o(.text.__NVIC_EnableIRQ) for __NVIC_EnableIRQ
    debug.o(.text.Debug_Timer_Init) refers to debug.o(.text.__NVIC_SetPriority) for __NVIC_SetPriority
    debug.o(.ARM.exidx.text.Debug_Timer_Init) refers to debug.o(.text.Debug_Timer_Init) for [Anonymous Symbol]
    debug.o(.text.Debug_Timer_Enable) refers to debug.o(.bss.Debug) for Debug
    debug.o(.ARM.exidx.text.Debug_Timer_Enable) refers to debug.o(.text.Debug_Timer_Enable) for [Anonymous Symbol]
    debug.o(.text.Debug_Timer_Disable) refers to debug.o(.bss.Debug) for Debug
    debug.o(.ARM.exidx.text.Debug_Timer_Disable) refers to debug.o(.text.Debug_Timer_Disable) for [Anonymous Symbol]
    debug.o(.text.Debug_Get_Timer_Status) refers to debug.o(.bss.Debug) for Debug
    debug.o(.ARM.exidx.text.Debug_Get_Timer_Status) refers to debug.o(.text.Debug_Get_Timer_Status) for [Anonymous Symbol]
    debug.o(.ARM.exidx.text.Debug_Get_Counter_Val) refers to debug.o(.text.Debug_Get_Counter_Val) for [Anonymous Symbol]
    debug.o(.ARM.exidx.text.Debug_Counter_Reset) refers to debug.o(.text.Debug_Counter_Reset) for [Anonymous Symbol]
    debug.o(.text.TIM1_UP_TIM10_IRQHandler) refers to debug.o(.bss.Debug) for Debug
    debug.o(.text.TIM1_UP_TIM10_IRQHandler) refers to debug.o(.text.Debug_Timer_Disable) for Debug_Timer_Disable
    debug.o(.text.TIM1_UP_TIM10_IRQHandler) refers to debug.o(.text.Debug_Get_Buf_Index) for Debug_Get_Buf_Index
    debug.o(.ARM.exidx.text.TIM1_UP_TIM10_IRQHandler) refers to debug.o(.text.TIM1_UP_TIM10_IRQHandler) for [Anonymous Symbol]
[...]
    [Anonymous Symbol]                       0x08003208   Section        0  oled.o(.text.__NVIC_EnableIRQ)
    __NVIC_SetPriority                       0x08003239   Thumb Code    66  debug.o(.text.__NVIC_SetPriority)
    [Anonymous Symbol]                       0x08003238   Section        0  debug.o(.text.__NVIC_SetPriority)
    __NVIC_SetPriority                       0x0800327d   Thumb Code    66  timebase.o(.text.__NVIC_SetPriority)
    [Anonymous Symbol]                       0x0800327c   Section        0  timebase.o(.text.__NVIC_SetPriority)
    [Anonymous Symbol]                       0x080032c0   Section        0  main.o(.text.main)
    CL$$btod_d2e                             0x080032d4   Section       62  btod.o(CL$$btod_d2e)
    CL$$btod_d2e_denorm_low                  0x08003312   Section       70  btod.o(CL$$btod_d2e_denorm_low)
    CL$$btod_d2e_norm_op1                    0x08003358   Section       96  btod.o(CL$$btod_d2e_norm_op1)
    CL$$btod_div_common                      0x080033b8   Section      824  btod.o(CL$$btod_div_common)
    CL$$btod_e2e                             0x080036f0   Section      220  btod.o(CL$$btod_e2e)
    CL$$btod_ediv                            0x080037cc   Section       42  btod.o(CL$$btod_ediv)
    CL$$btod_emul                            0x080037f6   Section       42  btod.o(CL$$btod_emul)
    CL$$btod_mult_common                     0x08003820   Section      580  btod.o(CL$$btod_mult_common)
    i.__ARM_fpclassify                       0x08003a64   Section        0  fpclassify.o(i.__ARM_fpclassify)
    i.__hardfp_cos                           0x08003a98   Section        0  cos.o(i.__hardfp_cos)
    i.__hardfp_sin                           0x08003b60   Section        0  sin.o(i.__hardfp_sin)
    i.__ieee754_rem_pio2                     0x08003c28   Section        0  rred.o(i.__ieee754_rem_pio2)
    i.__kernel_cos                           0x08004060   Section        0  cos_i.o(i.__kernel_cos)
    i.__kernel_poly                          0x080041d0   Section        0  poly.o(i.__kernel_poly)
    i.__kernel_sin                           0x080042c8   Section        0  sin_i.o(i.__kernel_sin)
    i.__mathlib_dbl_infnan                   0x080043f8   Section        0  dunder.o(i.__mathlib_dbl_infnan)
    i.__mathlib_dbl_invalid                  0x08004410   Section        0  dunder.o(i.__mathlib_dbl_invalid)
    i.__mathlib_dbl_underflow                0x08004430   Section        0  dunder.o(i.__mathlib_dbl_underflow)
    i._is_digit                              0x08004450   Section        0  __printf_wp.o(i._is_digit)
    i.fabs                                   0x0800445e   Section        0  fabs.o(i.fabs)
    locale$$code                             0x08004478   Section       44  lc_numeric_c.o(locale$$code)
    locale$$code                             0x080044a4   Section       44  lc_ctype_c.o(locale$$code)
    $v0                                      0x080044d0   Number         0  basic.o(x$fpl$basic)
    x$fpl$basic                              0x080044d0   Section       24  basic.o(x$fpl$basic)
    $v0                                      0x080044e8   Number         0  daddsub_clz.o(x$fpl$dadd)
    x$fpl$dadd                               0x080044e8   Section      336  daddsub_clz.o(x$fpl$dadd)
    _dadd1                                   0x080044f9   Thumb Code     0  daddsub_clz.o(x$fpl$dadd)
    $v0                                      0x08004638   Number         0  ddiv.o(x$fpl$ddiv)
    x$fpl$ddiv                               0x08004638   Section      696  ddiv.o(x$fpl$ddiv)
    ddiv_entry                               0x0800463f   Thumb Code     0  ddiv.o(x$fpl$ddiv)
    $v0                                      0x080048f0   Number         0  dfix.o(x$fpl$dfix)
    x$fpl$dfix                               0x080048f0   Section       94  dfix.o(x$fpl$dfix)
    $v0                                      0x0800494e   Number         0  dflt_clz.o(x$fpl$dflt)
    x$fpl$dflt                               0x0800494e   Section       46  dflt_clz.o(x$fpl$dflt)
    $v0                                      0x0800497c   Number         0  dflt_clz.o(x$fpl$dfltu)
    x$fpl$dfltu                              0x0800497c   Section       38  dflt_clz.o(x$fpl$dfltu)
    $v0                                      0x080049a4   Number         0  dmul.o(x$fpl$dmul)
    x$fpl$dmul                               0x080049a4   Section      340  dmul.o(x$fpl$dmul)
    $v0                                      0x08004af8   Number         0  dnaninf.o(x$fpl$dnaninf)
    x$fpl$dnaninf                            0x08004af8   Section      156  dnaninf.o(x$fpl$dnaninf)
    $v0                                      0x08004b94   Number         0  dretinf.o(x$fpl$dretinf)
    x$fpl$dretinf                            0x08004b94   Section       12  dretinf.o(x$fpl$dretinf)
    $v0                                      0x08004ba0   Number         0  daddsub_clz.o(x$fpl$drsb)
    x$fpl$drsb                               0x08004ba0   Section       22  daddsub_clz.o(x$fpl$drsb)
    $v0                                      0x08004bb8   Number         0  daddsub_clz.o(x$fpl$dsub)
    x$fpl$dsub                               0x08004bb8   Section      476  daddsub_clz.o(x$fpl$dsub)
    _dsub1                                   0x08004bc9   Thumb Code     0  daddsub_clz.o(x$fpl$dsub)
    $v0                                      0x08004d94   Number         0  f2d.o(x$fpl$f2d)
    x$fpl$f2d                                0x08004d94   Section       86  f2d.o(x$fpl$f2d)
    $v0                                      0x08004dea   Number         0  fnaninf.o(x$fpl$fnaninf)
    x$fpl$fnaninf                            0x08004dea   Section      140  fnaninf.o(x$fpl$fnaninf)
    $v0                                      0x08004e76   Number         0  fpinit.o(x$fpl$fpinit)
    x$fpl$fpinit                             0x08004e76   Section       26  fpinit.o(x$fpl$fpinit)
    $v0                                      0x08004e90   Number         0  printf1.o(x$fpl$printf1)
    x$fpl$printf1                            0x08004e90   Section        4  printf1.o(x$fpl$printf1)
    $v0                                      0x08004e94   Number         0  printf2.o(x$fpl$printf2)
    x$fpl$printf2                            0x08004e94   Section        4  printf2.o(x$fpl$printf2)
    initial_mbstate                          0x08004e98   Data           8  _printf_wctomb.o(.constdata)
    .constdata                               0x08004e98   Section        8  _printf_wctomb.o(.constdata)
    x$fpl$usenofp                            0x08004e98   Section        0  usenofp.o(x$fpl$usenofp)
    uc_hextab                                0x08004ea0   Data          20  _printf_hex_int_ll_ptr.o(.constdata)
    .constdata                               0x08004ea0   Section       40  _printf_hex_int_ll_ptr.o(.constdata)
    lc_hextab                                0x08004eb4   Data          20  _printf_hex_int_ll_ptr.o(.constdata)
    maptable                                 0x08004ec8   Data          17  __printf_flags_ss_wp.o(.constdata)
    .constdata                               0x08004ec8   Section       17  __printf_flags_ss_wp.o(.constdata)
    C                                        0x08004ee0   Data          48  cos_i.o(.constdata)
    .constdata                               0x08004ee0   Section       48  cos_i.o(.constdata)
    pio2s                                    0x08004f10   Data          48  rred.o(.constdata)
    .constdata                               0x08004f10   Section      204  rred.o(.constdata)
    twooverpi                                0x08004f40   Data         156  rred.o(.constdata)
    S                                        0x08004fe0   Data          40  sin_i.o(.constdata)
    .constdata                               0x08004fe0   Section       40  sin_i.o(.constdata)
    lc_hextab                                0x08005008   Data          19  _printf_fp_hex.o(.constdata)
    .constdata                               0x08005008   Section       38  _printf_fp_hex.o(.constdata)
    uc_hextab                                0x0800501b   Data          19  _printf_fp_hex.o(.constdata)
    tenpwrs_x                                0x08005030   Data          60  bigflt0.o(.constdata)
    .constdata                               0x08005030   Section      148  bigflt0.o(.constdata)
    tenpwrs_i                                0x0800506c   Data          64  bigflt0.o(.constdata)
    RCC_Get_APB1_Clock.apb_presc_table       0x080052a4   Data           8  rcc.o(.rodata.RCC_Get_APB1_Clock.apb_presc_table)
    [Anonymous Symbol]                       0x080052a4   Section        0  rcc.o(.rodata.RCC_Get_APB1_Clock.apb_presc_table)
    RCC_Get_APB2_Clock.apb_presc_table       0x080052ac   Data           8  rcc.o(.rodata.RCC_Get_APB2_Clock.apb_presc_table)
    [Anonymous Symbol]                       0x080052ac   Section        0  rcc.o(.rodata.RCC_Get_APB2_Clock.apb_presc_table)
    RCC_Get_HCLK.ahb_presc_table             0x080052b4   Data          16  rcc.o(.rodata.RCC_Get_HCLK.ahb_presc_table)
    [Anonymous Symbol]                       0x080052b4   Section        0  rcc.o(.rodata.RCC_Get_HCLK.ahb_presc_table)
    .L.str                                   0x080052c4   Data           7  app.o(.rodata.str1.1)
    [Anonymous Symbol]                       0x080052c4   Section        0  app.o(.rodata.str1.1)
    .L.str                                   0x080052cb   Data           4  oled.o(.rodata.str1.1)
    [Anonymous Symbol]                       0x080052cb   Section        0  oled.o(.rodata.str1.1)
    locale$$data                             0x080052e0   Section       28  lc_numeric_c.o(locale$$data)
    __lcnum_c_name                           0x080052e4   Data           2  lc_numeric_c.o(locale$$data)
    __lcnum_c_start                          0x080052ec   Data           0  lc_numeric_c.o(locale$$data)
    __lcnum_c_point                          0x080052f8   Data           0  lc_numeric_c.o(locale$$data)
    __lcnum_c_thousands                      0x080052fa   Data           0  lc_numeric_c.o(locale$$data)
    __lcnum_c_grouping                       0x080052fb   Data           0  lc_numeric_c.o(locale$$data)
    __lcnum_c_end                            0x080052fc   Data           0  lc_numeric_c.o(locale$$data)
    locale$$data                             0x080052fc   Section      272  lc_ctype_c.o(locale$$data)
    __lcctype_c_name                         0x08005300   Data           2  lc_ctype_c.o(locale$$data)
    __lcctype_c_start                        0x08005308   Data           0  lc_ctype_c.o(locale$$data)
    __lcctype_c_end                          0x0800540c   Data           0  lc_ctype_c.o(locale$$data)
    .bss                                     0x20000000   Section       96  libspace.o(.bss)
    Heap_Mem                                 0x20000818   Data         512  startup_stm32f401xc.o(HEAP)
    HEAP                                     0x20000818   Section      512  startup_stm32f401xc.o(HEAP)
    Stack_Mem                                0x20000a18   Data        1024  startup_stm32f401xc.o(STACK)
    STACK                                    0x20000a18   Section     1024  startup_stm32f401xc.o(STACK)
    __initial_sp                             0x20000e18   Data           0  startup_stm32f401xc.o(STACK)

    Global Symbols

    Symbol Name                              Value     Ov Type        Size  Object(Section)

    BuildAttributes$$THM_ISAv4$E$P$D$K$B$S$7EM$VFPi3$EXTD16$VFPS$VFMA$PE$A:L22UL41UL21$X:L11$S22US41US21$IEEE1$IW$~IW$USESV6$~STKCKD$USESV7$~SHL$OTIME$ROPI$IEEEX$EBA8$UX$STANDARDLIB$REQ8$PRES8$EABIv2 0x00000000   Number         0  anon$$obj.o ABSOLUTE
    _printf_flags                            0x00000000   Number         0  printf_stubs.o ABSOLUTE
    _printf_return_value                     0x00000000   Number         0  printf_stubs.o ABSOLUTE
    _printf_sizespec                         0x00000000   Number         0  printf_stubs.o ABSOLUTE
    _printf_widthprec                        0x00000000   Number         0  printf_stubs.o ABSOLUTE
    __ARM_exceptions_init                     - Undefined Weak Reference
    __alloca_initialize                       - Undefined Weak Reference
    __arm_preinit_                            - Undefined Weak Reference
    __arm_relocate_pie_                       - Undefined Weak Reference
    __cpp_initialize__aeabi_                  - Undefined Weak Reference
    __cxa_finalize                            - Undefined Weak Reference
    __sigvec_lookup                           - Undefined Weak Reference
    _atexit_init                              - Undefined Weak Reference
    _call_atexit_fns                          - Undefined Weak Reference
    _clock_init                               - Undefined Weak Reference
    _fp_trap_init                             - Undefined Weak Reference
    _fp_trap_shutdown                         - Undefined Weak Reference
    _get_lc_collate                           - Undefined Weak Reference
    _get_lc_monetary                          - Undefined Weak Reference
    _get_lc_time                              - Undefined Weak Reference
    _getenv_init                              - Undefined Weak Reference
    _handle_redirection                       - Undefined Weak Reference
    _init_alloc                               - Undefined Weak Reference
    _init_user_alloc                          - Undefined Weak Reference
    _initio                                   - Undefined Weak Reference
    _printf_mbtowc                            - Undefined Weak Reference
    _printf_wc                                - Undefined Weak Reference
    _rand_init                                - Undefined Weak Reference
    _signal_finish                            - Undefined Weak Reference
    _signal_init                              - Undefined Weak Reference
    _terminate_alloc                          - Undefined Weak Reference
    _terminate_user_alloc                     - Undefined Weak Reference
    _terminateio                              - Undefined Weak Reference
    __Vectors_Size                           0x00000194   Number         0  startup_stm32f401xc.o ABSOLUTE
    __Vectors                                0x08000000   Data           4  startup_stm32f401xc.o(RESET)
    __Vectors_End                            0x08000194   Data           0  startup_stm32f401xc.o(RESET)
    __main                                   0x08000195   Thumb Code     8  __main.o(!!!main)
    __scatterload                            0x0800019d   Thumb Code     0  __scatter.o(!!!scatter)
    __scatterload_rt2                        0x0800019d   Thumb Code    84  __scatter.o(!!!scatter)
    __scatterload_rt2_thumb_only             0x0800019d   Thumb Code     0  __scatter.o(!!!scatter)
    __scatterload_loop                       0x080001a7   Thumb Code     0  __scatter.o(!!!scatter)
    __scatterload_null                       0x080001f9   Thumb Code     2  __scatter.o(!!handler_null)
    __scatterload_zeroinit                   0x080001fd   Thumb Code    28  __scatter_zi.o(!!handler_zi)
    _printf_n                                0x08000219   Thumb Code     0  _printf_n.o(.ARM.Collect$$_printf_percent$$00000001)
    _printf_percent                          0x08000219   Thumb Code     0  _printf_percent.o(.ARM.Collect$$_printf_percent$$00000000)
    _printf_p                                0x0800021f   Thumb Code     0  _printf_p.o(.ARM.Collect$$_printf_percent$$00000002)
    _printf_f                                0x08000225   Thumb Code     0  _printf_f.o(.ARM.Collect$$_printf_percent$$00000003)
    _printf_e                                0x0800022b   Thumb Code     0  _printf_e.o(.ARM.Collect$$_printf_percent$$00000004)
    _printf_g                                0x08000231   Thumb Code     0  _printf_g.o(.ARM.Collect$$_printf_percent$$00000005)
    _printf_a                                0x08000237   Thumb Code     0  _printf_a.o(.ARM.Collect$$_printf_percent$$00000006)
    _printf_ll                               0x0800023d   Thumb Code     0  _printf_ll.o(.ARM.Collect$$_printf_percent$$00000007)
    _printf_i                                0x08000247   Thumb Code     0  _printf_i.o(.ARM.Collect$$_printf_percent$$00000008)
    _printf_d                                0x0800024d   Thumb Code     0  _printf_d.o(.ARM.Collect$$_printf_percent$$00000009)
    _printf_u                                0x08000253   Thumb Code     0  _printf_u.o(.ARM.Collect$$_printf_percent$$0000000A)
    _printf_o                                0x08000259   Thumb Code     0  _printf_o.o(.ARM.Collect$$_printf_percent$$0000000B)
    _printf_x                                0x0800025f   Thumb Code     0  _printf_x.o(.ARM.Collect$$_printf_percent$$0000000C)
    _printf_lli                              0x08000265   Thumb Code     0  _printf_lli.o(.ARM.Collect$$_printf_percent$$0000000D)
    _printf_lld                              0x0800026b   Thumb Code     0  _printf_lld.o(.ARM.Collect$$_printf_percent$$0000000E)
    _printf_llu                              0x08000271   Thumb Code     0  _printf_llu.o(.ARM.Collect$$_printf_percent$$0000000F)
    _printf_llo                              0x08000277   Thumb Code     0  _printf_llo.o(.ARM.Collect$$_printf_percent$$00000010)
    _printf_llx                              0x0800027d   Thumb Code     0  _printf_llx.o(.ARM.Collect$$_printf_percent$$00000011)
    _printf_l                                0x08000283   Thumb Code     0  _printf_l.o(.ARM.Collect$$_printf_percent$$00000012)
    _printf_c                                0x0800028d   Thumb Code     0  _printf_c.o(.ARM.Collect$$_printf_percent$$00000013)
    _printf_s                                0x08000293   Thumb Code     0  _printf_s.o(.ARM.Collect$$_printf_percent$$00000014)
    _printf_lc                               0x08000299   Thumb Code     0  _printf_lc.o(.ARM.Collect$$_printf_percent$$00000015)
    _printf_ls                               0x0800029f   Thumb Code     0  _printf_ls.o(.ARM.Collect$$_printf_percent$$00000016)
    _printf_percent_end                      0x080002a5   Thumb Code     0  _printf_percent_end.o(.ARM.Collect$$_printf_percent$$00000017)
    __rt_lib_init                            0x080002a9   Thumb Code     0  libinit.o(.ARM.Collect$$libinit$$00000000)
    __rt_lib_init_fp_1                       0x080002ab   Thumb Code     0  libinit2.o(.ARM.Collect$$libinit$$00000001)
    __rt_lib_init_heap_1                     0x080002af   Thumb Code     0  libinit2.o(.ARM.Collect$$libinit$$0000000C)
    __rt_lib_init_lc_common                  0x080002af   Thumb Code     0  libinit2.o(.ARM.Collect$$libinit$$00000011)
    __rt_lib_init_preinit_1                  0x080002af   Thumb Code     0  libinit2.o(.ARM.Collect$$libinit$$00000006)
    __rt_lib_init_rand_1                     0x080002af   Thumb Code     0  libinit2.o(.ARM.Collect$$libinit$$00000010)
    __rt_lib_init_relocate_pie_1             0x080002af   Thumb Code     0  libinit2.o(.ARM.Collect$$libinit$$00000004)
    __rt_lib_init_user_alloc_1               0x080002af   Thumb Code     0  libinit2.o(.ARM.Collect$$libinit$$0000000E)
    __rt_lib_init_lc_collate_1               0x080002b5   Thumb Code     0  libinit2.o(.ARM.Collect$$libinit$$00000013)
    __rt_lib_init_lc_ctype_2                 0x080002b5   Thumb Code     0  libinit2.o(.ARM.Collect$$libinit$$00000014)
    __rt_lib_init_lc_ctype_1                 0x080002c1   Thumb Code     0  libinit2.o(.ARM.Collect$$libinit$$00000015)
    __rt_lib_init_lc_monetary_1              0x080002c1   Thumb Code     0  libinit2.o(.ARM.Collect$$libinit$$00000017)
    __rt_lib_init_lc_numeric_2               0x080002c1   Thumb Code     0  libinit2.o(.ARM.Collect$$libinit$$00000018)
    __rt_lib_init_alloca_1                   0x080002cb   Thumb Code     0  libinit2.o(.ARM.Collect$$libinit$$00000030)
    __rt_lib_init_argv_1                     0x080002cb   Thumb Code     0  libinit2.o(.ARM.Collect$$libinit$$0000002E)
    __rt_lib_init_atexit_1                   0x080002cb   Thumb Code     0  libinit2.o(.ARM.Collect$$libinit$$0000001D)
    __rt_lib_init_clock_1                    0x080002cb   Thumb Code     0  libinit2.o(.ARM.Collect$$libinit$$00000023)
    __rt_lib_init_cpp_1                      0x080002cb   Thumb Code     0  libinit2.o(.ARM.Collect$$libinit$$00000034)
    __rt_lib_init_exceptions_1               0x080002cb   Thumb Code     0  libinit2.o(.ARM.Collect$$libinit$$00000032)
    __rt_lib_init_fp_trap_1                  0x080002cb   Thumb Code     0  libinit2.o(.ARM.Collect$$libinit$$00000021)
    __rt_lib_init_getenv_1                   0x080002cb   Thumb Code     0  libinit2.o(.ARM.Collect$$libinit$$00000025)
    __rt_lib_init_lc_numeric_1               0x080002cb   Thumb Code     0  libinit2.o(.ARM.Collect$$libinit$$00000019)
    __rt_lib_init_lc_time_1                  0x080002cb   Thumb Code     0  libinit2.o(.ARM.Collect$$libinit$$0000001B)
    __rt_lib_init_return                     0x080002cb   Thumb Code     0  libinit2.o(.ARM.Collect$$libinit$$00000035)
    __rt_lib_init_signal_1                   0x080002cb   Thumb Code     0  libinit2.o(.ARM.Collect$$libinit$$0000001F)
    __rt_lib_init_stdio_1                    0x080002cb   Thumb Code     0  libinit2.o(.ARM.Collect$$libinit$$00000027)
    __rt_lib_shutdown                        0x080002cd   Thumb Code     0  libshutdown.o(.ARM.Collect$$libshutdown$$00000000)
    __rt_lib_shutdown_cpp_1                  0x080002cf   Thumb Code     0  libshutdown2.o(.ARM.Collect$$libshutdown$$00000002)
    __rt_lib_shutdown_fp_trap_1              0x080002cf   Thumb Code     0  libshutdown2.o(.ARM.Collect$$libshutdown$$00000007)
    __rt_lib_shutdown_heap_1                 0x080002cf   Thumb Code     0  libshutdown2.o(.ARM.Collect$$libshutdown$$0000000F)
    __rt_lib_shutdown_return                 0x080002cf   Thumb Code     0  libshutdown2.o(.ARM.Collect$$libshutdown$$00000010)
    __rt_lib_shutdown_signal_1               0x080002cf   Thumb Code     0  libshutdown2.o(.ARM.Collect$$libshutdown$$0000000A)
    __rt_lib_shutdown_stdio_1                0x080002cf   Thumb Code     0  libshutdown2.o(.ARM.Collect$$libshutdown$$00000004)
    __rt_lib_shutdown_user_alloc_1           0x080002cf   Thumb Code     0  libshutdown2.o(.ARM.Collect$$libshutdown$$0000000C)
    __rt_entry                               0x080002d1   Thumb Code     0  __rtentry.o(.ARM.Collect$$rtentry$$00000000)
    __rt_entry_presh_1                       0x080002d1   Thumb Code     0  __rtentry2.o(.ARM.Collect$$rtentry$$00000002)
    __rt_entry_sh                            0x080002d1   Thumb Code     0  __rtentry4.o(.ARM.Collect$$rtentry$$00000004)
    __rt_entry_li                            0x080002d7   Thumb Code     0  __rtentry2.o(.ARM.Collect$$rtentry$$0000000A)
    __rt_entry_postsh_1                      0x080002d7   Thumb Code     0  __rtentry2.o(.ARM.Collect$$rtentry$$00000009)
    __rt_entry_main                          0x080002db   Thumb Code     0  __rtentry2.o(.ARM.Collect$$rtentry$$0000000D)
    __rt_entry_postli_1                      0x080002db   Thumb Code     0  __rtentry2.o(.ARM.Collect$$rtentry$$0000000C)
    __rt_exit                                0x080002e3   Thumb Code     0  rtexit.o(.ARM.Collect$$rtexit$$00000000)
    __rt_exit_ls                             0x080002e5   Thumb Code     0  rtexit2.o(.ARM.Collect$$rtexit$$00000003)
    __rt_exit_prels_1                        0x080002e5   Thumb Code     0  rtexit2.o(.ARM.Collect$$rtexit$$00000002)
    __rt_exit_exit                           0x080002e9   Thumb Code     0  rtexit2.o(.ARM.Collect$$rtexit$$00000004)
    Reset_Handler                            0x080002f1   Thumb Code     8  startup_stm32f401xc.o(.text)
    NMI_Handler                              0x080002f9   Thumb Code     2  startup_stm32f401xc.o(.text)
    HardFault_Handler                        0x080002fb   Thumb Code     2  startup_stm32f401xc.o(.text)
    MemManage_Handler                        0x080002fd   Thumb Code     2  startup_stm32f401xc.o(.text)
    BusFault_Handler                         0x080002ff   Thumb Code     2  startup_stm32f401xc.o(.text)
    UsageFault_Handler                       0x08000301   Thumb Code     2  startup_stm32f401xc.o(.text)
    SVC_Handler                              0x08000303   Thumb Code     2  startup_stm32f401xc.o(.text)
    DebugMon_Handler                         0x08000305   Thumb Code     2  startup_stm32f401xc.o(.text)
    PendSV_Handler                           0x08000307   Thumb Code     2  startup_stm32f401xc.o(.text)
    SysTick_Handler                          0x08000309   Thumb Code     2  startup_stm32f401xc.o(.text)
    ADC_IRQHandler                           0x0800030b   Thumb Code     0  startup_stm32f401xc.o(.text)
    DMA1_Stream0_IRQHandler                  0x0800030b   Thumb Code     0  startup_stm32f401xc.o(.text)
    DMA1_Stream1_IRQHandler                  0x0800030b   Thumb Code     0  startup_stm32f401xc.o(.text)
    DMA1_Stream2_IRQHandler                  0x0800030b   Thumb Code     0  startup_stm32f401xc.o(.text)
    DMA1_Stream3_IRQHandler                  0x0800030b   Thumb Code     0  startup_stm32f401xc.o(.text)
    DMA1_Stream4_IRQHandler                  0x0800030b   Thumb Code     0  startup_stm32f401xc.o(.text)
    DMA1_Stream5_IRQHandler                  0x0800030b   Thumb Code     0  startup_stm32f401xc.o(.text)
    DMA1_Stream6_IRQHandler                  0x0800030b   Thumb Code     0  startup_stm32f401xc.o(.text)
    DMA1_Stream7_IRQHandler                  0x0800030b   Thumb Code     0  startup_stm32f401xc.o(.text)
    DMA2_Stream0_IRQHandler                  0x0800030b   Thumb Code     0  startup_stm32f401xc.o(.text)
    DMA2_Stream1_IRQHandler                  0x0800030b   Thumb Code     0  startup_stm32f401xc.o(.text)
    DMA2_Stream2_IRQHandler                  0x0800030b   Thumb Code     0  startup_stm32f401xc.o(.text)
    DMA2_Stream3_IRQHandler                  0x0800030b   Thumb Code     0  startup_stm32f401xc.o(.text)
    DMA2_Stream4_IRQHandler                  0x0800030b   Thumb Code     0  startup_stm32f401xc.o(.text)
    DMA2_Stream5_IRQHandler                  0x0800030b   Thumb Code     0  startup_stm32f401xc.o(.text)
    DMA2_Stream6_IRQHandler                  0x0800030b   Thumb Code     0  startup_stm32f401xc.o(.text)
    DMA2_Stream7_IRQHandler                  0x0800030b   Thumb Code     0  startup_stm32f401xc.o(.text)
    EXTI0_IRQHandler                         0x0800030b   Thumb Code     0  startup_stm32f401xc.o(.text)
    EXTI15_10_IRQHandler                     0x0800030b   Thumb Code     0  startup_stm32f401xc.o(.text)
    EXTI1_IRQHandler                         0x0800030b   Thumb Code     0  startup_stm32f401xc.o(.text)
    EXTI2_IRQHandler                         0x0800030b   Thumb Code     0  startup_stm32f401xc.o(.text)
    EXTI3_IRQHandler                         0x0800030b   Thumb Code     0  startup_stm32f401xc.o(.text)
    EXTI4_IRQHandler                         0x0800030b   Thumb Code     0  startup_stm32f401xc.o(.text)
    EXTI9_5_IRQHandler                       0x0800030b   Thumb Code     0  startup_stm32f401xc.o(.text)
    FLASH_IRQHandler                         0x0800030b   Thumb Code     0  startup_stm32f401xc.o(.text)
    FPU_IRQHandler                           0x0800030b   Thumb Code     0  startup_stm32f401xc.o(.text)
    I2C1_ER_IRQHandler                       0x0800030b   Thumb Code     0  startup_stm32f401xc.o(.text)
    I2C1_EV_IRQHandler                       0x0800030b   Thumb Code     0  startup_stm32f401xc.o(.text)
    I2C2_ER_IRQHandler                       0x0800030b   Thumb Code     0  startup_stm32f401xc.o(.text)
    I2C2_EV_IRQHandler                       0x0800030b   Thumb Code     0  startup_stm32f401xc.o(.text)
    I2C3_ER_IRQHandler                       0x0800030b   Thumb Code     0  startup_stm32f401xc.o(.text)
    I2C3_EV_IRQHandler                       0x0800030b   Thumb Code     0  startup_stm32f401xc.o(.text)
    OTG_FS_IRQHandler                        0x0800030b   Thumb Code     0  startup_stm32f401xc.o(.text)
    OTG_FS_WKUP_IRQHandler                   0x0800030b   Thumb Code     0  startup_stm32f401xc.o(.text)
    PVD_IRQHandler                           0x0800030b   Thumb Code     0  startup_stm32f401xc.o(.text)
    RCC_IRQHandler                           0x0800030b   Thumb Code     0  startup_stm32f401xc.o(.text)
    RTC_Alarm_IRQHandler                     0x0800030b   Thumb Code     0  startup_stm32f401xc.o(.text)
    RTC_WKUP_IRQHandler                      0x0800030b   Thumb Code     0  startup_stm32f401xc.o(.text)
    SDIO_IRQHandler                          0x0800030b   Thumb Code     0  startup_stm32f401xc.o(.text)
    SPI1_IRQHandler                          0x0800030b   Thumb Code     0  startup_stm32f401xc.o(.text)
    SPI2_IRQHandler                          0x0800030b   Thumb Code     0  startup_stm32f401xc.o(.text)
    SPI3_IRQHandler                          0x0800030b   Thumb Code     0  startup_stm32f401xc.o(.text)
    SPI4_IRQHandler                          0x0800030b   Thumb Code     0  startup_stm32f401xc.o(.text)
    TAMP_STAMP_IRQHandler                    0x0800030b   Thumb Code     0  startup_stm32f401xc.o(.text)
    TIM1_CC_IRQHandler                       0x0800030b   Thumb Code     0  startup_stm32f401xc.o(.text)
    TIM2_IRQHandler                          0x0800030b   Thumb Code     0  startup_stm32f401xc.o(.text)
    TIM3_IRQHandler                          0x0800030b   Thumb Code     0  startup_stm32f401xc.o(.text)
    TIM4_IRQHandler                          0x0800030b   Thumb Code     0  startup_stm32f401xc.o(.text)
    TIM5_IRQHandler                          0x0800030b   Thumb Code     0  startup_stm32f401xc.o(.text)
    USART1_IRQHandler                        0x0800030b   Thumb Code     0  startup_stm32f401xc.o(.text)
    USART6_IRQHandler                        0x0800030b   Thumb Code     0  startup_stm32f401xc.o(.text)
    WWDG_IRQHandler                          0x0800030b   Thumb Code     0  startup_stm32f401xc.o(.text)
    __user_initial_stackheap                 0x0800030d   Thumb Code     0  startup_stm32f401xc.o(.text)
    sprintf                                  0x08000331   Thumb Code    38  sprintf.o(.text)
    strlen                                   0x0800035d   Thumb Code    62  strlen.o(.text)
    __use_two_region_memory                  0x0800039b   Thumb Code     2  heapauxi.o(.text)
    __rt_heap_escrow$2region                 0x0800039d   Thumb Code     2  heapauxi.o(.text)
    __rt_heap_expand$2region                 0x0800039f   Thumb Code     2  heapauxi.o(.text)
    __read_errno                             0x080003a1   Thumb Code    10  _rserrno.o(.text)
    __set_errno                              0x080003ab   Thumb Code    12  _rserrno.o(.text)
    _printf_pre_padding                      0x080003b7   Thumb Code    44  _printf_pad.o(.text)
    _printf_post_padding                     0x080003e3   Thumb Code    34  _printf_pad.o(.text)
    _printf_truncate_signed                  0x08000405   Thumb Code    18  _printf_truncate.o(.text)
    _printf_truncate_unsigned                0x08000417   Thumb Code    18  _printf_truncate.o(.text)
    _printf_str                              0x08000429   Thumb Code    82  _printf_str.o(.text)
    _printf_int_dec                          0x0800047d   Thumb Code   104  _printf_dec.o(.text)
    _printf_charcount                        0x080004f5   Thumb Code    40  _printf_charcount.o(.text)
    _printf_char_common                      0x08000527   Thumb Code    32  _printf_char_common.o(.text)
    _sputc                                   0x0800054d   Thumb Code    10  _sputc.o(.text)
    _printf_wctomb                           0x08000559   Thumb Code   182  _printf_wctomb.o(.text)
    _printf_longlong_dec                     0x08000615   Thumb Code   108  _printf_longlong_dec.o(.text)
    _printf_longlong_oct                     0x08000691   Thumb Code    68  _printf_oct_int_ll.o(.text)
    _printf_int_oct                          0x080006d5   Thumb Code    24  _printf_oct_int_ll.o(.text)
    _printf_ll_oct                           0x080006ed   Thumb Code    12  _printf_oct_int_ll.o(.text)
    _printf_longlong_hex                     0x08000701   Thumb Code    86  _printf_hex_int_ll_ptr.o(.text)
    _printf_int_hex                          0x08000757   Thumb Code    28  _printf_hex_int_ll_ptr.o(.text)
    _printf_ll_hex                           0x08000773   Thumb Code    12  _printf_hex_int_ll_ptr.o(.text)
    _printf_hex_ptr                          0x0800077f   Thumb Code    18  _printf_hex_int_ll_ptr.o(.text)
    __printf                                 0x08000795   Thumb Code   388  __printf_flags_ss_wp.o(.text)
    __aeabi_errno_addr                       0x0800091d   Thumb Code     8  rt_errno_addr_intlibspace.o(.text)
    __errno$intlibspace                      0x0800091d   Thumb Code     0  rt_errno_addr_intlibspace.o(.text)
    __rt_errno_addr$intlibspace              0x0800091d   Thumb Code     0  rt_errno_addr_intlibspace.o(.text)
    _ll_udiv10                               0x08000925   Thumb Code   138  lludiv10.o(.text)
    _printf_int_common                       0x080009af   Thumb Code   178  _printf_intcommon.o(.text)
    _printf_fp_dec_real                      0x08000c11   Thumb Code   620  _printf_fp_dec.o(.text)
    _printf_fp_hex_real                      0x08000e7d   Thumb Code   756  _printf_fp_hex.o(.text)
    _printf_cs_common                        0x08001179   Thumb Code    20  _printf_char.o(.text)
    _printf_char                             0x0800118d   Thumb Code    16  _printf_char.o(.text)
    _printf_string                           0x0800119d   Thumb Code     8  _printf_char.o(.text)
    _printf_lcs_common                       0x080011a5   Thumb Code    20  _printf_wchar.o(.text)
    _printf_wchar                            0x080011b9   Thumb Code    16  _printf_wchar.o(.text)
    _printf_wstring                          0x080011c9   Thumb Code     8  _printf_wchar.o(.text)
    _c16rtomb                                0x080011d1   Thumb Code    72  _c16rtomb.o(.text)
    _wcrtomb                                 0x080011d1   Thumb Code     0  _c16rtomb.o(.text)
    __user_libspace                          0x08001219   Thumb Code     8  libspace.o(.text)
    __user_perproc_libspace                  0x08001219   Thumb Code     0  libspace.o(.text)
    __user_perthread_libspace                0x08001219   Thumb Code     0  libspace.o(.text)
    __user_setup_stackheap                   0x08001221   Thumb Code    74  sys_stackheap_outer.o(.text)
    __rt_ctype_table                         0x0800126d   Thumb Code    16  rt_ctype_table.o(.text)
    __rt_locale                              0x0800127d   Thumb Code     8  rt_locale_intlibspace.o(.text)
    _printf_fp_infnan                        0x08001285   Thumb Code   112  _printf_fp_infnan.o(.text)
    _btod_etento                             0x08001305   Thumb Code   224  bigflt0.o(.text)
    exit                                     0x080013e9   Thumb Code    18  exit.o(.text)
    strcmp                                   0x08001401   Thumb Code   124  strcmpv7em.o(.text)
    _sys_exit                                0x0800147d   Thumb Code     8  sys_exit.o(.text)
    __I$use$semihosting                      0x08001489   Thumb Code     0  use_no_semi.o(.text)
    __use_no_semihosting_swi                 0x08001489   Thumb Code     2  use_no_semi.o(.text)
    __semihosting_library_function           0x0800148b   Thumb Code     0  indicate_semi.o(.text)
    ANIM_Booting                             0x0800148d   Thumb Code   536  animation.o(.text.ANIM_Booting)
    App_Main_Loop                            0x080016ad   Thumb Code   108  app.o(.text.App_Main_Loop)
    App_Setup                                0x08001719   Thumb Code   112  app.o(.text.App_Setup)
    Debug_Counter_Reset                      0x08001789   Thumb Code    14  debug.o(.text.Debug_Counter_Reset)
    Debug_GPIO_Init                          0x08001799   Thumb Code   172  debug.o(.text.Debug_GPIO_Init)
    Debug_Get_Buf_Index                      0x08001845   Thumb Code    14  debug.o(.text.Debug_Get_Buf_Index)
    Debug_Init                               0x08001855   Thumb Code    28  debug.o(.text.Debug_Init)
    Debug_Reg_Init                           0x08001871   Thumb Code   216  debug.o(.text.Debug_Reg_Init)
    Debug_Rx_Byte                            0x08001949   Thumb Code    22  debug.o(.text.Debug_Rx_Byte)
    Debug_Struct_Init                        0x08001961   Thumb Code   152  debug.o(.text.Debug_Struct_Init)
    Debug_Timer_Disable                      0x080019f9   Thumb Code    32  debug.o(.text.Debug_Timer_Disable)
    Debug_Timer_Enable                       0x08001a19   Thumb Code    32  debug.o(.text.Debug_Timer_Enable)
    Debug_Timer_Init                         0x08001a39   Thumb Code   136  debug.o(.text.Debug_Timer_Init)
    GPIO_EnableClock                         0x08001ac1   Thumb Code   220  gpio.o(.text.GPIO_EnableClock)
    GPIO_Init                                0x08001b9d   Thumb Code   184  gpio.o(.text.GPIO_Init)
    GPIO_TogglePin                           0x08001c55   Thumb Code    30  gpio.o(.text.GPIO_TogglePin)
    I2C1_Bus_Recovery_GPIO                   0x08001c75   Thumb Code   248  i2c1.o(.text.I2C1_Bus_Recovery_GPIO)
    I2C1_GPIO_Init                           0x08001d6d   Thumb Code   196  i2c1.o(.text.I2C1_GPIO_Init)
    I2C1_Init                                0x08001e31   Thumb Code    20  i2c1.o(.text.I2C1_Init)
    I2C1_Recover_Bus                         0x08001e45   Thumb Code    32  i2c1.o(.text.I2C1_Recover_Bus)
    I2C1_Reg_Init                            0x08001e65   Thumb Code   170  i2c1.o(.text.I2C1_Reg_Init)
    I2C1_SWRST_Reset                         0x08001f11   Thumb Code    68  i2c1.o(.text.I2C1_SWRST_Reset)
    I2C1_Send_Addr                           0x08001f55   Thumb Code   172  i2c1.o(.text.I2C1_Send_Addr)
    I2C1_Start                               0x08002001   Thumb Code   176  i2c1.o(.text.I2C1_Start)
    I2C1_Stop                                0x080020b1   Thumb Code   134  i2c1.o(.text.I2C1_Stop)
    I2C1_Write_Data                          0x08002139   Thumb Code   138  i2c1.o(.text.I2C1_Write_Data)
    OLED_Clear                               0x080021c5   Thumb Code    46  oled.o(.text.OLED_Clear)
    OLED_Draw_Char                           0x080021f5   Thumb Code   272  oled.o(.text.OLED_Draw_Char)
    OLED_Draw_Number                         0x08002305   Thumb Code    60  oled.o(.text.OLED_Draw_Number)
    OLED_Draw_Pixel                          0x08002341   Thumb Code   136  oled.o(.text.OLED_Draw_Pixel)
    OLED_Draw_String                         0x080023c9   Thumb Code   110  oled.o(.text.OLED_Draw_String)
    OLED_Init                                0x08002439   Thumb Code   182  oled.o(.text.OLED_Init)
    OLED_Send_Command                        0x080024f1   Thumb Code    56  oled.o(.text.OLED_Send_Command)
    OLED_Send_Data                           0x08002529   Thumb Code    98  oled.o(.text.OLED_Send_Data)
    OLED_Update                              0x0800258d   Thumb Code    86  oled.o(.text.OLED_Update)
    Oled_Timer_Init                          0x080025e5   Thumb Code   220  oled.o(.text.Oled_Timer_Init)
    Oled_Update_Flag_Clear                   0x080026c1   Thumb Code    14  oled.o(.text.Oled_Update_Flag_Clear)
    Oled_Update_Flag_Read                    0x080026d1   Thumb Code    12  oled.o(.text.Oled_Update_Flag_Read)
    Oled_Update_Flag_Set                     0x080026dd   Thumb Code    14  oled.o(.text.Oled_Update_Flag_Set)
    RCC_Get_APB1_Clock                       0x080026ed   Thumb Code    52  rcc.o(.text.RCC_Get_APB1_Clock)
    RCC_Get_APB2_Clock                       0x08002721   Thumb Code    52  rcc.o(.text.RCC_Get_APB2_Clock)
    RCC_Get_HCLK                             0x08002755   Thumb Code    52  rcc.o(.text.RCC_Get_HCLK)
    RCC_Get_SYS_CLK                          0x08002789   Thumb Code   212  rcc.o(.text.RCC_Get_SYS_CLK)
    RCC_HSE_Clock_Config                     0x0800285d   Thumb Code   178  rcc.o(.text.RCC_HSE_Clock_Config)
    RCC_LSE_Clock_Config                     0x08002911   Thumb Code   104  rcc.o(.text.RCC_LSE_Clock_Config)
    SystemInit                               0x08002979   Thumb Code    18  system_stm32f4xx.o(.text.SystemInit)
    TIM1_BRK_TIM9_IRQHandler                 0x0800298d   Thumb Code    42  oled.o(.text.TIM1_BRK_TIM9_IRQHandler)
    TIM1_TRG_COM_TIM11_IRQHandler            0x080029b9   Thumb Code    24  timebase.o(.text.TIM1_TRG_COM_TIM11_IRQHandler)
    TIM1_UP_TIM10_IRQHandler                 0x080029d1   Thumb Code    86  debug.o(.text.TIM1_UP_TIM10_IRQHandler)
    Timebase_DownCounter_Clear_Period_Flag   0x08002a29   Thumb Code    44  timebase.o(.text.Timebase_DownCounter_Clear_Period_Flag)
    Timebase_DownCounter_Reset               0x08002a55   Thumb Code    62  timebase.o(.text.Timebase_DownCounter_Reset)
    Timebase_DownCounter_Reset_All           0x08002a95   Thumb Code    48  timebase.o(.text.Timebase_DownCounter_Reset_All)
    Timebase_DownCounter_SS_Clear_All_Flags  0x08002ac5   Thumb Code    20  timebase.o(.text.Timebase_DownCounter_SS_Clear_All_Flags)
    Timebase_DownCounter_SS_Clear_Period_Flag 0x08002ad9   Thumb Code    44  timebase.o(.text.Timebase_DownCounter_SS_Clear_Period_Flag)
    Timebase_DownCounter_SS_Continuous_Expired_Event 0x08002b05   Thumb Code    74  timebase.o(.text.Timebase_DownCounter_SS_Continuous_Expired_Event)
    Timebase_DownCounter_SS_Get_ReloadValue  0x08002b51   Thumb Code    34  timebase.o(.text.Timebase_DownCounter_SS_Get_ReloadValue)
    Timebase_DownCounter_SS_Get_Status       0x08002b75   Thumb Code    40  timebase.o(.text.Timebase_DownCounter_SS_Get_Status)
    Timebase_DownCounter_SS_Reset            0x08002b9d   Thumb Code    72  timebase.o(.text.Timebase_DownCounter_SS_Reset)
    Timebase_DownCounter_SS_Reset_All        0x08002be5   Thumb Code    48  timebase.o(.text.Timebase_DownCounter_SS_Reset_All)
    Timebase_DownCounter_SS_Set_EndValueSec  0x08002c15   Thumb Code    38  timebase.o(.text.Timebase_DownCounter_SS_Set_EndValueSec)
    Timebase_DownCounter_SS_Set_EndValueSubSec 0x08002c3d   Thumb Code    38  timebase.o(.text.Timebase_DownCounter_SS_Set_EndValueSubSec)
    Timebase_DownCounter_SS_Set_ReloadValue  0x08002c65   Thumb Code    38  timebase.o(.text.Timebase_DownCounter_SS_Set_ReloadValue)
    Timebase_DownCounter_SS_Set_Securely     0x08002c8d   Thumb Code   186  timebase.o(.text.Timebase_DownCounter_SS_Set_Securely)
    Timebase_DownCounter_SS_Set_Status       0x08002d49   Thumb Code    60  timebase.o(.text.Timebase_DownCounter_SS_Set_Status)
    Timebase_DownCounter_SS_Set_Value        0x08002d85   Thumb Code    38  timebase.o(.text.Timebase_DownCounter_SS_Set_Value)
    Timebase_DownCounter_SS_Start            0x08002dad   Thumb Code    38  timebase.o(.text.Timebase_DownCounter_SS_Start)
    Timebase_DownCounter_Set_EndValue        0x08002dd5   Thumb Code    40  timebase.o(.text.Timebase_DownCounter_Set_EndValue)
    Timebase_DownCounter_Set_ReloadValue     0x08002dfd   Thumb Code    40  timebase.o(.text.Timebase_DownCounter_Set_ReloadValue)
    Timebase_DownCounter_Set_Status          0x08002e25   Thumb Code    60  timebase.o(.text.Timebase_DownCounter_Set_Status)
    Timebase_DownCounter_Set_Value           0x08002e61   Thumb Code    40  timebase.o(.text.Timebase_DownCounter_Set_Value)
    Timebase_ISR_Executables                 0x08002e89   Thumb Code    92  timebase.o(.text.Timebase_ISR_Executables)
    Timebase_Init                            0x08002ee5   Thumb Code    28  timebase.o(.text.Timebase_Init)
    Timebase_Reset                           0x08002f01   Thumb Code    12  timebase.o(.text.Timebase_Reset)
    Timebase_Struct_Init                     0x08002f0d   Thumb Code   360  timebase.o(.text.Timebase_Struct_Init)
    Timebase_Timer_Enable                    0x08003075   Thumb Code   164  timebase.o(.text.Timebase_Timer_Enable)
    Timebase_Timer_Get_Seconds               0x08003119   Thumb Code    14  timebase.o(.text.Timebase_Timer_Get_Seconds)
    Timebase_Timer_Get_SubSeconds            0x08003129   Thumb Code    14  timebase.o(.text.Timebase_Timer_Get_SubSeconds)
    USART2_IRQHandler                        0x08003139   Thumb Code   112  debug.o(.text.USART2_IRQHandler)
    main                                     0x080032c1   Thumb Code    20  main.o(.text.main)
    _btod_d2e                                0x080032d5   Thumb Code    62  btod.o(CL$$btod_d2e)
    _d2e_denorm_low                          0x08003313   Thumb Code    70  btod.o(CL$$btod_d2e_denorm_low)
    _d2e_norm_op1                            0x08003359   Thumb Code    96  btod.o(CL$$btod_d2e_norm_op1)
    __btod_div_common                        0x080033b9   Thumb Code   696  btod.o(CL$$btod_div_common)
    _e2e                                     0x080036f1   Thumb Code   220  btod.o(CL$$btod_e2e)
    _btod_ediv                               0x080037cd   Thumb Code    42  btod.o(CL$$btod_ediv)
    _btod_emul                               0x080037f7   Thumb Code    42  btod.o(CL$$btod_emul)
    __btod_mult_common                       0x08003821   Thumb Code   580  btod.o(CL$$btod_mult_common)
    __ARM_fpclassify                         0x08003a65   Thumb Code    48  fpclassify.o(i.__ARM_fpclassify)
    __hardfp_cos                             0x08003a99   Thumb Code   180  cos.o(i.__hardfp_cos)
    __hardfp_sin                             0x08003b61   Thumb Code   180  sin.o(i.__hardfp_sin)
    __ieee754_rem_pio2                       0x08003c29   Thumb Code   938  rred.o(i.__ieee754_rem_pio2)
    __kernel_cos                             0x08004061   Thumb Code   322  cos_i.o(i.__kernel_cos)
    __kernel_poly                            0x080041d1   Thumb Code   248  poly.o(i.__kernel_poly)
    __kernel_sin                             0x080042c9   Thumb Code   280  sin_i.o(i.__kernel_sin)
    __mathlib_dbl_infnan                     0x080043f9   Thumb Code    20  dunder.o(i.__mathlib_dbl_infnan)
    __mathlib_dbl_invalid                    0x08004411   Thumb Code    24  dunder.o(i.__mathlib_dbl_invalid)
    __mathlib_dbl_underflow                  0x08004431   Thumb Code    24  dunder.o(i.__mathlib_dbl_underflow)
    _is_digit                                0x08004451   Thumb Code    14  __printf_wp.o(i._is_digit)
    fabs                                     0x0800445f   Thumb Code    24  fabs.o(i.fabs)
    _get_lc_numeric                          0x08004479   Thumb Code    44  lc_numeric_c.o(locale$$code)
    _get_lc_ctype                            0x080044a5   Thumb Code    44  lc_ctype_c.o(locale$$code)
    __aeabi_dneg                             0x080044d1   Thumb Code     0  basic.o(x$fpl$basic)
    _dneg                                    0x080044d1   Thumb Code     6  basic.o(x$fpl$basic)
    __aeabi_fneg                             0x080044d7   Thumb Code     0  basic.o(x$fpl$basic)
    _fneg                                    0x080044d7   Thumb Code     6  basic.o(x$fpl$basic)
    _dabs                                    0x080044dd   Thumb Code     6  basic.o(x$fpl$basic)
    _fabs                                    0x080044e3   Thumb Code     6  basic.o(x$fpl$basic)
    __aeabi_dadd                             0x080044e9   Thumb Code     0  daddsub_clz.o(x$fpl$dadd)
    _dadd                                    0x080044e9   Thumb Code   332  daddsub_clz.o(x$fpl$dadd)
    __aeabi_ddiv                             0x08004639   Thumb Code     0  ddiv.o(x$fpl$ddiv)
    _ddiv                                    0x08004639   Thumb Code   560  ddiv.o(x$fpl$ddiv)
    __aeabi_d2iz                             0x080048f1   Thumb Code     0  dfix.o(x$fpl$dfix)
    _dfix                                    0x080048f1   Thumb Code    94  dfix.o(x$fpl$dfix)
    __aeabi_i2d                              0x0800494f   Thumb Code     0  dflt_clz.o(x$fpl$dflt)
    _dflt                                    0x0800494f   Thumb Code    46  dflt_clz.o(x$fpl$dflt)
    __aeabi_ui2d                             0x0800497d   Thumb Code     0  dflt_clz.o(x$fpl$dfltu)
    _dfltu                                   0x0800497d   Thumb Code    38  dflt_clz.o(x$fpl$dfltu)
    __aeabi_dmul                             0x080049a5   Thumb Code     0  dmul.o(x$fpl$dmul)
    _dmul                                    0x080049a5   Thumb Code   332  dmul.o(x$fpl$dmul)
    __fpl_dnaninf                            0x08004af9   Thumb Code   156  dnaninf.o(x$fpl$dnaninf)
    __fpl_dretinf                            0x08004b95   Thumb Code    12  dretinf.o(x$fpl$dretinf)
    __aeabi_drsub                            0x08004ba1   Thumb Code     0  daddsub_clz.o(x$fpl$drsb)
    _drsb                                    0x08004ba1   Thumb Code    22  daddsub_clz.o(x$fpl$drsb)
    __aeabi_dsub                             0x08004bb9   Thumb Code     0  daddsub_clz.o(x$fpl$dsub)
    _dsub                                    0x08004bb9   Thumb Code   472  daddsub_clz.o(x$fpl$dsub)
    __aeabi_f2d                              0x08004d95   Thumb Code     0  f2d.o(x$fpl$f2d)
    _f2d                                     0x08004d95   Thumb Code    86  f2d.o(x$fpl$f2d)
    __fpl_fnaninf                            0x08004deb   Thumb Code   140  fnaninf.o(x$fpl$fnaninf)
    _fp_init                                 0x08004e77   Thumb Code    26  fpinit.o(x$fpl$fpinit)
    __fplib_config_fpu_vfp                   0x08004e8f   Thumb Code     0  fpinit.o(x$fpl$fpinit)
    __fplib_config_pureend_doubles           0x08004e8f   Thumb Code     0  fpinit.o(x$fpl$fpinit)
    _printf_fp_dec                           0x08004e91   Thumb Code     4  printf1.o(x$fpl$printf1)
    _printf_fp_hex                           0x08004e95   Thumb Code     4  printf2.o(x$fpl$printf2)
    __I$use$fp                               0x08004e98   Number         0  usenofp.o(x$fpl$usenofp)
    Font5x7_data                             0x080050c4   Data         480  font5x7_data.o(.rodata.Font5x7_data)
    Region$$Table$$Base                      0x080052d0   Number         0  anon$$obj.o(Region$$Table)
    Region$$Table$$Limit                     0x080052e0   Number         0  anon$$obj.o(Region$$Table)
    __ctype                                  0x08005309   Data           0  lc_ctype_c.o(locale$$data)
    __libspace_start                         0x20000000   Data          96  libspace.o(.bss)
    Debug                                    0x20000060   Data         141  debug.o(.bss.Debug)
    __temporary_stack_top$libspace           0x20000060   Data           0  libspace.o(.bss)
    OLED_Buffer                              0x200000ed   Data        1024  oled.o(.bss.OLED_Buffer)
    Timebase                                 0x200004f0   Data           4  timebase.o(.bss.Timebase)
    Timebase_type                            0x200004f4   Data         792  timebase.o(.bss.Timebase_type)
    number                                   0x2000080c   Data           4  app.o(.bss.number)
    oled_update_flag                         0x20000810   Data           1  oled.o(.bss.oled_update_flag)



==============================================================================

Memory Map of the image

  Image Entry point : 0x08000195

  Load Region LR_IROM1 (Base: 0x08000000, Size: 0x0000540c, Max: 0x00040000, ABSOLUTE)

    Execution Region ER_IROM1 (Exec base: 0x08000000, Load base: 0x08000000, Size: 0x0000540c, Max: 0x00040000, ABSOLUTE)

    Exec Addr    Load Addr    Size         Type   Attr      Idx    E Section Name        Object

    0x08000000   0x08000000   0x00000194   Data   RO          546    RESET               startup_stm32f401xc.o
    0x08000194   0x08000194   0x00000008   Code   RO          575  * !!!main             c_w.l(__main.o)
    0x0800019c   0x0800019c   0x0000005c   Code   RO         1027    !!!scatter          c_w.l(__scatter.o)
    0x080001f8   0x080001f8   0x00000002   Code   RO         1028    !!handler_null      c_w.l(__scatter.o)
    0x080001fa   0x080001fa   0x00000002   PAD
    0x080001fc   0x080001fc   0x0000001c   Code   RO         1031    !!handler_zi        c_w.l(__scatter_zi.o)
    0x08000218   0x08000218   0x00000000   Code   RO          699    .ARM.Collect$$_printf_percent$$00000000  c_w.l(_printf_percent.o)
    0x08000218   0x08000218   0x00000006   Code   RO          688    .ARM.Collect$$_printf_percent$$00000001  c_w.l(_printf_n.o)
    0x0800021e   0x0800021e   0x00000006   Code   RO          690    .ARM.Collect$$_printf_percent$$00000002  c_w.l(_printf_p.o)
    0x08000224   0x08000224   0x00000006   Code   RO          695    .ARM.Collect$$_printf_percent$$00000003  c_w.l(_printf_f.o)
    0x0800022a   0x0800022a   0x00000006   Code   RO          696    .ARM.Collect$$_printf_percent$$00000004  c_w.l(_printf_e.o)
    0x08000230   0x08000230   0x00000006   Code   RO          697    .ARM.Collect$$_printf_percent$$00000005  c_w.l(_printf_g.o)
    0x08000236   0x08000236   0x00000006   Code   RO          698    .ARM.Collect$$_printf_percent$$00000006  c_w.l(_printf_a.o)
    0x0800023c   0x0800023c   0x0000000a   Code   RO          703    .ARM.Collect$$_printf_percent$$00000007  c_w.l(_printf_ll.o)
    0x08000246   0x08000246   0x00000006   Code   RO          692    .ARM.Collect$$_printf_percent$$00000008  c_w.l(_printf_i.o)
    0x0800024c   0x0800024c   0x00000006   Code   RO          693    .ARM.Collect$$_printf_percent$$00000009  c_w.l(_printf_d.o)
    0x08000252   0x08000252   0x00000006   Code   RO          694    .ARM.Collect$$_printf_percent$$0000000A  c_w.l(_printf_u.o)
    0x08000258   0x08000258   0x00000006   Code   RO          691    .ARM.Collect$$_printf_percent$$0000000B  c_w.l(_printf_o.o)
    0x0800025e   0x0800025e   0x00000006   Code   RO          689    .ARM.Collect$$_printf_percent$$0000000C  c_w.l(_printf_x.o)
    0x08000264   0x08000264   0x00000006   Code   RO          700    .ARM.Collect$$_printf_percent$$0000000D  c_w.l(_printf_lli.o)
    0x0800026a   0x0800026a   0x00000006   Code   RO          701    .ARM.Collect$$_printf_percent$$0000000E  c_w.l(_printf_lld.o)
    0x08000270   0x08000270   0x00000006   Code   RO          702    .ARM.Collect$$_printf_percent$$0000000F  c_w.l(_printf_llu.o)
    0x08000276   0x08000276   0x00000006   Code   RO          707    .ARM.Collect$$_printf_percent$$00000010  c_w.l(_printf_llo.o)
    0x0800027c   0x0800027c   0x00000006   Code   RO          708    .ARM.Collect$$_printf_percent$$00000011  c_w.l(_printf_llx.o)
    0x08000282   0x08000282   0x0000000a   Code   RO          704    .ARM.Collect$$_printf_percent$$00000012  c_w.l(_printf_l.o)
    0x0800028c   0x0800028c   0x00000006   Code   RO          686    .ARM.Collect$$_printf_percent$$00000013  c_w.l(_printf_c.o)
    0x08000292   0x08000292   0x00000006   Code   RO          687    .ARM.Collect$$_printf_percent$$00000014  c_w.l(_printf_s.o)
    0x08000298   0x08000298   0x00000006   Code   RO          705    .ARM.Collect$$_printf_percent$$00000015  c_w.l(_printf_lc.o)
    0x0800029e   0x0800029e   0x00000006   Code   RO          706    .ARM.Collect$$_printf_percent$$00000016  c_w.l(_printf_ls.o)
    0x080002a4   0x080002a4   0x00000004   Code   RO          807    .ARM.Collect$$_printf_percent$$00000017  c_w.l(_printf_percent_end.o)
    0x080002a8   0x080002a8   0x00000002   Code   RO          881    .ARM.Collect$$libinit$$00000000  c_w.l(libinit.o)
    0x080002aa   0x080002aa   0x00000004   Code   RO          893    .ARM.Collect$$libinit$$00000001  c_w.l(libinit2.o)
    0x080002ae   0x080002ae   0x00000000   Code   RO          896    .ARM.Collect$$libinit$$00000004  c_w.l(libinit2.o)
    0x080002ae   0x080002ae   0x00000000   Code   RO          898    .ARM.Collect$$libinit$$00000006  c_w.l(libinit2.o)
    0x080002ae   0x080002ae   0x00000000   Code   RO          901    .ARM.Collect$$libinit$$0000000C  c_w.l(libinit2.o)
    0x080002ae   0x080002ae   0x00000000   Code   RO          903    .ARM.Collect$$libinit$$0000000E  c_w.l(libinit2.o)
    0x080002ae   0x080002ae   0x00000000   Code   RO          905    .ARM.Collect$$libinit$$00000010  c_w.l(libinit2.o)
    0x080002ae   0x080002ae   0x00000006   Code   RO          906    .ARM.Collect$$libinit$$00000011  c_w.l(libinit2.o)
    0x080002b4   0x080002b4   0x00000000   Code   RO          908    .ARM.Collect$$libinit$$00000013  c_w.l(libinit2.o)
    0x080002b4   0x080002b4   0x0000000c   Code   RO          909    .ARM.Collect$$libinit$$00000014  c_w.l(libinit2.o)
    0x080002c0   0x080002c0   0x00000000   Code   RO          910    .ARM.Collect$$libinit$$00000015  c_w.l(libinit2.o)
    0x080002c0   0x080002c0   0x00000000   Code   RO          912    .ARM.Collect$$libinit$$00000017  c_w.l(libinit2.o)
    0x080002c0   0x080002c0   0x0000000a   Code   RO          913    .ARM.Collect$$libinit$$00000018  c_w.l(libinit2.o)
    0x080002ca   0x080002ca   0x00000000   Code   RO          914    .ARM.Collect$$libinit$$00000019  c_w.l(libinit2.o)
    0x080002ca   0x080002ca   0x00000000   Code   RO          916    .ARM.Collect$$libinit$$0000001B  c_w.l(libinit2.o)
    0x080002ca   0x080002ca   0x00000000   Code   RO          918    .ARM.Collect$$libinit$$0000001D  c_w.l(libinit2.o)
    0x080002ca   0x080002ca   0x00000000   Code   RO          920    .ARM.Collect$$libinit$$0000001F  c_w.l(libinit2.o)
    0x080002ca   0x080002ca   0x00000000   Code   RO          922    .ARM.Collect$$libinit$$00000021  c_w.l(libinit2.o)
    0x080002ca   0x080002ca   0x00000000   Code   RO          924    .ARM.Collect$$libinit$$00000023  c_w.l(libinit2.o)
    0x080002ca   0x080002ca   0x00000000   Code   RO          926    .ARM.Collect$$libinit$$00000025  c_w.l(libinit2.o)
    0x080002ca   0x080002ca   0x00000000   Code   RO          928    .ARM.Collect$$libinit$$00000027  c_w.l(libinit2.o)
    0x080002ca   0x080002ca   0x00000000   Code   RO          932    .ARM.Collect$$libinit$$0000002E  c_w.l(libinit2.o)
    0x080002ca   0x080002ca   0x00000000   Code   RO          934    .ARM.Collect$$libinit$$00000030  c_w.l(libinit2.o)
    0x080002ca   0x080002ca   0x00000000   Code   RO          936    .ARM.Collect$$libinit$$00000032  c_w.l(libinit2.o)
    0x080002ca   0x080002ca   0x00000000   Code   RO          938    .ARM.Collect$$libinit$$00000034  c_w.l(libinit2.o)
    0x080002ca   0x080002ca   0x00000002   Code   RO          939    .ARM.Collect$$libinit$$00000035  c_w.l(libinit2.o)
    0x080002cc   0x080002cc   0x00000002   Code   RO          963    .ARM.Collect$$libshutdown$$00000000  c_w.l(libshutdown.o)
    0x080002ce   0x080002ce   0x00000000   Code   RO          978    .ARM.Collect$$libshutdown$$00000002  c_w.l(libshutdown2.o)
    0x080002ce   0x080002ce   0x00000000   Code   RO          980    .ARM.Collect$$libshutdown$$00000004  c_w.l(libshutdown2.o)
    0x080002ce   0x080002ce   0x00000000   Code   RO          983    .ARM.Collect$$libshutdown$$00000007  c_w.l(libshutdown2.o)
    0x080002ce   0x080002ce   0x00000000   Code   RO          986    .ARM.Collect$$libshutdown$$0000000A  c_w.l(libshutdown2.o)
    0x080002ce   0x080002ce   0x00000000   Code   RO          988    .ARM.Collect$$libshutdown$$0000000C  c_w.l(libshutdown2.o)
    0x080002ce   0x080002ce   0x00000000   Code   RO          991    .ARM.Collect$$libshutdown$$0000000F  c_w.l(libshutdown2.o)
    0x080002ce   0x080002ce   0x00000002   Code   RO          992    .ARM.Collect$$libshutdown$$00000010  c_w.l(libshutdown2.o)
    0x080002d0   0x080002d0   0x00000000   Code   RO          615    .ARM.Collect$$rtentry$$00000000  c_w.l(__rtentry.o)
    0x080002d0   0x080002d0   0x00000000   Code   RO          771    .ARM.Collect$$rtentry$$00000002  c_w.l(__rtentry2.o)
    0x080002d0   0x080002d0   0x00000006   Code   RO          783    .ARM.Collect$$rtentry$$00000004  c_w.l(__rtentry4.o)
    0x080002d6   0x080002d6   0x00000000   Code   RO          773    .ARM.Collect$$rtentry$$00000009  c_w.l(__rtentry2.o)
    0x080002d6   0x080002d6   0x00000004   Code   RO          774    .ARM.Collect$$rtentry$$0000000A  c_w.l(__rtentry2.o)
    0x080002da   0x080002da   0x00000000   Code   RO          776    .ARM.Collect$$rtentry$$0000000C  c_w.l(__rtentry2.o)
    0x080002da   0x080002da   0x00000008   Code   RO          777    .ARM.Collect$$rtentry$$0000000D  c_w.l(__rtentry2.o)
    0x080002e2   0x080002e2   0x00000002   Code   RO          884    .ARM.Collect$$rtexit$$00000000  c_w.l(rtexit.o)
    0x080002e4   0x080002e4   0x00000000   Code   RO          941    .ARM.Collect$$rtexit$$00000002  c_w.l(rtexit2.o)
    0x080002e4   0x080002e4   0x00000004   Code   RO          942    .ARM.Collect$$rtexit$$00000003  c_w.l(rtexit2.o)
    0x080002e8   0x080002e8   0x00000006   Code   RO          943    .ARM.Collect$$rtexit$$00000004  c_w.l(rtexit2.o)
    0x080002ee   0x080002ee   0x00000002   PAD
    0x080002f0   0x080002f0   0x00000040   Code   RO          547    .text               startup_stm32f401xc.o
    0x08000330   0x08000330   0x0000002c   Code   RO          569    .text               c_w.l(sprintf.o)
    0x0800035c   0x0800035c   0x0000003e   Code   RO          571    .text               c_w.l(strlen.o)
    0x0800039a   0x0800039a   0x00000006   Code   RO          573    .text               c_w.l(heapauxi.o)
    0x080003a0   0x080003a0   0x00000016   Code   RO          616    .text               c_w.l(_rserrno.o)
    0x080003b6   0x080003b6   0x0000004e   Code   RO          620    .text               c_w.l(_printf_pad.o)
    0x08000404   0x08000404   0x00000024   Code   RO          622    .text               c_w.l(_printf_truncate.o)
    0x08000428   0x08000428   0x00000052   Code   RO          624    .text               c_w.l(_printf_str.o)
    0x0800047a   0x0800047a   0x00000002   PAD
    0x0800047c   0x0800047c   0x00000078   Code   RO          626    .text               c_w.l(_printf_dec.o)
    0x080004f4   0x080004f4   0x00000028   Code   RO          628    .text               c_w.l(_printf_charcount.o)
    0x0800051c   0x0800051c   0x00000030   Code   RO          630    .text               c_w.l(_printf_char_common.o)
    0x0800054c   0x0800054c   0x0000000a   Code   RO          632    .text               c_w.l(_sputc.o)
    0x08000556   0x08000556   0x00000002   PAD
    0x08000558   0x08000558   0x000000bc   Code   RO          634    .text               c_w.l(_printf_wctomb.o)
    0x08000614   0x08000614   0x0000007c   Code   RO          637    .text               c_w.l(_printf_longlong_dec.o)
    0x08000690   0x08000690   0x00000070   Code   RO          643    .text               c_w.l(_printf_oct_int_ll.o)
    0x08000700   0x08000700   0x00000094   Code   RO          663    .text               c_w.l(_printf_hex_int_ll_ptr.o)
    0x08000794   0x08000794   0x00000188   Code   RO          683    .text               c_w.l(__printf_flags_ss_wp.o)
    0x0800091c   0x0800091c   0x00000008   Code   RO          788    .text               c_w.l(rt_errno_addr_intlibspace.o)
    0x08000924   0x08000924   0x0000008a   Code   RO          790    .text               c_w.l(lludiv10.o)
    0x080009ae   0x080009ae   0x000000b2   Code   RO          792    .text               c_w.l(_printf_intcommon.o)
    0x08000a60   0x08000a60   0x0000041c   Code   RO          794    .text               c_w.l(_printf_fp_dec.o)
    0x08000e7c   0x08000e7c   0x000002fc   Code   RO          798    .text               c_w.l(_printf_fp_hex.o)
    0x08001178   0x08001178   0x0000002c   Code   RO          803    .text               c_w.l(_printf_char.o)
    0x080011a4   0x080011a4   0x0000002c   Code   RO          805    .text               c_w.l(_printf_wchar.o)
    0x080011d0   0x080011d0   0x00000048   Code   RO          808    .text               c_w.l(_c16rtomb.o)
    0x08001218   0x08001218   0x00000008   Code   RO          830    .text               c_w.l(libspace.o)
    0x08001220   0x08001220   0x0000004a   Code   RO          833    .text               c_w.l(sys_stackheap_outer.o)
    0x0800126a   0x0800126a   0x00000002   PAD
    0x0800126c   0x0800126c   0x00000010   Code   RO          835    .text               c_w.l(rt_ctype_table.o)
    0x0800127c   0x0800127c   0x00000008   Code   RO          840    .text               c_w.l(rt_locale_intlibspace.o)
    0x08001284   0x08001284   0x00000080   Code   RO          842    .text               c_w.l(_printf_fp_infnan.o)
    0x08001304   0x08001304   0x000000e4   Code   RO          844    .text               c_w.l(bigflt0.o)
    0x080013e8   0x080013e8   0x00000012   Code   RO          874    .text               c_w.l(exit.o)
    0x080013fa   0x080013fa   0x00000006   PAD
    0x08001400   0x08001400   0x0000007c   Code   RO          891    .text               c_w.l(strcmpv7em.o)
    0x0800147c   0x0800147c   0x0000000c   Code   RO          953    .text               c_w.l(sys_exit.o)
    0x08001488   0x08001488   0x00000002   Code   RO          968    .text               c_w.l(use_no_semi.o)
    0x0800148a   0x0800148a   0x00000000   Code   RO          970    .text               c_w.l(indicate_semi.o)
    0x0800148a   0x0800148a   0x00000002   PAD
    0x0800148c   0x0800148c   0x00000220   Code   RO          507    .text.ANIM_Booting  animation.o
    0x080016ac   0x080016ac   0x0000006c   Code   RO          377    .text.App_Main_Loop  app.o
    0x08001718   0x08001718   0x00000070   Code   RO          375    .text.App_Setup     app.o
    0x08001788   0x08001788   0x0000000e   Code   RO           72    .text.Debug_Counter_Reset  debug.o
    0x08001796   0x08001796   0x00000002   PAD
    0x08001798   0x08001798   0x000000ac   Code   RO           54    .text.Debug_GPIO_Init  debug.o
    0x08001844   0x08001844   0x0000000e   Code   RO           76    .text.Debug_Get_Buf_Index  debug.o
    0x08001852   0x08001852   0x00000002   PAD
    0x08001854   0x08001854   0x0000001c   Code   RO          162    .text.Debug_Init    debug.o
    0x08001870   0x08001870   0x000000d8   Code   RO           56    .text.Debug_Reg_Init  debug.o
    0x08001948   0x08001948   0x00000016   Code   RO           80    .text.Debug_Rx_Byte  debug.o
    0x0800195e   0x0800195e   0x00000002   PAD
    0x08001960   0x08001960   0x00000098   Code   RO           52    .text.Debug_Struct_Init  debug.o
    0x080019f8   0x080019f8   0x00000020   Code   RO           66    .text.Debug_Timer_Disable  debug.o
    0x08001a18   0x08001a18   0x00000020   Code   RO           64    .text.Debug_Timer_Enable  debug.o
    0x08001a38   0x08001a38   0x00000088   Code   RO           62    .text.Debug_Timer_Init  debug.o
    0x08001ac0   0x08001ac0   0x000000dc   Code   RO           11    .text.GPIO_EnableClock  gpio.o
    0x08001b9c   0x08001b9c   0x000000b8   Code   RO           13    .text.GPIO_Init     gpio.o
    0x08001c54   0x08001c54   0x0000001e   Code   RO           19    .text.GPIO_TogglePin  gpio.o
    0x08001c72   0x08001c72   0x00000002   PAD
    0x08001c74   0x08001c74   0x000000f8   Code   RO          399    .text.I2C1_Bus_Recovery_GPIO  i2c1.o
    0x08001d6c   0x08001d6c   0x000000c4   Code   RO          389    .text.I2C1_GPIO_Init  i2c1.o
    0x08001e30   0x08001e30   0x00000014   Code   RO          429    .text.I2C1_Init     i2c1.o
    0x08001e44   0x08001e44   0x00000020   Code   RO          395    .text.I2C1_Recover_Bus  i2c1.o
    0x08001e64   0x08001e64   0x000000aa   Code   RO          391    .text.I2C1_Reg_Init  i2c1.o
    0x08001f0e   0x08001f0e   0x00000002   PAD
    0x08001f10   0x08001f10   0x00000044   Code   RO          397    .text.I2C1_SWRST_Reset  i2c1.o
    0x08001f54   0x08001f54   0x000000ac   Code   RO          401    .text.I2C1_Send_Addr  i2c1.o
    0x08002000   0x08002000   0x000000b0   Code   RO          393    .text.I2C1_Start    i2c1.o
    0x080020b0   0x080020b0   0x00000086   Code   RO          403    .text.I2C1_Stop     i2c1.o
    0x08002136   0x08002136   0x00000002   PAD
    0x08002138   0x08002138   0x0000008a   Code   RO          405    .text.I2C1_Write_Data  i2c1.o
    0x080021c2   0x080021c2   0x00000002   PAD
    0x080021c4   0x080021c4   0x0000002e   Code   RO          447    .text.OLED_Clear    oled.o
    0x080021f2   0x080021f2   0x00000002   PAD
    0x080021f4   0x080021f4   0x00000110   Code   RO          455    .text.OLED_Draw_Char  oled.o
    0x08002304   0x08002304   0x0000003c   Code   RO          475    .text.OLED_Draw_Number  oled.o
    0x08002340   0x08002340   0x00000088   Code   RO          453    .text.OLED_Draw_Pixel  oled.o
    0x080023c8   0x080023c8   0x0000006e   Code   RO          457    .text.OLED_Draw_String  oled.o
    0x08002436   0x08002436   0x00000002   PAD
    0x08002438   0x08002438   0x000000b6   Code   RO          443    .text.OLED_Init     oled.o
    0x080024ee   0x080024ee   0x00000002   PAD
    0x080024f0   0x080024f0   0x00000038   Code   RO          439    .text.OLED_Send_Command  oled.o
    0x08002528   0x08002528   0x00000062   Code   RO          441    .text.OLED_Send_Data  oled.o
    0x0800258a   0x0800258a   0x00000002   PAD
    0x0800258c   0x0800258c   0x00000056   Code   RO          449    .text.OLED_Update   oled.o
    0x080025e2   0x080025e2   0x00000002   PAD
    0x080025e4   0x080025e4   0x000000dc   Code   RO          445    .text.Oled_Timer_Init  oled.o
    0x080026c0   0x080026c0   0x0000000e   Code   RO          489    .text.Oled_Update_Flag_Clear  oled.o
    0x080026ce   0x080026ce   0x00000002   PAD
    0x080026d0   0x080026d0   0x0000000c   Code   RO          487    .text.Oled_Update_Flag_Read  oled.o
    0x080026dc   0x080026dc   0x0000000e   Code   RO          485    .text.Oled_Update_Flag_Set  oled.o
    0x080026ea   0x080026ea   0x00000002   PAD
    0x080026ec   0x080026ec   0x00000034   Code   RO           38    .text.RCC_Get_APB1_Clock  rcc.o
    0x08002720   0x08002720   0x00000034   Code   RO           40    .text.RCC_Get_APB2_Clock  rcc.o
    0x08002754   0x08002754   0x00000034   Code   RO           36    .text.RCC_Get_HCLK  rcc.o
    0x08002788   0x08002788   0x000000d4   Code   RO           34    .text.RCC_Get_SYS_CLK  rcc.o
    0x0800285c   0x0800285c   0x000000b2   Code   RO           30    .text.RCC_HSE_Clock_Config  rcc.o
    0x0800290e   0x0800290e   0x00000002   PAD
    0x08002910   0x08002910   0x00000068   Code   RO           32    .text.RCC_LSE_Clock_Config  rcc.o
    0x08002978   0x08002978   0x00000012   Code   RO          554    .text.SystemInit    system_stm32f4xx.o
    0x0800298a   0x0800298a   0x00000002   PAD
    0x0800298c   0x0800298c   0x0000002a   Code   RO          483    .text.TIM1_BRK_TIM9_IRQHandler  oled.o
    0x080029b6   0x080029b6   0x00000002   PAD
    0x080029b8   0x080029b8   0x00000018   Code   RO          186    .text.TIM1_TRG_COM_TIM11_IRQHandler  timebase.o
    0x080029d0   0x080029d0   0x00000056   Code   RO           74    .text.TIM1_UP_TIM10_IRQHandler  debug.o
    0x08002a26   0x08002a26   0x00000002   PAD
    0x08002a28   0x08002a28   0x0000002c   Code   RO          314    .text.Timebase_DownCounter_Clear_Period_Flag  timebase.o
    0x08002a54   0x08002a54   0x0000003e   Code   RO          320    .text.Timebase_DownCounter_Reset  timebase.o
    0x08002a92   0x08002a92   0x00000002   PAD
    0x08002a94   0x08002a94   0x00000030   Code   RO          352    .text.Timebase_DownCounter_Reset_All  timebase.o
    0x08002ac4   0x08002ac4   0x00000014   Code   RO          262    .text.Timebase_DownCounter_SS_Clear_All_Flags  timebase.o
    0x08002ad8   0x08002ad8   0x0000002c   Code   RO          254    .text.Timebase_DownCounter_SS_Clear_Period_Flag  timebase.o
    0x08002b04   0x08002b04   0x0000004a   Code   RO          280    .text.Timebase_DownCounter_SS_Continuous_Expired_Event  timebase.o
    0x08002b4e   0x08002b4e   0x00000002   PAD
    0x08002b50   0x08002b50   0x00000022   Code   RO          256    .text.Timebase_DownCounter_SS_Get_ReloadValue  timebase.o
    0x08002b72   0x08002b72   0x00000002   PAD
    0x08002b74   0x08002b74   0x00000028   Code   RO          230    .text.Timebase_DownCounter_SS_Get_Status  timebase.o
    0x08002b9c   0x08002b9c   0x00000048   Code   RO          260    .text.Timebase_DownCounter_SS_Reset  timebase.o
    0x08002be4   0x08002be4   0x00000030   Code   RO          292    .text.Timebase_DownCounter_SS_Reset_All  timebase.o
    0x08002c14   0x08002c14   0x00000026   Code   RO          242    .text.Timebase_DownCounter_SS_Set_EndValueSec  timebase.o
    0x08002c3a   0x08002c3a   0x00000002   PAD
    0x08002c3c   0x08002c3c   0x00000026   Code   RO          244    .text.Timebase_DownCounter_SS_Set_EndValueSubSec  timebase.o
    0x08002c62   0x08002c62   0x00000002   PAD
    0x08002c64   0x08002c64   0x00000026   Code   RO          258    .text.Timebase_DownCounter_SS_Set_ReloadValue  timebase.o
    0x08002c8a   0x08002c8a   0x00000002   PAD
    0x08002c8c   0x08002c8c   0x000000ba   Code   RO          268    .text.Timebase_DownCounter_SS_Set_Securely  timebase.o
    0x08002d46   0x08002d46   0x00000002   PAD
    0x08002d48   0x08002d48   0x0000003c   Code   RO          232    .text.Timebase_DownCounter_SS_Set_Status  timebase.o
    0x08002d84   0x08002d84   0x00000026   Code   RO          236    .text.Timebase_DownCounter_SS_Set_Value  timebase.o
    0x08002daa   0x08002daa   0x00000002   PAD
    0x08002dac   0x08002dac   0x00000026   Code   RO          264    .text.Timebase_DownCounter_SS_Start  timebase.o
    0x08002dd2   0x08002dd2   0x00000002   PAD
    0x08002dd4   0x08002dd4   0x00000028   Code   RO          304    .text.Timebase_DownCounter_Set_EndValue  timebase.o
    0x08002dfc   0x08002dfc   0x00000028   Code   RO          318    .text.Timebase_DownCounter_Set_ReloadValue  timebase.o
    0x08002e24   0x08002e24   0x0000003c   Code   RO          296    .text.Timebase_DownCounter_Set_Status  timebase.o
    0x08002e60   0x08002e60   0x00000028   Code   RO          300    .text.Timebase_DownCounter_Set_Value  timebase.o
    0x08002e88   0x08002e88   0x0000005c   Code   RO          188    .text.Timebase_ISR_Executables  timebase.o
    0x08002ee4   0x08002ee4   0x0000001c   Code   RO          360    .text.Timebase_Init  timebase.o
    0x08002f00   0x08002f00   0x0000000c   Code   RO          356    .text.Timebase_Reset  timebase.o
    0x08002f0c   0x08002f0c   0x00000168   Code   RO          172    .text.Timebase_Struct_Init  timebase.o
    0x08003074   0x08003074   0x000000a4   Code   RO          174    .text.Timebase_Timer_Enable  timebase.o
    0x08003118   0x08003118   0x0000000e   Code   RO          198    .text.Timebase_Timer_Get_Seconds  timebase.o
    0x08003126   0x08003126   0x00000002   PAD
    0x08003128   0x08003128   0x0000000e   Code   RO          196    .text.Timebase_Timer_Get_SubSeconds  timebase.o
    0x08003136   0x08003136   0x00000002   PAD
    0x08003138   0x08003138   0x00000070   Code   RO           82    .text.USART2_IRQHandler  debug.o
    0x080031a8   0x080031a8   0x00000030   Code   RO           58    .text.__NVIC_EnableIRQ  debug.o
    0x080031d8   0x080031d8   0x00000030   Code   RO          178    .text.__NVIC_EnableIRQ  timebase.o
    0x08003208   0x08003208   0x00000030   Code   RO          481    .text.__NVIC_EnableIRQ  oled.o
    0x08003238   0x08003238   0x00000042   Code   RO           60    .text.__NVIC_SetPriority  debug.o
    0x0800327a   0x0800327a   0x00000002   PAD
    0x0800327c   0x0800327c   0x00000042   Code   RO          176    .text.__NVIC_SetPriority  timebase.o
    0x080032be   0x080032be   0x00000002   PAD
    0x080032c0   0x080032c0   0x00000014   Code   RO            2    .text.main          main.o
    0x080032d4   0x080032d4   0x0000003e   Code   RO          847    CL$$btod_d2e        c_w.l(btod.o)
    0x08003312   0x08003312   0x00000046   Code   RO          849    CL$$btod_d2e_denorm_low  c_w.l(btod.o)
    0x08003358   0x08003358   0x00000060   Code   RO          848    CL$$btod_d2e_norm_op1  c_w.l(btod.o)
    0x080033b8   0x080033b8   0x00000338   Code   RO          857    CL$$btod_div_common  c_w.l(btod.o)
    0x080036f0   0x080036f0   0x000000dc   Code   RO          854    CL$$btod_e2e        c_w.l(btod.o)
    0x080037cc   0x080037cc   0x0000002a   Code   RO          851    CL$$btod_ediv       c_w.l(btod.o)
    0x080037f6   0x080037f6   0x0000002a   Code   RO          850    CL$$btod_emul       c_w.l(btod.o)
    0x08003820   0x08003820   0x00000244   Code   RO          856    CL$$btod_mult_common  c_w.l(btod.o)
    0x08003a64   0x08003a64   0x00000030   Code   RO          826    i.__ARM_fpclassify  m_wm.l(fpclassify.o)
    0x08003a94   0x08003a94   0x00000004   PAD
    0x08003a98   0x08003a98   0x000000c8   Code   RO          591    i.__hardfp_cos      m_wm.l(cos.o)
    0x08003b60   0x08003b60   0x000000c8   Code   RO          603    i.__hardfp_sin      m_wm.l(sin.o)
    0x08003c28   0x08003c28   0x00000438   Code   RO          759    i.__ieee754_rem_pio2  m_wm.l(rred.o)
    0x08004060   0x08004060   0x00000170   Code   RO          726    i.__kernel_cos      m_wm.l(cos_i.o)
    0x080041d0   0x080041d0   0x000000f8   Code   RO          828    i.__kernel_poly     m_wm.l(poly.o)
    0x080042c8   0x080042c8   0x00000130   Code   RO          767    i.__kernel_sin      m_wm.l(sin_i.o)
    0x080043f8   0x080043f8   0x00000014   Code   RO          730    i.__mathlib_dbl_infnan  m_wm.l(dunder.o)
    0x0800440c   0x0800440c   0x00000004   PAD
    0x08004410   0x08004410   0x00000020   Code   RO          732    i.__mathlib_dbl_invalid  m_wm.l(dunder.o)
    0x08004430   0x08004430   0x00000020   Code   RO          735    i.__mathlib_dbl_underflow  m_wm.l(dunder.o)
    0x08004450   0x08004450   0x0000000e   Code   RO          676    i._is_digit         c_w.l(__printf_wp.o)
    0x0800445e   0x0800445e   0x00000018   Code   RO          822    i.fabs              m_wm.l(fabs.o)
    0x08004476   0x08004476   0x00000002   PAD
    0x08004478   0x08004478   0x0000002c   Code   RO          872    locale$$code        c_w.l(lc_numeric_c.o)
    0x080044a4   0x080044a4   0x0000002c   Code   RO          889    locale$$code        c_w.l(lc_ctype_c.o)
    0x080044d0   0x080044d0   0x00000018   Code   RO          709    x$fpl$basic         fz_wm.l(basic.o)
    0x080044e8   0x080044e8   0x00000150   Code   RO          810    x$fpl$dadd          fz_wm.l(daddsub_clz.o)
    0x08004638   0x08004638   0x000002b8   Code   RO          817    x$fpl$ddiv          fz_wm.l(ddiv.o)
    0x080048f0   0x080048f0   0x0000005e   Code   RO          577    x$fpl$dfix          fz_wm.l(dfix.o)
    0x0800494e   0x0800494e   0x0000002e   Code   RO          582    x$fpl$dflt          fz_wm.l(dflt_clz.o)
    0x0800497c   0x0800497c   0x00000026   Code   RO          581    x$fpl$dfltu         fz_wm.l(dflt_clz.o)
    0x080049a2   0x080049a2   0x00000002   PAD
    0x080049a4   0x080049a4   0x00000154   Code   RO          587    x$fpl$dmul          fz_wm.l(dmul.o)
    0x08004af8   0x08004af8   0x0000009c   Code   RO          711    x$fpl$dnaninf       fz_wm.l(dnaninf.o)
    0x08004b94   0x08004b94   0x0000000c   Code   RO          713    x$fpl$dretinf       fz_wm.l(dretinf.o)
    0x08004ba0   0x08004ba0   0x00000016   Code   RO          811    x$fpl$drsb          fz_wm.l(daddsub_clz.o)
    0x08004bb6   0x08004bb6   0x00000002   PAD
    0x08004bb8   0x08004bb8   0x000001dc   Code   RO          812    x$fpl$dsub          fz_wm.l(daddsub_clz.o)
    0x08004d94   0x08004d94   0x00000056   Code   RO          589    x$fpl$f2d           fz_wm.l(f2d.o)
    0x08004dea   0x08004dea   0x0000008c   Code   RO          715    x$fpl$fnaninf       fz_wm.l(fnaninf.o)
    0x08004e76   0x08004e76   0x0000001a   Code   RO          951    x$fpl$fpinit        fz_wm.l(fpinit.o)
    0x08004e90   0x08004e90   0x00000004   Code   RO          717    x$fpl$printf1       fz_wm.l(printf1.o)
    0x08004e94   0x08004e94   0x00000004   Code   RO          719    x$fpl$printf2       fz_wm.l(printf2.o)
    0x08004e98   0x08004e98   0x00000000   Code   RO          725    x$fpl$usenofp       fz_wm.l(usenofp.o)
    0x08004e98   0x08004e98   0x00000008   Data   RO          635    .constdata          c_w.l(_printf_wctomb.o)
    0x08004ea0   0x08004ea0   0x00000028   Data   RO          664    .constdata          c_w.l(_printf_hex_int_ll_ptr.o)
    0x08004ec8   0x08004ec8   0x00000011   Data   RO          684    .constdata          c_w.l(__printf_flags_ss_wp.o)
    0x08004ed9   0x08004ed9   0x00000007   PAD
    0x08004ee0   0x08004ee0   0x00000030   Data   RO          727    .constdata          m_wm.l(cos_i.o)
    0x08004f10   0x08004f10   0x000000cc   Data   RO          761    .constdata          m_wm.l(rred.o)
    0x08004fdc   0x08004fdc   0x00000004   PAD
    0x08004fe0   0x08004fe0   0x00000028   Data   RO          768    .constdata          m_wm.l(sin_i.o)
    0x08005008   0x08005008   0x00000026   Data   RO          799    .constdata          c_w.l(_printf_fp_hex.o)
    0x0800502e   0x0800502e   0x00000002   PAD
    0x08005030   0x08005030   0x00000094   Data   RO          845    .constdata          c_w.l(bigflt0.o)
    0x080050c4   0x080050c4   0x000001e0   Data   RO          501    .rodata.Font5x7_data  font5x7_data.o
    0x080052a4   0x080052a4   0x00000008   Data   RO           43    .rodata.RCC_Get_APB1_Clock.apb_presc_table  rcc.o
    0x080052ac   0x080052ac   0x00000008   Data   RO           44    .rodata.RCC_Get_APB2_Clock.apb_presc_table  rcc.o
    0x080052b4   0x080052b4   0x00000010   Data   RO           42    .rodata.RCC_Get_HCLK.ahb_presc_table  rcc.o
    0x080052c4   0x080052c4   0x00000007   Data   RO          381    .rodata.str1.1      app.o
    0x080052cb   0x080052cb   0x00000004   Data   RO          493    .rodata.str1.1      oled.o
    0x080052cf   0x080052cf   0x00000001   PAD
    0x080052d0   0x080052d0   0x00000010   Data   RO         1026    Region$$Table       anon$$obj.o
    0x080052e0   0x080052e0   0x0000001c   Data   RO          871    locale$$data        c_w.l(lc_numeric_c.o)
    0x080052fc   0x080052fc   0x00000110   Data   RO          888    locale$$data        c_w.l(lc_ctype_c.o)


    Execution Region RW_IRAM1 (Exec base: 0x20000000, Load base: 0x0800540c, Size: 0x00000e18, Max: 0x00010000, ABSOLUTE)

    Exec Addr    Load Addr    Size         Type   Attr      Idx    E Section Name        Object

    0x20000000        -       0x00000060   Zero   RW          831    .bss                c_w.l(libspace.o)
    0x20000060        -       0x0000008d   Zero   RW          164    .bss.Debug          debug.o
    0x200000ed        -       0x00000400   Zero   RW          492    .bss.OLED_Buffer    oled.o
    0x200004ed   0x0800540c   0x00000003   PAD
    0x200004f0        -       0x00000004   Zero   RW          367    .bss.Timebase       timebase.o
    0x200004f4        -       0x00000318   Zero   RW          366    .bss.Timebase_type  timebase.o
    0x2000080c        -       0x00000004   Zero   RW          379    .bss.number         app.o
    0x20000810        -       0x00000001   Zero   RW          491    .bss.oled_update_flag  oled.o
    0x20000811   0x0800540c   0x00000007   PAD
    0x20000818        -       0x00000200   Zero   RW          545    HEAP                startup_stm32f401xc.o
    0x20000a18        -       0x00000400   Zero   RW          544    STACK               startup_stm32f401xc.o


==============================================================================

Image component sizes


      Code (inc. data)   RO Data    RW Data    ZI Data      Debug   Object Name

       544          8          0          0          0       5191   animation.o
       220          0          7          0          4       1600   app.o
      1130          0          0          0        141      13071   debug.o
         0          0        480          0          0        512   font5x7_data.o
       434          0          0          0          0       3263   gpio.o
      1354          0          0          0          0       6972   i2c1.o
        20          0          0          0          0        380   main.o
      1396          0          4          0       1025      10579   oled.o
       650          0         32          0          0       3063   rcc.o
        64         26        404          0       1536        908   startup_stm32f401xc.o
        18          0          0          0          0       2832   system_stm32f4xx.o
      1924          0          0          0        796      22426   timebase.o

    ----------------------------------------------------------------------
      7816         34        944          0       3512      70797   Object Totals
         0          0         16          0          0          0   (incl. Generated)
        62          0          1          0         10          0   (incl. Padding)

    ----------------------------------------------------------------------

      Code (inc. data)   RO Data    RW Data    ZI Data      Debug   Library Member Name

         8          0          0          0          0         68   __main.o
       392          4         17          0          0         92   __printf_flags_ss_wp.o
        14          0          0          0          0         68   __printf_wp.o
         0          0          0          0          0          0   __rtentry.o
        12          0          0          0          0          0   __rtentry2.o
         6          0          0          0          0          0   __rtentry4.o
        94          8          0          0          0          0   __scatter.o
        28          0          0          0          0          0   __scatter_zi.o
        72          0          0          0          0         96   _c16rtomb.o
         6          0          0          0          0          0   _printf_a.o
         6          0          0          0          0          0   _printf_c.o
        44          0          0          0          0        108   _printf_char.o
        48          6          0          0          0         96   _printf_char_common.o
        40          0          0          0          0         68   _printf_charcount.o
         6          0          0          0          0          0   _printf_d.o
       120         16          0          0          0         92   _printf_dec.o
         6          0          0          0          0          0   _printf_e.o
         6          0          0          0          0          0   _printf_f.o
      1052          0          0          0          0        148   _printf_fp_dec.o
       764          8         38          0          0        100   _printf_fp_hex.o
       128         16          0          0          0         84   _printf_fp_infnan.o
         6          0          0          0          0          0   _printf_g.o
       148          4         40          0          0        160   _printf_hex_int_ll_ptr.o
         6          0          0          0          0          0   _printf_i.o
       178          0          0          0          0         88   _printf_intcommon.o
        10          0          0          0          0          0   _printf_l.o
         6          0          0          0          0          0   _printf_lc.o
        10          0          0          0          0          0   _printf_ll.o
         6          0          0          0          0          0   _printf_lld.o
         6          0          0          0          0          0   _printf_lli.o
         6          0          0          0          0          0   _printf_llo.o
         6          0          0          0          0          0   _printf_llu.o
         6          0          0          0          0          0   _printf_llx.o
       124         16          0          0          0         92   _printf_longlong_dec.o
         6          0          0          0          0          0   _printf_ls.o
         6          0          0          0          0          0   _printf_n.o
         6          0          0          0          0          0   _printf_o.o
       112          8          0          0          0        124   _printf_oct_int_ll.o
         6          0          0          0          0          0   _printf_p.o
        78          0          0          0          0        108   _printf_pad.o
         0          0          0          0          0          0   _printf_percent.o
         4          0          0          0          0          0   _printf_percent_end.o
         6          0          0          0          0          0   _printf_s.o
        82          0          0          0          0         80   _printf_str.o
        36          0          0          0          0         84   _printf_truncate.o
         6          0          0          0          0          0   _printf_u.o
        44          0          0          0          0        108   _printf_wchar.o
       188          6          8          0          0         92   _printf_wctomb.o
         6          0          0          0          0          0   _printf_x.o
        22          0          0          0          0        100   _rserrno.o
        10          0          0          0          0         68   _sputc.o
       228          4        148          0          0         96   bigflt0.o
      1936        128          0          0          0        668   btod.o
        18          0          0          0          0         80   exit.o
         6          0          0          0          0        152   heapauxi.o
         0          0          0          0          0          0   indicate_semi.o
        44         10        272          0          0         76   lc_ctype_c.o
        44         10         28          0          0         76   lc_numeric_c.o
         2          0          0          0          0          0   libinit.o
        34          0          0          0          0          0   libinit2.o
         2          0          0          0          0          0   libshutdown.o
         2          0          0          0          0          0   libshutdown2.o
         8          4          0          0         96         68   libspace.o
       138          0          0          0          0         80   lludiv10.o
        16          4          0          0          0         76   rt_ctype_table.o
         8          4          0          0          0         68   rt_errno_addr_intlibspace.o
         8          4          0          0          0         68   rt_locale_intlibspace.o
         2          0          0          0          0          0   rtexit.o
        10          0          0          0          0          0   rtexit2.o
        44          6          0          0          0         84   sprintf.o
       124          0          0          0          0         88   strcmpv7em.o
        62          0          0          0          0         76   strlen.o
        12          4          0          0          0         68   sys_exit.o
        74          0          0          0          0         80   sys_stackheap_outer.o
         2          0          0          0          0         68   use_no_semi.o
        24          0          0          0          0        164   basic.o
       834         16          0          0          0        516   daddsub_clz.o
       696        140          0          0          0        264   ddiv.o
        94          4          0          0          0        140   dfix.o
        84          0          0          0          0        232   dflt_clz.o
       340         12          0          0          0        152   dmul.o
       156          4          0          0          0        140   dnaninf.o
        12          0          0          0          0        116   dretinf.o
        86          4          0          0          0        132   f2d.o
       140          4          0          0          0        132   fnaninf.o
        26          0          0          0          0        116   fpinit.o
         4          0          0          0          0        116   printf1.o
         4          0          0          0          0        116   printf2.o
         0          0          0          0          0          0   usenofp.o
       200         20          0          0          0        164   cos.o
       368         46         48          0          0        200   cos_i.o
        84         16          0          0          0        372   dunder.o
        24          0          0          0          0        124   fabs.o
        48          0          0          0          0        124   fpclassify.o
       248          0          0          0          0        152   poly.o
      1080        142        204          0          0        188   rred.o
       200         20          0          0          0        164   sin.o
       304         24         40          0          0        208   sin_i.o

    ----------------------------------------------------------------------
     11900        722        856          0         96       8128   Library Totals
        32          0         13          0          0          0   (incl. Padding)

    ----------------------------------------------------------------------

      Code (inc. data)   RO Data    RW Data    ZI Data      Debug   Library Name

      6812        270        551          0         96       4096   c_w.l
      2500        184          0          0          0       2336   fz_wm.l
      2556        268        292          0          0       1696   m_wm.l

    ----------------------------------------------------------------------
     11900        722        856          0         96       8128   Library Totals

    ----------------------------------------------------------------------

==============================================================================


      Code (inc. data)   RO Data    RW Data    ZI Data      Debug   

     19716        756       1800          0       3608      74061   Grand Totals
     19716        756       1800          0       3608      74061   ELF Image Totals
     19716        756       1800          0          0          0   ROM Totals

==============================================================================

    Total RO  Size (Code + RO Data)                21516 (  21.01kB)
    Total RW  Size (RW Data + ZI Data)              3608 (   3.52kB)
    Total ROM Size (Code + RO Data + RW Data)      21516 (  21.01kB)

==============================================================================

