Component: Arm Compiler for Embedded 6.23 Tool: armlink [5f102400]

==============================================================================

Section Cross References

    main.o(.text.main) refers to app.o(.text.App_Setup) for App_Setup
    main.o(.text.main) refers to app.o(.text.App_Main_Loop) for App_Main_Loop
    main.o(.ARM.exidx.text.main) refers to main.o(.text.main) for [Anonymous Symbol]
    gpio.o(.ARM.exidx.text.GPIO_EnableClock) refers to gpio.o(.text.GPIO_EnableClock) for [Anonymous Symbol]
    gpio.o(.ARM.exidx.text.GPIO_Init) refers to gpio.o(.text.GPIO_Init) for [Anonymous Symbol]
    gpio.o(.ARM.exidx.text.GPIO_SetPin) refers to gpio.o(.text.GPIO_SetPin) for [Anonymous Symbol]
    gpio.o(.ARM.exidx.text.GPIO_ResetPin) refers to gpio.o(.text.GPIO_ResetPin) for [Anonymous Symbol]
    gpio.o(.ARM.exidx.text.GPIO_TogglePin) refers to gpio.o(.text.GPIO_TogglePin) for [Anonymous Symbol]
    gpio.o(.ARM.exidx.text.GPIO_ReadPin) refers to gpio.o(.text.GPIO_ReadPin) for [Anonymous Symbol]
    rcc.o(.ARM.exidx.text.RCC_HSE_Clock_Config) refers to rcc.o(.text.RCC_HSE_Clock_Config) for [Anonymous Symbol]
    rcc.o(.ARM.exidx.text.RCC_LSE_Clock_Config) refers to rcc.o(.text.RCC_LSE_Clock_Config) for [Anonymous Symbol]
    rcc.o(.ARM.exidx.text.RCC_Get_SYS_CLK) refers to rcc.o(.text.RCC_Get_SYS_CLK) for [Anonymous Symbol]
    rcc.o(.text.RCC_Get_HCLK) refers to rcc.o(.text.RCC_Get_SYS_CLK) for RCC_Get_SYS_CLK
    rcc.o(.text.RCC_Get_HCLK) refers to rcc.o(.rodata.RCC_Get_HCLK.ahb_presc_table) for RCC_Get_HCLK.ahb_presc_table
    rcc.o(.ARM.exidx.text.RCC_Get_HCLK) refers to rcc.o(.text.RCC_Get_HCLK) for [Anonymous Symbol]
    rcc.o(.text.RCC_Get_APB1_Clock) refers to rcc.o(.text.RCC_Get_HCLK) for RCC_Get_HCLK
    rcc.o(.text.RCC_Get_APB1_Clock) refers to rcc.o(.rodata.RCC_Get_APB1_Clock.apb_presc_table) for RCC_Get_APB1_Clock.apb_presc_table
    rcc.o(.ARM.exidx.text.RCC_Get_APB1_Clock) refers to rcc.o(.text.RCC_Get_APB1_Clock) for [Anonymous Symbol]
    rcc.o(.text.RCC_Get_APB2_Clock) refers to rcc.o(.text.RCC_Get_HCLK) for RCC_Get_HCLK
    rcc.o(.text.RCC_Get_APB2_Clock) refers to rcc.o(.rodata.RCC_Get_APB2_Clock.apb_presc_table) for RCC_Get_APB2_Clock.apb_presc_table
    rcc.o(.ARM.exidx.text.RCC_Get_APB2_Clock) refers to rcc.o(.text.RCC_Get_APB2_Clock) for [Anonymous Symbol]
    debug.o(.text.Debug_Struct_Init) refers to debug.o(.bss.Debug) for Debug
    debug.o(.ARM.exidx.text.Debug_Struct_Init) refers to debug.o(.text.Debug_Struct_Init) for [Anonymous Symbol]
    debug.o(.ARM.exidx.text.Debug_GPIO_Init) refers to debug.o(.text.Debug_GPIO_Init) for [Anonymous Symbol]
    debug.o(.text.Debug_Reg_Init) refers to rcc.o(.text.RCC_Get_APB1_Clock) for RCC_Get_APB1_Clock
    debug.o(.text.Debug_Reg_Init) refers to debug.o(.text.__NVIC_EnableIRQ) for __NVIC_EnableIRQ
    debug.o(.text.Debug_Reg_Init) refers to debug.o(.text.__NVIC_SetPriority) for __NVIC_SetPriority
    debug.o(.ARM.exidx.text.Debug_Reg_Init) refers to debug.o(.text.Debug_Reg_Init) for [Anonymous Symbol]
    debug.o(.ARM.exidx.text.__NVIC_EnableIRQ) refers to debug.o(.text.__NVIC_EnableIRQ) for [Anonymous Symbol]
    debug.o(.ARM.exidx.text.__NVIC_SetPriority) refers to debug.o(.text.__NVIC_SetPriority) for [Anonymous Symbol]
    debug.o(.text.Debug_Timer_Init) refers to rcc.o(.text.RCC_Get_APB2_Clock) for RCC_Get_APB2_Clock
    debug.o(.text.Debug_Timer_Init) refers to debug.o(.text.__NVIC_EnableIRQ) for __NVIC_EnableIRQ
    debug.o(.text.Debug_Timer_Init) refers to debug.o(.text.__NVIC_SetPriority) for __NVIC_SetPriority
    debug.o(.ARM.exidx.text.Debug_Timer_Init) refers to debug.o(.text.Debug_Timer_Init) for [Anonymous Symbol]
    debug.o(.text.Debug_Timer_Enable) refers to debug.o(.bss.Debug) for Debug
    debug.o(.ARM.exidx.text.Debug_Timer_Enable) refers to debug.o(.text.Debug_Timer_Enable) for [Anonymous Symbol]
    debug.o(.text.Debug_Timer_Disable) refers to debug.o(.bss.Debug) for Debug
    debug.o(.ARM.exidx.text.Debug_Timer_Disable) refers to debug.o(.text.Debug_Timer_Disable) for [Anonymous Symbol]
    debug.o(.text.Debug_Get_Timer_Status) refers to debug.o(.bss.Debug) for Debug
    debug.o(.ARM.exidx.text.Debug_Get_Timer_Status) refers to debug.o(.text.Debug_Get_Timer_Status) for [Anonymous Symbol]
    debug.o(.ARM.exidx.text.Debug_Get_Counter_Val) refers to debug.o(.text.Debug_Get_Counter_Val) for [Anonymous Symbol]
    debug.o(.ARM.exidx.text.Debug_Counter_Reset) refers to debug.o(.text.Debug_Counter_Reset) for [Anonymous Symbol]
    debug.o(.text.TIM1_UP_TIM10_IRQHandler) refers to debug.o(.bss.Debug) for Debug
    debug.o(.text.TIM1_UP_TIM10_IRQHandler) refers to debug.o(.text.Debug_Timer_Disable) for Debug_Timer_Disable
    debug.o(.text.TIM1_UP_TIM10_IRQHandler) refers to debug.o(.text.Debug_Get_Buf_Index) for Debug_Get_Buf_Index
    debug.o(.ARM.exidx.text.TIM1_UP_TIM10_IRQHandler) refers to debug.o(.text.TIM1_UP_TIM10_IRQHandler) for [Anonymous Symbol]
[...]
    [Anonymous Symbol]                       0x0800144c   Section        0  app.o(.text.App_Main_Loop)
    [Anonymous Symbol]                       0x080014c4   Section        0  app.o(.text.App_Setup)
    [Anonymous Symbol]                       0x0800152c   Section        0  debug.o(.text.Debug_Counter_Reset)
    [Anonymous Symbol]                       0x0800153c   Section        0  debug.o(.text.Debug_GPIO_Init)
    [Anonymous Symbol]                       0x080015e8   Section        0  debug.o(.text.Debug_Get_Buf_Index)
    [Anonymous Symbol]                       0x080015f8   Section        0  debug.o(.text.Debug_Init)
    [Anonymous Symbol]                       0x08001614   Section        0  debug.o(.text.Debug_Reg_Init)
    [Anonymous Symbol]                       0x080016ec   Section        0  debug.o(.text.Debug_Rx_Byte)
    [Anonymous Symbol]                       0x08001704   Section        0  debug.o(.text.Debug_Struct_Init)
    [Anonymous Symbol]                       0x0800179c   Section        0  debug.o(.text.Debug_Timer_Disable)
    [Anonymous Symbol]                       0x080017bc   Section        0  debug.o(.text.Debug_Timer_Enable)
    [Anonymous Symbol]                       0x080017dc   Section        0  debug.o(.text.Debug_Timer_Init)
    [Anonymous Symbol]                       0x08001864   Section        0  gpio.o(.text.GPIO_EnableClock)
    [Anonymous Symbol]                       0x08001940   Section        0  gpio.o(.text.GPIO_Init)
    [Anonymous Symbol]                       0x080019f8   Section        0  gpio.o(.text.GPIO_TogglePin)
    [Anonymous Symbol]                       0x08001a18   Section        0  i2c1.o(.text.I2C1_Bus_Recovery_GPIO)
    [Anonymous Symbol]                       0x08001b10   Section        0  i2c1.o(.text.I2C1_GPIO_Init)
    [Anonymous Symbol]                       0x08001bd4   Section        0  i2c1.o(.text.I2C1_Init)
    [Anonymous Symbol]                       0x08001be8   Section        0  i2c1.o(.text.I2C1_Recover_Bus)
    [Anonymous Symbol]                       0x08001c08   Section        0  i2c1.o(.text.I2C1_Reg_Init)
    [Anonymous Symbol]                       0x08001cb4   Section        0  i2c1.o(.text.I2C1_SWRST_Reset)
    [Anonymous Symbol]                       0x08001cf8   Section        0  i2c1.o(.text.I2C1_Send_Addr)
    [Anonymous Symbol]                       0x08001da4   Section        0  i2c1.o(.text.I2C1_Start)
    [Anonymous Symbol]                       0x08001e54   Section        0  i2c1.o(.text.I2C1_Stop)
    [Anonymous Symbol]                       0x08001edc   Section        0  i2c1.o(.text.I2C1_Write_Data)
    [Anonymous Symbol]                       0x08001f68   Section        0  oled.o(.text.OLED_Clear)
    [Anonymous Symbol]                       0x08001f98   Section        0  oled.o(.text.OLED_Draw_Char)
    [Anonymous Symbol]                       0x08002014   Section        0  oled.o(.text.OLED_Draw_Int)
    [Anonymous Symbol]                       0x08002134   Section        0  oled.o(.text.OLED_Draw_String)
    [Anonymous Symbol]                       0x08002190   Section        0  oled.o(.text.OLED_Init)
    [Anonymous Symbol]                       0x0800223c   Section        0  oled.o(.text.OLED_Send_Command)
    [Anonymous Symbol]                       0x08002274   Section        0  oled.o(.text.OLED_Send_Data)
    [Anonymous Symbol]                       0x080022d8   Section        0  oled.o(.text.OLED_Update)
    [Anonymous Symbol]                       0x08002330   Section        0  oled.o(.text.OLED_Update_Partial)
    [Anonymous Symbol]                       0x080023f8   Section        0  rcc.o(.text.RCC_Get_APB1_Clock)
    [Anonymous Symbol]                       0x0800242c   Section        0  rcc.o(.text.RCC_Get_APB2_Clock)
    [Anonymous Symbol]                       0x08002460   Section        0  rcc.o(.text.RCC_Get_HCLK)
    [Anonymous Symbol]                       0x08002494   Section        0  rcc.o(.text.RCC_Get_SYS_CLK)
    [Anonymous Symbol]                       0x08002568   Section        0  rcc.o(.text.RCC_HSE_Clock_Config)
    [Anonymous Symbol]                       0x0800261c   Section        0  rcc.o(.text.RCC_LSE_Clock_Config)
    [Anonymous Symbol]                       0x08002684   Section        0  system_stm32f4xx.o(.text.SystemInit)
    [Anonymous Symbol]                       0x08002698   Section        0  timebase.o(.text.TIM1_TRG_COM_TIM11_IRQHandler)
    [Anonymous Symbol]                       0x080026b0   Section        0  debug.o(.text.TIM1_UP_TIM10_IRQHandler)
    [Anonymous Symbol]                       0x08002708   Section        0  timebase.o(.text.Timebase_Atomic_Operation_End)
    [Anonymous Symbol]                       0x0800270c   Section        0  timebase.o(.text.Timebase_Atomic_Operation_Start)
    [Anonymous Symbol]                       0x08002710   Section        0  timebase.o(.text.Timebase_DownCounter_Clear_Period_Flag)
    [Anonymous Symbol]                       0x0800273c   Section        0  timebase.o(.text.Timebase_DownCounter_Get_EndValue)
    [Anonymous Symbol]                       0x08002760   Section        0  timebase.o(.text.Timebase_DownCounter_Get_ReloadValue)
    [Anonymous Symbol]                       0x08002784   Section        0  timebase.o(.text.Timebase_DownCounter_Get_Status)
    [Anonymous Symbol]                       0x080027ac   Section        0  timebase.o(.text.Timebase_DownCounter_Get_Value)
    [Anonymous Symbol]                       0x080027d0   Section        0  timebase.o(.text.Timebase_DownCounter_Reset)
    [Anonymous Symbol]                       0x08002810   Section        0  timebase.o(.text.Timebase_DownCounter_Reset_All)
    [Anonymous Symbol]                       0x08002840   Section        0  timebase.o(.text.Timebase_DownCounter_SS_Clear_All_Flags)
    [Anonymous Symbol]                       0x08002854   Section        0  timebase.o(.text.Timebase_DownCounter_SS_Clear_Period_Flag)
    [Anonymous Symbol]                       0x08002880   Section        0  timebase.o(.text.Timebase_DownCounter_SS_Continuous_Expired_Event)
    [Anonymous Symbol]                       0x080028cc   Section        0  timebase.o(.text.Timebase_DownCounter_SS_Get_EndValueSec)
    [Anonymous Symbol]                       0x080028f0   Section        0  timebase.o(.text.Timebase_DownCounter_SS_Get_EndValueSubSec)
    [Anonymous Symbol]                       0x08002914   Section        0  timebase.o(.text.Timebase_DownCounter_SS_Get_ReloadValue)
    [Anonymous Symbol]                       0x08002938   Section        0  timebase.o(.text.Timebase_DownCounter_SS_Get_Status)
    [Anonymous Symbol]                       0x08002960   Section        0  timebase.o(.text.Timebase_DownCounter_SS_Get_Value)
    [Anonymous Symbol]                       0x08002984   Section        0  timebase.o(.text.Timebase_DownCounter_SS_Reset)
    [Anonymous Symbol]                       0x080029cc   Section        0  timebase.o(.text.Timebase_DownCounter_SS_Reset_All)
    [Anonymous Symbol]                       0x080029fc   Section        0  timebase.o(.text.Timebase_DownCounter_SS_Set_EndValueSec)
    [Anonymous Symbol]                       0x08002a24   Section        0  timebase.o(.text.Timebase_DownCounter_SS_Set_EndValueSubSec)
    [Anonymous Symbol]                       0x08002a4c   Section        0  timebase.o(.text.Timebase_DownCounter_SS_Set_ReloadValue)
    [Anonymous Symbol]                       0x08002a74   Section        0  timebase.o(.text.Timebase_DownCounter_SS_Set_Securely)
    [Anonymous Symbol]                       0x08002b30   Section        0  timebase.o(.text.Timebase_DownCounter_SS_Set_Status)
    [Anonymous Symbol]                       0x08002b6c   Section        0  timebase.o(.text.Timebase_DownCounter_SS_Set_Value)
    [Anonymous Symbol]                       0x08002b94   Section        0  timebase.o(.text.Timebase_DownCounter_SS_Start)
    [Anonymous Symbol]                       0x08002bbc   Section        0  timebase.o(.text.Timebase_DownCounter_SS_Update)
    [Anonymous Symbol]                       0x08002cc4   Section        0  timebase.o(.text.Timebase_DownCounter_SS_Update_All)
    [Anonymous Symbol]                       0x08002cf4   Section        0  timebase.o(.text.Timebase_DownCounter_Set_EndValue)
    [Anonymous Symbol]                       0x08002d1c   Section        0  timebase.o(.text.Timebase_DownCounter_Set_ReloadValue)
    [Anonymous Symbol]                       0x08002d44   Section        0  timebase.o(.text.Timebase_DownCounter_Set_Status)
    [Anonymous Symbol]                       0x08002d80   Section        0  timebase.o(.text.Timebase_DownCounter_Set_Value)
    [Anonymous Symbol]                       0x08002da8   Section        0  timebase.o(.text.Timebase_DownCounter_Update)
    [Anonymous Symbol]                       0x08002e44   Section        0  timebase.o(.text.Timebase_DownCounter_Update_All)
    [Anonymous Symbol]                       0x08002e74   Section        0  timebase.o(.text.Timebase_ISR_Executables)
    [Anonymous Symbol]                       0x08002ed0   Section        0  timebase.o(.text.Timebase_Init)
    [Anonymous Symbol]                       0x08002eec   Section        0  timebase.o(.text.Timebase_Main_Loop_Executables)
    [Anonymous Symbol]                       0x08002f6c   Section        0  timebase.o(.text.Timebase_Reset)
    [Anonymous Symbol]                       0x08002f78   Section        0  timebase.o(.text.Timebase_Struct_Init)
    [Anonymous Symbol]                       0x080030e0   Section        0  timebase.o(.text.Timebase_Timer_Enable)
    [Anonymous Symbol]                       0x08003184   Section        0  timebase.o(.text.Timebase_Timer_Get_Seconds)
    [Anonymous Symbol]                       0x08003194   Section        0  timebase.o(.text.Timebase_Timer_Get_SubSeconds)
    [Anonymous Symbol]                       0x080031a4   Section        0  timebase.o(.text.Timebase_Timer_Sync_With_Shadow_Variables)
    [Anonymous Symbol]                       0x080031ec   Section        0  debug.o(.text.USART2_IRQHandler)
    __NVIC_EnableIRQ                         0x0800325d   Thumb Code    48  debug.o(.text.__NVIC_EnableIRQ)
    [Anonymous Symbol]                       0x0800325c   Section        0  debug.o(.text.__NVIC_EnableIRQ)
    __NVIC_EnableIRQ                         0x0800328d   Thumb Code    48  timebase.o(.text.__NVIC_EnableIRQ)
    [Anonymous Symbol]                       0x0800328c   Section        0  timebase.o(.text.__NVIC_EnableIRQ)
    __NVIC_SetPriority                       0x080032bd   Thumb Code    66  debug.o(.text.__NVIC_SetPriority)
    [Anonymous Symbol]                       0x080032bc   Section        0  debug.o(.text.__NVIC_SetPriority)
    __NVIC_SetPriority                       0x08003301   Thumb Code    66  timebase.o(.text.__NVIC_SetPriority)
    [Anonymous Symbol]                       0x08003300   Section        0  timebase.o(.text.__NVIC_SetPriority)
    [Anonymous Symbol]                       0x08003344   Section        0  main.o(.text.main)
    CL$$btod_d2e                             0x08003358   Section       62  btod.o(CL$$btod_d2e)
    CL$$btod_d2e_denorm_low                  0x08003396   Section       70  btod.o(CL$$btod_d2e_denorm_low)
    CL$$btod_d2e_norm_op1                    0x080033dc   Section       96  btod.o(CL$$btod_d2e_norm_op1)
    CL$$btod_div_common                      0x0800343c   Section      824  btod.o(CL$$btod_div_common)
    CL$$btod_e2e                             0x08003774   Section      220  btod.o(CL$$btod_e2e)
    CL$$btod_ediv                            0x08003850   Section       42  btod.o(CL$$btod_ediv)
    CL$$btod_emul                            0x0800387a   Section       42  btod.o(CL$$btod_emul)
    CL$$btod_mult_common                     0x080038a4   Section      580  btod.o(CL$$btod_mult_common)
    i.__ARM_fpclassify                       0x08003ae8   Section        0  fpclassify.o(i.__ARM_fpclassify)
    i._is_digit                              0x08003b18   Section        0  __printf_wp.o(i._is_digit)
    locale$$code                             0x08003b28   Section       44  lc_numeric_c.o(locale$$code)
    locale$$code                             0x08003b54   Section       44  lc_ctype_c.o(locale$$code)
    $v0                                      0x08003b80   Number         0  fpinit.o(x$fpl$fpinit)
    x$fpl$fpinit                             0x08003b80   Section       26  fpinit.o(x$fpl$fpinit)
    $v0                                      0x08003b9a   Number         0  printf1.o(x$fpl$printf1)
    x$fpl$printf1                            0x08003b9a   Section        4  printf1.o(x$fpl$printf1)
    $v0                                      0x08003b9e   Number         0  printf2.o(x$fpl$printf2)
    x$fpl$printf2                            0x08003b9e   Section        4  printf2.o(x$fpl$printf2)
    x$fpl$usenofp                            0x08003ba2   Section        0  usenofp.o(x$fpl$usenofp)
    initial_mbstate                          0x08003ba4   Data           8  _printf_wctomb.o(.constdata)
    .constdata                               0x08003ba4   Section        8  _printf_wctomb.o(.constdata)
    uc_hextab                                0x08003bac   Data          20  _printf_hex_int_ll_ptr.o(.constdata)
    .constdata                               0x08003bac   Section       40  _printf_hex_int_ll_ptr.o(.constdata)
    lc_hextab                                0x08003bc0   Data          20  _printf_hex_int_ll_ptr.o(.constdata)
    maptable                                 0x08003bd4   Data          17  __printf_flags_ss_wp.o(.constdata)
    .constdata                               0x08003bd4   Section       17  __printf_flags_ss_wp.o(.constdata)
    lc_hextab                                0x08003be5   Data          19  _printf_fp_hex.o(.constdata)
    .constdata                               0x08003be5   Section       38  _printf_fp_hex.o(.constdata)
    uc_hextab                                0x08003bf8   Data          19  _printf_fp_hex.o(.constdata)
    tenpwrs_x                                0x08003c0c   Data          60  bigflt0.o(.constdata)
    .constdata                               0x08003c0c   Section      148  bigflt0.o(.constdata)
    tenpwrs_i                                0x08003c48   Data          64  bigflt0.o(.constdata)
    RCC_Get_APB1_Clock.apb_presc_table       0x08003e80   Data           8  rcc.o(.rodata.RCC_Get_APB1_Clock.apb_presc_table)
    [Anonymous Symbol]                       0x08003e80   Section        0  rcc.o(.rodata.RCC_Get_APB1_Clock.apb_presc_table)
    RCC_Get_APB2_Clock.apb_presc_table       0x08003e88   Data           8  rcc.o(.rodata.RCC_Get_APB2_Clock.apb_presc_table)
    [Anonymous Symbol]                       0x08003e88   Section        0  rcc.o(.rodata.RCC_Get_APB2_Clock.apb_presc_table)
    RCC_Get_HCLK.ahb_presc_table             0x08003e90   Data          16  rcc.o(.rodata.RCC_Get_HCLK.ahb_presc_table)
    [Anonymous Symbol]                       0x08003e90   Section        0  rcc.o(.rodata.RCC_Get_HCLK.ahb_presc_table)
    .L.str                                   0x08003ea0   Data           4  oled.o(.rodata.str1.1)
    [Anonymous Symbol]                       0x08003ea0   Section        0  oled.o(.rodata.str1.1)
    .L.str.10                                0x08003ea4   Data           7  oled.o(.rodata.str1.1)
    .L.str.1                                 0x08003eab   Data           5  oled.o(.rodata.str1.1)
    .L.str.2                                 0x08003eb0   Data           6  oled.o(.rodata.str1.1)
    .L.str.3                                 0x08003eb6   Data           6  oled.o(.rodata.str1.1)
    .L.str.4                                 0x08003ebc   Data           6  oled.o(.rodata.str1.1)
    .L.str.5                                 0x08003ec2   Data           6  oled.o(.rodata.str1.1)
    .L.str.6                                 0x08003ec8   Data           6  oled.o(.rodata.str1.1)
    .L.str.7                                 0x08003ece   Data           6  oled.o(.rodata.str1.1)
    .L.str.8                                 0x08003ed4   Data           6  oled.o(.rodata.str1.1)
    .L.str.9                                 0x08003eda   Data           6  oled.o(.rodata.str1.1)
    locale$$data                             0x08003f00   Section       28  lc_numeric_c.o(locale$$data)
    __lcnum_c_name                           0x08003f04   Data           2  lc_numeric_c.o(locale$$data)
    __lcnum_c_start                          0x08003f0c   Data           0  lc_numeric_c.o(locale$$data)
    __lcnum_c_point                          0x08003f18   Data           0  lc_numeric_c.o(locale$$data)
    __lcnum_c_thousands                      0x08003f1a   Data           0  lc_numeric_c.o(locale$$data)
    __lcnum_c_grouping                       0x08003f1b   Data           0  lc_numeric_c.o(locale$$data)
    __lcnum_c_end                            0x08003f1c   Data           0  lc_numeric_c.o(locale$$data)
    locale$$data                             0x08003f1c   Section      272  lc_ctype_c.o(locale$$data)
    __lcctype_c_name                         0x08003f20   Data           2  lc_ctype_c.o(locale$$data)
    __lcctype_c_start                        0x08003f28   Data           0  lc_ctype_c.o(locale$$data)
    __lcctype_c_end                          0x0800402c   Data           0  lc_ctype_c.o(locale$$data)
    .bss                                     0x20000008   Section       96  libspace.o(.bss)
    Heap_Mem                                 0x20000818   Data         512  startup_stm32f401xc.o(HEAP)
    HEAP                                     0x20000818   Section      512  startup_stm32f401xc.o(HEAP)
    Stack_Mem                                0x20000a18   Data        1024  startup_stm32f401xc.o(STACK)
    STACK                                    0x20000a18   Section     1024  startup_stm32f401xc.o(STACK)
    __initial_sp                             0x20000e18   Data           0  startup_stm32f401xc.o(STACK)

    Global Symbols

    Symbol Name                              Value     Ov Type        Size  Object(Section)

    BuildAttributes$$THM_ISAv4$E$P$D$K$B$S$7EM$VFPi3$EXTD16$VFPS$VFMA$PE$A:L22UL41UL21$X:L11$S22US41US21$IEEE1$IW$~IW$USESV6$~STKCKD$USESV7$~SHL$OTIME$ROPI$IEEEJ$EBA8$UX$STANDARDLIB$REQ8$PRES8$EABIv2 0x00000000   Number         0  anon$$obj.o ABSOLUTE
    _printf_flags                            0x00000000   Number         0  printf_stubs.o ABSOLUTE
    _printf_return_value                     0x00000000   Number         0  printf_stubs.o ABSOLUTE
    _printf_sizespec                         0x00000000   Number         0  printf_stubs.o ABSOLUTE
    _printf_widthprec                        0x00000000   Number         0  printf_stubs.o ABSOLUTE
    __ARM_exceptions_init                     - Undefined Weak Reference
    __alloca_initialize                       - Undefined Weak Reference
    __arm_preinit_                            - Undefined Weak Reference
    __arm_relocate_pie_                       - Undefined Weak Reference
    __cpp_initialize__aeabi_                  - Undefined Weak Reference
    __cxa_finalize                            - Undefined Weak Reference
    __sigvec_lookup                           - Undefined Weak Reference
    _atexit_init                              - Undefined Weak Reference
    _call_atexit_fns                          - Undefined Weak Reference
    _clock_init                               - Undefined Weak Reference
    _fp_trap_init                             - Undefined Weak Reference
    _fp_trap_shutdown                         - Undefined Weak Reference
    _get_lc_collate                           - Undefined Weak Reference
    _get_lc_monetary                          - Undefined Weak Reference
    _get_lc_time                              - Undefined Weak Reference
    _getenv_init                              - Undefined Weak Reference
    _handle_redirection                       - Undefined Weak Reference
    _init_alloc                               - Undefined Weak Reference
    _init_user_alloc                          - Undefined Weak Reference
    _initio                                   - Undefined Weak Reference
    _printf_mbtowc                            - Undefined Weak Reference
    _printf_wc                                - Undefined Weak Reference
    _rand_init                                - Undefined Weak Reference
    _signal_finish                            - Undefined Weak Reference
    _signal_init                              - Undefined Weak Reference
    _terminate_alloc                          - Undefined Weak Reference
    _terminate_user_alloc                     - Undefined Weak Reference
    _terminateio                              - Undefined Weak Reference
    __Vectors_Size                           0x00000194   Number         0  startup_stm32f401xc.o ABSOLUTE
    __Vectors                                0x08000000   Data           4  startup_stm32f401xc.o(RESET)
    __Vectors_End                            0x08000194   Data           0  startup_stm32f401xc.o(RESET)
    __main                                   0x08000195   Thumb Code     8  __main.o(!!!main)
    __scatterload                            0x0800019d   Thumb Code     0  __scatter.o(!!!scatter)
    __scatterload_rt2                        0x0800019d   Thumb Code    84  __scatter.o(!!!scatter)
    __scatterload_rt2_thumb_only             0x0800019d   Thumb Code     0  __scatter.o(!!!scatter)
    __scatterload_loop                       0x080001a7   Thumb Code     0  __scatter.o(!!!scatter)
    __scatterload_copy                       0x080001f9   Thumb Code    26  __scatter_copy.o(!!handler_copy)
    __scatterload_null                       0x08000215   Thumb Code     2  __scatter.o(!!handler_null)
    __scatterload_zeroinit                   0x08000219   Thumb Code    28  __scatter_zi.o(!!handler_zi)
    _printf_n                                0x08000235   Thumb Code     0  _printf_n.o(.ARM.Collect$$_printf_percent$$00000001)
    _printf_percent                          0x08000235   Thumb Code     0  _printf_percent.o(.ARM.Collect$$_printf_percent$$00000000)
    _printf_p                                0x0800023b   Thumb Code     0  _printf_p.o(.ARM.Collect$$_printf_percent$$00000002)
    _printf_f                                0x08000241   Thumb Code     0  _printf_f.o(.ARM.Collect$$_printf_percent$$00000003)
    _printf_e                                0x08000247   Thumb Code     0  _printf_e.o(.ARM.Collect$$_printf_percent$$00000004)
    _printf_g                                0x0800024d   Thumb Code     0  _printf_g.o(.ARM.Collect$$_printf_percent$$00000005)
    _printf_a                                0x08000253   Thumb Code     0  _printf_a.o(.ARM.Collect$$_printf_percent$$00000006)
    _printf_ll                               0x08000259   Thumb Code     0  _printf_ll.o(.ARM.Collect$$_printf_percent$$00000007)
    _printf_i                                0x08000263   Thumb Code     0  _printf_i.o(.ARM.Collect$$_printf_percent$$00000008)
    _printf_d                                0x08000269   Thumb Code     0  _printf_d.o(.ARM.Collect$$_printf_percent$$00000009)
    _printf_u                                0x0800026f   Thumb Code     0  _printf_u.o(.ARM.Collect$$_printf_percent$$0000000A)
    _printf_o                                0x08000275   Thumb Code     0  _printf_o.o(.ARM.Collect$$_printf_percent$$0000000B)
    _printf_x                                0x0800027b   Thumb Code     0  _printf_x.o(.ARM.Collect$$_printf_percent$$0000000C)
    _printf_lli                              0x08000281   Thumb Code     0  _printf_lli.o(.ARM.Collect$$_printf_percent$$0000000D)
    _printf_lld                              0x08000287   Thumb Code     0  _printf_lld.o(.ARM.Collect$$_printf_percent$$0000000E)
    _printf_llu                              0x0800028d   Thumb Code     0  _printf_llu.o(.ARM.Collect$$_printf_percent$$0000000F)
    _printf_llo                              0x08000293   Thumb Code     0  _printf_llo.o(.ARM.Collect$$_printf_percent$$00000010)
    _printf_llx                              0x08000299   Thumb Code     0  _printf_llx.o(.ARM.Collect$$_printf_percent$$00000011)
    _printf_l                                0x0800029f   Thumb Code     0  _printf_l.o(.ARM.Collect$$_printf_percent$$00000012)
    _printf_c                                0x080002a9   Thumb Code     0  _printf_c.o(.ARM.Collect$$_printf_percent$$00000013)
    _printf_s                                0x080002af   Thumb Code     0  _printf_s.o(.ARM.Collect$$_printf_percent$$00000014)
    _printf_lc                               0x080002b5   Thumb Code     0  _printf_lc.o(.ARM.Collect$$_printf_percent$$00000015)
    _printf_ls                               0x080002bb   Thumb Code     0  _printf_ls.o(.ARM.Collect$$_printf_percent$$00000016)
    _printf_percent_end                      0x080002c1   Thumb Code     0  _printf_percent_end.o(.ARM.Collect$$_printf_percent$$00000017)
    __rt_lib_init                            0x080002c5   Thumb Code     0  libinit.o(.ARM.Collect$$libinit$$00000000)
    __rt_lib_init_fp_1                       0x080002c7   Thumb Code     0  libinit2.o(.ARM.Collect$$libinit$$00000001)
    __rt_lib_init_heap_1                     0x080002cb   Thumb Code     0  libinit2.o(.ARM.Collect$$libinit$$0000000C)
    __rt_lib_init_lc_common                  0x080002cb   Thumb Code     0  libinit2.o(.ARM.Collect$$libinit$$00000011)
    __rt_lib_init_preinit_1                  0x080002cb   Thumb Code     0  libinit2.o(.ARM.Collect$$libinit$$00000006)
    __rt_lib_init_rand_1                     0x080002cb   Thumb Code     0  libinit2.o(.ARM.Collect$$libinit$$00000010)
    __rt_lib_init_relocate_pie_1             0x080002cb   Thumb Code     0  libinit2.o(.ARM.Collect$$libinit$$00000004)
    __rt_lib_init_user_alloc_1               0x080002cb   Thumb Code     0  libinit2.o(.ARM.Collect$$libinit$$0000000E)
    __rt_lib_init_lc_collate_1               0x080002d1   Thumb Code     0  libinit2.o(.ARM.Collect$$libinit$$00000013)
    __rt_lib_init_lc_ctype_2                 0x080002d1   Thumb Code     0  libinit2.o(.ARM.Collect$$libinit$$00000014)
    __rt_lib_init_lc_ctype_1                 0x080002dd   Thumb Code     0  libinit2.o(.ARM.Collect$$libinit$$00000015)
    __rt_lib_init_lc_monetary_1              0x080002dd   Thumb Code     0  libinit2.o(.ARM.Collect$$libinit$$00000017)
    __rt_lib_init_lc_numeric_2               0x080002dd   Thumb Code     0  libinit2.o(.ARM.Collect$$libinit$$00000018)
    __rt_lib_init_alloca_1                   0x080002e7   Thumb Code     0  libinit2.o(.ARM.Collect$$libinit$$00000030)
    __rt_lib_init_argv_1                     0x080002e7   Thumb Code     0  libinit2.o(.ARM.Collect$$libinit$$0000002E)
    __rt_lib_init_atexit_1                   0x080002e7   Thumb Code     0  libinit2.o(.ARM.Collect$$libinit$$0000001D)
    __rt_lib_init_clock_1                    0x080002e7   Thumb Code     0  libinit2.o(.ARM.Collect$$libinit$$00000023)
    __rt_lib_init_cpp_1                      0x080002e7   Thumb Code     0  libinit2.o(.ARM.Collect$$libinit$$00000034)
    __rt_lib_init_exceptions_1               0x080002e7   Thumb Code     0  libinit2.o(.ARM.Collect$$libinit$$00000032)
    __rt_lib_init_fp_trap_1                  0x080002e7   Thumb Code     0  libinit2.o(.ARM.Collect$$libinit$$00000021)
    __rt_lib_init_getenv_1                   0x080002e7   Thumb Code     0  libinit2.o(.ARM.Collect$$libinit$$00000025)
    __rt_lib_init_lc_numeric_1               0x080002e7   Thumb Code     0  libinit2.o(.ARM.Collect$$libinit$$00000019)
    __rt_lib_init_lc_time_1                  0x080002e7   Thumb Code     0  libinit2.o(.ARM.Collect$$libinit$$0000001B)
    __rt_lib_init_return                     0x080002e7   Thumb Code     0  libinit2.o(.ARM.Collect$$libinit$$00000035)
    __rt_lib_init_signal_1                   0x080002e7   Thumb Code     0  libinit2.o(.ARM.Collect$$libinit$$0000001F)
    __rt_lib_init_stdio_1                    0x080002e7   Thumb Code     0  libinit2.o(.ARM.Collect$$libinit$$00000027)
    __rt_lib_shutdown                        0x080002e9   Thumb Code     0  libshutdown.o(.ARM.Collect$$libshutdown$$00000000)
    __rt_lib_shutdown_cpp_1                  0x080002eb   Thumb Code     0  libshutdown2.o(.ARM.Collect$$libshutdown$$00000002)
    __rt_lib_shutdown_fp_trap_1              0x080002eb   Thumb Code     0  libshutdown2.o(.ARM.Collect$$libshutdown$$00000007)
    __rt_lib_shutdown_heap_1                 0x080002eb   Thumb Code     0  libshutdown2.o(.ARM.Collect$$libshutdown$$0000000F)
    __rt_lib_shutdown_return                 0x080002eb   Thumb Code     0  libshutdown2.o(.ARM.Collect$$libshutdown$$00000010)
    __rt_lib_shutdown_signal_1               0x080002eb   Thumb Code     0  libshutdown2.o(.ARM.Collect$$libshutdown$$0000000A)
    __rt_lib_shutdown_stdio_1                0x080002eb   Thumb Code     0  libshutdown2.o(.ARM.Collect$$libshutdown$$00000004)
    __rt_lib_shutdown_user_alloc_1           0x080002eb   Thumb Code     0  libshutdown2.o(.ARM.Collect$$libshutdown$$0000000C)
    __rt_entry                               0x080002ed   Thumb Code     0  __rtentry.o(.ARM.Collect$$rtentry$$00000000)
    __rt_entry_presh_1                       0x080002ed   Thumb Code     0  __rtentry2.o(.ARM.Collect$$rtentry$$00000002)
    __rt_entry_sh                            0x080002ed   Thumb Code     0  __rtentry4.o(.ARM.Collect$$rtentry$$00000004)
    __rt_entry_li                            0x080002f3   Thumb Code     0  __rtentry2.o(.ARM.Collect$$rtentry$$0000000A)
    __rt_entry_postsh_1                      0x080002f3   Thumb Code     0  __rtentry2.o(.ARM.Collect$$rtentry$$00000009)
    __rt_entry_main                          0x080002f7   Thumb Code     0  __rtentry2.o(.ARM.Collect$$rtentry$$0000000D)
    __rt_entry_postli_1                      0x080002f7   Thumb Code     0  __rtentry2.o(.ARM.Collect$$rtentry$$0000000C)
    __rt_exit                                0x080002ff   Thumb Code     0  rtexit.o(.ARM.Collect$$rtexit$$00000000)
    __rt_exit_ls                             0x08000301   Thumb Code     0  rtexit2.o(.ARM.Collect$$rtexit$$00000003)
    __rt_exit_prels_1                        0x08000301   Thumb Code     0  rtexit2.o(.ARM.Collect$$rtexit$$00000002)
    __rt_exit_exit                           0x08000305   Thumb Code     0  rtexit2.o(.ARM.Collect$$rtexit$$00000004)
    Reset_Handler                            0x0800030d   Thumb Code     8  startup_stm32f401xc.o(.text)
    NMI_Handler                              0x08000315   Thumb Code     2  startup_stm32f401xc.o(.text)
    HardFault_Handler                        0x08000317   Thumb Code     2  startup_stm32f401xc.o(.text)
    MemManage_Handler                        0x08000319   Thumb Code     2  startup_stm32f401xc.o(.text)
    BusFault_Handler                         0x0800031b   Thumb Code     2  startup_stm32f401xc.o(.text)
    UsageFault_Handler                       0x0800031d   Thumb Code     2  startup_stm32f401xc.o(.text)
    SVC_Handler                              0x0800031f   Thumb Code     2  startup_stm32f401xc.o(.text)
    DebugMon_Handler                         0x08000321   Thumb Code     2  startup_stm32f401xc.o(.text)
    PendSV_Handler                           0x08000323   Thumb Code     2  startup_stm32f401xc.o(.text)
    SysTick_Handler                          0x08000325   Thumb Code     2  startup_stm32f401xc.o(.text)
    ADC_IRQHandler                           0x08000327   Thumb Code     0  startup_stm32f401xc.o(.text)
    DMA1_Stream0_IRQHandler                  0x08000327   Thumb Code     0  startup_stm32f401xc.o(.text)
    DMA1_Stream1_IRQHandler                  0x08000327   Thumb Code     0  startup_stm32f401xc.o(.text)
    DMA1_Stream2_IRQHandler                  0x08000327   Thumb Code     0  startup_stm32f401xc.o(.text)
    DMA1_Stream3_IRQHandler                  0x08000327   Thumb Code     0  startup_stm32f401xc.o(.text)
    DMA1_Stream4_IRQHandler                  0x08000327   Thumb Code     0  startup_stm32f401xc.o(.text)
    DMA1_Stream5_IRQHandler                  0x08000327   Thumb Code     0  startup_stm32f401xc.o(.text)
    DMA1_Stream6_IRQHandler                  0x08000327   Thumb Code     0  startup_stm32f401xc.o(.text)
    DMA1_Stream7_IRQHandler                  0x08000327   Thumb Code     0  startup_stm32f401xc.o(.text)
    DMA2_Stream0_IRQHandler                  0x08000327   Thumb Code     0  startup_stm32f401xc.o(.text)
    DMA2_Stream1_IRQHandler                  0x08000327   Thumb Code     0  startup_stm32f401xc.o(.text)
    DMA2_Stream2_IRQHandler                  0x08000327   Thumb Code     0  startup_stm32f401xc.o(.text)
    DMA2_Stream3_IRQHandler                  0x08000327   Thumb Code     0  startup_stm32f401xc.o(.text)
    DMA2_Stream4_IRQHandler                  0x08000327   Thumb Code     0  startup_stm32f401xc.o(.text)
    DMA2_Stream5_IRQHandler                  0x08000327   Thumb Code     0  startup_stm32f401xc.o(.text)
    DMA2_Stream6_IRQHandler                  0x08000327   Thumb Code     0  startup_stm32f401xc.o(.text)
    DMA2_Stream7_IRQHandler                  0x08000327   Thumb Code     0  startup_stm32f401xc.o(.text)
    EXTI0_IRQHandler                         0x08000327   Thumb Code     0  startup_stm32f401xc.o(.text)
    EXTI15_10_IRQHandler                     0x08000327   Thumb Code     0  startup_stm32f401xc.o(.text)
    EXTI1_IRQHandler                         0x08000327   Thumb Code     0  startup_stm32f401xc.o(.text)
    EXTI2_IRQHandler                         0x08000327   Thumb Code     0  startup_stm32f401xc.o(.text)
    EXTI3_IRQHandler                         0x08000327   Thumb Code     0  startup_stm32f401xc.o(.text)
    EXTI4_IRQHandler                         0x08000327   Thumb Code     0  startup_stm32f401xc.o(.text)
    EXTI9_5_IRQHandler                       0x08000327   Thumb Code     0  startup_stm32f401xc.o(.text)
    FLASH_IRQHandler                         0x08000327   Thumb Code     0  startup_stm32f401xc.o(.text)
    FPU_IRQHandler                           0x08000327   Thumb Code     0  startup_stm32f401xc.o(.text)
    I2C1_ER_IRQHandler                       0x08000327   Thumb Code     0  startup_stm32f401xc.o(.text)
    I2C1_EV_IRQHandler                       0x08000327   Thumb Code     0  startup_stm32f401xc.o(.text)
    I2C2_ER_IRQHandler                       0x08000327   Thumb Code     0  startup_stm32f401xc.o(.text)
    I2C2_EV_IRQHandler                       0x08000327   Thumb Code     0  startup_stm32f401xc.o(.text)
    I2C3_ER_IRQHandler                       0x08000327   Thumb Code     0  startup_stm32f401xc.o(.text)
    I2C3_EV_IRQHandler                       0x08000327   Thumb Code     0  startup_stm32f401xc.o(.text)
    OTG_FS_IRQHandler                        0x08000327   Thumb Code     0  startup_stm32f401xc.o(.text)
    OTG_FS_WKUP_IRQHandler                   0x08000327   Thumb Code     0  startup_stm32f401xc.o(.text)
    PVD_IRQHandler                           0x08000327   Thumb Code     0  startup_stm32f401xc.o(.text)
    RCC_IRQHandler                           0x08000327   Thumb Code     0  startup_stm32f401xc.o(.text)
    RTC_Alarm_IRQHandler                     0x08000327   Thumb Code     0  startup_stm32f401xc.o(.text)
    RTC_WKUP_IRQHandler                      0x08000327   Thumb Code     0  startup_stm32f401xc.o(.text)
    SDIO_IRQHandler                          0x08000327   Thumb Code     0  startup_stm32f401xc.o(.text)
    SPI1_IRQHandler                          0x08000327   Thumb Code     0  startup_stm32f401xc.o(.text)
    SPI2_IRQHandler                          0x08000327   Thumb Code     0  startup_stm32f401xc.o(.text)
    SPI3_IRQHandler                          0x08000327   Thumb Code     0  startup_stm32f401xc.o(.text)
    SPI4_IRQHandler                          0x08000327   Thumb Code     0  startup_stm32f401xc.o(.text)
    TAMP_STAMP_IRQHandler                    0x08000327   Thumb Code     0  startup_stm32f401xc.o(.text)
    TIM1_BRK_TIM9_IRQHandler                 0x08000327   Thumb Code     0  startup_stm32f401xc.o(.text)
    TIM1_CC_IRQHandler                       0x08000327   Thumb Code     0  startup_stm32f401xc.o(.text)
    TIM2_IRQHandler                          0x08000327   Thumb Code     0  startup_stm32f401xc.o(.text)
    TIM3_IRQHandler                          0x08000327   Thumb Code     0  startup_stm32f401xc.o(.text)
    TIM4_IRQHandler                          0x08000327   Thumb Code     0  startup_stm32f401xc.o(.text)
    TIM5_IRQHandler                          0x08000327   Thumb Code     0  startup_stm32f401xc.o(.text)
    USART1_IRQHandler                        0x08000327   Thumb Code     0  startup_stm32f401xc.o(.text)
    USART6_IRQHandler                        0x08000327   Thumb Code     0  startup_stm32f401xc.o(.text)
    WWDG_IRQHandler                          0x08000327   Thumb Code     0  startup_stm32f401xc.o(.text)
    __user_initial_stackheap                 0x08000329   Thumb Code     0  startup_stm32f401xc.o(.text)
    sprintf                                  0x0800034d   Thumb Code    38  sprintf.o(.text)
    __use_two_region_memory                  0x08000379   Thumb Code     2  heapauxi.o(.text)
    __rt_heap_escrow$2region                 0x0800037b   Thumb Code     2  heapauxi.o(.text)
    __rt_heap_expand$2region                 0x0800037d   Thumb Code     2  heapauxi.o(.text)
    _printf_pre_padding                      0x0800037f   Thumb Code    44  _printf_pad.o(.text)
    _printf_post_padding                     0x080003ab   Thumb Code    34  _printf_pad.o(.text)
    _printf_truncate_signed                  0x080003cd   Thumb Code    18  _printf_truncate.o(.text)
    _printf_truncate_unsigned                0x080003df   Thumb Code    18  _printf_truncate.o(.text)
    _printf_str                              0x080003f1   Thumb Code    82  _printf_str.o(.text)
    _printf_int_dec                          0x08000445   Thumb Code   104  _printf_dec.o(.text)
    _printf_charcount                        0x080004bd   Thumb Code    40  _printf_charcount.o(.text)
    _printf_char_common                      0x080004ef   Thumb Code    32  _printf_char_common.o(.text)
    _sputc                                   0x08000515   Thumb Code    10  _sputc.o(.text)
    _printf_wctomb                           0x08000521   Thumb Code   182  _printf_wctomb.o(.text)
    _printf_longlong_dec                     0x080005dd   Thumb Code   108  _printf_longlong_dec.o(.text)
    _printf_longlong_oct                     0x08000659   Thumb Code    68  _printf_oct_int_ll.o(.text)
    _printf_int_oct                          0x0800069d   Thumb Code    24  _printf_oct_int_ll.o(.text)
    _printf_ll_oct                           0x080006b5   Thumb Code    12  _printf_oct_int_ll.o(.text)
    _printf_longlong_hex                     0x080006c9   Thumb Code    86  _printf_hex_int_ll_ptr.o(.text)
    _printf_int_hex                          0x0800071f   Thumb Code    28  _printf_hex_int_ll_ptr.o(.text)
    _printf_ll_hex                           0x0800073b   Thumb Code    12  _printf_hex_int_ll_ptr.o(.text)
    _printf_hex_ptr                          0x08000747   Thumb Code    18  _printf_hex_int_ll_ptr.o(.text)
    __printf                                 0x0800075d   Thumb Code   388  __printf_flags_ss_wp.o(.text)
    _ll_udiv10                               0x080008e5   Thumb Code   138  lludiv10.o(.text)
    _printf_int_common                       0x0800096f   Thumb Code   178  _printf_intcommon.o(.text)
    _printf_fp_dec_real                      0x08000bd1   Thumb Code   620  _printf_fp_dec.o(.text)
    _printf_fp_hex_real                      0x08000e3d   Thumb Code   756  _printf_fp_hex.o(.text)
    _printf_cs_common                        0x08001139   Thumb Code    20  _printf_char.o(.text)
    _printf_char                             0x0800114d   Thumb Code    16  _printf_char.o(.text)
    _printf_string                           0x0800115d   Thumb Code     8  _printf_char.o(.text)
    _printf_lcs_common                       0x08001165   Thumb Code    20  _printf_wchar.o(.text)
    _printf_wchar                            0x08001179   Thumb Code    16  _printf_wchar.o(.text)
    _printf_wstring                          0x08001189   Thumb Code     8  _printf_wchar.o(.text)
    _c16rtomb                                0x08001191   Thumb Code    72  _c16rtomb.o(.text)
    _wcrtomb                                 0x08001191   Thumb Code     0  _c16rtomb.o(.text)
    __user_setup_stackheap                   0x080011d9   Thumb Code    74  sys_stackheap_outer.o(.text)
    __rt_ctype_table                         0x08001225   Thumb Code    16  rt_ctype_table.o(.text)
    __rt_locale                              0x08001235   Thumb Code     8  rt_locale_intlibspace.o(.text)
    _printf_fp_infnan                        0x0800123d   Thumb Code   112  _printf_fp_infnan.o(.text)
    _btod_etento                             0x080012bd   Thumb Code   224  bigflt0.o(.text)
    exit                                     0x080013a1   Thumb Code    18  exit.o(.text)
    __user_libspace                          0x080013b5   Thumb Code     8  libspace.o(.text)
    __user_perproc_libspace                  0x080013b5   Thumb Code     0  libspace.o(.text)
    __user_perthread_libspace                0x080013b5   Thumb Code     0  libspace.o(.text)
    strcmp                                   0x080013c1   Thumb Code   124  strcmpv7em.o(.text)
    _sys_exit                                0x0800143d   Thumb Code     8  sys_exit.o(.text)
    __I$use$semihosting                      0x08001449   Thumb Code     0  use_no_semi.o(.text)
    __use_no_semihosting_swi                 0x08001449   Thumb Code     2  use_no_semi.o(.text)
    __semihosting_library_function           0x0800144b   Thumb Code     0  indicate_semi.o(.text)
    App_Main_Loop                            0x0800144d   Thumb Code   120  app.o(.text.App_Main_Loop)
    App_Setup                                0x080014c5   Thumb Code   102  app.o(.text.App_Setup)
    Debug_Counter_Reset                      0x0800152d   Thumb Code    14  debug.o(.text.Debug_Counter_Reset)
    Debug_GPIO_Init                          0x0800153d   Thumb Code   172  debug.o(.text.Debug_GPIO_Init)
    Debug_Get_Buf_Index                      0x080015e9   Thumb Code    14  debug.o(.text.Debug_Get_Buf_Index)
    Debug_Init                               0x080015f9   Thumb Code    28  debug.o(.text.Debug_Init)
    Debug_Reg_Init                           0x08001615   Thumb Code   216  debug.o(.text.Debug_Reg_Init)
    Debug_Rx_Byte                            0x080016ed   Thumb Code    22  debug.o(.text.Debug_Rx_Byte)
    Debug_Struct_Init                        0x08001705   Thumb Code   152  debug.o(.text.Debug_Struct_Init)
    Debug_Timer_Disable                      0x0800179d   Thumb Code    32  debug.o(.text.Debug_Timer_Disable)
    Debug_Timer_Enable                       0x080017bd   Thumb Code    32  debug.o(.text.Debug_Timer_Enable)
    Debug_Timer_Init                         0x080017dd   Thumb Code   136  debug.o(.text.Debug_Timer_Init)
    GPIO_EnableClock                         0x08001865   Thumb Code   220  gpio.o(.text.GPIO_EnableClock)
    GPIO_Init                                0x08001941   Thumb Code   184  gpio.o(.text.GPIO_Init)
    GPIO_TogglePin                           0x080019f9   Thumb Code    30  gpio.o(.text.GPIO_TogglePin)
    I2C1_Bus_Recovery_GPIO                   0x08001a19   Thumb Code   248  i2c1.o(.text.I2C1_Bus_Recovery_GPIO)
    I2C1_GPIO_Init                           0x08001b11   Thumb Code   196  i2c1.o(.text.I2C1_GPIO_Init)
    I2C1_Init                                0x08001bd5   Thumb Code    20  i2c1.o(.text.I2C1_Init)
    I2C1_Recover_Bus                         0x08001be9   Thumb Code    32  i2c1.o(.text.I2C1_Recover_Bus)
    I2C1_Reg_Init                            0x08001c09   Thumb Code   170  i2c1.o(.text.I2C1_Reg_Init)
    I2C1_SWRST_Reset                         0x08001cb5   Thumb Code    68  i2c1.o(.text.I2C1_SWRST_Reset)
    I2C1_Send_Addr                           0x08001cf9   Thumb Code   172  i2c1.o(.text.I2C1_Send_Addr)
    I2C1_Start                               0x08001da5   Thumb Code   176  i2c1.o(.text.I2C1_Start)
    I2C1_Stop                                0x08001e55   Thumb Code   134  i2c1.o(.text.I2C1_Stop)
    I2C1_Write_Data                          0x08001edd   Thumb Code   138  i2c1.o(.text.I2C1_Write_Data)
    OLED_Clear                               0x08001f69   Thumb Code    46  oled.o(.text.OLED_Clear)
    OLED_Draw_Char                           0x08001f99   Thumb Code   124  oled.o(.text.OLED_Draw_Char)
    OLED_Draw_Int                            0x08002015   Thumb Code   288  oled.o(.text.OLED_Draw_Int)
    OLED_Draw_String                         0x08002135   Thumb Code    90  oled.o(.text.OLED_Draw_String)
    OLED_Init                                0x08002191   Thumb Code   170  oled.o(.text.OLED_Init)
    OLED_Send_Command                        0x0800223d   Thumb Code    56  oled.o(.text.OLED_Send_Command)
    OLED_Send_Data                           0x08002275   Thumb Code    98  oled.o(.text.OLED_Send_Data)
    OLED_Update                              0x080022d9   Thumb Code    86  oled.o(.text.OLED_Update)
    OLED_Update_Partial                      0x08002331   Thumb Code   200  oled.o(.text.OLED_Update_Partial)
    RCC_Get_APB1_Clock                       0x080023f9   Thumb Code    52  rcc.o(.text.RCC_Get_APB1_Clock)
    RCC_Get_APB2_Clock                       0x0800242d   Thumb Code    52  rcc.o(.text.RCC_Get_APB2_Clock)
    RCC_Get_HCLK                             0x08002461   Thumb Code    52  rcc.o(.text.RCC_Get_HCLK)
    RCC_Get_SYS_CLK                          0x08002495   Thumb Code   212  rcc.o(.text.RCC_Get_SYS_CLK)
    RCC_HSE_Clock_Config                     0x08002569   Thumb Code   178  rcc.o(.text.RCC_HSE_Clock_Config)
    RCC_LSE_Clock_Config                     0x0800261d   Thumb Code   104  rcc.o(.text.RCC_LSE_Clock_Config)
    SystemInit                               0x08002685   Thumb Code    18  system_stm32f4xx.o(.text.SystemInit)
    TIM1_TRG_COM_TIM11_IRQHandler            0x08002699   Thumb Code    24  timebase.o(.text.TIM1_TRG_COM_TIM11_IRQHandler)
    TIM1_UP_TIM10_IRQHandler                 0x080026b1   Thumb Code    86  debug.o(.text.TIM1_UP_TIM10_IRQHandler)
    Timebase_Atomic_Operation_End            0x08002709   Thumb Code     4  timebase.o(.text.Timebase_Atomic_Operation_End)
    Timebase_Atomic_Operation_Start          0x0800270d   Thumb Code     4  timebase.o(.text.Timebase_Atomic_Operation_Start)
    Timebase_DownCounter_Clear_Period_Flag   0x08002711   Thumb Code    44  timebase.o(.text.Timebase_DownCounter_Clear_Period_Flag)
    Timebase_DownCounter_Get_EndValue        0x0800273d   Thumb Code    36  timebase.o(.text.Timebase_DownCounter_Get_EndValue)
    Timebase_DownCounter_Get_ReloadValue     0x08002761   Thumb Code    36  timebase.o(.text.Timebase_DownCounter_Get_ReloadValue)
    Timebase_DownCounter_Get_Status          0x08002785   Thumb Code    40  timebase.o(.text.Timebase_DownCounter_Get_Status)
    Timebase_DownCounter_Get_Value           0x080027ad   Thumb Code    36  timebase.o(.text.Timebase_DownCounter_Get_Value)
    Timebase_DownCounter_Reset               0x080027d1   Thumb Code    62  timebase.o(.text.Timebase_DownCounter_Reset)
    Timebase_DownCounter_Reset_All           0x08002811   Thumb Code    48  timebase.o(.text.Timebase_DownCounter_Reset_All)
    Timebase_DownCounter_SS_Clear_All_Flags  0x08002841   Thumb Code    20  timebase.o(.text.Timebase_DownCounter_SS_Clear_All_Flags)
    Timebase_DownCounter_SS_Clear_Period_Flag 0x08002855   Thumb Code    44  timebase.o(.text.Timebase_DownCounter_SS_Clear_Period_Flag)
    Timebase_DownCounter_SS_Continuous_Expired_Event 0x08002881   Thumb Code    74  timebase.o(.text.Timebase_DownCounter_SS_Continuous_Expired_Event)
    Timebase_DownCounter_SS_Get_EndValueSec  0x080028cd   Thumb Code    34  timebase.o(.text.Timebase_DownCounter_SS_Get_EndValueSec)
    Timebase_DownCounter_SS_Get_EndValueSubSec 0x080028f1   Thumb Code    34  timebase.o(.text.Timebase_DownCounter_SS_Get_EndValueSubSec)
    Timebase_DownCounter_SS_Get_ReloadValue  0x08002915   Thumb Code    34  timebase.o(.text.Timebase_DownCounter_SS_Get_ReloadValue)
    Timebase_DownCounter_SS_Get_Status       0x08002939   Thumb Code    40  timebase.o(.text.Timebase_DownCounter_SS_Get_Status)
    Timebase_DownCounter_SS_Get_Value        0x08002961   Thumb Code    34  timebase.o(.text.Timebase_DownCounter_SS_Get_Value)
    Timebase_DownCounter_SS_Reset            0x08002985   Thumb Code    72  timebase.o(.text.Timebase_DownCounter_SS_Reset)
    Timebase_DownCounter_SS_Reset_All        0x080029cd   Thumb Code    48  timebase.o(.text.Timebase_DownCounter_SS_Reset_All)
    Timebase_DownCounter_SS_Set_EndValueSec  0x080029fd   Thumb Code    38  timebase.o(.text.Timebase_DownCounter_SS_Set_EndValueSec)
    Timebase_DownCounter_SS_Set_EndValueSubSec 0x08002a25   Thumb Code    38  timebase.o(.text.Timebase_DownCounter_SS_Set_EndValueSubSec)
    Timebase_DownCounter_SS_Set_ReloadValue  0x08002a4d   Thumb Code    38  timebase.o(.text.Timebase_DownCounter_SS_Set_ReloadValue)
    Timebase_DownCounter_SS_Set_Securely     0x08002a75   Thumb Code   186  timebase.o(.text.Timebase_DownCounter_SS_Set_Securely)
    Timebase_DownCounter_SS_Set_Status       0x08002b31   Thumb Code    60  timebase.o(.text.Timebase_DownCounter_SS_Set_Status)
    Timebase_DownCounter_SS_Set_Value        0x08002b6d   Thumb Code    38  timebase.o(.text.Timebase_DownCounter_SS_Set_Value)
    Timebase_DownCounter_SS_Start            0x08002b95   Thumb Code    38  timebase.o(.text.Timebase_DownCounter_SS_Start)
    Timebase_DownCounter_SS_Update           0x08002bbd   Thumb Code   262  timebase.o(.text.Timebase_DownCounter_SS_Update)
    Timebase_DownCounter_SS_Update_All       0x08002cc5   Thumb Code    48  timebase.o(.text.Timebase_DownCounter_SS_Update_All)
    Timebase_DownCounter_Set_EndValue        0x08002cf5   Thumb Code    40  timebase.o(.text.Timebase_DownCounter_Set_EndValue)
    Timebase_DownCounter_Set_ReloadValue     0x08002d1d   Thumb Code    40  timebase.o(.text.Timebase_DownCounter_Set_ReloadValue)
    Timebase_DownCounter_Set_Status          0x08002d45   Thumb Code    60  timebase.o(.text.Timebase_DownCounter_Set_Status)
    Timebase_DownCounter_Set_Value           0x08002d81   Thumb Code    40  timebase.o(.text.Timebase_DownCounter_Set_Value)
    Timebase_DownCounter_Update              0x08002da9   Thumb Code   156  timebase.o(.text.Timebase_DownCounter_Update)
    Timebase_DownCounter_Update_All          0x08002e45   Thumb Code    48  timebase.o(.text.Timebase_DownCounter_Update_All)
    Timebase_ISR_Executables                 0x08002e75   Thumb Code    92  timebase.o(.text.Timebase_ISR_Executables)
    Timebase_Init                            0x08002ed1   Thumb Code    28  timebase.o(.text.Timebase_Init)
    Timebase_Main_Loop_Executables           0x08002eed   Thumb Code   128  timebase.o(.text.Timebase_Main_Loop_Executables)
    Timebase_Reset                           0x08002f6d   Thumb Code    12  timebase.o(.text.Timebase_Reset)
    Timebase_Struct_Init                     0x08002f79   Thumb Code   360  timebase.o(.text.Timebase_Struct_Init)
    Timebase_Timer_Enable                    0x080030e1   Thumb Code   164  timebase.o(.text.Timebase_Timer_Enable)
    Timebase_Timer_Get_Seconds               0x08003185   Thumb Code    14  timebase.o(.text.Timebase_Timer_Get_Seconds)
    Timebase_Timer_Get_SubSeconds            0x08003195   Thumb Code    14  timebase.o(.text.Timebase_Timer_Get_SubSeconds)
    Timebase_Timer_Sync_With_Shadow_Variables 0x080031a5   Thumb Code    72  timebase.o(.text.Timebase_Timer_Sync_With_Shadow_Variables)
    USART2_IRQHandler                        0x080031ed   Thumb Code   112  debug.o(.text.USART2_IRQHandler)
    main                                     0x08003345   Thumb Code    20  main.o(.text.main)
    _btod_d2e                                0x08003359   Thumb Code    62  btod.o(CL$$btod_d2e)
    _d2e_denorm_low                          0x08003397   Thumb Code    70  btod.o(CL$$btod_d2e_denorm_low)
    _d2e_norm_op1                            0x080033dd   Thumb Code    96  btod.o(CL$$btod_d2e_norm_op1)
    __btod_div_common                        0x0800343d   Thumb Code   696  btod.o(CL$$btod_div_common)
    _e2e                                     0x08003775   Thumb Code   220  btod.o(CL$$btod_e2e)
    _btod_ediv                               0x08003851   Thumb Code    42  btod.o(CL$$btod_ediv)
    _btod_emul                               0x0800387b   Thumb Code    42  btod.o(CL$$btod_emul)
    __btod_mult_common                       0x080038a5   Thumb Code   580  btod.o(CL$$btod_mult_common)
    __ARM_fpclassify                         0x08003ae9   Thumb Code    48  fpclassify.o(i.__ARM_fpclassify)
    _is_digit                                0x08003b19   Thumb Code    14  __printf_wp.o(i._is_digit)
    _get_lc_numeric                          0x08003b29   Thumb Code    44  lc_numeric_c.o(locale$$code)
    _get_lc_ctype                            0x08003b55   Thumb Code    44  lc_ctype_c.o(locale$$code)
    _fp_init                                 0x08003b81   Thumb Code    26  fpinit.o(x$fpl$fpinit)
    __fplib_config_fpu_vfp                   0x08003b99   Thumb Code     0  fpinit.o(x$fpl$fpinit)
    __fplib_config_pureend_doubles           0x08003b99   Thumb Code     0  fpinit.o(x$fpl$fpinit)
    _printf_fp_dec                           0x08003b9b   Thumb Code     4  printf1.o(x$fpl$printf1)
    _printf_fp_hex                           0x08003b9f   Thumb Code     4  printf2.o(x$fpl$printf2)
    __I$use$fp                               0x08003ba2   Number         0  usenofp.o(x$fpl$usenofp)
    Font5x7_data                             0x08003ca0   Data         480  font5x7_data.o(.rodata.Font5x7_data)
    Region$$Table$$Base                      0x08003ee0   Number         0  anon$$obj.o(Region$$Table)
    Region$$Table$$Limit                     0x08003f00   Number         0  anon$$obj.o(Region$$Table)
    __ctype                                  0x08003f29   Data           0  lc_ctype_c.o(locale$$data)
    counter                                  0x20000000   Data           4  app.o(.data.counter)
    __libspace_start                         0x20000008   Data          96  libspace.o(.bss)
    Debug                                    0x20000068   Data         141  debug.o(.bss.Debug)
    __temporary_stack_top$libspace           0x20000068   Data           0  libspace.o(.bss)
    OLED_Buffer                              0x200000f5   Data        1024  oled.o(.bss.OLED_Buffer)
    Timebase                                 0x200004f8   Data           4  timebase.o(.bss.Timebase)
    Timebase_type                            0x200004fc   Data         792  timebase.o(.bss.Timebase_type)



==============================================================================

Memory Map of the image

  Image Entry point : 0x08000195

  Load Region LR_IROM1 (Base: 0x08000000, Size: 0x00004038, Max: 0x00040000, ABSOLUTE)

    Execution Region ER_IROM1 (Exec base: 0x08000000, Load base: 0x08000000, Size: 0x0000402c, Max: 0x00040000, ABSOLUTE)

    Exec Addr    Load Addr    Size         Type   Attr      Idx    E Section Name        Object

    0x08000000   0x08000000   0x00000194   Data   RO          490    RESET               startup_stm32f401xc.o
    0x08000194   0x08000194   0x00000008   Code   RO          517  * !!!main             c_w.l(__main.o)
    0x0800019c   0x0800019c   0x0000005c   Code   RO          854    !!!scatter          c_w.l(__scatter.o)
    0x080001f8   0x080001f8   0x0000001a   Code   RO          858    !!handler_copy      c_w.l(__scatter_copy.o)
    0x08000212   0x08000212   0x00000002   PAD
    0x08000214   0x08000214   0x00000002   Code   RO          855    !!handler_null      c_w.l(__scatter.o)
    0x08000216   0x08000216   0x00000002   PAD
    0x08000218   0x08000218   0x0000001c   Code   RO          860    !!handler_zi        c_w.l(__scatter_zi.o)
    0x08000234   0x08000234   0x00000000   Code   RO          601    .ARM.Collect$$_printf_percent$$00000000  c_w.l(_printf_percent.o)
    0x08000234   0x08000234   0x00000006   Code   RO          590    .ARM.Collect$$_printf_percent$$00000001  c_w.l(_printf_n.o)
    0x0800023a   0x0800023a   0x00000006   Code   RO          592    .ARM.Collect$$_printf_percent$$00000002  c_w.l(_printf_p.o)
    0x08000240   0x08000240   0x00000006   Code   RO          597    .ARM.Collect$$_printf_percent$$00000003  c_w.l(_printf_f.o)
    0x08000246   0x08000246   0x00000006   Code   RO          598    .ARM.Collect$$_printf_percent$$00000004  c_w.l(_printf_e.o)
    0x0800024c   0x0800024c   0x00000006   Code   RO          599    .ARM.Collect$$_printf_percent$$00000005  c_w.l(_printf_g.o)
    0x08000252   0x08000252   0x00000006   Code   RO          600    .ARM.Collect$$_printf_percent$$00000006  c_w.l(_printf_a.o)
    0x08000258   0x08000258   0x0000000a   Code   RO          605    .ARM.Collect$$_printf_percent$$00000007  c_w.l(_printf_ll.o)
    0x08000262   0x08000262   0x00000006   Code   RO          594    .ARM.Collect$$_printf_percent$$00000008  c_w.l(_printf_i.o)
    0x08000268   0x08000268   0x00000006   Code   RO          595    .ARM.Collect$$_printf_percent$$00000009  c_w.l(_printf_d.o)
    0x0800026e   0x0800026e   0x00000006   Code   RO          596    .ARM.Collect$$_printf_percent$$0000000A  c_w.l(_printf_u.o)
    0x08000274   0x08000274   0x00000006   Code   RO          593    .ARM.Collect$$_printf_percent$$0000000B  c_w.l(_printf_o.o)
    0x0800027a   0x0800027a   0x00000006   Code   RO          591    .ARM.Collect$$_printf_percent$$0000000C  c_w.l(_printf_x.o)
    0x08000280   0x08000280   0x00000006   Code   RO          602    .ARM.Collect$$_printf_percent$$0000000D  c_w.l(_printf_lli.o)
    0x08000286   0x08000286   0x00000006   Code   RO          603    .ARM.Collect$$_printf_percent$$0000000E  c_w.l(_printf_lld.o)
    0x0800028c   0x0800028c   0x00000006   Code   RO          604    .ARM.Collect$$_printf_percent$$0000000F  c_w.l(_printf_llu.o)
    0x08000292   0x08000292   0x00000006   Code   RO          609    .ARM.Collect$$_printf_percent$$00000010  c_w.l(_printf_llo.o)
    0x08000298   0x08000298   0x00000006   Code   RO          610    .ARM.Collect$$_printf_percent$$00000011  c_w.l(_printf_llx.o)
    0x0800029e   0x0800029e   0x0000000a   Code   RO          606    .ARM.Collect$$_printf_percent$$00000012  c_w.l(_printf_l.o)
    0x080002a8   0x080002a8   0x00000006   Code   RO          588    .ARM.Collect$$_printf_percent$$00000013  c_w.l(_printf_c.o)
    0x080002ae   0x080002ae   0x00000006   Code   RO          589    .ARM.Collect$$_printf_percent$$00000014  c_w.l(_printf_s.o)
    0x080002b4   0x080002b4   0x00000006   Code   RO          607    .ARM.Collect$$_printf_percent$$00000015  c_w.l(_printf_lc.o)
    0x080002ba   0x080002ba   0x00000006   Code   RO          608    .ARM.Collect$$_printf_percent$$00000016  c_w.l(_printf_ls.o)
    0x080002c0   0x080002c0   0x00000004   Code   RO          651    .ARM.Collect$$_printf_percent$$00000017  c_w.l(_printf_percent_end.o)
    0x080002c4   0x080002c4   0x00000002   Code   RO          702    .ARM.Collect$$libinit$$00000000  c_w.l(libinit.o)
    0x080002c6   0x080002c6   0x00000004   Code   RO          720    .ARM.Collect$$libinit$$00000001  c_w.l(libinit2.o)
    0x080002ca   0x080002ca   0x00000000   Code   RO          723    .ARM.Collect$$libinit$$00000004  c_w.l(libinit2.o)
    0x080002ca   0x080002ca   0x00000000   Code   RO          725    .ARM.Collect$$libinit$$00000006  c_w.l(libinit2.o)
    0x080002ca   0x080002ca   0x00000000   Code   RO          728    .ARM.Collect$$libinit$$0000000C  c_w.l(libinit2.o)
    0x080002ca   0x080002ca   0x00000000   Code   RO          730    .ARM.Collect$$libinit$$0000000E  c_w.l(libinit2.o)
    0x080002ca   0x080002ca   0x00000000   Code   RO          732    .ARM.Collect$$libinit$$00000010  c_w.l(libinit2.o)
    0x080002ca   0x080002ca   0x00000006   Code   RO          733    .ARM.Collect$$libinit$$00000011  c_w.l(libinit2.o)
    0x080002d0   0x080002d0   0x00000000   Code   RO          735    .ARM.Collect$$libinit$$00000013  c_w.l(libinit2.o)
    0x080002d0   0x080002d0   0x0000000c   Code   RO          736    .ARM.Collect$$libinit$$00000014  c_w.l(libinit2.o)
    0x080002dc   0x080002dc   0x00000000   Code   RO          737    .ARM.Collect$$libinit$$00000015  c_w.l(libinit2.o)
    0x080002dc   0x080002dc   0x00000000   Code   RO          739    .ARM.Collect$$libinit$$00000017  c_w.l(libinit2.o)
    0x080002dc   0x080002dc   0x0000000a   Code   RO          740    .ARM.Collect$$libinit$$00000018  c_w.l(libinit2.o)
    0x080002e6   0x080002e6   0x00000000   Code   RO          741    .ARM.Collect$$libinit$$00000019  c_w.l(libinit2.o)
    0x080002e6   0x080002e6   0x00000000   Code   RO          743    .ARM.Collect$$libinit$$0000001B  c_w.l(libinit2.o)
    0x080002e6   0x080002e6   0x00000000   Code   RO          745    .ARM.Collect$$libinit$$0000001D  c_w.l(libinit2.o)
    0x080002e6   0x080002e6   0x00000000   Code   RO          747    .ARM.Collect$$libinit$$0000001F  c_w.l(libinit2.o)
    0x080002e6   0x080002e6   0x00000000   Code   RO          749    .ARM.Collect$$libinit$$00000021  c_w.l(libinit2.o)
    0x080002e6   0x080002e6   0x00000000   Code   RO          751    .ARM.Collect$$libinit$$00000023  c_w.l(libinit2.o)
    0x080002e6   0x080002e6   0x00000000   Code   RO          753    .ARM.Collect$$libinit$$00000025  c_w.l(libinit2.o)
    0x080002e6   0x080002e6   0x00000000   Code   RO          755    .ARM.Collect$$libinit$$00000027  c_w.l(libinit2.o)
    0x080002e6   0x080002e6   0x00000000   Code   RO          759    .ARM.Collect$$libinit$$0000002E  c_w.l(libinit2.o)
    0x080002e6   0x080002e6   0x00000000   Code   RO          761    .ARM.Collect$$libinit$$00000030  c_w.l(libinit2.o)
    0x080002e6   0x080002e6   0x00000000   Code   RO          763    .ARM.Collect$$libinit$$00000032  c_w.l(libinit2.o)
    0x080002e6   0x080002e6   0x00000000   Code   RO          765    .ARM.Collect$$libinit$$00000034  c_w.l(libinit2.o)
    0x080002e6   0x080002e6   0x00000002   Code   RO          766    .ARM.Collect$$libinit$$00000035  c_w.l(libinit2.o)
    0x080002e8   0x080002e8   0x00000002   Code   RO          790    .ARM.Collect$$libshutdown$$00000000  c_w.l(libshutdown.o)
    0x080002ea   0x080002ea   0x00000000   Code   RO          805    .ARM.Collect$$libshutdown$$00000002  c_w.l(libshutdown2.o)
    0x080002ea   0x080002ea   0x00000000   Code   RO          807    .ARM.Collect$$libshutdown$$00000004  c_w.l(libshutdown2.o)
    0x080002ea   0x080002ea   0x00000000   Code   RO          810    .ARM.Collect$$libshutdown$$00000007  c_w.l(libshutdown2.o)
    0x080002ea   0x080002ea   0x00000000   Code   RO          813    .ARM.Collect$$libshutdown$$0000000A  c_w.l(libshutdown2.o)
    0x080002ea   0x080002ea   0x00000000   Code   RO          815    .ARM.Collect$$libshutdown$$0000000C  c_w.l(libshutdown2.o)
    0x080002ea   0x080002ea   0x00000000   Code   RO          818    .ARM.Collect$$libshutdown$$0000000F  c_w.l(libshutdown2.o)
    0x080002ea   0x080002ea   0x00000002   Code   RO          819    .ARM.Collect$$libshutdown$$00000010  c_w.l(libshutdown2.o)
    0x080002ec   0x080002ec   0x00000000   Code   RO          519    .ARM.Collect$$rtentry$$00000000  c_w.l(__rtentry.o)
    0x080002ec   0x080002ec   0x00000000   Code   RO          620    .ARM.Collect$$rtentry$$00000002  c_w.l(__rtentry2.o)
    0x080002ec   0x080002ec   0x00000006   Code   RO          632    .ARM.Collect$$rtentry$$00000004  c_w.l(__rtentry4.o)
    0x080002f2   0x080002f2   0x00000000   Code   RO          622    .ARM.Collect$$rtentry$$00000009  c_w.l(__rtentry2.o)
    0x080002f2   0x080002f2   0x00000004   Code   RO          623    .ARM.Collect$$rtentry$$0000000A  c_w.l(__rtentry2.o)
    0x080002f6   0x080002f6   0x00000000   Code   RO          625    .ARM.Collect$$rtentry$$0000000C  c_w.l(__rtentry2.o)
    0x080002f6   0x080002f6   0x00000008   Code   RO          626    .ARM.Collect$$rtentry$$0000000D  c_w.l(__rtentry2.o)
    0x080002fe   0x080002fe   0x00000002   Code   RO          711    .ARM.Collect$$rtexit$$00000000  c_w.l(rtexit.o)
    0x08000300   0x08000300   0x00000000   Code   RO          768    .ARM.Collect$$rtexit$$00000002  c_w.l(rtexit2.o)
    0x08000300   0x08000300   0x00000004   Code   RO          769    .ARM.Collect$$rtexit$$00000003  c_w.l(rtexit2.o)
    0x08000304   0x08000304   0x00000006   Code   RO          770    .ARM.Collect$$rtexit$$00000004  c_w.l(rtexit2.o)
    0x0800030a   0x0800030a   0x00000002   PAD
    0x0800030c   0x0800030c   0x00000040   Code   RO          491    .text               startup_stm32f401xc.o
    0x0800034c   0x0800034c   0x0000002c   Code   RO          513    .text               c_w.l(sprintf.o)
    0x08000378   0x08000378   0x00000006   Code   RO          515    .text               c_w.l(heapauxi.o)
    0x0800037e   0x0800037e   0x0000004e   Code   RO          522    .text               c_w.l(_printf_pad.o)
    0x080003cc   0x080003cc   0x00000024   Code   RO          524    .text               c_w.l(_printf_truncate.o)
    0x080003f0   0x080003f0   0x00000052   Code   RO          526    .text               c_w.l(_printf_str.o)
    0x08000442   0x08000442   0x00000002   PAD
    0x08000444   0x08000444   0x00000078   Code   RO          528    .text               c_w.l(_printf_dec.o)
    0x080004bc   0x080004bc   0x00000028   Code   RO          530    .text               c_w.l(_printf_charcount.o)
    0x080004e4   0x080004e4   0x00000030   Code   RO          532    .text               c_w.l(_printf_char_common.o)
    0x08000514   0x08000514   0x0000000a   Code   RO          534    .text               c_w.l(_sputc.o)
    0x0800051e   0x0800051e   0x00000002   PAD
    0x08000520   0x08000520   0x000000bc   Code   RO          536    .text               c_w.l(_printf_wctomb.o)
    0x080005dc   0x080005dc   0x0000007c   Code   RO          539    .text               c_w.l(_printf_longlong_dec.o)
    0x08000658   0x08000658   0x00000070   Code   RO          545    .text               c_w.l(_printf_oct_int_ll.o)
    0x080006c8   0x080006c8   0x00000094   Code   RO          565    .text               c_w.l(_printf_hex_int_ll_ptr.o)
    0x0800075c   0x0800075c   0x00000188   Code   RO          585    .text               c_w.l(__printf_flags_ss_wp.o)
    0x080008e4   0x080008e4   0x0000008a   Code   RO          634    .text               c_w.l(lludiv10.o)
    0x0800096e   0x0800096e   0x000000b2   Code   RO          636    .text               c_w.l(_printf_intcommon.o)
    0x08000a20   0x08000a20   0x0000041c   Code   RO          638    .text               c_w.l(_printf_fp_dec.o)
    0x08000e3c   0x08000e3c   0x000002fc   Code   RO          642    .text               c_w.l(_printf_fp_hex.o)
    0x08001138   0x08001138   0x0000002c   Code   RO          647    .text               c_w.l(_printf_char.o)
    0x08001164   0x08001164   0x0000002c   Code   RO          649    .text               c_w.l(_printf_wchar.o)
    0x08001190   0x08001190   0x00000048   Code   RO          652    .text               c_w.l(_c16rtomb.o)
    0x080011d8   0x080011d8   0x0000004a   Code   RO          654    .text               c_w.l(sys_stackheap_outer.o)
    0x08001222   0x08001222   0x00000002   PAD
    0x08001224   0x08001224   0x00000010   Code   RO          656    .text               c_w.l(rt_ctype_table.o)
    0x08001234   0x08001234   0x00000008   Code   RO          661    .text               c_w.l(rt_locale_intlibspace.o)
    0x0800123c   0x0800123c   0x00000080   Code   RO          663    .text               c_w.l(_printf_fp_infnan.o)
    0x080012bc   0x080012bc   0x000000e4   Code   RO          665    .text               c_w.l(bigflt0.o)
    0x080013a0   0x080013a0   0x00000012   Code   RO          695    .text               c_w.l(exit.o)
    0x080013b2   0x080013b2   0x00000002   PAD
    0x080013b4   0x080013b4   0x00000008   Code   RO          708    .text               c_w.l(libspace.o)
    0x080013bc   0x080013bc   0x00000004   PAD
    0x080013c0   0x080013c0   0x0000007c   Code   RO          718    .text               c_w.l(strcmpv7em.o)
    0x0800143c   0x0800143c   0x0000000c   Code   RO          780    .text               c_w.l(sys_exit.o)
    0x08001448   0x08001448   0x00000002   Code   RO          795    .text               c_w.l(use_no_semi.o)
    0x0800144a   0x0800144a   0x00000000   Code   RO          797    .text               c_w.l(indicate_semi.o)
    0x0800144a   0x0800144a   0x00000002   PAD
    0x0800144c   0x0800144c   0x00000078   Code   RO          377    .text.App_Main_Loop  app.o
    0x080014c4   0x080014c4   0x00000066   Code   RO          375    .text.App_Setup     app.o
    0x0800152a   0x0800152a   0x00000002   PAD
    0x0800152c   0x0800152c   0x0000000e   Code   RO           72    .text.Debug_Counter_Reset  debug.o
    0x0800153a   0x0800153a   0x00000002   PAD
    0x0800153c   0x0800153c   0x000000ac   Code   RO           54    .text.Debug_GPIO_Init  debug.o
    0x080015e8   0x080015e8   0x0000000e   Code   RO           76    .text.Debug_Get_Buf_Index  debug.o
    0x080015f6   0x080015f6   0x00000002   PAD
    0x080015f8   0x080015f8   0x0000001c   Code   RO          162    .text.Debug_Init    debug.o
    0x08001614   0x08001614   0x000000d8   Code   RO           56    .text.Debug_Reg_Init  debug.o
    0x080016ec   0x080016ec   0x00000016   Code   RO           80    .text.Debug_Rx_Byte  debug.o
    0x08001702   0x08001702   0x00000002   PAD
    0x08001704   0x08001704   0x00000098   Code   RO           52    .text.Debug_Struct_Init  debug.o
    0x0800179c   0x0800179c   0x00000020   Code   RO           66    .text.Debug_Timer_Disable  debug.o
    0x080017bc   0x080017bc   0x00000020   Code   RO           64    .text.Debug_Timer_Enable  debug.o
    0x080017dc   0x080017dc   0x00000088   Code   RO           62    .text.Debug_Timer_Init  debug.o
    0x08001864   0x08001864   0x000000dc   Code   RO           11    .text.GPIO_EnableClock  gpio.o
    0x08001940   0x08001940   0x000000b8   Code   RO           13    .text.GPIO_Init     gpio.o
    0x080019f8   0x080019f8   0x0000001e   Code   RO           19    .text.GPIO_TogglePin  gpio.o
    0x08001a16   0x08001a16   0x00000002   PAD
    0x08001a18   0x08001a18   0x000000f8   Code   RO          398    .text.I2C1_Bus_Recovery_GPIO  i2c1.o
    0x08001b10   0x08001b10   0x000000c4   Code   RO          388    .text.I2C1_GPIO_Init  i2c1.o
    0x08001bd4   0x08001bd4   0x00000014   Code   RO          428    .text.I2C1_Init     i2c1.o
    0x08001be8   0x08001be8   0x00000020   Code   RO          394    .text.I2C1_Recover_Bus  i2c1.o
    0x08001c08   0x08001c08   0x000000aa   Code   RO          390    .text.I2C1_Reg_Init  i2c1.o
    0x08001cb2   0x08001cb2   0x00000002   PAD
    0x08001cb4   0x08001cb4   0x00000044   Code   RO          396    .text.I2C1_SWRST_Reset  i2c1.o
    0x08001cf8   0x08001cf8   0x000000ac   Code   RO          400    .text.I2C1_Send_Addr  i2c1.o
    0x08001da4   0x08001da4   0x000000b0   Code   RO          392    .text.I2C1_Start    i2c1.o
    0x08001e54   0x08001e54   0x00000086   Code   RO          402    .text.I2C1_Stop     i2c1.o
    0x08001eda   0x08001eda   0x00000002   PAD
    0x08001edc   0x08001edc   0x0000008a   Code   RO          404    .text.I2C1_Write_Data  i2c1.o
    0x08001f66   0x08001f66   0x00000002   PAD
    0x08001f68   0x08001f68   0x0000002e   Code   RO          444    .text.OLED_Clear    oled.o
    0x08001f96   0x08001f96   0x00000002   PAD
    0x08001f98   0x08001f98   0x0000007c   Code   RO          452    .text.OLED_Draw_Char  oled.o
    0x08002014   0x08002014   0x00000120   Code   RO          470    .text.OLED_Draw_Int  oled.o
    0x08002134   0x08002134   0x0000005a   Code   RO          454    .text.OLED_Draw_String  oled.o
    0x0800218e   0x0800218e   0x00000002   PAD
    0x08002190   0x08002190   0x000000aa   Code   RO          442    .text.OLED_Init     oled.o
    0x0800223a   0x0800223a   0x00000002   PAD
    0x0800223c   0x0800223c   0x00000038   Code   RO          438    .text.OLED_Send_Command  oled.o
    0x08002274   0x08002274   0x00000062   Code   RO          440    .text.OLED_Send_Data  oled.o
    0x080022d6   0x080022d6   0x00000002   PAD
    0x080022d8   0x080022d8   0x00000056   Code   RO          446    .text.OLED_Update   oled.o
    0x0800232e   0x0800232e   0x00000002   PAD
    0x08002330   0x08002330   0x000000c8   Code   RO          448    .text.OLED_Update_Partial  oled.o
    0x080023f8   0x080023f8   0x00000034   Code   RO           38    .text.RCC_Get_APB1_Clock  rcc.o
    0x0800242c   0x0800242c   0x00000034   Code   RO           40    .text.RCC_Get_APB2_Clock  rcc.o
    0x08002460   0x08002460   0x00000034   Code   RO           36    .text.RCC_Get_HCLK  rcc.o
    0x08002494   0x08002494   0x000000d4   Code   RO           34    .text.RCC_Get_SYS_CLK  rcc.o
    0x08002568   0x08002568   0x000000b2   Code   RO           30    .text.RCC_HSE_Clock_Config  rcc.o
    0x0800261a   0x0800261a   0x00000002   PAD
    0x0800261c   0x0800261c   0x00000068   Code   RO           32    .text.RCC_LSE_Clock_Config  rcc.o
    0x08002684   0x08002684   0x00000012   Code   RO          498    .text.SystemInit    system_stm32f4xx.o
    0x08002696   0x08002696   0x00000002   PAD
    0x08002698   0x08002698   0x00000018   Code   RO          186    .text.TIM1_TRG_COM_TIM11_IRQHandler  timebase.o
    0x080026b0   0x080026b0   0x00000056   Code   RO           74    .text.TIM1_UP_TIM10_IRQHandler  debug.o
    0x08002706   0x08002706   0x00000002   PAD
    0x08002708   0x08002708   0x00000004   Code   RO          184    .text.Timebase_Atomic_Operation_End  timebase.o
    0x0800270c   0x0800270c   0x00000004   Code   RO          182    .text.Timebase_Atomic_Operation_Start  timebase.o
    0x08002710   0x08002710   0x0000002c   Code   RO          314    .text.Timebase_DownCounter_Clear_Period_Flag  timebase.o
    0x0800273c   0x0800273c   0x00000024   Code   RO          302    .text.Timebase_DownCounter_Get_EndValue  timebase.o
    0x08002760   0x08002760   0x00000024   Code   RO          316    .text.Timebase_DownCounter_Get_ReloadValue  timebase.o
    0x08002784   0x08002784   0x00000028   Code   RO          294    .text.Timebase_DownCounter_Get_Status  timebase.o
    0x080027ac   0x080027ac   0x00000024   Code   RO          298    .text.Timebase_DownCounter_Get_Value  timebase.o
    0x080027d0   0x080027d0   0x0000003e   Code   RO          320    .text.Timebase_DownCounter_Reset  timebase.o
    0x0800280e   0x0800280e   0x00000002   PAD
    0x08002810   0x08002810   0x00000030   Code   RO          352    .text.Timebase_DownCounter_Reset_All  timebase.o
    0x08002840   0x08002840   0x00000014   Code   RO          262    .text.Timebase_DownCounter_SS_Clear_All_Flags  timebase.o
    0x08002854   0x08002854   0x0000002c   Code   RO          254    .text.Timebase_DownCounter_SS_Clear_Period_Flag  timebase.o
    0x08002880   0x08002880   0x0000004a   Code   RO          280    .text.Timebase_DownCounter_SS_Continuous_Expired_Event  timebase.o
    0x080028ca   0x080028ca   0x00000002   PAD
    0x080028cc   0x080028cc   0x00000022   Code   RO          238    .text.Timebase_DownCounter_SS_Get_EndValueSec  timebase.o
    0x080028ee   0x080028ee   0x00000002   PAD
    0x080028f0   0x080028f0   0x00000022   Code   RO          240    .text.Timebase_DownCounter_SS_Get_EndValueSubSec  timebase.o
    0x08002912   0x08002912   0x00000002   PAD
    0x08002914   0x08002914   0x00000022   Code   RO          256    .text.Timebase_DownCounter_SS_Get_ReloadValue  timebase.o
    0x08002936   0x08002936   0x00000002   PAD
    0x08002938   0x08002938   0x00000028   Code   RO          230    .text.Timebase_DownCounter_SS_Get_Status  timebase.o
    0x08002960   0x08002960   0x00000022   Code   RO          234    .text.Timebase_DownCounter_SS_Get_Value  timebase.o
    0x08002982   0x08002982   0x00000002   PAD
    0x08002984   0x08002984   0x00000048   Code   RO          260    .text.Timebase_DownCounter_SS_Reset  timebase.o
    0x080029cc   0x080029cc   0x00000030   Code   RO          292    .text.Timebase_DownCounter_SS_Reset_All  timebase.o
    0x080029fc   0x080029fc   0x00000026   Code   RO          242    .text.Timebase_DownCounter_SS_Set_EndValueSec  timebase.o
    0x08002a22   0x08002a22   0x00000002   PAD
    0x08002a24   0x08002a24   0x00000026   Code   RO          244    .text.Timebase_DownCounter_SS_Set_EndValueSubSec  timebase.o
    0x08002a4a   0x08002a4a   0x00000002   PAD
    0x08002a4c   0x08002a4c   0x00000026   Code   RO          258    .text.Timebase_DownCounter_SS_Set_ReloadValue  timebase.o
    0x08002a72   0x08002a72   0x00000002   PAD
    0x08002a74   0x08002a74   0x000000ba   Code   RO          268    .text.Timebase_DownCounter_SS_Set_Securely  timebase.o
    0x08002b2e   0x08002b2e   0x00000002   PAD
    0x08002b30   0x08002b30   0x0000003c   Code   RO          232    .text.Timebase_DownCounter_SS_Set_Status  timebase.o
    0x08002b6c   0x08002b6c   0x00000026   Code   RO          236    .text.Timebase_DownCounter_SS_Set_Value  timebase.o
    0x08002b92   0x08002b92   0x00000002   PAD
    0x08002b94   0x08002b94   0x00000026   Code   RO          264    .text.Timebase_DownCounter_SS_Start  timebase.o
    0x08002bba   0x08002bba   0x00000002   PAD
    0x08002bbc   0x08002bbc   0x00000106   Code   RO          272    .text.Timebase_DownCounter_SS_Update  timebase.o
    0x08002cc2   0x08002cc2   0x00000002   PAD
    0x08002cc4   0x08002cc4   0x00000030   Code   RO          290    .text.Timebase_DownCounter_SS_Update_All  timebase.o
    0x08002cf4   0x08002cf4   0x00000028   Code   RO          304    .text.Timebase_DownCounter_Set_EndValue  timebase.o
    0x08002d1c   0x08002d1c   0x00000028   Code   RO          318    .text.Timebase_DownCounter_Set_ReloadValue  timebase.o
    0x08002d44   0x08002d44   0x0000003c   Code   RO          296    .text.Timebase_DownCounter_Set_Status  timebase.o
    0x08002d80   0x08002d80   0x00000028   Code   RO          300    .text.Timebase_DownCounter_Set_Value  timebase.o
    0x08002da8   0x08002da8   0x0000009c   Code   RO          332    .text.Timebase_DownCounter_Update  timebase.o
    0x08002e44   0x08002e44   0x00000030   Code   RO          350    .text.Timebase_DownCounter_Update_All  timebase.o
    0x08002e74   0x08002e74   0x0000005c   Code   RO          188    .text.Timebase_ISR_Executables  timebase.o
    0x08002ed0   0x08002ed0   0x0000001c   Code   RO          360    .text.Timebase_Init  timebase.o
    0x08002eec   0x08002eec   0x00000080   Code   RO          362    .text.Timebase_Main_Loop_Executables  timebase.o
    0x08002f6c   0x08002f6c   0x0000000c   Code   RO          356    .text.Timebase_Reset  timebase.o
    0x08002f78   0x08002f78   0x00000168   Code   RO          172    .text.Timebase_Struct_Init  timebase.o
    0x080030e0   0x080030e0   0x000000a4   Code   RO          174    .text.Timebase_Timer_Enable  timebase.o
    0x08003184   0x08003184   0x0000000e   Code   RO          198    .text.Timebase_Timer_Get_Seconds  timebase.o
    0x08003192   0x08003192   0x00000002   PAD
    0x08003194   0x08003194   0x0000000e   Code   RO          196    .text.Timebase_Timer_Get_SubSeconds  timebase.o
    0x080031a2   0x080031a2   0x00000002   PAD
    0x080031a4   0x080031a4   0x00000048   Code   RO          214    .text.Timebase_Timer_Sync_With_Shadow_Variables  timebase.o
    0x080031ec   0x080031ec   0x00000070   Code   RO           82    .text.USART2_IRQHandler  debug.o
    0x0800325c   0x0800325c   0x00000030   Code   RO           58    .text.__NVIC_EnableIRQ  debug.o
    0x0800328c   0x0800328c   0x00000030   Code   RO          178    .text.__NVIC_EnableIRQ  timebase.o
    0x080032bc   0x080032bc   0x00000042   Code   RO           60    .text.__NVIC_SetPriority  debug.o
    0x080032fe   0x080032fe   0x00000002   PAD
    0x08003300   0x08003300   0x00000042   Code   RO          176    .text.__NVIC_SetPriority  timebase.o
    0x08003342   0x08003342   0x00000002   PAD
    0x08003344   0x08003344   0x00000014   Code   RO            2    .text.main          main.o
    0x08003358   0x08003358   0x0000003e   Code   RO          668    CL$$btod_d2e        c_w.l(btod.o)
    0x08003396   0x08003396   0x00000046   Code   RO          670    CL$$btod_d2e_denorm_low  c_w.l(btod.o)
    0x080033dc   0x080033dc   0x00000060   Code   RO          669    CL$$btod_d2e_norm_op1  c_w.l(btod.o)
    0x0800343c   0x0800343c   0x00000338   Code   RO          678    CL$$btod_div_common  c_w.l(btod.o)
    0x08003774   0x08003774   0x000000dc   Code   RO          675    CL$$btod_e2e        c_w.l(btod.o)
    0x08003850   0x08003850   0x0000002a   Code   RO          672    CL$$btod_ediv       c_w.l(btod.o)
    0x0800387a   0x0800387a   0x0000002a   Code   RO          671    CL$$btod_emul       c_w.l(btod.o)
    0x080038a4   0x080038a4   0x00000244   Code   RO          677    CL$$btod_mult_common  c_w.l(btod.o)
    0x08003ae8   0x08003ae8   0x00000030   Code   RO          706    i.__ARM_fpclassify  m_wm.l(fpclassify.o)
    0x08003b18   0x08003b18   0x0000000e   Code   RO          578    i._is_digit         c_w.l(__printf_wp.o)
    0x08003b26   0x08003b26   0x00000002   PAD
    0x08003b28   0x08003b28   0x0000002c   Code   RO          693    locale$$code        c_w.l(lc_numeric_c.o)
    0x08003b54   0x08003b54   0x0000002c   Code   RO          716    locale$$code        c_w.l(lc_ctype_c.o)
    0x08003b80   0x08003b80   0x0000001a   Code   RO          778    x$fpl$fpinit        fz_wm.l(fpinit.o)
    0x08003b9a   0x08003b9a   0x00000004   Code   RO          611    x$fpl$printf1       fz_wm.l(printf1.o)
    0x08003b9e   0x08003b9e   0x00000004   Code   RO          613    x$fpl$printf2       fz_wm.l(printf2.o)
    0x08003ba2   0x08003ba2   0x00000000   Code   RO          705    x$fpl$usenofp       fz_wm.l(usenofp.o)
    0x08003ba2   0x08003ba2   0x00000002   PAD
    0x08003ba4   0x08003ba4   0x00000008   Data   RO          537    .constdata          c_w.l(_printf_wctomb.o)
    0x08003bac   0x08003bac   0x00000028   Data   RO          566    .constdata          c_w.l(_printf_hex_int_ll_ptr.o)
    0x08003bd4   0x08003bd4   0x00000011   Data   RO          586    .constdata          c_w.l(__printf_flags_ss_wp.o)
    0x08003be5   0x08003be5   0x00000026   Data   RO          643    .constdata          c_w.l(_printf_fp_hex.o)
    0x08003c0b   0x08003c0b   0x00000001   PAD
    0x08003c0c   0x08003c0c   0x00000094   Data   RO          666    .constdata          c_w.l(bigflt0.o)
    0x08003ca0   0x08003ca0   0x000001e0   Data   RO          483    .rodata.Font5x7_data  font5x7_data.o
    0x08003e80   0x08003e80   0x00000008   Data   RO           43    .rodata.RCC_Get_APB1_Clock.apb_presc_table  rcc.o
    0x08003e88   0x08003e88   0x00000008   Data   RO           44    .rodata.RCC_Get_APB2_Clock.apb_presc_table  rcc.o
    0x08003e90   0x08003e90   0x00000010   Data   RO           42    .rodata.RCC_Get_HCLK.ahb_presc_table  rcc.o
    0x08003ea0   0x08003ea0   0x00000040   Data   RO          475    .rodata.str1.1      oled.o
    0x08003ee0   0x08003ee0   0x00000020   Data   RO          853    Region$$Table       anon$$obj.o
    0x08003f00   0x08003f00   0x0000001c   Data   RO          692    locale$$data        c_w.l(lc_numeric_c.o)
    0x08003f1c   0x08003f1c   0x00000110   Data   RO          715    locale$$data        c_w.l(lc_ctype_c.o)


    Execution Region RW_IRAM1 (Exec base: 0x20000000, Load base: 0x08004030, Size: 0x00000e18, Max: 0x00010000, ABSOLUTE)

    Exec Addr    Load Addr    Size         Type   Attr      Idx    E Section Name        Object

    0x20000000   0x08004030   0x00000004   Data   RW          380    .data.counter       app.o
    0x20000004   0x08004034   0x00000004   PAD
    0x20000008        -       0x00000060   Zero   RW          709    .bss                c_w.l(libspace.o)
    0x20000068        -       0x0000008d   Zero   RW          164    .bss.Debug          debug.o
    0x200000f5        -       0x00000400   Zero   RW          474    .bss.OLED_Buffer    oled.o
    0x200004f5   0x08004034   0x00000003   PAD
    0x200004f8        -       0x00000004   Zero   RW          367    .bss.Timebase       timebase.o
    0x200004fc        -       0x00000318   Zero   RW          366    .bss.Timebase_type  timebase.o
    0x20000814   0x08004034   0x00000004   PAD
    0x20000818        -       0x00000200   Zero   RW          489    HEAP                startup_stm32f401xc.o
    0x20000a18        -       0x00000400   Zero   RW          488    STACK               startup_stm32f401xc.o


==============================================================================

Image component sizes


      Code (inc. data)   RO Data    RW Data    ZI Data      Debug   Object Name

       222          0          0          4          0       1605   app.o
      1130          0          0          0        141      13114   debug.o
         0          0        480          0          0        555   font5x7_data.o
       434          0          0          0          0       3306   gpio.o
      1354          0          0          0          0       7015   i2c1.o
        20          0          0          0          0        423   main.o
      1158         10         64          0       1024       5524   oled.o
       650          0         32          0          0       3106   rcc.o
        64         26        404          0       1536        952   startup_stm32f401xc.o
        18          0          0          0          0       2875   system_stm32f4xx.o
      2896          0          0          0        796      22469   timebase.o

    ----------------------------------------------------------------------
      8012         36       1012          4       3508      60944   Object Totals
         0          0         32          0          0          0   (incl. Generated)
        66          0          0          0         11          0   (incl. Padding)

    ----------------------------------------------------------------------

      Code (inc. data)   RO Data    RW Data    ZI Data      Debug   Library Member Name

         8          0          0          0          0         68   __main.o
       392          4         17          0          0         92   __printf_flags_ss_wp.o
        14          0          0          0          0         68   __printf_wp.o
         0          0          0          0          0          0   __rtentry.o
        12          0          0          0          0          0   __rtentry2.o
         6          0          0          0          0          0   __rtentry4.o
        94          8          0          0          0          0   __scatter.o
        26          0          0          0          0          0   __scatter_copy.o
        28          0          0          0          0          0   __scatter_zi.o
        72          0          0          0          0         96   _c16rtomb.o
         6          0          0          0          0          0   _printf_a.o
         6          0          0          0          0          0   _printf_c.o
        44          0          0          0          0        108   _printf_char.o
        48          6          0          0          0         96   _printf_char_common.o
        40          0          0          0          0         68   _printf_charcount.o
         6          0          0          0          0          0   _printf_d.o
       120         16          0          0          0         92   _printf_dec.o
         6          0          0          0          0          0   _printf_e.o
         6          0          0          0          0          0   _printf_f.o
      1052          0          0          0          0        148   _printf_fp_dec.o
       764          8         38          0          0        100   _printf_fp_hex.o
       128         16          0          0          0         84   _printf_fp_infnan.o
         6          0          0          0          0          0   _printf_g.o
       148          4         40          0          0        160   _printf_hex_int_ll_ptr.o
         6          0          0          0          0          0   _printf_i.o
       178          0          0          0          0         88   _printf_intcommon.o
        10          0          0          0          0          0   _printf_l.o
         6          0          0          0          0          0   _printf_lc.o
        10          0          0          0          0          0   _printf_ll.o
         6          0          0          0          0          0   _printf_lld.o
         6          0          0          0          0          0   _printf_lli.o
         6          0          0          0          0          0   _printf_llo.o
         6          0          0          0          0          0   _printf_llu.o
         6          0          0          0          0          0   _printf_llx.o
       124         16          0          0          0         92   _printf_longlong_dec.o
         6          0          0          0          0          0   _printf_ls.o
         6          0          0          0          0          0   _printf_n.o
         6          0          0          0          0          0   _printf_o.o
       112          8          0          0          0        124   _printf_oct_int_ll.o
         6          0          0          0          0          0   _printf_p.o
        78          0          0          0          0        108   _printf_pad.o
         0          0          0          0          0          0   _printf_percent.o
         4          0          0          0          0          0   _printf_percent_end.o
         6          0          0          0          0          0   _printf_s.o
        82          0          0          0          0         80   _printf_str.o
        36          0          0          0          0         84   _printf_truncate.o
         6          0          0          0          0          0   _printf_u.o
        44          0          0          0          0        108   _printf_wchar.o
       188          6          8          0          0         92   _printf_wctomb.o
         6          0          0          0          0          0   _printf_x.o
        10          0          0          0          0         68   _sputc.o
       228          4        148          0          0         96   bigflt0.o
      1936        128          0          0          0        668   btod.o
        18          0          0          0          0         80   exit.o
         6          0          0          0          0        152   heapauxi.o
         0          0          0          0          0          0   indicate_semi.o
        44         10        272          0          0         76   lc_ctype_c.o
        44         10         28          0          0         76   lc_numeric_c.o
         2          0          0          0          0          0   libinit.o
        34          0          0          0          0          0   libinit2.o
         2          0          0          0          0          0   libshutdown.o
         2          0          0          0          0          0   libshutdown2.o
         8          4          0          0         96         68   libspace.o
       138          0          0          0          0         80   lludiv10.o
        16          4          0          0          0         76   rt_ctype_table.o
         8          4          0          0          0         68   rt_locale_intlibspace.o
         2          0          0          0          0          0   rtexit.o
        10          0          0          0          0          0   rtexit2.o
        44          6          0          0          0         84   sprintf.o
       124          0          0          0          0         88   strcmpv7em.o
        12          4          0          0          0         68   sys_exit.o
        74          0          0          0          0         80   sys_stackheap_outer.o
         2          0          0          0          0         68   use_no_semi.o
        26          0          0          0          0        116   fpinit.o
         4          0          0          0          0        116   printf1.o
         4          0          0          0          0        116   printf2.o
         0          0          0          0          0          0   usenofp.o
        48          0          0          0          0        124   fpclassify.o

    ----------------------------------------------------------------------
      6852        270        552          0         96       4324   Library Totals
        24          4          1          0          0          0   (incl. Padding)

    ----------------------------------------------------------------------

      Code (inc. data)   RO Data    RW Data    ZI Data      Debug   Library Name

      6746        266        551          0         96       3852   c_w.l
        34          0          0          0          0        348   fz_wm.l
        48          0          0          0          0        124   m_wm.l

    ----------------------------------------------------------------------
      6852        270        552          0         96       4324   Library Totals

    ----------------------------------------------------------------------

==============================================================================


      Code (inc. data)   RO Data    RW Data    ZI Data      Debug   

     14864        306       1564          4       3604      62948   Grand Totals
     14864        306       1564          4       3604      62948   ELF Image Totals
     14864        306       1564          4          0          0   ROM Totals

==============================================================================

    Total RO  Size (Code + RO Data)                16428 (  16.04kB)
    Total RW  Size (RW Data + ZI Data)              3608 (   3.52kB)
    Total ROM Size (Code + RO Data + RW Data)      16432 (  16.05kB)

==============================================================================

