Component: Arm Compiler for Embedded 6.24 Tool: armlink [5f371500]

==============================================================================

Section Cross References

    main.o(.text.main) refers to app.o(.text.App_Setup) for App_Setup
    main.o(.text.main) refers to app.o(.text.App_Main_Loop) for App_Main_Loop
    main.o(.ARM.exidx.text.main) refers to main.o(.text.main) for [Anonymous Symbol]
    gpio.o(.ARM.exidx.text.GPIO_EnableClock) refers to gpio.o(.text.GPIO_EnableClock) for [Anonymous Symbol]
    gpio.o(.ARM.exidx.text.GPIO_Init) refers to gpio.o(.text.GPIO_Init) for [Anonymous Symbol]
    gpio.o(.ARM.exidx.text.GPIO_SetPin) refers to gpio.o(.text.GPIO_SetPin) for [Anonymous Symbol]
    gpio.o(.ARM.exidx.text.GPIO_ResetPin) refers to gpio.o(.text.GPIO_ResetPin) for [Anonymous Symbol]
    gpio.o(.ARM.exidx.text.GPIO_TogglePin) refers to gpio.o(.text.GPIO_TogglePin) for [Anonymous Symbol]
    gpio.o(.ARM.exidx.text.GPIO_ReadPin) refers to gpio.o(.text.GPIO_ReadPin) for [Anonymous Symbol]
    rcc.o(.ARM.exidx.text.RCC_HSE_Clock_Config) refers to rcc.o(.text.RCC_HSE_Clock_Config) for [Anonymous Symbol]
    rcc.o(.ARM.exidx.text.RCC_LSE_Clock_Config) refers to rcc.o(.text.RCC_LSE_Clock_Config) for [Anonymous Symbol]
    rcc.o(.ARM.exidx.text.RCC_Get_SYS_CLK) refers to rcc.o(.text.RCC_Get_SYS_CLK) for [Anonymous Symbol]
    rcc.o(.text.RCC_Get_HCLK) refers to rcc.o(.text.RCC_Get_SYS_CLK) for RCC_Get_SYS_CLK
    rcc.o(.text.RCC_Get_HCLK) refers to rcc.o(.rodata.RCC_Get_HCLK.ahb_presc_table) for RCC_Get_HCLK.ahb_presc_table
    rcc.o(.ARM.exidx.text.RCC_Get_HCLK) refers to rcc.o(.text.RCC_Get_HCLK) for [Anonymous Symbol]
    rcc.o(.text.RCC_Get_APB1_Clock) refers to rcc.o(.text.RCC_Get_HCLK) for RCC_Get_HCLK
    rcc.o(.text.RCC_Get_APB1_Clock) refers to rcc.o(.rodata.RCC_Get_APB1_Clock.apb_presc_table) for RCC_Get_APB1_Clock.apb_presc_table
    rcc.o(.ARM.exidx.text.RCC_Get_APB1_Clock) refers to rcc.o(.text.RCC_Get_APB1_Clock) for [Anonymous Symbol]
    rcc.o(.text.RCC_Get_APB2_Clock) refers to rcc.o(.text.RCC_Get_HCLK) for RCC_Get_HCLK
    rcc.o(.text.RCC_Get_APB2_Clock) refers to rcc.o(.rodata.RCC_Get_APB2_Clock.apb_presc_table) for RCC_Get_APB2_Clock.apb_presc_table
    rcc.o(.ARM.exidx.text.RCC_Get_APB2_Clock) refers to rcc.o(.text.RCC_Get_APB2_Clock) for [Anonymous Symbol]
    debug.o(.text.Debug_Struct_Init) refers to debug.o(.bss.Debug) for Debug
    debug.o(.ARM.exidx.text.Debug_Struct_Init) refers to debug.o(.text.Debug_Struct_Init) for [Anonymous Symbol]
    debug.o(.ARM.exidx.text.Debug_GPIO_Init) refers to debug.o(.text.Debug_GPIO_Init) for [Anonymous Symbol]
    debug.o(.text.Debug_Reg_Init) refers to rcc.o(.text.RCC_Get_APB1_Clock) for RCC_Get_APB1_Clock
    debug.o(.text.Debug_Reg_Init) refers to debug.o(.text.__NVIC_EnableIRQ) for __NVIC_EnableIRQ
    debug.o(.text.Debug_Reg_Init) refers to debug.o(.text.__NVIC_SetPriority) for __NVIC_SetPriority
    debug.o(.ARM.exidx.text.Debug_Reg_Init) refers to debug.o(.text.Debug_Reg_Init) for [Anonymous Symbol]
    debug.o(.ARM.exidx.text.__NVIC_EnableIRQ) refers to debug.o(.text.__NVIC_EnableIRQ) for [Anonymous Symbol]
    debug.o(.ARM.exidx.text.__NVIC_SetPriority) refers to debug.o(.text.__NVIC_SetPriority) for [Anonymous Symbol]
    debug.o(.text.Debug_Timer_Init) refers to rcc.o(.text.RCC_Get_APB2_Clock) for RCC_Get_APB2_Clock
    debug.o(.text.Debug_Timer_Init) refers to debug.o(.text.__NVIC_EnableIRQ) for __NVIC_EnableIRQ
    debug.o(.text.Debug_Timer_Init) refers to debug.o(.text.__NVIC_SetPriority) for __NVIC_SetPriority
    debug.o(.ARM.exidx.text.Debug_Timer_Init) refers to debug.o(.text.Debug_Timer_Init) for [Anonymous Symbol]
    debug.o(.text.Debug_Timer_Enable) refers to debug.o(.bss.Debug) for Debug
    debug.o(.ARM.exidx.text.Debug_Timer_Enable) refers to debug.o(.text.Debug_Timer_Enable) for [Anonymous Symbol]
    debug.o(.text.Debug_Timer_Disable) refers to debug.o(.bss.Debug) for Debug
    debug.o(.ARM.exidx.text.Debug_Timer_Disable) refers to debug.o(.text.Debug_Timer_Disable) for [Anonymous Symbol]
    debug.o(.text.Debug_Get_Timer_Status) refers to debug.o(.bss.Debug) for Debug
    debug.o(.ARM.exidx.text.Debug_Get_Timer_Status) refers to debug.o(.text.Debug_Get_Timer_Status) for [Anonymous Symbol]
    debug.o(.ARM.exidx.text.Debug_Get_Counter_Val) refers to debug.o(.text.Debug_Get_Counter_Val) for [Anonymous Symbol]
    debug.o(.ARM.exidx.text.Debug_Counter_Reset) refers to debug.o(.text.Debug_Counter_Reset) for [Anonymous Symbol]
    debug.o(.text.TIM1_UP_TIM10_IRQHandler) refers to debug.o(.bss.Debug) for Debug
    debug.o(.text.TIM1_UP_TIM10_IRQHandler) refers to debug.o(.text.Debug_Timer_Disable) for Debug_Timer_Disable
    debug.o(.text.TIM1_UP_TIM10_IRQHandler) refers to debug.o(.text.Debug_Get_Buf_Index) for Debug_Get_Buf_Index
    debug.o(.ARM.exidx.text.TIM1_UP_TIM10_IRQHandler) refers to debug.o(.text.TIM1_UP_TIM10_IRQHandler) for [Anonymous Symbol]
[...]
    [Anonymous Symbol]                       0x08002c5c   Section        0  timebase.o(.text.Timebase_DownCounter_Get_Status)
    [Anonymous Symbol]                       0x08002c84   Section        0  timebase.o(.text.Timebase_DownCounter_Get_Value)
    [Anonymous Symbol]                       0x08002ca8   Section        0  timebase.o(.text.Timebase_DownCounter_Reset)
    [Anonymous Symbol]                       0x08002ce8   Section        0  timebase.o(.text.Timebase_DownCounter_Reset_All)
    [Anonymous Symbol]                       0x08002d18   Section        0  timebase.o(.text.Timebase_DownCounter_SS_Clear_All_Flags)
    [Anonymous Symbol]                       0x08002d2c   Section        0  timebase.o(.text.Timebase_DownCounter_SS_Clear_Period_Flag)
    [Anonymous Symbol]                       0x08002d58   Section        0  timebase.o(.text.Timebase_DownCounter_SS_Continuous_Expired_Event)
    [Anonymous Symbol]                       0x08002da4   Section        0  timebase.o(.text.Timebase_DownCounter_SS_Get_EndValueSec)
    [Anonymous Symbol]                       0x08002dc8   Section        0  timebase.o(.text.Timebase_DownCounter_SS_Get_EndValueSubSec)
    [Anonymous Symbol]                       0x08002dec   Section        0  timebase.o(.text.Timebase_DownCounter_SS_Get_ReloadValue)
    [Anonymous Symbol]                       0x08002e10   Section        0  timebase.o(.text.Timebase_DownCounter_SS_Get_Status)
    [Anonymous Symbol]                       0x08002e38   Section        0  timebase.o(.text.Timebase_DownCounter_SS_Get_Value)
    [Anonymous Symbol]                       0x08002e5c   Section        0  timebase.o(.text.Timebase_DownCounter_SS_Reset)
    [Anonymous Symbol]                       0x08002ea4   Section        0  timebase.o(.text.Timebase_DownCounter_SS_Reset_All)
    [Anonymous Symbol]                       0x08002ed4   Section        0  timebase.o(.text.Timebase_DownCounter_SS_Set_EndValueSec)
    [Anonymous Symbol]                       0x08002efc   Section        0  timebase.o(.text.Timebase_DownCounter_SS_Set_EndValueSubSec)
    [Anonymous Symbol]                       0x08002f24   Section        0  timebase.o(.text.Timebase_DownCounter_SS_Set_ReloadValue)
    [Anonymous Symbol]                       0x08002f4c   Section        0  timebase.o(.text.Timebase_DownCounter_SS_Set_Securely)
    [Anonymous Symbol]                       0x08003008   Section        0  timebase.o(.text.Timebase_DownCounter_SS_Set_Status)
    [Anonymous Symbol]                       0x08003044   Section        0  timebase.o(.text.Timebase_DownCounter_SS_Set_Value)
    [Anonymous Symbol]                       0x0800306c   Section        0  timebase.o(.text.Timebase_DownCounter_SS_Start)
    [Anonymous Symbol]                       0x08003094   Section        0  timebase.o(.text.Timebase_DownCounter_SS_Update)
    [Anonymous Symbol]                       0x0800319c   Section        0  timebase.o(.text.Timebase_DownCounter_SS_Update_All)
    [Anonymous Symbol]                       0x080031cc   Section        0  timebase.o(.text.Timebase_DownCounter_Set_EndValue)
    [Anonymous Symbol]                       0x080031f4   Section        0  timebase.o(.text.Timebase_DownCounter_Set_ReloadValue)
    [Anonymous Symbol]                       0x0800321c   Section        0  timebase.o(.text.Timebase_DownCounter_Set_Status)
    [Anonymous Symbol]                       0x08003258   Section        0  timebase.o(.text.Timebase_DownCounter_Set_Value)
    [Anonymous Symbol]                       0x08003280   Section        0  timebase.o(.text.Timebase_DownCounter_Update)
    [Anonymous Symbol]                       0x0800331c   Section        0  timebase.o(.text.Timebase_DownCounter_Update_All)
    [Anonymous Symbol]                       0x0800334c   Section        0  timebase.o(.text.Timebase_ISR_Executables)
    [Anonymous Symbol]                       0x080033a8   Section        0  timebase.o(.text.Timebase_Init)
    [Anonymous Symbol]                       0x080033c4   Section        0  timebase.o(.text.Timebase_Main_Loop_Executables)
    [Anonymous Symbol]                       0x08003444   Section        0  timebase.o(.text.Timebase_Reset)
    [Anonymous Symbol]                       0x08003450   Section        0  timebase.o(.text.Timebase_Struct_Init)
    [Anonymous Symbol]                       0x080035b8   Section        0  timebase.o(.text.Timebase_Timer_Enable)
    [Anonymous Symbol]                       0x0800365c   Section        0  timebase.o(.text.Timebase_Timer_Get_Seconds)
    [Anonymous Symbol]                       0x0800366c   Section        0  timebase.o(.text.Timebase_Timer_Get_SubSeconds)
    [Anonymous Symbol]                       0x0800367c   Section        0  timebase.o(.text.Timebase_Timer_Sync_With_Shadow_Variables)
    [Anonymous Symbol]                       0x080036c4   Section        0  debug.o(.text.USART2_IRQHandler)
    __NVIC_EnableIRQ                         0x08003735   Thumb Code    48  debug.o(.text.__NVIC_EnableIRQ)
    [Anonymous Symbol]                       0x08003734   Section        0  debug.o(.text.__NVIC_EnableIRQ)
    __NVIC_EnableIRQ                         0x08003765   Thumb Code    48  timebase.o(.text.__NVIC_EnableIRQ)
    [Anonymous Symbol]                       0x08003764   Section        0  timebase.o(.text.__NVIC_EnableIRQ)
    __NVIC_EnableIRQ                         0x08003795   Thumb Code    48  i2c1.o(.text.__NVIC_EnableIRQ)
    [Anonymous Symbol]                       0x08003794   Section        0  i2c1.o(.text.__NVIC_EnableIRQ)
    __NVIC_EnableIRQ                         0x080037c5   Thumb Code    48  oled.o(.text.__NVIC_EnableIRQ)
    [Anonymous Symbol]                       0x080037c4   Section        0  oled.o(.text.__NVIC_EnableIRQ)
    __NVIC_SetPriority                       0x080037f5   Thumb Code    66  debug.o(.text.__NVIC_SetPriority)
    [Anonymous Symbol]                       0x080037f4   Section        0  debug.o(.text.__NVIC_SetPriority)
    __NVIC_SetPriority                       0x08003839   Thumb Code    66  timebase.o(.text.__NVIC_SetPriority)
    [Anonymous Symbol]                       0x08003838   Section        0  timebase.o(.text.__NVIC_SetPriority)
    __NVIC_SetPriority                       0x0800387d   Thumb Code    66  i2c1.o(.text.__NVIC_SetPriority)
    [Anonymous Symbol]                       0x0800387c   Section        0  i2c1.o(.text.__NVIC_SetPriority)
    [Anonymous Symbol]                       0x080038c0   Section        0  app.o(.text.gfx_update)
    [Anonymous Symbol]                       0x08003974   Section        0  main.o(.text.main)
    CL$$btod_d2e                             0x08003988   Section       62  btod.o(CL$$btod_d2e)
    CL$$btod_d2e_denorm_low                  0x080039c6   Section       70  btod.o(CL$$btod_d2e_denorm_low)
    CL$$btod_d2e_norm_op1                    0x08003a0c   Section       96  btod.o(CL$$btod_d2e_norm_op1)
    CL$$btod_div_common                      0x08003a6c   Section      824  btod.o(CL$$btod_div_common)
    CL$$btod_e2e                             0x08003da4   Section      220  btod.o(CL$$btod_e2e)
    CL$$btod_ediv                            0x08003e80   Section       42  btod.o(CL$$btod_ediv)
    CL$$btod_emul                            0x08003eaa   Section       42  btod.o(CL$$btod_emul)
    CL$$btod_mult_common                     0x08003ed4   Section      580  btod.o(CL$$btod_mult_common)
    i.__ARM_fpclassify                       0x08004118   Section        0  fpclassify.o(i.__ARM_fpclassify)
    i._is_digit                              0x08004148   Section        0  __printf_wp.o(i._is_digit)
    locale$$code                             0x08004158   Section       44  lc_numeric_c.o(locale$$code)
    locale$$code                             0x08004184   Section       44  lc_ctype_c.o(locale$$code)
    $v0                                      0x080041b0   Number         0  fpinit.o(x$fpl$fpinit)
    x$fpl$fpinit                             0x080041b0   Section       26  fpinit.o(x$fpl$fpinit)
    $v0                                      0x080041ca   Number         0  printf1.o(x$fpl$printf1)
    x$fpl$printf1                            0x080041ca   Section        4  printf1.o(x$fpl$printf1)
    $v0                                      0x080041ce   Number         0  printf2.o(x$fpl$printf2)
    x$fpl$printf2                            0x080041ce   Section        4  printf2.o(x$fpl$printf2)
    x$fpl$usenofp                            0x080041d2   Section        0  usenofp.o(x$fpl$usenofp)
    initial_mbstate                          0x080041d4   Data           8  _printf_wctomb.o(.constdata)
    .constdata                               0x080041d4   Section        8  _printf_wctomb.o(.constdata)
    uc_hextab                                0x080041dc   Data          20  _printf_hex_int_ll_ptr.o(.constdata)
    .constdata                               0x080041dc   Section       40  _printf_hex_int_ll_ptr.o(.constdata)
    lc_hextab                                0x080041f0   Data          20  _printf_hex_int_ll_ptr.o(.constdata)
    maptable                                 0x08004204   Data          17  __printf_flags_ss_wp.o(.constdata)
    .constdata                               0x08004204   Section       17  __printf_flags_ss_wp.o(.constdata)
    lc_hextab                                0x08004215   Data          19  _printf_fp_hex.o(.constdata)
    .constdata                               0x08004215   Section       38  _printf_fp_hex.o(.constdata)
    uc_hextab                                0x08004228   Data          19  _printf_fp_hex.o(.constdata)
    tenpwrs_x                                0x0800423c   Data          60  bigflt0.o(.constdata)
    .constdata                               0x0800423c   Section      148  bigflt0.o(.constdata)
    tenpwrs_i                                0x08004278   Data          64  bigflt0.o(.constdata)
    RCC_Get_APB1_Clock.apb_presc_table       0x080044b0   Data           8  rcc.o(.rodata.RCC_Get_APB1_Clock.apb_presc_table)
    [Anonymous Symbol]                       0x080044b0   Section        0  rcc.o(.rodata.RCC_Get_APB1_Clock.apb_presc_table)
    RCC_Get_APB2_Clock.apb_presc_table       0x080044b8   Data           8  rcc.o(.rodata.RCC_Get_APB2_Clock.apb_presc_table)
    [Anonymous Symbol]                       0x080044b8   Section        0  rcc.o(.rodata.RCC_Get_APB2_Clock.apb_presc_table)
    RCC_Get_HCLK.ahb_presc_table             0x080044c0   Data          16  rcc.o(.rodata.RCC_Get_HCLK.ahb_presc_table)
    [Anonymous Symbol]                       0x080044c0   Section        0  rcc.o(.rodata.RCC_Get_HCLK.ahb_presc_table)
    .L.str.2                                 0x080044d0   Data           8  app.o(.rodata.str1.1)
    [Anonymous Symbol]                       0x080044d0   Section        0  app.o(.rodata.str1.1)
    .L.str                                   0x080044d8   Data           9  app.o(.rodata.str1.1)
    .L.str.3                                 0x080044e1   Data           8  app.o(.rodata.str1.1)
    .L.str.1                                 0x080044e9   Data           9  app.o(.rodata.str1.1)
    .L.str                                   0x080044f2   Data           4  oled.o(.rodata.str1.1)
    [Anonymous Symbol]                       0x080044f2   Section        0  oled.o(.rodata.str1.1)
    locale$$data                             0x08004508   Section       28  lc_numeric_c.o(locale$$data)
    __lcnum_c_name                           0x0800450c   Data           2  lc_numeric_c.o(locale$$data)
    __lcnum_c_start                          0x08004514   Data           0  lc_numeric_c.o(locale$$data)
    __lcnum_c_point                          0x08004520   Data           0  lc_numeric_c.o(locale$$data)
    __lcnum_c_thousands                      0x08004522   Data           0  lc_numeric_c.o(locale$$data)
    __lcnum_c_grouping                       0x08004523   Data           0  lc_numeric_c.o(locale$$data)
    __lcnum_c_end                            0x08004524   Data           0  lc_numeric_c.o(locale$$data)
    locale$$data                             0x08004524   Section      272  lc_ctype_c.o(locale$$data)
    __lcctype_c_name                         0x08004528   Data           2  lc_ctype_c.o(locale$$data)
    __lcctype_c_start                        0x08004530   Data           0  lc_ctype_c.o(locale$$data)
    __lcctype_c_end                          0x08004634   Data           0  lc_ctype_c.o(locale$$data)
    .bss                                     0x20000000   Section       96  libspace.o(.bss)
    App_Main_Loop.execution_time             0x20000060   Data           4  app.o(.bss.App_Main_Loop.execution_time)
    [Anonymous Symbol]                       0x20000060   Section        0  app.o(.bss.App_Main_Loop.execution_time)
    Heap_Mem                                 0x20000820   Data         512  startup_stm32f401xc.o(HEAP)
    HEAP                                     0x20000820   Section      512  startup_stm32f401xc.o(HEAP)
    Stack_Mem                                0x20000a20   Data        1024  startup_stm32f401xc.o(STACK)
    STACK                                    0x20000a20   Section     1024  startup_stm32f401xc.o(STACK)
    __initial_sp                             0x20000e20   Data           0  startup_stm32f401xc.o(STACK)

    Global Symbols

    Symbol Name                              Value     Ov Type        Size  Object(Section)

    BuildAttributes$$THM_ISAv4$E$P$D$K$B$S$7EM$VFPi3$EXTD16$VFPS$VFMA$PE$A:L22UL41UL21$X:L11$S22US41US21$IEEE1$IW$~IW$USESV6$~STKCKD$USESV7$~SHL$OTIME$ROPI$IEEEX$EBA8$UX$STANDARDLIB$REQ8$PRES8$EABIv2 0x00000000   Number         0  anon$$obj.o ABSOLUTE
    _printf_flags                            0x00000000   Number         0  printf_stubs.o ABSOLUTE
    _printf_return_value                     0x00000000   Number         0  printf_stubs.o ABSOLUTE
    _printf_sizespec                         0x00000000   Number         0  printf_stubs.o ABSOLUTE
    _printf_widthprec                        0x00000000   Number         0  printf_stubs.o ABSOLUTE
    __ARM_exceptions_init                     - Undefined Weak Reference
    __alloca_initialize                       - Undefined Weak Reference
    __arm_preinit_                            - Undefined Weak Reference
    __arm_relocate_pie_                       - Undefined Weak Reference
    __cpp_initialize__aeabi_                  - Undefined Weak Reference
    __cxa_finalize                            - Undefined Weak Reference
    __sigvec_lookup                           - Undefined Weak Reference
    _atexit_init                              - Undefined Weak Reference
    _call_atexit_fns                          - Undefined Weak Reference
    _clock_init                               - Undefined Weak Reference
    _fp_trap_init                             - Undefined Weak Reference
    _fp_trap_shutdown                         - Undefined Weak Reference
    _get_lc_collate                           - Undefined Weak Reference
    _get_lc_monetary                          - Undefined Weak Reference
    _get_lc_time                              - Undefined Weak Reference
    _getenv_init                              - Undefined Weak Reference
    _handle_redirection                       - Undefined Weak Reference
    _init_alloc                               - Undefined Weak Reference
    _init_user_alloc                          - Undefined Weak Reference
    _initio                                   - Undefined Weak Reference
    _printf_mbtowc                            - Undefined Weak Reference
    _printf_wc                                - Undefined Weak Reference
    _rand_init                                - Undefined Weak Reference
    _signal_finish                            - Undefined Weak Reference
    _signal_init                              - Undefined Weak Reference
    _terminate_alloc                          - Undefined Weak Reference
    _terminate_user_alloc                     - Undefined Weak Reference
    _terminateio                              - Undefined Weak Reference
    __Vectors_Size                           0x00000194   Number         0  startup_stm32f401xc.o ABSOLUTE
    __Vectors                                0x08000000   Data           4  startup_stm32f401xc.o(RESET)
    __Vectors_End                            0x08000194   Data           0  startup_stm32f401xc.o(RESET)
    __main                                   0x08000195   Thumb Code     8  __main.o(!!!main)
    __scatterload                            0x0800019d   Thumb Code     0  __scatter.o(!!!scatter)
    __scatterload_rt2                        0x0800019d   Thumb Code    84  __scatter.o(!!!scatter)
    __scatterload_rt2_thumb_only             0x0800019d   Thumb Code     0  __scatter.o(!!!scatter)
    __scatterload_loop                       0x080001a7   Thumb Code     0  __scatter.o(!!!scatter)
    __scatterload_null                       0x080001f9   Thumb Code     2  __scatter.o(!!handler_null)
    __scatterload_zeroinit                   0x080001fd   Thumb Code    28  __scatter_zi.o(!!handler_zi)
    _printf_n                                0x08000219   Thumb Code     0  _printf_n.o(.ARM.Collect$$_printf_percent$$00000001)
    _printf_percent                          0x08000219   Thumb Code     0  _printf_percent.o(.ARM.Collect$$_printf_percent$$00000000)
    _printf_p                                0x0800021f   Thumb Code     0  _printf_p.o(.ARM.Collect$$_printf_percent$$00000002)
    _printf_f                                0x08000225   Thumb Code     0  _printf_f.o(.ARM.Collect$$_printf_percent$$00000003)
    _printf_e                                0x0800022b   Thumb Code     0  _printf_e.o(.ARM.Collect$$_printf_percent$$00000004)
    _printf_g                                0x08000231   Thumb Code     0  _printf_g.o(.ARM.Collect$$_printf_percent$$00000005)
    _printf_a                                0x08000237   Thumb Code     0  _printf_a.o(.ARM.Collect$$_printf_percent$$00000006)
    _printf_ll                               0x0800023d   Thumb Code     0  _printf_ll.o(.ARM.Collect$$_printf_percent$$00000007)
    _printf_i                                0x08000247   Thumb Code     0  _printf_i.o(.ARM.Collect$$_printf_percent$$00000008)
    _printf_d                                0x0800024d   Thumb Code     0  _printf_d.o(.ARM.Collect$$_printf_percent$$00000009)
    _printf_u                                0x08000253   Thumb Code     0  _printf_u.o(.ARM.Collect$$_printf_percent$$0000000A)
    _printf_o                                0x08000259   Thumb Code     0  _printf_o.o(.ARM.Collect$$_printf_percent$$0000000B)
    _printf_x                                0x0800025f   Thumb Code     0  _printf_x.o(.ARM.Collect$$_printf_percent$$0000000C)
    _printf_lli                              0x08000265   Thumb Code     0  _printf_lli.o(.ARM.Collect$$_printf_percent$$0000000D)
    _printf_lld                              0x0800026b   Thumb Code     0  _printf_lld.o(.ARM.Collect$$_printf_percent$$0000000E)
    _printf_llu                              0x08000271   Thumb Code     0  _printf_llu.o(.ARM.Collect$$_printf_percent$$0000000F)
    _printf_llo                              0x08000277   Thumb Code     0  _printf_llo.o(.ARM.Collect$$_printf_percent$$00000010)
    _printf_llx                              0x0800027d   Thumb Code     0  _printf_llx.o(.ARM.Collect$$_printf_percent$$00000011)
    _printf_l                                0x08000283   Thumb Code     0  _printf_l.o(.ARM.Collect$$_printf_percent$$00000012)
    _printf_c                                0x0800028d   Thumb Code     0  _printf_c.o(.ARM.Collect$$_printf_percent$$00000013)
    _printf_s                                0x08000293   Thumb Code     0  _printf_s.o(.ARM.Collect$$_printf_percent$$00000014)
    _printf_lc                               0x08000299   Thumb Code     0  _printf_lc.o(.ARM.Collect$$_printf_percent$$00000015)
    _printf_ls                               0x0800029f   Thumb Code     0  _printf_ls.o(.ARM.Collect$$_printf_percent$$00000016)
    _printf_percent_end                      0x080002a5   Thumb Code     0  _printf_percent_end.o(.ARM.Collect$$_printf_percent$$00000017)
    __rt_lib_init                            0x080002a9   Thumb Code     0  libinit.o(.ARM.Collect$$libinit$$00000000)
    __rt_lib_init_fp_1                       0x080002ab   Thumb Code     0  libinit2.o(.ARM.Collect$$libinit$$00000001)
    __rt_lib_init_heap_1                     0x080002af   Thumb Code     0  libinit2.o(.ARM.Collect$$libinit$$0000000C)
    __rt_lib_init_lc_common                  0x080002af   Thumb Code     0  libinit2.o(.ARM.Collect$$libinit$$00000011)
    __rt_lib_init_preinit_1                  0x080002af   Thumb Code     0  libinit2.o(.ARM.Collect$$libinit$$00000006)
    __rt_lib_init_rand_1                     0x080002af   Thumb Code     0  libinit2.o(.ARM.Collect$$libinit$$00000010)
    __rt_lib_init_relocate_pie_1             0x080002af   Thumb Code     0  libinit2.o(.ARM.Collect$$libinit$$00000004)
    __rt_lib_init_user_alloc_1               0x080002af   Thumb Code     0  libinit2.o(.ARM.Collect$$libinit$$0000000E)
    __rt_lib_init_lc_collate_1               0x080002b5   Thumb Code     0  libinit2.o(.ARM.Collect$$libinit$$00000013)
    __rt_lib_init_lc_ctype_2                 0x080002b5   Thumb Code     0  libinit2.o(.ARM.Collect$$libinit$$00000014)
    __rt_lib_init_lc_ctype_1                 0x080002c1   Thumb Code     0  libinit2.o(.ARM.Collect$$libinit$$00000015)
    __rt_lib_init_lc_monetary_1              0x080002c1   Thumb Code     0  libinit2.o(.ARM.Collect$$libinit$$00000017)
    __rt_lib_init_lc_numeric_2               0x080002c1   Thumb Code     0  libinit2.o(.ARM.Collect$$libinit$$00000018)
    __rt_lib_init_alloca_1                   0x080002cb   Thumb Code     0  libinit2.o(.ARM.Collect$$libinit$$00000030)
    __rt_lib_init_argv_1                     0x080002cb   Thumb Code     0  libinit2.o(.ARM.Collect$$libinit$$0000002E)
    __rt_lib_init_atexit_1                   0x080002cb   Thumb Code     0  libinit2.o(.ARM.Collect$$libinit$$0000001D)
    __rt_lib_init_clock_1                    0x080002cb   Thumb Code     0  libinit2.o(.ARM.Collect$$libinit$$00000023)
    __rt_lib_init_cpp_1                      0x080002cb   Thumb Code     0  libinit2.o(.ARM.Collect$$libinit$$00000034)
    __rt_lib_init_exceptions_1               0x080002cb   Thumb Code     0  libinit2.o(.ARM.Collect$$libinit$$00000032)
    __rt_lib_init_fp_trap_1                  0x080002cb   Thumb Code     0  libinit2.o(.ARM.Collect$$libinit$$00000021)
    __rt_lib_init_getenv_1                   0x080002cb   Thumb Code     0  libinit2.o(.ARM.Collect$$libinit$$00000025)
    __rt_lib_init_lc_numeric_1               0x080002cb   Thumb Code     0  libinit2.o(.ARM.Collect$$libinit$$00000019)
    __rt_lib_init_lc_time_1                  0x080002cb   Thumb Code     0  libinit2.o(.ARM.Collect$$libinit$$0000001B)
    __rt_lib_init_return                     0x080002cb   Thumb Code     0  libinit2.o(.ARM.Collect$$libinit$$00000035)
    __rt_lib_init_signal_1                   0x080002cb   Thumb Code     0  libinit2.o(.ARM.Collect$$libinit$$0000001F)
    __rt_lib_init_stdio_1                    0x080002cb   Thumb Code     0  libinit2.o(.ARM.Collect$$libinit$$00000027)
    __rt_lib_shutdown                        0x080002cd   Thumb Code     0  libshutdown.o(.ARM.Collect$$libshutdown$$00000000)
    __rt_lib_shutdown_cpp_1                  0x080002cf   Thumb Code     0  libshutdown2.o(.ARM.Collect$$libshutdown$$00000002)
    __rt_lib_shutdown_fp_trap_1              0x080002cf   Thumb Code     0  libshutdown2.o(.ARM.Collect$$libshutdown$$00000007)
    __rt_lib_shutdown_heap_1                 0x080002cf   Thumb Code     0  libshutdown2.o(.ARM.Collect$$libshutdown$$0000000F)
    __rt_lib_shutdown_return                 0x080002cf   Thumb Code     0  libshutdown2.o(.ARM.Collect$$libshutdown$$00000010)
    __rt_lib_shutdown_signal_1               0x080002cf   Thumb Code     0  libshutdown2.o(.ARM.Collect$$libshutdown$$0000000A)
    __rt_lib_shutdown_stdio_1                0x080002cf   Thumb Code     0  libshutdown2.o(.ARM.Collect$$libshutdown$$00000004)
    __rt_lib_shutdown_user_alloc_1           0x080002cf   Thumb Code     0  libshutdown2.o(.ARM.Collect$$libshutdown$$0000000C)
    __rt_entry                               0x080002d1   Thumb Code     0  __rtentry.o(.ARM.Collect$$rtentry$$00000000)
    __rt_entry_presh_1                       0x080002d1   Thumb Code     0  __rtentry2.o(.ARM.Collect$$rtentry$$00000002)
    __rt_entry_sh                            0x080002d1   Thumb Code     0  __rtentry4.o(.ARM.Collect$$rtentry$$00000004)
    __rt_entry_li                            0x080002d7   Thumb Code     0  __rtentry2.o(.ARM.Collect$$rtentry$$0000000A)
    __rt_entry_postsh_1                      0x080002d7   Thumb Code     0  __rtentry2.o(.ARM.Collect$$rtentry$$00000009)
    __rt_entry_main                          0x080002db   Thumb Code     0  __rtentry2.o(.ARM.Collect$$rtentry$$0000000D)
    __rt_entry_postli_1                      0x080002db   Thumb Code     0  __rtentry2.o(.ARM.Collect$$rtentry$$0000000C)
    __rt_exit                                0x080002e3   Thumb Code     0  rtexit.o(.ARM.Collect$$rtexit$$00000000)
    __rt_exit_ls                             0x080002e5   Thumb Code     0  rtexit2.o(.ARM.Collect$$rtexit$$00000003)
    __rt_exit_prels_1                        0x080002e5   Thumb Code     0  rtexit2.o(.ARM.Collect$$rtexit$$00000002)
    __rt_exit_exit                           0x080002e9   Thumb Code     0  rtexit2.o(.ARM.Collect$$rtexit$$00000004)
    Reset_Handler                            0x080002f1   Thumb Code     8  startup_stm32f401xc.o(.text)
    NMI_Handler                              0x080002f9   Thumb Code     2  startup_stm32f401xc.o(.text)
    HardFault_Handler                        0x080002fb   Thumb Code     2  startup_stm32f401xc.o(.text)
    MemManage_Handler                        0x080002fd   Thumb Code     2  startup_stm32f401xc.o(.text)
    BusFault_Handler                         0x080002ff   Thumb Code     2  startup_stm32f401xc.o(.text)
    UsageFault_Handler                       0x08000301   Thumb Code     2  startup_stm32f401xc.o(.text)
    SVC_Handler                              0x08000303   Thumb Code     2  startup_stm32f401xc.o(.text)
    DebugMon_Handler                         0x08000305   Thumb Code     2  startup_stm32f401xc.o(.text)
    PendSV_Handler                           0x08000307   Thumb Code     2  startup_stm32f401xc.o(.text)
    SysTick_Handler                          0x08000309   Thumb Code     2  startup_stm32f401xc.o(.text)
    ADC_IRQHandler                           0x0800030b   Thumb Code     0  startup_stm32f401xc.o(.text)
    DMA1_Stream0_IRQHandler                  0x0800030b   Thumb Code     0  startup_stm32f401xc.o(.text)
    DMA1_Stream1_IRQHandler                  0x0800030b   Thumb Code     0  startup_stm32f401xc.o(.text)
    DMA1_Stream2_IRQHandler                  0x0800030b   Thumb Code     0  startup_stm32f401xc.o(.text)
    DMA1_Stream3_IRQHandler                  0x0800030b   Thumb Code     0  startup_stm32f401xc.o(.text)
    DMA1_Stream4_IRQHandler                  0x0800030b   Thumb Code     0  startup_stm32f401xc.o(.text)
    DMA1_Stream5_IRQHandler                  0x0800030b   Thumb Code     0  startup_stm32f401xc.o(.text)
    DMA1_Stream7_IRQHandler                  0x0800030b   Thumb Code     0  startup_stm32f401xc.o(.text)
    DMA2_Stream0_IRQHandler                  0x0800030b   Thumb Code     0  startup_stm32f401xc.o(.text)
    DMA2_Stream1_IRQHandler                  0x0800030b   Thumb Code     0  startup_stm32f401xc.o(.text)
    DMA2_Stream2_IRQHandler                  0x0800030b   Thumb Code     0  startup_stm32f401xc.o(.text)
    DMA2_Stream3_IRQHandler                  0x0800030b   Thumb Code     0  startup_stm32f401xc.o(.text)
    DMA2_Stream4_IRQHandler                  0x0800030b   Thumb Code     0  startup_stm32f401xc.o(.text)
    DMA2_Stream5_IRQHandler                  0x0800030b   Thumb Code     0  startup_stm32f401xc.o(.text)
    DMA2_Stream6_IRQHandler                  0x0800030b   Thumb Code     0  startup_stm32f401xc.o(.text)
    DMA2_Stream7_IRQHandler                  0x0800030b   Thumb Code     0  startup_stm32f401xc.o(.text)
    EXTI0_IRQHandler                         0x0800030b   Thumb Code     0  startup_stm32f401xc.o(.text)
    EXTI15_10_IRQHandler                     0x0800030b   Thumb Code     0  startup_stm32f401xc.o(.text)
    EXTI1_IRQHandler                         0x0800030b   Thumb Code     0  startup_stm32f401xc.o(.text)
    EXTI2_IRQHandler                         0x0800030b   Thumb Code     0  startup_stm32f401xc.o(.text)
    EXTI3_IRQHandler                         0x0800030b   Thumb Code     0  startup_stm32f401xc.o(.text)
    EXTI4_IRQHandler                         0x0800030b   Thumb Code     0  startup_stm32f401xc.o(.text)
    EXTI9_5_IRQHandler                       0x0800030b   Thumb Code     0  startup_stm32f401xc.o(.text)
    FLASH_IRQHandler                         0x0800030b   Thumb Code     0  startup_stm32f401xc.o(.text)
    FPU_IRQHandler                           0x0800030b   Thumb Code     0  startup_stm32f401xc.o(.text)
    I2C1_ER_IRQHandler                       0x0800030b   Thumb Code     0  startup_stm32f401xc.o(.text)
    I2C1_EV_IRQHandler                       0x0800030b   Thumb Code     0  startup_stm32f401xc.o(.text)
    I2C2_ER_IRQHandler                       0x0800030b   Thumb Code     0  startup_stm32f401xc.o(.text)
    I2C2_EV_IRQHandler                       0x0800030b   Thumb Code     0  startup_stm32f401xc.o(.text)
    I2C3_ER_IRQHandler                       0x0800030b   Thumb Code     0  startup_stm32f401xc.o(.text)
    I2C3_EV_IRQHandler                       0x0800030b   Thumb Code     0  startup_stm32f401xc.o(.text)
    OTG_FS_IRQHandler                        0x0800030b   Thumb Code     0  startup_stm32f401xc.o(.text)
    OTG_FS_WKUP_IRQHandler                   0x0800030b   Thumb Code     0  startup_stm32f401xc.o(.text)
    PVD_IRQHandler                           0x0800030b   Thumb Code     0  startup_stm32f401xc.o(.text)
    RCC_IRQHandler                           0x0800030b   Thumb Code     0  startup_stm32f401xc.o(.text)
    RTC_Alarm_IRQHandler                     0x0800030b   Thumb Code     0  startup_stm32f401xc.o(.text)
    RTC_WKUP_IRQHandler                      0x0800030b   Thumb Code     0  startup_stm32f401xc.o(.text)
    SDIO_IRQHandler                          0x0800030b   Thumb Code     0  startup_stm32f401xc.o(.text)
    SPI1_IRQHandler                          0x0800030b   Thumb Code     0  startup_stm32f401xc.o(.text)
    SPI2_IRQHandler                          0x0800030b   Thumb Code     0  startup_stm32f401xc.o(.text)
    SPI3_IRQHandler                          0x0800030b   Thumb Code     0  startup_stm32f401xc.o(.text)
    SPI4_IRQHandler                          0x0800030b   Thumb Code     0  startup_stm32f401xc.o(.text)
    TAMP_STAMP_IRQHandler                    0x0800030b   Thumb Code     0  startup_stm32f401xc.o(.text)
    TIM1_CC_IRQHandler                       0x0800030b   Thumb Code     0  startup_stm32f401xc.o(.text)
    TIM2_IRQHandler                          0x0800030b   Thumb Code     0  startup_stm32f401xc.o(.text)
    TIM3_IRQHandler                          0x0800030b   Thumb Code     0  startup_stm32f401xc.o(.text)
    TIM4_IRQHandler                          0x0800030b   Thumb Code     0  startup_stm32f401xc.o(.text)
    TIM5_IRQHandler                          0x0800030b   Thumb Code     0  startup_stm32f401xc.o(.text)
    USART1_IRQHandler                        0x0800030b   Thumb Code     0  startup_stm32f401xc.o(.text)
    USART6_IRQHandler                        0x0800030b   Thumb Code     0  startup_stm32f401xc.o(.text)
    WWDG_IRQHandler                          0x0800030b   Thumb Code     0  startup_stm32f401xc.o(.text)
    __user_initial_stackheap                 0x0800030d   Thumb Code     0  startup_stm32f401xc.o(.text)
    sprintf                                  0x08000331   Thumb Code    38  sprintf.o(.text)
    __use_two_region_memory                  0x0800035d   Thumb Code     2  heapauxi.o(.text)
    __rt_heap_escrow$2region                 0x0800035f   Thumb Code     2  heapauxi.o(.text)
    __rt_heap_expand$2region                 0x08000361   Thumb Code     2  heapauxi.o(.text)
    _printf_pre_padding                      0x08000363   Thumb Code    44  _printf_pad.o(.text)
    _printf_post_padding                     0x0800038f   Thumb Code    34  _printf_pad.o(.text)
    _printf_truncate_signed                  0x080003b1   Thumb Code    18  _printf_truncate.o(.text)
    _printf_truncate_unsigned                0x080003c3   Thumb Code    18  _printf_truncate.o(.text)
    _printf_str                              0x080003d5   Thumb Code    82  _printf_str.o(.text)
    _printf_int_dec                          0x08000429   Thumb Code   104  _printf_dec.o(.text)
    _printf_charcount                        0x080004a1   Thumb Code    40  _printf_charcount.o(.text)
    _printf_char_common                      0x080004d3   Thumb Code    32  _printf_char_common.o(.text)
    _sputc                                   0x080004f9   Thumb Code    10  _sputc.o(.text)
    _printf_wctomb                           0x08000505   Thumb Code   182  _printf_wctomb.o(.text)
    _printf_longlong_dec                     0x080005c1   Thumb Code   108  _printf_longlong_dec.o(.text)
    _printf_longlong_oct                     0x0800063d   Thumb Code    68  _printf_oct_int_ll.o(.text)
    _printf_int_oct                          0x08000681   Thumb Code    24  _printf_oct_int_ll.o(.text)
    _printf_ll_oct                           0x08000699   Thumb Code    12  _printf_oct_int_ll.o(.text)
    _printf_longlong_hex                     0x080006ad   Thumb Code    86  _printf_hex_int_ll_ptr.o(.text)
    _printf_int_hex                          0x08000703   Thumb Code    28  _printf_hex_int_ll_ptr.o(.text)
    _printf_ll_hex                           0x0800071f   Thumb Code    12  _printf_hex_int_ll_ptr.o(.text)
    _printf_hex_ptr                          0x0800072b   Thumb Code    18  _printf_hex_int_ll_ptr.o(.text)
    __printf                                 0x08000741   Thumb Code   388  __printf_flags_ss_wp.o(.text)
    _ll_udiv10                               0x080008c9   Thumb Code   138  lludiv10.o(.text)
    _printf_int_common                       0x08000953   Thumb Code   178  _printf_intcommon.o(.text)
    _printf_fp_dec_real                      0x08000bb5   Thumb Code   620  _printf_fp_dec.o(.text)
    _printf_fp_hex_real                      0x08000e21   Thumb Code   756  _printf_fp_hex.o(.text)
    _printf_cs_common                        0x0800111d   Thumb Code    20  _printf_char.o(.text)
    _printf_char                             0x08001131   Thumb Code    16  _printf_char.o(.text)
    _printf_string                           0x08001141   Thumb Code     8  _printf_char.o(.text)
    _printf_lcs_common                       0x08001149   Thumb Code    20  _printf_wchar.o(.text)
    _printf_wchar                            0x0800115d   Thumb Code    16  _printf_wchar.o(.text)
    _printf_wstring                          0x0800116d   Thumb Code     8  _printf_wchar.o(.text)
    _c16rtomb                                0x08001175   Thumb Code    72  _c16rtomb.o(.text)
    _wcrtomb                                 0x08001175   Thumb Code     0  _c16rtomb.o(.text)
    __user_libspace                          0x080011bd   Thumb Code     8  libspace.o(.text)
    __user_perproc_libspace                  0x080011bd   Thumb Code     0  libspace.o(.text)
    __user_perthread_libspace                0x080011bd   Thumb Code     0  libspace.o(.text)
    __user_setup_stackheap                   0x080011c5   Thumb Code    74  sys_stackheap_outer.o(.text)
    __rt_ctype_table                         0x08001211   Thumb Code    16  rt_ctype_table.o(.text)
    __rt_locale                              0x08001221   Thumb Code     8  rt_locale_intlibspace.o(.text)
    _printf_fp_infnan                        0x08001229   Thumb Code   112  _printf_fp_infnan.o(.text)
    _btod_etento                             0x080012a9   Thumb Code   224  bigflt0.o(.text)
    exit                                     0x0800138d   Thumb Code    18  exit.o(.text)
    strcmp                                   0x080013a1   Thumb Code   124  strcmpv7em.o(.text)
    _sys_exit                                0x0800141d   Thumb Code     8  sys_exit.o(.text)
    __I$use$semihosting                      0x08001429   Thumb Code     0  use_no_semi.o(.text)
    __use_no_semihosting_swi                 0x08001429   Thumb Code     2  use_no_semi.o(.text)
    __semihosting_library_function           0x0800142b   Thumb Code     0  indicate_semi.o(.text)
    ADC_GPIO_Init                            0x0800142d   Thumb Code    96  adc.o(.text.ADC_GPIO_Init)
    ADC_Init                                 0x0800148d   Thumb Code    12  adc.o(.text.ADC_Init)
    ADC_Read_Channel                         0x08001499   Thumb Code    82  adc.o(.text.ADC_Read_Channel)
    ADC_Reg_Init                             0x080014ed   Thumb Code   146  adc.o(.text.ADC_Reg_Init)
    App_Main_Loop                            0x08001581   Thumb Code   112  app.o(.text.App_Main_Loop)
    App_Setup                                0x080015f1   Thumb Code   132  app.o(.text.App_Setup)
    DMA1_Stream6_IRQHandler                  0x08001675   Thumb Code   122  i2c1.o(.text.DMA1_Stream6_IRQHandler)
    Debug_Counter_Reset                      0x080016f1   Thumb Code    14  debug.o(.text.Debug_Counter_Reset)
    Debug_GPIO_Init                          0x08001701   Thumb Code   172  debug.o(.text.Debug_GPIO_Init)
    Debug_Get_Buf_Index                      0x080017ad   Thumb Code    14  debug.o(.text.Debug_Get_Buf_Index)
    Debug_Init                               0x080017bd   Thumb Code    28  debug.o(.text.Debug_Init)
    Debug_Reg_Init                           0x080017d9   Thumb Code   216  debug.o(.text.Debug_Reg_Init)
    Debug_Rx_Byte                            0x080018b1   Thumb Code    22  debug.o(.text.Debug_Rx_Byte)
    Debug_Struct_Init                        0x080018c9   Thumb Code   152  debug.o(.text.Debug_Struct_Init)
    Debug_Timer_Disable                      0x08001961   Thumb Code    32  debug.o(.text.Debug_Timer_Disable)
    Debug_Timer_Enable                       0x08001981   Thumb Code    32  debug.o(.text.Debug_Timer_Enable)
    Debug_Timer_Init                         0x080019a1   Thumb Code   136  debug.o(.text.Debug_Timer_Init)
    GPIO_EnableClock                         0x08001a29   Thumb Code   220  gpio.o(.text.GPIO_EnableClock)
    GPIO_Init                                0x08001b05   Thumb Code   184  gpio.o(.text.GPIO_Init)
    GPIO_TogglePin                           0x08001bbd   Thumb Code    30  gpio.o(.text.GPIO_TogglePin)
    I2C1_Bus_Recovery_GPIO                   0x08001bdd   Thumb Code   248  i2c1.o(.text.I2C1_Bus_Recovery_GPIO)
    I2C1_DMA_Busy_Clear                      0x08001cd5   Thumb Code    14  i2c1.o(.text.I2C1_DMA_Busy_Clear)
    I2C1_DMA_Busy_Read                       0x08001ce5   Thumb Code    12  i2c1.o(.text.I2C1_DMA_Busy_Read)
    I2C1_DMA_Busy_Set                        0x08001cf1   Thumb Code    14  i2c1.o(.text.I2C1_DMA_Busy_Set)
    I2C1_DMA_Init                            0x08001d01   Thumb Code   178  i2c1.o(.text.I2C1_DMA_Init)
    I2C1_GPIO_Init                           0x08001db5   Thumb Code   196  i2c1.o(.text.I2C1_GPIO_Init)
    I2C1_Init                                0x08001e79   Thumb Code    24  i2c1.o(.text.I2C1_Init)
    I2C1_Recover_Bus                         0x08001e91   Thumb Code    32  i2c1.o(.text.I2C1_Recover_Bus)
    I2C1_Reg_Init                            0x08001eb1   Thumb Code   216  i2c1.o(.text.I2C1_Reg_Init)
    I2C1_SWRST_Reset                         0x08001f89   Thumb Code    68  i2c1.o(.text.I2C1_SWRST_Reset)
    I2C1_Send_Addr                           0x08001fcd   Thumb Code   172  i2c1.o(.text.I2C1_Send_Addr)
    I2C1_Start                               0x08002079   Thumb Code   176  i2c1.o(.text.I2C1_Start)
    I2C1_Stop                                0x08002129   Thumb Code   134  i2c1.o(.text.I2C1_Stop)
    I2C1_Write_Data                          0x080021b1   Thumb Code   138  i2c1.o(.text.I2C1_Write_Data)
    MicroTimer_GetCount                      0x0800223d   Thumb Code    10  microtimer.o(.text.MicroTimer_GetCount)
    MicroTimer_Init                          0x08002249   Thumb Code   156  microtimer.o(.text.MicroTimer_Init)
    MicroTimer_Measure                       0x080022e5   Thumb Code    58  microtimer.o(.text.MicroTimer_Measure)
    OLED_Clear                               0x08002321   Thumb Code    46  oled.o(.text.OLED_Clear)
    OLED_Draw_Char                           0x08002351   Thumb Code   272  oled.o(.text.OLED_Draw_Char)
    OLED_Draw_Number                         0x08002461   Thumb Code    60  oled.o(.text.OLED_Draw_Number)
    OLED_Draw_Pixel                          0x0800249d   Thumb Code   136  oled.o(.text.OLED_Draw_Pixel)
    OLED_Draw_String                         0x08002525   Thumb Code   110  oled.o(.text.OLED_Draw_String)
    OLED_Init                                0x08002595   Thumb Code   182  oled.o(.text.OLED_Init)
    OLED_Send_Command                        0x0800264d   Thumb Code    56  oled.o(.text.OLED_Send_Command)
    OLED_Send_Data_DMA                       0x08002685   Thumb Code   192  oled.o(.text.OLED_Send_Data_DMA)
    OLED_Update                              0x08002745   Thumb Code    86  oled.o(.text.OLED_Update)
    Oled_Timer_Init                          0x0800279d   Thumb Code   220  oled.o(.text.Oled_Timer_Init)
    Oled_Update_Flag_Clear                   0x08002879   Thumb Code    14  oled.o(.text.Oled_Update_Flag_Clear)
    Oled_Update_Flag_Read                    0x08002889   Thumb Code    12  oled.o(.text.Oled_Update_Flag_Read)
    Oled_Update_Flag_Set                     0x08002895   Thumb Code    14  oled.o(.text.Oled_Update_Flag_Set)
    RCC_Get_APB1_Clock                       0x080028a5   Thumb Code    52  rcc.o(.text.RCC_Get_APB1_Clock)
    RCC_Get_APB2_Clock                       0x080028d9   Thumb Code    52  rcc.o(.text.RCC_Get_APB2_Clock)
    RCC_Get_HCLK                             0x0800290d   Thumb Code    52  rcc.o(.text.RCC_Get_HCLK)
    RCC_Get_SYS_CLK                          0x08002941   Thumb Code   212  rcc.o(.text.RCC_Get_SYS_CLK)
    RCC_HSE_Clock_Config                     0x08002a15   Thumb Code   178  rcc.o(.text.RCC_HSE_Clock_Config)
    RCC_LSE_Clock_Config                     0x08002ac9   Thumb Code   104  rcc.o(.text.RCC_LSE_Clock_Config)
    SystemInit                               0x08002b31   Thumb Code    18  system_stm32f4xx.o(.text.SystemInit)
    TIM1_BRK_TIM9_IRQHandler                 0x08002b45   Thumb Code    42  oled.o(.text.TIM1_BRK_TIM9_IRQHandler)
    TIM1_TRG_COM_TIM11_IRQHandler            0x08002b71   Thumb Code    24  timebase.o(.text.TIM1_TRG_COM_TIM11_IRQHandler)
    TIM1_UP_TIM10_IRQHandler                 0x08002b89   Thumb Code    86  debug.o(.text.TIM1_UP_TIM10_IRQHandler)
    Timebase_Atomic_Operation_End            0x08002be1   Thumb Code     4  timebase.o(.text.Timebase_Atomic_Operation_End)
    Timebase_Atomic_Operation_Start          0x08002be5   Thumb Code     4  timebase.o(.text.Timebase_Atomic_Operation_Start)
    Timebase_DownCounter_Clear_Period_Flag   0x08002be9   Thumb Code    44  timebase.o(.text.Timebase_DownCounter_Clear_Period_Flag)
    Timebase_DownCounter_Get_EndValue        0x08002c15   Thumb Code    36  timebase.o(.text.Timebase_DownCounter_Get_EndValue)
    Timebase_DownCounter_Get_ReloadValue     0x08002c39   Thumb Code    36  timebase.o(.text.Timebase_DownCounter_Get_ReloadValue)
    Timebase_DownCounter_Get_Status          0x08002c5d   Thumb Code    40  timebase.o(.text.Timebase_DownCounter_Get_Status)
    Timebase_DownCounter_Get_Value           0x08002c85   Thumb Code    36  timebase.o(.text.Timebase_DownCounter_Get_Value)
    Timebase_DownCounter_Reset               0x08002ca9   Thumb Code    62  timebase.o(.text.Timebase_DownCounter_Reset)
    Timebase_DownCounter_Reset_All           0x08002ce9   Thumb Code    48  timebase.o(.text.Timebase_DownCounter_Reset_All)
    Timebase_DownCounter_SS_Clear_All_Flags  0x08002d19   Thumb Code    20  timebase.o(.text.Timebase_DownCounter_SS_Clear_All_Flags)
    Timebase_DownCounter_SS_Clear_Period_Flag 0x08002d2d   Thumb Code    44  timebase.o(.text.Timebase_DownCounter_SS_Clear_Period_Flag)
    Timebase_DownCounter_SS_Continuous_Expired_Event 0x08002d59   Thumb Code    74  timebase.o(.text.Timebase_DownCounter_SS_Continuous_Expired_Event)
    Timebase_DownCounter_SS_Get_EndValueSec  0x08002da5   Thumb Code    34  timebase.o(.text.Timebase_DownCounter_SS_Get_EndValueSec)
    Timebase_DownCounter_SS_Get_EndValueSubSec 0x08002dc9   Thumb Code    34  timebase.o(.text.Timebase_DownCounter_SS_Get_EndValueSubSec)
    Timebase_DownCounter_SS_Get_ReloadValue  0x08002ded   Thumb Code    34  timebase.o(.text.Timebase_DownCounter_SS_Get_ReloadValue)
    Timebase_DownCounter_SS_Get_Status       0x08002e11   Thumb Code    40  timebase.o(.text.Timebase_DownCounter_SS_Get_Status)
    Timebase_DownCounter_SS_Get_Value        0x08002e39   Thumb Code    34  timebase.o(.text.Timebase_DownCounter_SS_Get_Value)
    Timebase_DownCounter_SS_Reset            0x08002e5d   Thumb Code    72  timebase.o(.text.Timebase_DownCounter_SS_Reset)
    Timebase_DownCounter_SS_Reset_All        0x08002ea5   Thumb Code    48  timebase.o(.text.Timebase_DownCounter_SS_Reset_All)
    Timebase_DownCounter_SS_Set_EndValueSec  0x08002ed5   Thumb Code    38  timebase.o(.text.Timebase_DownCounter_SS_Set_EndValueSec)
    Timebase_DownCounter_SS_Set_EndValueSubSec 0x08002efd   Thumb Code    38  timebase.o(.text.Timebase_DownCounter_SS_Set_EndValueSubSec)
    Timebase_DownCounter_SS_Set_ReloadValue  0x08002f25   Thumb Code    38  timebase.o(.text.Timebase_DownCounter_SS_Set_ReloadValue)
    Timebase_DownCounter_SS_Set_Securely     0x08002f4d   Thumb Code   186  timebase.o(.text.Timebase_DownCounter_SS_Set_Securely)
    Timebase_DownCounter_SS_Set_Status       0x08003009   Thumb Code    60  timebase.o(.text.Timebase_DownCounter_SS_Set_Status)
    Timebase_DownCounter_SS_Set_Value        0x08003045   Thumb Code    38  timebase.o(.text.Timebase_DownCounter_SS_Set_Value)
    Timebase_DownCounter_SS_Start            0x0800306d   Thumb Code    38  timebase.o(.text.Timebase_DownCounter_SS_Start)
    Timebase_DownCounter_SS_Update           0x08003095   Thumb Code   262  timebase.o(.text.Timebase_DownCounter_SS_Update)
    Timebase_DownCounter_SS_Update_All       0x0800319d   Thumb Code    48  timebase.o(.text.Timebase_DownCounter_SS_Update_All)
    Timebase_DownCounter_Set_EndValue        0x080031cd   Thumb Code    40  timebase.o(.text.Timebase_DownCounter_Set_EndValue)
    Timebase_DownCounter_Set_ReloadValue     0x080031f5   Thumb Code    40  timebase.o(.text.Timebase_DownCounter_Set_ReloadValue)
    Timebase_DownCounter_Set_Status          0x0800321d   Thumb Code    60  timebase.o(.text.Timebase_DownCounter_Set_Status)
    Timebase_DownCounter_Set_Value           0x08003259   Thumb Code    40  timebase.o(.text.Timebase_DownCounter_Set_Value)
    Timebase_DownCounter_Update              0x08003281   Thumb Code   156  timebase.o(.text.Timebase_DownCounter_Update)
    Timebase_DownCounter_Update_All          0x0800331d   Thumb Code    48  timebase.o(.text.Timebase_DownCounter_Update_All)
    Timebase_ISR_Executables                 0x0800334d   Thumb Code    92  timebase.o(.text.Timebase_ISR_Executables)
    Timebase_Init                            0x080033a9   Thumb Code    28  timebase.o(.text.Timebase_Init)
    Timebase_Main_Loop_Executables           0x080033c5   Thumb Code   128  timebase.o(.text.Timebase_Main_Loop_Executables)
    Timebase_Reset                           0x08003445   Thumb Code    12  timebase.o(.text.Timebase_Reset)
    Timebase_Struct_Init                     0x08003451   Thumb Code   360  timebase.o(.text.Timebase_Struct_Init)
    Timebase_Timer_Enable                    0x080035b9   Thumb Code   164  timebase.o(.text.Timebase_Timer_Enable)
    Timebase_Timer_Get_Seconds               0x0800365d   Thumb Code    14  timebase.o(.text.Timebase_Timer_Get_Seconds)
    Timebase_Timer_Get_SubSeconds            0x0800366d   Thumb Code    14  timebase.o(.text.Timebase_Timer_Get_SubSeconds)
    Timebase_Timer_Sync_With_Shadow_Variables 0x0800367d   Thumb Code    72  timebase.o(.text.Timebase_Timer_Sync_With_Shadow_Variables)
    USART2_IRQHandler                        0x080036c5   Thumb Code   112  debug.o(.text.USART2_IRQHandler)
    gfx_update                               0x080038c1   Thumb Code   180  app.o(.text.gfx_update)
    main                                     0x08003975   Thumb Code    20  main.o(.text.main)
    _btod_d2e                                0x08003989   Thumb Code    62  btod.o(CL$$btod_d2e)
    _d2e_denorm_low                          0x080039c7   Thumb Code    70  btod.o(CL$$btod_d2e_denorm_low)
    _d2e_norm_op1                            0x08003a0d   Thumb Code    96  btod.o(CL$$btod_d2e_norm_op1)
    __btod_div_common                        0x08003a6d   Thumb Code   696  btod.o(CL$$btod_div_common)
    _e2e                                     0x08003da5   Thumb Code   220  btod.o(CL$$btod_e2e)
    _btod_ediv                               0x08003e81   Thumb Code    42  btod.o(CL$$btod_ediv)
    _btod_emul                               0x08003eab   Thumb Code    42  btod.o(CL$$btod_emul)
    __btod_mult_common                       0x08003ed5   Thumb Code   580  btod.o(CL$$btod_mult_common)
    __ARM_fpclassify                         0x08004119   Thumb Code    48  fpclassify.o(i.__ARM_fpclassify)
    _is_digit                                0x08004149   Thumb Code    14  __printf_wp.o(i._is_digit)
    _get_lc_numeric                          0x08004159   Thumb Code    44  lc_numeric_c.o(locale$$code)
    _get_lc_ctype                            0x08004185   Thumb Code    44  lc_ctype_c.o(locale$$code)
    _fp_init                                 0x080041b1   Thumb Code    26  fpinit.o(x$fpl$fpinit)
    __fplib_config_fpu_vfp                   0x080041c9   Thumb Code     0  fpinit.o(x$fpl$fpinit)
    __fplib_config_pureend_doubles           0x080041c9   Thumb Code     0  fpinit.o(x$fpl$fpinit)
    _printf_fp_dec                           0x080041cb   Thumb Code     4  printf1.o(x$fpl$printf1)
    _printf_fp_hex                           0x080041cf   Thumb Code     4  printf2.o(x$fpl$printf2)
    __I$use$fp                               0x080041d2   Number         0  usenofp.o(x$fpl$usenofp)
    Font5x7_data                             0x080042d0   Data         480  font5x7_data.o(.rodata.Font5x7_data)
    Region$$Table$$Base                      0x080044f8   Number         0  anon$$obj.o(Region$$Table)
    Region$$Table$$Limit                     0x08004508   Number         0  anon$$obj.o(Region$$Table)
    __ctype                                  0x08004531   Data           0  lc_ctype_c.o(locale$$data)
    __libspace_start                         0x20000000   Data          96  libspace.o(.bss)
    __temporary_stack_top$libspace           0x20000060   Data           0  libspace.o(.bss)
    Debug                                    0x20000064   Data         141  debug.o(.bss.Debug)
    OLED_Buffer                              0x200000f1   Data        1024  oled.o(.bss.OLED_Buffer)
    Timebase                                 0x200004f4   Data           4  timebase.o(.bss.Timebase)
    Timebase_type                            0x200004f8   Data         792  timebase.o(.bss.Timebase_type)
    adc_val                                  0x20000810   Data           8  app.o(.bss.adc_val)
    dma_busy                                 0x20000818   Data           1  i2c1.o(.bss.dma_busy)
    oled_update_flag                         0x20000819   Data           1  oled.o(.bss.oled_update_flag)



==============================================================================

Memory Map of the image

  Image Entry point : 0x08000195

  Load Region LR_IROM1 (Base: 0x08000000, Size: 0x00004634, Max: 0x00040000, ABSOLUTE)

    Execution Region ER_IROM1 (Exec base: 0x08000000, Load base: 0x08000000, Size: 0x00004634, Max: 0x00040000, ABSOLUTE)

    Exec Addr    Load Addr    Size         Type   Attr      Idx    E Section Name        Object

    0x08000000   0x08000000   0x00000194   Data   RO          640    RESET               startup_stm32f401xc.o
    0x08000194   0x08000194   0x00000008   Code   RO          669  * !!!main             c_w.l(__main.o)
    0x0800019c   0x0800019c   0x0000005c   Code   RO         1044    !!!scatter          c_w.l(__scatter.o)
    0x080001f8   0x080001f8   0x00000002   Code   RO         1045    !!handler_null      c_w.l(__scatter.o)
    0x080001fa   0x080001fa   0x00000002   PAD
    0x080001fc   0x080001fc   0x0000001c   Code   RO         1048    !!handler_zi        c_w.l(__scatter_zi.o)
    0x08000218   0x08000218   0x00000000   Code   RO          767    .ARM.Collect$$_printf_percent$$00000000  c_w.l(_printf_percent.o)
    0x08000218   0x08000218   0x00000006   Code   RO          756    .ARM.Collect$$_printf_percent$$00000001  c_w.l(_printf_n.o)
    0x0800021e   0x0800021e   0x00000006   Code   RO          758    .ARM.Collect$$_printf_percent$$00000002  c_w.l(_printf_p.o)
    0x08000224   0x08000224   0x00000006   Code   RO          763    .ARM.Collect$$_printf_percent$$00000003  c_w.l(_printf_f.o)
    0x0800022a   0x0800022a   0x00000006   Code   RO          764    .ARM.Collect$$_printf_percent$$00000004  c_w.l(_printf_e.o)
    0x08000230   0x08000230   0x00000006   Code   RO          765    .ARM.Collect$$_printf_percent$$00000005  c_w.l(_printf_g.o)
    0x08000236   0x08000236   0x00000006   Code   RO          766    .ARM.Collect$$_printf_percent$$00000006  c_w.l(_printf_a.o)
    0x0800023c   0x0800023c   0x0000000a   Code   RO          771    .ARM.Collect$$_printf_percent$$00000007  c_w.l(_printf_ll.o)
    0x08000246   0x08000246   0x00000006   Code   RO          760    .ARM.Collect$$_printf_percent$$00000008  c_w.l(_printf_i.o)
    0x0800024c   0x0800024c   0x00000006   Code   RO          761    .ARM.Collect$$_printf_percent$$00000009  c_w.l(_printf_d.o)
    0x08000252   0x08000252   0x00000006   Code   RO          762    .ARM.Collect$$_printf_percent$$0000000A  c_w.l(_printf_u.o)
    0x08000258   0x08000258   0x00000006   Code   RO          759    .ARM.Collect$$_printf_percent$$0000000B  c_w.l(_printf_o.o)
    0x0800025e   0x0800025e   0x00000006   Code   RO          757    .ARM.Collect$$_printf_percent$$0000000C  c_w.l(_printf_x.o)
    0x08000264   0x08000264   0x00000006   Code   RO          768    .ARM.Collect$$_printf_percent$$0000000D  c_w.l(_printf_lli.o)
    0x0800026a   0x0800026a   0x00000006   Code   RO          769    .ARM.Collect$$_printf_percent$$0000000E  c_w.l(_printf_lld.o)
    0x08000270   0x08000270   0x00000006   Code   RO          770    .ARM.Collect$$_printf_percent$$0000000F  c_w.l(_printf_llu.o)
    0x08000276   0x08000276   0x00000006   Code   RO          775    .ARM.Collect$$_printf_percent$$00000010  c_w.l(_printf_llo.o)
    0x0800027c   0x0800027c   0x00000006   Code   RO          776    .ARM.Collect$$_printf_percent$$00000011  c_w.l(_printf_llx.o)
    0x08000282   0x08000282   0x0000000a   Code   RO          772    .ARM.Collect$$_printf_percent$$00000012  c_w.l(_printf_l.o)
    0x0800028c   0x0800028c   0x00000006   Code   RO          754    .ARM.Collect$$_printf_percent$$00000013  c_w.l(_printf_c.o)
    0x08000292   0x08000292   0x00000006   Code   RO          755    .ARM.Collect$$_printf_percent$$00000014  c_w.l(_printf_s.o)
    0x08000298   0x08000298   0x00000006   Code   RO          773    .ARM.Collect$$_printf_percent$$00000015  c_w.l(_printf_lc.o)
    0x0800029e   0x0800029e   0x00000006   Code   RO          774    .ARM.Collect$$_printf_percent$$00000016  c_w.l(_printf_ls.o)
    0x080002a4   0x080002a4   0x00000004   Code   RO          842    .ARM.Collect$$_printf_percent$$00000017  c_w.l(_printf_percent_end.o)
    0x080002a8   0x080002a8   0x00000002   Code   RO          896    .ARM.Collect$$libinit$$00000000  c_w.l(libinit.o)
    0x080002aa   0x080002aa   0x00000004   Code   RO          910    .ARM.Collect$$libinit$$00000001  c_w.l(libinit2.o)
    0x080002ae   0x080002ae   0x00000000   Code   RO          913    .ARM.Collect$$libinit$$00000004  c_w.l(libinit2.o)
    0x080002ae   0x080002ae   0x00000000   Code   RO          915    .ARM.Collect$$libinit$$00000006  c_w.l(libinit2.o)
    0x080002ae   0x080002ae   0x00000000   Code   RO          918    .ARM.Collect$$libinit$$0000000C  c_w.l(libinit2.o)
    0x080002ae   0x080002ae   0x00000000   Code   RO          920    .ARM.Collect$$libinit$$0000000E  c_w.l(libinit2.o)
    0x080002ae   0x080002ae   0x00000000   Code   RO          922    .ARM.Collect$$libinit$$00000010  c_w.l(libinit2.o)
    0x080002ae   0x080002ae   0x00000006   Code   RO          923    .ARM.Collect$$libinit$$00000011  c_w.l(libinit2.o)
    0x080002b4   0x080002b4   0x00000000   Code   RO          925    .ARM.Collect$$libinit$$00000013  c_w.l(libinit2.o)
    0x080002b4   0x080002b4   0x0000000c   Code   RO          926    .ARM.Collect$$libinit$$00000014  c_w.l(libinit2.o)
    0x080002c0   0x080002c0   0x00000000   Code   RO          927    .ARM.Collect$$libinit$$00000015  c_w.l(libinit2.o)
    0x080002c0   0x080002c0   0x00000000   Code   RO          929    .ARM.Collect$$libinit$$00000017  c_w.l(libinit2.o)
    0x080002c0   0x080002c0   0x0000000a   Code   RO          930    .ARM.Collect$$libinit$$00000018  c_w.l(libinit2.o)
    0x080002ca   0x080002ca   0x00000000   Code   RO          931    .ARM.Collect$$libinit$$00000019  c_w.l(libinit2.o)
    0x080002ca   0x080002ca   0x00000000   Code   RO          933    .ARM.Collect$$libinit$$0000001B  c_w.l(libinit2.o)
    0x080002ca   0x080002ca   0x00000000   Code   RO          935    .ARM.Collect$$libinit$$0000001D  c_w.l(libinit2.o)
    0x080002ca   0x080002ca   0x00000000   Code   RO          937    .ARM.Collect$$libinit$$0000001F  c_w.l(libinit2.o)
    0x080002ca   0x080002ca   0x00000000   Code   RO          939    .ARM.Collect$$libinit$$00000021  c_w.l(libinit2.o)
    0x080002ca   0x080002ca   0x00000000   Code   RO          941    .ARM.Collect$$libinit$$00000023  c_w.l(libinit2.o)
    0x080002ca   0x080002ca   0x00000000   Code   RO          943    .ARM.Collect$$libinit$$00000025  c_w.l(libinit2.o)
    0x080002ca   0x080002ca   0x00000000   Code   RO          945    .ARM.Collect$$libinit$$00000027  c_w.l(libinit2.o)
    0x080002ca   0x080002ca   0x00000000   Code   RO          949    .ARM.Collect$$libinit$$0000002E  c_w.l(libinit2.o)
    0x080002ca   0x080002ca   0x00000000   Code   RO          951    .ARM.Collect$$libinit$$00000030  c_w.l(libinit2.o)
    0x080002ca   0x080002ca   0x00000000   Code   RO          953    .ARM.Collect$$libinit$$00000032  c_w.l(libinit2.o)
    0x080002ca   0x080002ca   0x00000000   Code   RO          955    .ARM.Collect$$libinit$$00000034  c_w.l(libinit2.o)
    0x080002ca   0x080002ca   0x00000002   Code   RO          956    .ARM.Collect$$libinit$$00000035  c_w.l(libinit2.o)
    0x080002cc   0x080002cc   0x00000002   Code   RO          980    .ARM.Collect$$libshutdown$$00000000  c_w.l(libshutdown.o)
    0x080002ce   0x080002ce   0x00000000   Code   RO          995    .ARM.Collect$$libshutdown$$00000002  c_w.l(libshutdown2.o)
    0x080002ce   0x080002ce   0x00000000   Code   RO          997    .ARM.Collect$$libshutdown$$00000004  c_w.l(libshutdown2.o)
    0x080002ce   0x080002ce   0x00000000   Code   RO         1000    .ARM.Collect$$libshutdown$$00000007  c_w.l(libshutdown2.o)
    0x080002ce   0x080002ce   0x00000000   Code   RO         1003    .ARM.Collect$$libshutdown$$0000000A  c_w.l(libshutdown2.o)
    0x080002ce   0x080002ce   0x00000000   Code   RO         1005    .ARM.Collect$$libshutdown$$0000000C  c_w.l(libshutdown2.o)
    0x080002ce   0x080002ce   0x00000000   Code   RO         1008    .ARM.Collect$$libshutdown$$0000000F  c_w.l(libshutdown2.o)
    0x080002ce   0x080002ce   0x00000002   Code   RO         1009    .ARM.Collect$$libshutdown$$00000010  c_w.l(libshutdown2.o)
    0x080002d0   0x080002d0   0x00000000   Code   RO          683    .ARM.Collect$$rtentry$$00000000  c_w.l(__rtentry.o)
    0x080002d0   0x080002d0   0x00000000   Code   RO          806    .ARM.Collect$$rtentry$$00000002  c_w.l(__rtentry2.o)
    0x080002d0   0x080002d0   0x00000006   Code   RO          818    .ARM.Collect$$rtentry$$00000004  c_w.l(__rtentry4.o)
    0x080002d6   0x080002d6   0x00000000   Code   RO          808    .ARM.Collect$$rtentry$$00000009  c_w.l(__rtentry2.o)
    0x080002d6   0x080002d6   0x00000004   Code   RO          809    .ARM.Collect$$rtentry$$0000000A  c_w.l(__rtentry2.o)
    0x080002da   0x080002da   0x00000000   Code   RO          811    .ARM.Collect$$rtentry$$0000000C  c_w.l(__rtentry2.o)
    0x080002da   0x080002da   0x00000008   Code   RO          812    .ARM.Collect$$rtentry$$0000000D  c_w.l(__rtentry2.o)
    0x080002e2   0x080002e2   0x00000002   Code   RO          901    .ARM.Collect$$rtexit$$00000000  c_w.l(rtexit.o)
    0x080002e4   0x080002e4   0x00000000   Code   RO          958    .ARM.Collect$$rtexit$$00000002  c_w.l(rtexit2.o)
    0x080002e4   0x080002e4   0x00000004   Code   RO          959    .ARM.Collect$$rtexit$$00000003  c_w.l(rtexit2.o)
    0x080002e8   0x080002e8   0x00000006   Code   RO          960    .ARM.Collect$$rtexit$$00000004  c_w.l(rtexit2.o)
    0x080002ee   0x080002ee   0x00000002   PAD
    0x080002f0   0x080002f0   0x00000040   Code   RO          641    .text               startup_stm32f401xc.o
    0x08000330   0x08000330   0x0000002c   Code   RO          663    .text               c_w.l(sprintf.o)
    0x0800035c   0x0800035c   0x00000006   Code   RO          667    .text               c_w.l(heapauxi.o)
    0x08000362   0x08000362   0x0000004e   Code   RO          688    .text               c_w.l(_printf_pad.o)
    0x080003b0   0x080003b0   0x00000024   Code   RO          690    .text               c_w.l(_printf_truncate.o)
    0x080003d4   0x080003d4   0x00000052   Code   RO          692    .text               c_w.l(_printf_str.o)
    0x08000426   0x08000426   0x00000002   PAD
    0x08000428   0x08000428   0x00000078   Code   RO          694    .text               c_w.l(_printf_dec.o)
    0x080004a0   0x080004a0   0x00000028   Code   RO          696    .text               c_w.l(_printf_charcount.o)
    0x080004c8   0x080004c8   0x00000030   Code   RO          698    .text               c_w.l(_printf_char_common.o)
    0x080004f8   0x080004f8   0x0000000a   Code   RO          700    .text               c_w.l(_sputc.o)
    0x08000502   0x08000502   0x00000002   PAD
    0x08000504   0x08000504   0x000000bc   Code   RO          702    .text               c_w.l(_printf_wctomb.o)
    0x080005c0   0x080005c0   0x0000007c   Code   RO          705    .text               c_w.l(_printf_longlong_dec.o)
    0x0800063c   0x0800063c   0x00000070   Code   RO          711    .text               c_w.l(_printf_oct_int_ll.o)
    0x080006ac   0x080006ac   0x00000094   Code   RO          731    .text               c_w.l(_printf_hex_int_ll_ptr.o)
    0x08000740   0x08000740   0x00000188   Code   RO          751    .text               c_w.l(__printf_flags_ss_wp.o)
    0x080008c8   0x080008c8   0x0000008a   Code   RO          825    .text               c_w.l(lludiv10.o)
    0x08000952   0x08000952   0x000000b2   Code   RO          827    .text               c_w.l(_printf_intcommon.o)
    0x08000a04   0x08000a04   0x0000041c   Code   RO          829    .text               c_w.l(_printf_fp_dec.o)
    0x08000e20   0x08000e20   0x000002fc   Code   RO          833    .text               c_w.l(_printf_fp_hex.o)
    0x0800111c   0x0800111c   0x0000002c   Code   RO          838    .text               c_w.l(_printf_char.o)
    0x08001148   0x08001148   0x0000002c   Code   RO          840    .text               c_w.l(_printf_wchar.o)
    0x08001174   0x08001174   0x00000048   Code   RO          843    .text               c_w.l(_c16rtomb.o)
    0x080011bc   0x080011bc   0x00000008   Code   RO          845    .text               c_w.l(libspace.o)
    0x080011c4   0x080011c4   0x0000004a   Code   RO          848    .text               c_w.l(sys_stackheap_outer.o)
    0x0800120e   0x0800120e   0x00000002   PAD
    0x08001210   0x08001210   0x00000010   Code   RO          850    .text               c_w.l(rt_ctype_table.o)
    0x08001220   0x08001220   0x00000008   Code   RO          855    .text               c_w.l(rt_locale_intlibspace.o)
    0x08001228   0x08001228   0x00000080   Code   RO          857    .text               c_w.l(_printf_fp_infnan.o)
    0x080012a8   0x080012a8   0x000000e4   Code   RO          859    .text               c_w.l(bigflt0.o)
    0x0800138c   0x0800138c   0x00000012   Code   RO          889    .text               c_w.l(exit.o)
    0x0800139e   0x0800139e   0x00000002   PAD
    0x080013a0   0x080013a0   0x0000007c   Code   RO          908    .text               c_w.l(strcmpv7em.o)
    0x0800141c   0x0800141c   0x0000000c   Code   RO          970    .text               c_w.l(sys_exit.o)
    0x08001428   0x08001428   0x00000002   Code   RO          985    .text               c_w.l(use_no_semi.o)
    0x0800142a   0x0800142a   0x00000000   Code   RO          987    .text               c_w.l(indicate_semi.o)
    0x0800142a   0x0800142a   0x00000002   PAD
    0x0800142c   0x0800142c   0x00000060   Code   RO          620    .text.ADC_GPIO_Init  adc.o
    0x0800148c   0x0800148c   0x0000000c   Code   RO          626    .text.ADC_Init      adc.o
    0x08001498   0x08001498   0x00000052   Code   RO          628    .text.ADC_Read_Channel  adc.o
    0x080014ea   0x080014ea   0x00000002   PAD
    0x080014ec   0x080014ec   0x00000092   Code   RO          622    .text.ADC_Reg_Init  adc.o
    0x0800157e   0x0800157e   0x00000002   PAD
    0x08001580   0x08001580   0x00000070   Code   RO          379    .text.App_Main_Loop  app.o
    0x080015f0   0x080015f0   0x00000084   Code   RO          377    .text.App_Setup     app.o
    0x08001674   0x08001674   0x0000007a   Code   RO          403    .text.DMA1_Stream6_IRQHandler  i2c1.o
    0x080016ee   0x080016ee   0x00000002   PAD
    0x080016f0   0x080016f0   0x0000000e   Code   RO           72    .text.Debug_Counter_Reset  debug.o
    0x080016fe   0x080016fe   0x00000002   PAD
    0x08001700   0x08001700   0x000000ac   Code   RO           54    .text.Debug_GPIO_Init  debug.o
    0x080017ac   0x080017ac   0x0000000e   Code   RO           76    .text.Debug_Get_Buf_Index  debug.o
    0x080017ba   0x080017ba   0x00000002   PAD
    0x080017bc   0x080017bc   0x0000001c   Code   RO          162    .text.Debug_Init    debug.o
    0x080017d8   0x080017d8   0x000000d8   Code   RO           56    .text.Debug_Reg_Init  debug.o
    0x080018b0   0x080018b0   0x00000016   Code   RO           80    .text.Debug_Rx_Byte  debug.o
    0x080018c6   0x080018c6   0x00000002   PAD
    0x080018c8   0x080018c8   0x00000098   Code   RO           52    .text.Debug_Struct_Init  debug.o
    0x08001960   0x08001960   0x00000020   Code   RO           66    .text.Debug_Timer_Disable  debug.o
    0x08001980   0x08001980   0x00000020   Code   RO           64    .text.Debug_Timer_Enable  debug.o
    0x080019a0   0x080019a0   0x00000088   Code   RO           62    .text.Debug_Timer_Init  debug.o
    0x08001a28   0x08001a28   0x000000dc   Code   RO           11    .text.GPIO_EnableClock  gpio.o
    0x08001b04   0x08001b04   0x000000b8   Code   RO           13    .text.GPIO_Init     gpio.o
    0x08001bbc   0x08001bbc   0x0000001e   Code   RO           19    .text.GPIO_TogglePin  gpio.o
    0x08001bda   0x08001bda   0x00000002   PAD
    0x08001bdc   0x08001bdc   0x000000f8   Code   RO          419    .text.I2C1_Bus_Recovery_GPIO  i2c1.o
    0x08001cd4   0x08001cd4   0x0000000e   Code   RO          407    .text.I2C1_DMA_Busy_Clear  i2c1.o
    0x08001ce2   0x08001ce2   0x00000002   PAD
    0x08001ce4   0x08001ce4   0x0000000c   Code   RO          409    .text.I2C1_DMA_Busy_Read  i2c1.o
    0x08001cf0   0x08001cf0   0x0000000e   Code   RO          411    .text.I2C1_DMA_Busy_Set  i2c1.o
    0x08001cfe   0x08001cfe   0x00000002   PAD
    0x08001d00   0x08001d00   0x000000b2   Code   RO          397    .text.I2C1_DMA_Init  i2c1.o
    0x08001db2   0x08001db2   0x00000002   PAD
    0x08001db4   0x08001db4   0x000000c4   Code   RO          393    .text.I2C1_GPIO_Init  i2c1.o
    0x08001e78   0x08001e78   0x00000018   Code   RO          447    .text.I2C1_Init     i2c1.o
    0x08001e90   0x08001e90   0x00000020   Code   RO          415    .text.I2C1_Recover_Bus  i2c1.o
    0x08001eb0   0x08001eb0   0x000000d8   Code   RO          395    .text.I2C1_Reg_Init  i2c1.o
    0x08001f88   0x08001f88   0x00000044   Code   RO          417    .text.I2C1_SWRST_Reset  i2c1.o
    0x08001fcc   0x08001fcc   0x000000ac   Code   RO          421    .text.I2C1_Send_Addr  i2c1.o
    0x08002078   0x08002078   0x000000b0   Code   RO          413    .text.I2C1_Start    i2c1.o
    0x08002128   0x08002128   0x00000086   Code   RO          405    .text.I2C1_Stop     i2c1.o
    0x080021ae   0x080021ae   0x00000002   PAD
    0x080021b0   0x080021b0   0x0000008a   Code   RO          423    .text.I2C1_Write_Data  i2c1.o
    0x0800223a   0x0800223a   0x00000002   PAD
    0x0800223c   0x0800223c   0x0000000a   Code   RO          570    .text.MicroTimer_GetCount  microtimer.o
    0x08002246   0x08002246   0x00000002   PAD
    0x08002248   0x08002248   0x0000009c   Code   RO          568    .text.MicroTimer_Init  microtimer.o
    0x080022e4   0x080022e4   0x0000003a   Code   RO          572    .text.MicroTimer_Measure  microtimer.o
    0x0800231e   0x0800231e   0x00000002   PAD
    0x08002320   0x08002320   0x0000002e   Code   RO          468    .text.OLED_Clear    oled.o
    0x0800234e   0x0800234e   0x00000002   PAD
    0x08002350   0x08002350   0x00000110   Code   RO          476    .text.OLED_Draw_Char  oled.o
    0x08002460   0x08002460   0x0000003c   Code   RO          496    .text.OLED_Draw_Number  oled.o
    0x0800249c   0x0800249c   0x00000088   Code   RO          474    .text.OLED_Draw_Pixel  oled.o
    0x08002524   0x08002524   0x0000006e   Code   RO          478    .text.OLED_Draw_String  oled.o
    0x08002592   0x08002592   0x00000002   PAD
    0x08002594   0x08002594   0x000000b6   Code   RO          464    .text.OLED_Init     oled.o
    0x0800264a   0x0800264a   0x00000002   PAD
    0x0800264c   0x0800264c   0x00000038   Code   RO          458    .text.OLED_Send_Command  oled.o
    0x08002684   0x08002684   0x000000c0   Code   RO          462    .text.OLED_Send_Data_DMA  oled.o
    0x08002744   0x08002744   0x00000056   Code   RO          470    .text.OLED_Update   oled.o
    0x0800279a   0x0800279a   0x00000002   PAD
    0x0800279c   0x0800279c   0x000000dc   Code   RO          466    .text.Oled_Timer_Init  oled.o
    0x08002878   0x08002878   0x0000000e   Code   RO          510    .text.Oled_Update_Flag_Clear  oled.o
    0x08002886   0x08002886   0x00000002   PAD
    0x08002888   0x08002888   0x0000000c   Code   RO          508    .text.Oled_Update_Flag_Read  oled.o
    0x08002894   0x08002894   0x0000000e   Code   RO          506    .text.Oled_Update_Flag_Set  oled.o
    0x080028a2   0x080028a2   0x00000002   PAD
    0x080028a4   0x080028a4   0x00000034   Code   RO           38    .text.RCC_Get_APB1_Clock  rcc.o
    0x080028d8   0x080028d8   0x00000034   Code   RO           40    .text.RCC_Get_APB2_Clock  rcc.o
    0x0800290c   0x0800290c   0x00000034   Code   RO           36    .text.RCC_Get_HCLK  rcc.o
    0x08002940   0x08002940   0x000000d4   Code   RO           34    .text.RCC_Get_SYS_CLK  rcc.o
    0x08002a14   0x08002a14   0x000000b2   Code   RO           30    .text.RCC_HSE_Clock_Config  rcc.o
    0x08002ac6   0x08002ac6   0x00000002   PAD
    0x08002ac8   0x08002ac8   0x00000068   Code   RO           32    .text.RCC_LSE_Clock_Config  rcc.o
    0x08002b30   0x08002b30   0x00000012   Code   RO          648    .text.SystemInit    system_stm32f4xx.o
    0x08002b42   0x08002b42   0x00000002   PAD
    0x08002b44   0x08002b44   0x0000002a   Code   RO          504    .text.TIM1_BRK_TIM9_IRQHandler  oled.o
    0x08002b6e   0x08002b6e   0x00000002   PAD
    0x08002b70   0x08002b70   0x00000018   Code   RO          186    .text.TIM1_TRG_COM_TIM11_IRQHandler  timebase.o
    0x08002b88   0x08002b88   0x00000056   Code   RO           74    .text.TIM1_UP_TIM10_IRQHandler  debug.o
    0x08002bde   0x08002bde   0x00000002   PAD
    0x08002be0   0x08002be0   0x00000004   Code   RO          184    .text.Timebase_Atomic_Operation_End  timebase.o
    0x08002be4   0x08002be4   0x00000004   Code   RO          182    .text.Timebase_Atomic_Operation_Start  timebase.o
    0x08002be8   0x08002be8   0x0000002c   Code   RO          314    .text.Timebase_DownCounter_Clear_Period_Flag  timebase.o
    0x08002c14   0x08002c14   0x00000024   Code   RO          302    .text.Timebase_DownCounter_Get_EndValue  timebase.o
    0x08002c38   0x08002c38   0x00000024   Code   RO          316    .text.Timebase_DownCounter_Get_ReloadValue  timebase.o
    0x08002c5c   0x08002c5c   0x00000028   Code   RO          294    .text.Timebase_DownCounter_Get_Status  timebase.o
    0x08002c84   0x08002c84   0x00000024   Code   RO          298    .text.Timebase_DownCounter_Get_Value  timebase.o
    0x08002ca8   0x08002ca8   0x0000003e   Code   RO          320    .text.Timebase_DownCounter_Reset  timebase.o
    0x08002ce6   0x08002ce6   0x00000002   PAD
    0x08002ce8   0x08002ce8   0x00000030   Code   RO          352    .text.Timebase_DownCounter_Reset_All  timebase.o
    0x08002d18   0x08002d18   0x00000014   Code   RO          262    .text.Timebase_DownCounter_SS_Clear_All_Flags  timebase.o
    0x08002d2c   0x08002d2c   0x0000002c   Code   RO          254    .text.Timebase_DownCounter_SS_Clear_Period_Flag  timebase.o
    0x08002d58   0x08002d58   0x0000004a   Code   RO          280    .text.Timebase_DownCounter_SS_Continuous_Expired_Event  timebase.o
    0x08002da2   0x08002da2   0x00000002   PAD
    0x08002da4   0x08002da4   0x00000022   Code   RO          238    .text.Timebase_DownCounter_SS_Get_EndValueSec  timebase.o
    0x08002dc6   0x08002dc6   0x00000002   PAD
    0x08002dc8   0x08002dc8   0x00000022   Code   RO          240    .text.Timebase_DownCounter_SS_Get_EndValueSubSec  timebase.o
    0x08002dea   0x08002dea   0x00000002   PAD
    0x08002dec   0x08002dec   0x00000022   Code   RO          256    .text.Timebase_DownCounter_SS_Get_ReloadValue  timebase.o
    0x08002e0e   0x08002e0e   0x00000002   PAD
    0x08002e10   0x08002e10   0x00000028   Code   RO          230    .text.Timebase_DownCounter_SS_Get_Status  timebase.o
    0x08002e38   0x08002e38   0x00000022   Code   RO          234    .text.Timebase_DownCounter_SS_Get_Value  timebase.o
    0x08002e5a   0x08002e5a   0x00000002   PAD
    0x08002e5c   0x08002e5c   0x00000048   Code   RO          260    .text.Timebase_DownCounter_SS_Reset  timebase.o
    0x08002ea4   0x08002ea4   0x00000030   Code   RO          292    .text.Timebase_DownCounter_SS_Reset_All  timebase.o
    0x08002ed4   0x08002ed4   0x00000026   Code   RO          242    .text.Timebase_DownCounter_SS_Set_EndValueSec  timebase.o
    0x08002efa   0x08002efa   0x00000002   PAD
    0x08002efc   0x08002efc   0x00000026   Code   RO          244    .text.Timebase_DownCounter_SS_Set_EndValueSubSec  timebase.o
    0x08002f22   0x08002f22   0x00000002   PAD
    0x08002f24   0x08002f24   0x00000026   Code   RO          258    .text.Timebase_DownCounter_SS_Set_ReloadValue  timebase.o
    0x08002f4a   0x08002f4a   0x00000002   PAD
    0x08002f4c   0x08002f4c   0x000000ba   Code   RO          268    .text.Timebase_DownCounter_SS_Set_Securely  timebase.o
    0x08003006   0x08003006   0x00000002   PAD
    0x08003008   0x08003008   0x0000003c   Code   RO          232    .text.Timebase_DownCounter_SS_Set_Status  timebase.o
    0x08003044   0x08003044   0x00000026   Code   RO          236    .text.Timebase_DownCounter_SS_Set_Value  timebase.o
    0x0800306a   0x0800306a   0x00000002   PAD
    0x0800306c   0x0800306c   0x00000026   Code   RO          264    .text.Timebase_DownCounter_SS_Start  timebase.o
    0x08003092   0x08003092   0x00000002   PAD
    0x08003094   0x08003094   0x00000106   Code   RO          272    .text.Timebase_DownCounter_SS_Update  timebase.o
    0x0800319a   0x0800319a   0x00000002   PAD
    0x0800319c   0x0800319c   0x00000030   Code   RO          290    .text.Timebase_DownCounter_SS_Update_All  timebase.o
    0x080031cc   0x080031cc   0x00000028   Code   RO          304    .text.Timebase_DownCounter_Set_EndValue  timebase.o
    0x080031f4   0x080031f4   0x00000028   Code   RO          318    .text.Timebase_DownCounter_Set_ReloadValue  timebase.o
    0x0800321c   0x0800321c   0x0000003c   Code   RO          296    .text.Timebase_DownCounter_Set_Status  timebase.o
    0x08003258   0x08003258   0x00000028   Code   RO          300    .text.Timebase_DownCounter_Set_Value  timebase.o
    0x08003280   0x08003280   0x0000009c   Code   RO          332    .text.Timebase_DownCounter_Update  timebase.o
    0x0800331c   0x0800331c   0x00000030   Code   RO          350    .text.Timebase_DownCounter_Update_All  timebase.o
    0x0800334c   0x0800334c   0x0000005c   Code   RO          188    .text.Timebase_ISR_Executables  timebase.o
    0x080033a8   0x080033a8   0x0000001c   Code   RO          360    .text.Timebase_Init  timebase.o
    0x080033c4   0x080033c4   0x00000080   Code   RO          362    .text.Timebase_Main_Loop_Executables  timebase.o
    0x08003444   0x08003444   0x0000000c   Code   RO          356    .text.Timebase_Reset  timebase.o
    0x08003450   0x08003450   0x00000168   Code   RO          172    .text.Timebase_Struct_Init  timebase.o
    0x080035b8   0x080035b8   0x000000a4   Code   RO          174    .text.Timebase_Timer_Enable  timebase.o
    0x0800365c   0x0800365c   0x0000000e   Code   RO          198    .text.Timebase_Timer_Get_Seconds  timebase.o
    0x0800366a   0x0800366a   0x00000002   PAD
    0x0800366c   0x0800366c   0x0000000e   Code   RO          196    .text.Timebase_Timer_Get_SubSeconds  timebase.o
    0x0800367a   0x0800367a   0x00000002   PAD
    0x0800367c   0x0800367c   0x00000048   Code   RO          214    .text.Timebase_Timer_Sync_With_Shadow_Variables  timebase.o
    0x080036c4   0x080036c4   0x00000070   Code   RO           82    .text.USART2_IRQHandler  debug.o
    0x08003734   0x08003734   0x00000030   Code   RO           58    .text.__NVIC_EnableIRQ  debug.o
    0x08003764   0x08003764   0x00000030   Code   RO          178    .text.__NVIC_EnableIRQ  timebase.o
    0x08003794   0x08003794   0x00000030   Code   RO          401    .text.__NVIC_EnableIRQ  i2c1.o
    0x080037c4   0x080037c4   0x00000030   Code   RO          502    .text.__NVIC_EnableIRQ  oled.o
    0x080037f4   0x080037f4   0x00000042   Code   RO           60    .text.__NVIC_SetPriority  debug.o
    0x08003836   0x08003836   0x00000002   PAD
    0x08003838   0x08003838   0x00000042   Code   RO          176    .text.__NVIC_SetPriority  timebase.o
    0x0800387a   0x0800387a   0x00000002   PAD
    0x0800387c   0x0800387c   0x00000042   Code   RO          399    .text.__NVIC_SetPriority  i2c1.o
    0x080038be   0x080038be   0x00000002   PAD
    0x080038c0   0x080038c0   0x000000b4   Code   RO          375    .text.gfx_update    app.o
    0x08003974   0x08003974   0x00000014   Code   RO            2    .text.main          main.o
    0x08003988   0x08003988   0x0000003e   Code   RO          862    CL$$btod_d2e        c_w.l(btod.o)
    0x080039c6   0x080039c6   0x00000046   Code   RO          864    CL$$btod_d2e_denorm_low  c_w.l(btod.o)
    0x08003a0c   0x08003a0c   0x00000060   Code   RO          863    CL$$btod_d2e_norm_op1  c_w.l(btod.o)
    0x08003a6c   0x08003a6c   0x00000338   Code   RO          872    CL$$btod_div_common  c_w.l(btod.o)
    0x08003da4   0x08003da4   0x000000dc   Code   RO          869    CL$$btod_e2e        c_w.l(btod.o)
    0x08003e80   0x08003e80   0x0000002a   Code   RO          866    CL$$btod_ediv       c_w.l(btod.o)
    0x08003eaa   0x08003eaa   0x0000002a   Code   RO          865    CL$$btod_emul       c_w.l(btod.o)
    0x08003ed4   0x08003ed4   0x00000244   Code   RO          871    CL$$btod_mult_common  c_w.l(btod.o)
    0x08004118   0x08004118   0x00000030   Code   RO          899    i.__ARM_fpclassify  m_wm.l(fpclassify.o)
    0x08004148   0x08004148   0x0000000e   Code   RO          744    i._is_digit         c_w.l(__printf_wp.o)
    0x08004156   0x08004156   0x00000002   PAD
    0x08004158   0x08004158   0x0000002c   Code   RO          887    locale$$code        c_w.l(lc_numeric_c.o)
    0x08004184   0x08004184   0x0000002c   Code   RO          906    locale$$code        c_w.l(lc_ctype_c.o)
    0x080041b0   0x080041b0   0x0000001a   Code   RO          968    x$fpl$fpinit        fz_wm.l(fpinit.o)
    0x080041ca   0x080041ca   0x00000004   Code   RO          777    x$fpl$printf1       fz_wm.l(printf1.o)
    0x080041ce   0x080041ce   0x00000004   Code   RO          779    x$fpl$printf2       fz_wm.l(printf2.o)
    0x080041d2   0x080041d2   0x00000000   Code   RO          785    x$fpl$usenofp       fz_wm.l(usenofp.o)
    0x080041d2   0x080041d2   0x00000002   PAD
    0x080041d4   0x080041d4   0x00000008   Data   RO          703    .constdata          c_w.l(_printf_wctomb.o)
    0x080041dc   0x080041dc   0x00000028   Data   RO          732    .constdata          c_w.l(_printf_hex_int_ll_ptr.o)
    0x08004204   0x08004204   0x00000011   Data   RO          752    .constdata          c_w.l(__printf_flags_ss_wp.o)
    0x08004215   0x08004215   0x00000026   Data   RO          834    .constdata          c_w.l(_printf_fp_hex.o)
    0x0800423b   0x0800423b   0x00000001   PAD
    0x0800423c   0x0800423c   0x00000094   Data   RO          860    .constdata          c_w.l(bigflt0.o)
    0x080042d0   0x080042d0   0x000001e0   Data   RO          522    .rodata.Font5x7_data  font5x7_data.o
    0x080044b0   0x080044b0   0x00000008   Data   RO           43    .rodata.RCC_Get_APB1_Clock.apb_presc_table  rcc.o
    0x080044b8   0x080044b8   0x00000008   Data   RO           44    .rodata.RCC_Get_APB2_Clock.apb_presc_table  rcc.o
    0x080044c0   0x080044c0   0x00000010   Data   RO           42    .rodata.RCC_Get_HCLK.ahb_presc_table  rcc.o
    0x080044d0   0x080044d0   0x00000022   Data   RO          384    .rodata.str1.1      app.o
    0x080044f2   0x080044f2   0x00000004   Data   RO          514    .rodata.str1.1      oled.o
    0x080044f6   0x080044f6   0x00000002   PAD
    0x080044f8   0x080044f8   0x00000010   Data   RO         1043    Region$$Table       anon$$obj.o
    0x08004508   0x08004508   0x0000001c   Data   RO          886    locale$$data        c_w.l(lc_numeric_c.o)
    0x08004524   0x08004524   0x00000110   Data   RO          905    locale$$data        c_w.l(lc_ctype_c.o)


    Execution Region RW_IRAM1 (Exec base: 0x20000000, Load base: 0x08004634, Size: 0x00000e20, Max: 0x00010000, ABSOLUTE)

    Exec Addr    Load Addr    Size         Type   Attr      Idx    E Section Name        Object

    0x20000000        -       0x00000060   Zero   RW          846    .bss                c_w.l(libspace.o)
    0x20000060        -       0x00000004   Zero   RW          385    .bss.App_Main_Loop.execution_time  app.o
    0x20000064        -       0x0000008d   Zero   RW          164    .bss.Debug          debug.o
    0x200000f1        -       0x00000400   Zero   RW          513    .bss.OLED_Buffer    oled.o
    0x200004f1   0x08004634   0x00000003   PAD
    0x200004f4        -       0x00000004   Zero   RW          367    .bss.Timebase       timebase.o
    0x200004f8        -       0x00000318   Zero   RW          366    .bss.Timebase_type  timebase.o
    0x20000810        -       0x00000008   Zero   RW          383    .bss.adc_val        app.o
    0x20000818        -       0x00000001   Zero   RW          449    .bss.dma_busy       i2c1.o
    0x20000819        -       0x00000001   Zero   RW          512    .bss.oled_update_flag  oled.o
    0x2000081a   0x08004634   0x00000006   PAD
    0x20000820        -       0x00000200   Zero   RW          639    HEAP                startup_stm32f401xc.o
    0x20000a20        -       0x00000400   Zero   RW          638    STACK               startup_stm32f401xc.o


==============================================================================

Image component sizes


      Code (inc. data)   RO Data    RW Data    ZI Data      Debug   Object Name

       336          0          0          0          0       3410   adc.o
       424          0         34          0         12       1989   app.o
      1130          0          0          0        141      13080   debug.o
         0          0        480          0          0        517   font5x7_data.o
       434          0          0          0          0       3270   gpio.o
      1858          0          0          0          1      10747   i2c1.o
        20          0          0          0          0        383   main.o
       224          0          0          0          0       2750   microtimer.o
      1490          0          4          0       1025      11285   oled.o
       650          0         32          0          0       3070   rcc.o
        64         26        404          0       1536        912   startup_stm32f401xc.o
        18          0          0          0          0       2841   system_stm32f4xx.o
      2896          0          0          0        796      22435   timebase.o

    ----------------------------------------------------------------------
      9628         26        972          0       3520      76689   Object Totals
         0          0         16          0          0          0   (incl. Generated)
        84          0          2          0          9          0   (incl. Padding)

    ----------------------------------------------------------------------

      Code (inc. data)   RO Data    RW Data    ZI Data      Debug   Library Member Name

         8          0          0          0          0         68   __main.o
       392          4         17          0          0         92   __printf_flags_ss_wp.o
        14          0          0          0          0         68   __printf_wp.o
         0          0          0          0          0          0   __rtentry.o
        12          0          0          0          0          0   __rtentry2.o
         6          0          0          0          0          0   __rtentry4.o
        94          8          0          0          0          0   __scatter.o
        28          0          0          0          0          0   __scatter_zi.o
        72          0          0          0          0         96   _c16rtomb.o
         6          0          0          0          0          0   _printf_a.o
         6          0          0          0          0          0   _printf_c.o
        44          0          0          0          0        108   _printf_char.o
        48          6          0          0          0         96   _printf_char_common.o
        40          0          0          0          0         68   _printf_charcount.o
         6          0          0          0          0          0   _printf_d.o
       120         16          0          0          0         92   _printf_dec.o
         6          0          0          0          0          0   _printf_e.o
         6          0          0          0          0          0   _printf_f.o
      1052          0          0          0          0        148   _printf_fp_dec.o
       764          8         38          0          0        100   _printf_fp_hex.o
       128         16          0          0          0         84   _printf_fp_infnan.o
         6          0          0          0          0          0   _printf_g.o
       148          4         40          0          0        160   _printf_hex_int_ll_ptr.o
         6          0          0          0          0          0   _printf_i.o
       178          0          0          0          0         88   _printf_intcommon.o
        10          0          0          0          0          0   _printf_l.o
         6          0          0          0          0          0   _printf_lc.o
        10          0          0          0          0          0   _printf_ll.o
         6          0          0          0          0          0   _printf_lld.o
         6          0          0          0          0          0   _printf_lli.o
         6          0          0          0          0          0   _printf_llo.o
         6          0          0          0          0          0   _printf_llu.o
         6          0          0          0          0          0   _printf_llx.o
       124         16          0          0          0         92   _printf_longlong_dec.o
         6          0          0          0          0          0   _printf_ls.o
         6          0          0          0          0          0   _printf_n.o
         6          0          0          0          0          0   _printf_o.o
       112          8          0          0          0        124   _printf_oct_int_ll.o
         6          0          0          0          0          0   _printf_p.o
        78          0          0          0          0        108   _printf_pad.o
         0          0          0          0          0          0   _printf_percent.o
         4          0          0          0          0          0   _printf_percent_end.o
         6          0          0          0          0          0   _printf_s.o
        82          0          0          0          0         80   _printf_str.o
        36          0          0          0          0         84   _printf_truncate.o
         6          0          0          0          0          0   _printf_u.o
        44          0          0          0          0        108   _printf_wchar.o
       188          6          8          0          0         92   _printf_wctomb.o
         6          0          0          0          0          0   _printf_x.o
        10          0          0          0          0         68   _sputc.o
       228          4        148          0          0         96   bigflt0.o
      1936        128          0          0          0        668   btod.o
        18          0          0          0          0         80   exit.o
         6          0          0          0          0        152   heapauxi.o
         0          0          0          0          0          0   indicate_semi.o
        44         10        272          0          0         76   lc_ctype_c.o
        44         10         28          0          0         76   lc_numeric_c.o
         2          0          0          0          0          0   libinit.o
        34          0          0          0          0          0   libinit2.o
         2          0          0          0          0          0   libshutdown.o
         2          0          0          0          0          0   libshutdown2.o
         8          4          0          0         96         68   libspace.o
       138          0          0          0          0         80   lludiv10.o
        16          4          0          0          0         76   rt_ctype_table.o
         8          4          0          0          0         68   rt_locale_intlibspace.o
         2          0          0          0          0          0   rtexit.o
        10          0          0          0          0          0   rtexit2.o
        44          6          0          0          0         84   sprintf.o
       124          0          0          0          0         88   strcmpv7em.o
        12          4          0          0          0         68   sys_exit.o
        74          0          0          0          0         80   sys_stackheap_outer.o
         2          0          0          0          0         68   use_no_semi.o
        26          0          0          0          0        116   fpinit.o
         4          0          0          0          0        116   printf1.o
         4          0          0          0          0        116   printf2.o
         0          0          0          0          0          0   usenofp.o
        48          0          0          0          0        124   fpclassify.o

    ----------------------------------------------------------------------
      6820        266        552          0         96       4324   Library Totals
        18          0          1          0          0          0   (incl. Padding)

    ----------------------------------------------------------------------

      Code (inc. data)   RO Data    RW Data    ZI Data      Debug   Library Name

      6720        266        551          0         96       3852   c_w.l
        34          0          0          0          0        348   fz_wm.l
        48          0          0          0          0        124   m_wm.l

    ----------------------------------------------------------------------
      6820        266        552          0         96       4324   Library Totals

    ----------------------------------------------------------------------

==============================================================================


      Code (inc. data)   RO Data    RW Data    ZI Data      Debug   

     16448        292       1524          0       3616      78585   Grand Totals
     16448        292       1524          0       3616      78585   ELF Image Totals
     16448        292       1524          0          0          0   ROM Totals

==============================================================================

    Total RO  Size (Code + RO Data)                17972 (  17.55kB)
    Total RW  Size (RW Data + ZI Data)              3616 (   3.53kB)
    Total ROM Size (Code + RO Data + RW Data)      17972 (  17.55kB)

==============================================================================

